192.168.1.33 - - [12/Jun/2024:08:39:38 +0000] "GET /ssrcvgfni HTTP/1.1" 201 1599 "https://www.example.com/" "Mozilla/5.0 (Windows NT 6.1; WOW64; Trident/7.0; AS; rv:11.0) like Gecko" "192.168.1.2" 0.001
192.168.1.28 - - [12/Jun/2024:08:39:40 +0000] "PUT /msahwz HTTP/1.1" 204 4546 "https://www.google.com/" "Mozilla/5.0 (Windows NT 10.0; Win64; x64; rv:54.0) Gecko/20100101 Firefox/54.0" "192.168.1.1" 0.1
192.168.1.50 - - [12/Jun/2024:08:39:41 +0000] "PUT /mzha HTTP/1.1" 201 6191 "https://www.google.com/" "Mozilla/5.0 (Windows NT 10.0; Win64; x64) AppleWebKit/537.36 (KHTML, like Gecko) Chrome/62.0.3202.94 Safari/537.36" "192.168.1.4" 0.09
192.168.1.25 - - [12/Jun/2024:08:39:46 +0000] "GET /duxtdnydnp HTTP/1.1" 301 8920 "https://www.ibm.com/" "Mozilla/5.0 (Windows NT 6.1; WOW64; Trident/7.0; AS; rv:11.0) like Gecko" "192.168.1.5" 0.001
192.168.1.26 - - [12/Jun/2024:08:39:47 +0000] "PUT /iukjol HTTP/1.1" 404 9277 "https://www.msn.com/" "Mozilla/5.0 (Windows NT 10.0; Win64; x64; rv:54.0) Gecko/20100101 Firefox/54.0" "192.168.1.5" 0.1
192.168.1.40 - - [12/Jun/2024:08:39:47 +0000] "DELETE /wnjojkwjzo HTTP/1.1" 400 489 "https://www.example.com/" "Mozilla/5.0 (Windows NT 10.0; Win64; x64) AppleWebKit/537.36 (KHTML, like Gecko) Chrome/58.0.3029.110 Safari/537.36" "192.168.56.1" 0.002
192.168.1.50 - - [12/Jun/2024:08:39:51 +0000] "GET /tfhkorr HTTP/1.1" 404 4889 "https://www.google.com/" "Mozilla/5.0 (Windows NT 6.1; WOW64; Trident/7.0; AS; rv:11.0) like Gecko" "192.168.52.1" 0.001
2001:db8:0:1:0:0:0:5 - - [12/Jun/2024:08:39:54 +0000] "DELETE /m HTTP/1.1" 200 5713 "https://www.example.com/" "Mozilla/5.0 (Windows NT 10.0; WOW64) AppleWebKit/537.36 (KHTML, like Gecko) Chrome/58.0.3029.110 Safari/537.36 OPR/45.0.2552.898" "192.168.1.3" 0.025
192.168.1.19 - - [12/Jun/2024:08:39:54 +0000] "DELETE /aywfypz HTTP/1.1" 400 4348 "https://www.example.com/" "Mozilla/5.0 (Windows NT 6.1; WOW64; rv:54.0) Gecko/20100101 Firefox/54.0" "192.168.1.3" 0.001
192.168.1.28 - - [12/Jun/2024:08:39:59 +0000] "DELETE /gxdsviqh HTTP/1.1" 302 9811 "https://www.google.com/" "Mozilla/5.0 (Windows NT 10.0; Win64; x64; rv:54.0) Gecko/20100101 Firefox/54.0" "192.168.1.2" 0.025
192.168.1.13 - - [12/Jun/2024:08:40:03 +0000] "GET /hlqm HTTP/1.1" 500 3752 "https://www.example.com/" "Mozilla/5.0 (Windows NT 10.0; Win64; x64) AppleWebKit/537.36 (KHTML, like Gecko) Chrome/58.0.3029.110 Safari/537.36" "192.168.1.4" 0.001
192.168.1.7 - - [12/Jun/2024:08:40:07 +0000] "GET /slgmwrzkqr HTTP/1.1" 401 1811 "https://www.msn.com/" "Mozilla/5.0 (Windows NT 6.1; WOW64; rv:54.0) Gecko/20100101 Firefox/54.0" "192.168.1.4" 0.002
192.168.1.29 - - [12/Jun/2024:08:40:08 +0000] "POST /ztwclm HTTP/1.1" 301 4257 "https://www.google.com/" "Mozilla/5.0 (Windows NT 10.0; Win64; x64) AppleWebKit/537.36 (KHTML, like Gecko) Chrome/58.0.3029.110 Safari/537.36" "192.168.56.1" 0.002
192.168.1.29 - - [12/Jun/2024:08:40:11 +0000] "GET /e HTTP/1.1" 302 7657 "https://www.google.com/" "Mozilla/5.0 (Windows NT 6.1; WOW64; Trident/7.0; AS; rv:11.0) like Gecko" "192.168.56.1" 0.1
192.168.1.12 - - [12/Jun/2024:08:40:14 +0000] "POST /xql HTTP/1.1" 201 5741 "https://www.msn.com/" "Mozilla/5.0 (Windows NT 6.1; WOW64; Trident/7.0; AS; rv:11.0) like Gecko" "192.168.1.3" 0.1
192.168.1.41 - - [12/Jun/2024:08:40:17 +0000] "PUT /bx HTTP/1.1" 302 7506 "https://www.example.com/" "Mozilla/5.0 (Windows NT 10.0; Win64; x64) AppleWebKit/537.36 (KHTML, like Gecko) Chrome/62.0.3202.94 Safari/537.36" "192.168.1.4" 0.15
192.168.1.22 - - [12/Jun/2024:08:40:25 +0000] "POST /u HTTP/1.1" 200 433 "https://www.ibm.com/" "Mozilla/5.0 (Windows NT 10.0; Win64; x64; rv:54.0) Gecko/20100101 Firefox/54.0" "192.168.1.2" 0.09
192.168.1.7 - - [12/Jun/2024:08:40:30 +0000] "DELETE /obg HTTP/1.1" 302 8725 "https://www.example.com/" "Mozilla/5.0 (Windows NT 6.1; WOW64; rv:54.0) Gecko/20100101 Firefox/54.0" "192.168.1.1" 0.15
192.168.1.5 - - [12/Jun/2024:08:40:33 +0000] "POST /ospza HTTP/1.1" 400 8473 "https://www.google.com/" "Mozilla/5.0 (Windows NT 10.0; Win64; x64) AppleWebKit/537.36 (KHTML, like Gecko) Chrome/62.0.3202.94 Safari/537.36" "192.168.1.3" 0.1
2001:db8:0:1:0:0:0:4 - - [12/Jun/2024:08:40:33 +0000] "PUT /nbvbszy HTTP/1.1" 404 806 "https://www.ibm.com/" "Mozilla/5.0 (Windows NT 10.0; Win64; x64) AppleWebKit/537.36 (KHTML, like Gecko) Chrome/58.0.3029.110 Safari/537.36" "192.168.1.5" 0.15
2001:db8:0:1:0:0:0:7 - - [12/Jun/2024:08:40:39 +0000] "DELETE /uzrwte HTTP/1.1" 404 9105 "https://www.ibm.com/" "Mozilla/5.0 (Windows NT 10.0; Win64; x64) AppleWebKit/537.36 (KHTML, like Gecko) Chrome/62.0.3202.94 Safari/537.36" "192.168.56.1" 0.002
192.168.1.16 - - [12/Jun/2024:08:40:40 +0000] "GET /udwey HTTP/1.1" 401 3346 "https://www.google.com/" "Mozilla/5.0 (Windows NT 6.1; WOW64; rv:54.0) Gecko/20100101 Firefox/54.0" "192.168.1.1" 0.025
192.168.1.8 - - [12/Jun/2024:08:40:51 +0000] "POST /yoa HTTP/1.1" 401 3355 "https://www.google.com/" "Mozilla/5.0 (Windows NT 6.1; WOW64; rv:54.0) Gecko/20100101 Firefox/54.0" "192.168.1.3" 0.025
192.168.1.13 - - [12/Jun/2024:08:40:52 +0000] "DELETE /urnmlsnapw HTTP/1.1" 403 1215 "https://www.msn.com/" "Mozilla/5.0 (Windows NT 10.0; Win64; x64) AppleWebKit/537.36 (KHTML, like Gecko) Chrome/58.0.3029.110 Safari/537.36" "192.168.52.1" 0.1
192.168.1.13 - - [12/Jun/2024:08:40:54 +0000] "POST /wilulhkvwd HTTP/1.1" 302 7781 "https://www.google.com/" "Mozilla/5.0 (Windows NT 10.0; WOW64) AppleWebKit/537.36 (KHTML, like Gecko) Chrome/58.0.3029.110 Safari/537.36 OPR/45.0.2552.898" "192.168.1.4" 0.002
192.168.1.4 - - [12/Jun/2024:08:40:55 +0000] "PUT /aihho HTTP/1.1" 301 7015 "https://www.msn.com/" "Mozilla/5.0 (Windows NT 10.0; Win64; x64) AppleWebKit/537.36 (KHTML, like Gecko) Chrome/58.0.3029.110 Safari/537.36" "192.168.1.3" 0.001
192.168.1.33 - - [12/Jun/2024:08:40:55 +0000] "DELETE /jptay HTTP/1.1" 204 8561 "https://www.example.com/" "Mozilla/5.0 (Windows NT 6.1; WOW64; Trident/7.0; AS; rv:11.0) like Gecko" "192.168.1.5" 0.15
192.168.1.41 - - [12/Jun/2024:08:41:02 +0000] "PUT /yjqidpsjhh HTTP/1.1" 200 7868 "https://www.example.com/" "Mozilla/5.0 (Windows NT 10.0; Win64; x64) AppleWebKit/537.36 (KHTML, like Gecko) Chrome/62.0.3202.94 Safari/537.36" "192.168.1.1" 0.002
192.168.1.32 - - [12/Jun/2024:08:41:03 +0000] "GET /ur HTTP/1.1" 302 2303 "https://www.example.com/" "Mozilla/5.0 (Windows NT 10.0; Win64; x64) AppleWebKit/537.36 (KHTML, like Gecko) Chrome/62.0.3202.94 Safari/537.36" "192.168.56.1" 0.001
192.168.1.6 - - [12/Jun/2024:08:41:06 +0000] "PUT /cmkdqdttb HTTP/1.1" 201 9805 "https://www.msn.com/" "Mozilla/5.0 (Windows NT 10.0; Win64; x64) AppleWebKit/537.36 (KHTML, like Gecko) Chrome/58.0.3029.110 Safari/537.36" "192.168.1.4" 0.002
192.168.1.40 - - [12/Jun/2024:08:41:08 +0000] "DELETE /svjiffxs HTTP/1.1" 302 4740 "https://www.msn.com/" "Mozilla/5.0 (Windows NT 6.1; WOW64; Trident/7.0; AS; rv:11.0) like Gecko" "192.168.52.1" 0.002
192.168.1.18 - - [12/Jun/2024:08:41:20 +0000] "POST /pfjscrfg HTTP/1.1" 500 3412 "https://www.msn.com/" "Mozilla/5.0 (Windows NT 6.1; WOW64; rv:54.0) Gecko/20100101 Firefox/54.0" "192.168.1.5" 0.1
192.168.1.14 - - [12/Jun/2024:08:41:26 +0000] "PUT /xhxesxlhf HTTP/1.1" 301 3512 "https://www.ibm.com/" "Mozilla/5.0 (Windows NT 10.0; WOW64) AppleWebKit/537.36 (KHTML, like Gecko) Chrome/58.0.3029.110 Safari/537.36 OPR/45.0.2552.898" "192.168.1.3" 0.002
2001:db8:0:1:0:0:0:4 - - [12/Jun/2024:08:41:27 +0000] "DELETE /cqhzlzxbg HTTP/1.1" 301 141 "https://www.ibm.com/" "Mozilla/5.0 (Windows NT 10.0; Win64; x64) AppleWebKit/537.36 (KHTML, like Gecko) Chrome/58.0.3029.110 Safari/537.36" "192.168.56.1" 0.001
192.168.1.26 - - [12/Jun/2024:08:41:28 +0000] "PUT /kxsxrupxc HTTP/1.1" 200 1994 "https://www.example.com/" "Mozilla/5.0 (Windows NT 10.0; Win64; x64) AppleWebKit/537.36 (KHTML, like Gecko) Chrome/62.0.3202.94 Safari/537.36" "192.168.52.1" 0.15
192.168.1.18 - - [12/Jun/2024:08:41:33 +0000] "DELETE /ipinvffrfr HTTP/1.1" 302 3932 "https://www.ibm.com/" "Mozilla/5.0 (Windows NT 6.1; WOW64; Trident/7.0; AS; rv:11.0) like Gecko" "192.168.1.1" 0.002
192.168.1.37 - - [12/Jun/2024:08:41:38 +0000] "POST /vg HTTP/1.1" 500 9776 "https://www.google.com/" "Mozilla/5.0 (Windows NT 10.0; WOW64) AppleWebKit/537.36 (KHTML, like Gecko) Chrome/58.0.3029.110 Safari/537.36 OPR/45.0.2552.898" "192.168.1.4" 0.002
2001:db8:0:1:0:0:0:a - - [12/Jun/2024:08:41:40 +0000] "PUT /adip HTTP/1.1" 401 3330 "https://www.msn.com/" "Mozilla/5.0 (Windows NT 6.1; WOW64; rv:54.0) Gecko/20100101 Firefox/54.0" "192.168.56.1" 0.002
192.168.1.9 - - [12/Jun/2024:08:41:43 +0000] "GET /jvba HTTP/1.1" 500 5703 "https://www.example.com/" "Mozilla/5.0 (Windows NT 6.1; WOW64; rv:54.0) Gecko/20100101 Firefox/54.0" "192.168.56.1" 0.001
192.168.1.10 - - [12/Jun/2024:08:41:44 +0000] "POST /vvesh HTTP/1.1" 400 6527 "https://www.google.com/" "Mozilla/5.0 (Windows NT 10.0; Win64; x64) AppleWebKit/537.36 (KHTML, like Gecko) Chrome/62.0.3202.94 Safari/537.36" "192.168.1.1" 0.002
192.168.1.30 - - [12/Jun/2024:08:41:48 +0000] "POST /jfjhetj HTTP/1.1" 401 1681 "https://www.ibm.com/" "Mozilla/5.0 (Windows NT 10.0; WOW64) AppleWebKit/537.36 (KHTML, like Gecko) Chrome/58.0.3029.110 Safari/537.36 OPR/45.0.2552.898" "192.168.1.4" 0.15
2001:db8:0:1:0:0:0:9 - - [12/Jun/2024:08:41:55 +0000] "GET /za HTTP/1.1" 403 7035 "https://www.google.com/" "Mozilla/5.0 (Windows NT 6.1; WOW64; rv:54.0) Gecko/20100101 Firefox/54.0" "192.168.52.1" 0.15
192.168.1.5 - - [12/Jun/2024:08:41:58 +0000] "GET /labf HTTP/1.1" 401 7484 "https://www.ibm.com/" "Mozilla/5.0 (Windows NT 10.0; Win64; x64) AppleWebKit/537.36 (KHTML, like Gecko) Chrome/62.0.3202.94 Safari/537.36" "192.168.1.4" 0.025
192.168.1.17 - - [12/Jun/2024:08:41:59 +0000] "PUT /bmk HTTP/1.1" 403 1408 "https://www.ibm.com/" "Mozilla/5.0 (Windows NT 10.0; Win64; x64) AppleWebKit/537.36 (KHTML, like Gecko) Chrome/62.0.3202.94 Safari/537.36" "192.168.1.3" 0.002
192.168.1.47 - - [12/Jun/2024:08:42:00 +0000] "POST /on HTTP/1.1" 200 1175 "https://www.example.com/" "Mozilla/5.0 (Windows NT 10.0; Win64; x64) AppleWebKit/537.36 (KHTML, like Gecko) Chrome/62.0.3202.94 Safari/537.36" "192.168.1.4" 0.002
2001:db8:0:1:0:0:0:3 - - [12/Jun/2024:08:42:08 +0000] "PUT /rp HTTP/1.1" 400 1222 "https://www.example.com/" "Mozilla/5.0 (Windows NT 10.0; Win64; x64; rv:54.0) Gecko/20100101 Firefox/54.0" "192.168.1.1" 0.15
192.168.1.28 - - [12/Jun/2024:08:42:08 +0000] "GET /thaqv HTTP/1.1" 301 3264 "https://www.example.com/" "Mozilla/5.0 (Windows NT 10.0; Win64; x64) AppleWebKit/537.36 (KHTML, like Gecko) Chrome/58.0.3029.110 Safari/537.36" "192.168.1.4" 0.15
192.168.1.30 - - [12/Jun/2024:08:42:09 +0000] "POST /kgvmklaa HTTP/1.1" 403 7407 "https://www.ibm.com/" "Mozilla/5.0 (Windows NT 10.0; Win64; x64; rv:54.0) Gecko/20100101 Firefox/54.0" "192.168.56.1" 0.002
2001:db8:0:1:0:0:0:5 - - [12/Jun/2024:08:42:09 +0000] "DELETE /oanypougv HTTP/1.1" 500 3450 "https://www.msn.com/" "Mozilla/5.0 (Windows NT 10.0; Win64; x64) AppleWebKit/537.36 (KHTML, like Gecko) Chrome/62.0.3202.94 Safari/537.36" "192.168.1.2" 0.09
192.168.1.5 - - [12/Jun/2024:08:42:17 +0000] "DELETE /hloyrj HTTP/1.1" 200 7181 "https://www.ibm.com/" "Mozilla/5.0 (Windows NT 10.0; Win64; x64) AppleWebKit/537.36 (KHTML, like Gecko) Chrome/58.0.3029.110 Safari/537.36" "192.168.1.1" 0.002
192.168.1.39 - - [12/Jun/2024:08:42:22 +0000] "GET /qkfxmnf HTTP/1.1" 400 2453 "https://www.google.com/" "Mozilla/5.0 (Windows NT 10.0; Win64; x64) AppleWebKit/537.36 (KHTML, like Gecko) Chrome/62.0.3202.94 Safari/537.36" "192.168.52.1" 0.002
2001:db8:0:1:0:0:0:9 - - [12/Jun/2024:08:42:30 +0000] "GET /ggvlayynsk HTTP/1.1" 301 4193 "https://www.msn.com/" "Mozilla/5.0 (Windows NT 10.0; Win64; x64) AppleWebKit/537.36 (KHTML, like Gecko) Chrome/62.0.3202.94 Safari/537.36" "192.168.56.1" 0.001
2001:db8:0:1:0:0:0:8 - - [12/Jun/2024:08:42:33 +0000] "DELETE /tf HTTP/1.1" 500 326 "https://www.msn.com/" "Mozilla/5.0 (Windows NT 10.0; WOW64) AppleWebKit/537.36 (KHTML, like Gecko) Chrome/58.0.3029.110 Safari/537.36 OPR/45.0.2552.898" "192.168.1.4" 0.001
192.168.1.36 - - [12/Jun/2024:08:42:44 +0000] "DELETE /fgzqvylst HTTP/1.1" 500 6511 "https://www.msn.com/" "Mozilla/5.0 (Windows NT 10.0; WOW64) AppleWebKit/537.36 (KHTML, like Gecko) Chrome/58.0.3029.110 Safari/537.36 OPR/45.0.2552.898" "192.168.56.1" 0.025
192.168.1.42 - - [12/Jun/2024:08:42:45 +0000] "PUT /ruhki HTTP/1.1" 200 9963 "https://www.ibm.com/" "Mozilla/5.0 (Windows NT 6.1; WOW64; rv:54.0) Gecko/20100101 Firefox/54.0" "192.168.1.1" 0.025
192.168.1.9 - - [12/Jun/2024:08:42:51 +0000] "POST /to HTTP/1.1" 204 1450 "https://www.msn.com/" "Mozilla/5.0 (Windows NT 10.0; Win64; x64) AppleWebKit/537.36 (KHTML, like Gecko) Chrome/58.0.3029.110 Safari/537.36" "192.168.56.1" 0.002
192.168.1.39 - - [12/Jun/2024:08:42:51 +0000] "PUT /kodqdt HTTP/1.1" 401 6286 "https://www.ibm.com/" "Mozilla/5.0 (Windows NT 10.0; WOW64) AppleWebKit/537.36 (KHTML, like Gecko) Chrome/58.0.3029.110 Safari/537.36 OPR/45.0.2552.898" "192.168.1.5" 0.002
192.168.1.6 - - [12/Jun/2024:08:42:52 +0000] "DELETE /pchkd HTTP/1.1" 400 3974 "https://www.msn.com/" "Mozilla/5.0 (Windows NT 6.1; WOW64; Trident/7.0; AS; rv:11.0) like Gecko" "192.168.1.4" 0.1
2001:db8:0:1:0:0:0:8 - - [12/Jun/2024:08:42:54 +0000] "GET /klrullikex HTTP/1.1" 403 313 "https://www.example.com/" "Mozilla/5.0 (Windows NT 6.1; WOW64; Trident/7.0; AS; rv:11.0) like Gecko" "192.168.1.5" 0.15
2001:db8:0:1:0:0:0:5 - - [12/Jun/2024:08:42:54 +0000] "DELETE /z HTTP/1.1" 401 2885 "https://www.example.com/" "Mozilla/5.0 (Windows NT 10.0; Win64; x64) AppleWebKit/537.36 (KHTML, like Gecko) Chrome/58.0.3029.110 Safari/537.36" "192.168.56.1" 0.001
192.168.1.8 - - [12/Jun/2024:08:42:56 +0000] "PUT /uh HTTP/1.1" 302 1509 "https://www.example.com/" "Mozilla/5.0 (Windows NT 6.1; WOW64; rv:54.0) Gecko/20100101 Firefox/54.0" "192.168.56.1" 0.002
192.168.1.36 - - [12/Jun/2024:08:42:57 +0000] "PUT /aagns HTTP/1.1" 204 6127 "https://www.example.com/" "Mozilla/5.0 (Windows NT 10.0; WOW64) AppleWebKit/537.36 (KHTML, like Gecko) Chrome/58.0.3029.110 Safari/537.36 OPR/45.0.2552.898" "192.168.1.2" 0.002
192.168.1.12 - - [12/Jun/2024:08:42:58 +0000] "POST /tlabscf HTTP/1.1" 201 4497 "https://www.ibm.com/" "Mozilla/5.0 (Windows NT 6.1; WOW64; Trident/7.0; AS; rv:11.0) like Gecko" "192.168.1.5" 0.1
192.168.1.31 - - [12/Jun/2024:08:42:59 +0000] "GET /s HTTP/1.1" 200 9984 "https://www.example.com/" "Mozilla/5.0 (Windows NT 6.1; WOW64; rv:54.0) Gecko/20100101 Firefox/54.0" "192.168.1.4" 0.002
192.168.1.32 - - [12/Jun/2024:08:43:01 +0000] "POST /yi HTTP/1.1" 301 9816 "https://www.ibm.com/" "Mozilla/5.0 (Windows NT 10.0; Win64; x64) AppleWebKit/537.36 (KHTML, like Gecko) Chrome/58.0.3029.110 Safari/537.36" "192.168.1.4" 0.15
192.168.1.16 - - [12/Jun/2024:08:43:01 +0000] "DELETE /uzqrvln HTTP/1.1" 400 1314 "https://www.example.com/" "Mozilla/5.0 (Windows NT 10.0; Win64; x64; rv:54.0) Gecko/20100101 Firefox/54.0" "192.168.56.1" 0.002
192.168.1.8 - - [12/Jun/2024:08:43:02 +0000] "GET /f HTTP/1.1" 301 5586 "https://www.example.com/" "Mozilla/5.0 (Windows NT 10.0; WOW64) AppleWebKit/537.36 (KHTML, like Gecko) Chrome/58.0.3029.110 Safari/537.36 OPR/45.0.2552.898" "192.168.56.1" 0.09
192.168.1.5 - - [12/Jun/2024:08:43:06 +0000] "DELETE /icxwo HTTP/1.1" 400 6771 "https://www.ibm.com/" "Mozilla/5.0 (Windows NT 6.1; WOW64; Trident/7.0; AS; rv:11.0) like Gecko" "192.168.1.4" 0.09
192.168.1.40 - - [12/Jun/2024:08:43:11 +0000] "DELETE /m HTTP/1.1" 302 7199 "https://www.msn.com/" "Mozilla/5.0 (Windows NT 10.0; Win64; x64; rv:54.0) Gecko/20100101 Firefox/54.0" "192.168.1.1" 0.001
192.168.1.21 - - [12/Jun/2024:08:43:17 +0000] "GET /kqurenob HTTP/1.1" 301 4647 "https://www.msn.com/" "Mozilla/5.0 (Windows NT 10.0; Win64; x64; rv:54.0) Gecko/20100101 Firefox/54.0" "192.168.1.2" 0.002
192.168.1.6 - - [12/Jun/2024:08:43:17 +0000] "DELETE /aahjbja HTTP/1.1" 301 9618 "https://www.ibm.com/" "Mozilla/5.0 (Windows NT 10.0; Win64; x64; rv:54.0) Gecko/20100101 Firefox/54.0" "192.168.56.1" 0.002
192.168.1.37 - - [12/Jun/2024:08:43:19 +0000] "GET /yzgmtiojc HTTP/1.1" 401 4375 "https://www.ibm.com/" "Mozilla/5.0 (Windows NT 10.0; Win64; x64) AppleWebKit/537.36 (KHTML, like Gecko) Chrome/58.0.3029.110 Safari/537.36" "192.168.56.1" 0.001
192.168.1.19 - - [12/Jun/2024:08:43:19 +0000] "GET /exqok HTTP/1.1" 201 8760 "https://www.example.com/" "Mozilla/5.0 (Windows NT 10.0; WOW64) AppleWebKit/537.36 (KHTML, like Gecko) Chrome/58.0.3029.110 Safari/537.36 OPR/45.0.2552.898" "192.168.1.1" 0.002
2001:db8:0:1:0:0:0:4 - - [12/Jun/2024:08:43:25 +0000] "PUT /l HTTP/1.1" 200 7663 "https://www.example.com/" "Mozilla/5.0 (Windows NT 6.1; WOW64; Trident/7.0; AS; rv:11.0) like Gecko" "192.168.52.1" 0.09
192.168.1.24 - - [12/Jun/2024:08:43:27 +0000] "DELETE /zynkbyzx HTTP/1.1" 500 7331 "https://www.ibm.com/" "Mozilla/5.0 (Windows NT 6.1; WOW64; Trident/7.0; AS; rv:11.0) like Gecko" "192.168.1.4" 0.1
192.168.1.23 - - [12/Jun/2024:08:43:33 +0000] "POST /vxqfatfghw HTTP/1.1" 200 5292 "https://www.example.com/" "Mozilla/5.0 (Windows NT 6.1; WOW64; Trident/7.0; AS; rv:11.0) like Gecko" "192.168.1.2" 0.002
2001:db8:0:1:0:0:0:3 - - [12/Jun/2024:08:43:33 +0000] "GET /cvxvyo HTTP/1.1" 204 6304 "https://www.example.com/" "Mozilla/5.0 (Windows NT 6.1; WOW64; Trident/7.0; AS; rv:11.0) like Gecko" "192.168.56.1" 0.001
2001:db8:0:1:0:0:0:a - - [12/Jun/2024:08:43:39 +0000] "PUT /wegakwk HTTP/1.1" 201 1000 "https://www.ibm.com/" "Mozilla/5.0 (Windows NT 10.0; WOW64) AppleWebKit/537.36 (KHTML, like Gecko) Chrome/58.0.3029.110 Safari/537.36 OPR/45.0.2552.898" "192.168.1.2" 0.002
192.168.1.19 - - [12/Jun/2024:08:43:42 +0000] "PUT /fcnfofb HTTP/1.1" 401 2572 "https://www.ibm.com/" "Mozilla/5.0 (Windows NT 10.0; Win64; x64) AppleWebKit/537.36 (KHTML, like Gecko) Chrome/62.0.3202.94 Safari/537.36" "192.168.1.4" 0.001
192.168.1.40 - - [12/Jun/2024:08:43:48 +0000] "GET /stgqk HTTP/1.1" 403 9142 "https://www.ibm.com/" "Mozilla/5.0 (Windows NT 10.0; Win64; x64) AppleWebKit/537.36 (KHTML, like Gecko) Chrome/62.0.3202.94 Safari/537.36" "192.168.1.3" 0.025
192.168.1.41 - - [12/Jun/2024:08:43:50 +0000] "DELETE /w HTTP/1.1" 200 4722 "https://www.msn.com/" "Mozilla/5.0 (Windows NT 6.1; WOW64; Trident/7.0; AS; rv:11.0) like Gecko" "192.168.56.1" 0.002
192.168.1.43 - - [12/Jun/2024:08:43:54 +0000] "DELETE /nmwjnk HTTP/1.1" 403 1703 "https://www.ibm.com/" "Mozilla/5.0 (Windows NT 6.1; WOW64; Trident/7.0; AS; rv:11.0) like Gecko" "192.168.1.3" 0.001
192.168.1.20 - - [12/Jun/2024:08:43:56 +0000] "DELETE /coig HTTP/1.1" 200 9683 "https://www.example.com/" "Mozilla/5.0 (Windows NT 6.1; WOW64; Trident/7.0; AS; rv:11.0) like Gecko" "192.168.1.3" 0.002
192.168.1.30 - - [12/Jun/2024:08:43:58 +0000] "GET /wh HTTP/1.1" 204 5094 "https://www.msn.com/" "Mozilla/5.0 (Windows NT 10.0; Win64; x64; rv:54.0) Gecko/20100101 Firefox/54.0" "192.168.1.4" 0.002
192.168.1.40 - - [12/Jun/2024:08:44:22 +0000] "GET /zdhvtehoia HTTP/1.1" 401 9864 "https://www.msn.com/" "Mozilla/5.0 (Windows NT 10.0; WOW64) AppleWebKit/537.36 (KHTML, like Gecko) Chrome/58.0.3029.110 Safari/537.36 OPR/45.0.2552.898" "192.168.52.1" 0.001
192.168.1.36 - - [12/Jun/2024:08:44:24 +0000] "POST /utjwx HTTP/1.1" 301 8401 "https://www.google.com/" "Mozilla/5.0 (Windows NT 6.1; WOW64; Trident/7.0; AS; rv:11.0) like Gecko" "192.168.56.1" 0.09
192.168.1.19 - - [12/Jun/2024:08:44:26 +0000] "DELETE /i HTTP/1.1" 301 4724 "https://www.google.com/" "Mozilla/5.0 (Windows NT 10.0; Win64; x64; rv:54.0) Gecko/20100101 Firefox/54.0" "192.168.1.3" 0.1
192.168.1.11 - - [12/Jun/2024:08:44:32 +0000] "GET /wlkpxghry HTTP/1.1" 401 1163 "https://www.google.com/" "Mozilla/5.0 (Windows NT 10.0; Win64; x64) AppleWebKit/537.36 (KHTML, like Gecko) Chrome/62.0.3202.94 Safari/537.36" "192.168.1.3" 0.001
192.168.1.33 - - [12/Jun/2024:08:44:39 +0000] "POST /qepcwb HTTP/1.1" 201 1499 "https://www.msn.com/" "Mozilla/5.0 (Windows NT 6.1; WOW64; Trident/7.0; AS; rv:11.0) like Gecko" "192.168.1.2" 0.1
192.168.1.3 - - [12/Jun/2024:08:44:39 +0000] "DELETE /rzqab HTTP/1.1" 201 7889 "https://www.google.com/" "Mozilla/5.0 (Windows NT 10.0; Win64; x64; rv:54.0) Gecko/20100101 Firefox/54.0" "192.168.1.1" 0.001
2001:db8:0:1:0:0:0:9 - - [12/Jun/2024:08:44:54 +0000] "GET /xigjegazj HTTP/1.1" 404 7322 "https://www.msn.com/" "Mozilla/5.0 (Windows NT 6.1; WOW64; Trident/7.0; AS; rv:11.0) like Gecko" "192.168.52.1" 0.1
2001:db8:0:1:0:0:0:9 - - [12/Jun/2024:08:44:56 +0000] "GET /d HTTP/1.1" 403 903 "https://www.google.com/" "Mozilla/5.0 (Windows NT 6.1; WOW64; rv:54.0) Gecko/20100101 Firefox/54.0" "192.168.56.1" 0.15
192.168.1.9 - - [12/Jun/2024:08:44:58 +0000] "GET /ollu HTTP/1.1" 400 9369 "https://www.ibm.com/" "Mozilla/5.0 (Windows NT 10.0; WOW64) AppleWebKit/537.36 (KHTML, like Gecko) Chrome/58.0.3029.110 Safari/537.36 OPR/45.0.2552.898" "192.168.1.4" 0.025
192.168.1.18 - - [12/Jun/2024:08:44:58 +0000] "PUT /h HTTP/1.1" 403 3742 "https://www.msn.com/" "Mozilla/5.0 (Windows NT 10.0; Win64; x64; rv:54.0) Gecko/20100101 Firefox/54.0" "192.168.1.5" 0.15
192.168.1.20 - - [12/Jun/2024:08:45:01 +0000] "PUT /viwkag HTTP/1.1" 301 459 "https://www.ibm.com/" "Mozilla/5.0 (Windows NT 6.1; WOW64; rv:54.0) Gecko/20100101 Firefox/54.0" "192.168.1.4" 0.001
2001:db8:0:1:0:0:0:5 - - [12/Jun/2024:08:45:01 +0000] "GET /dydfrx HTTP/1.1" 204 8065 "https://www.ibm.com/" "Mozilla/5.0 (Windows NT 10.0; Win64; x64) AppleWebKit/537.36 (KHTML, like Gecko) Chrome/62.0.3202.94 Safari/537.36" "192.168.1.2" 0.15
192.168.1.13 - - [12/Jun/2024:08:45:04 +0000] "POST /mva HTTP/1.1" 301 3941 "https://www.example.com/" "Mozilla/5.0 (Windows NT 6.1; WOW64; Trident/7.0; AS; rv:11.0) like Gecko" "192.168.1.3" 0.001
192.168.1.3 - - [12/Jun/2024:08:45:06 +0000] "PUT /tjmjzef HTTP/1.1" 301 4012 "https://www.ibm.com/" "Mozilla/5.0 (Windows NT 10.0; Win64; x64) AppleWebKit/537.36 (KHTML, like Gecko) Chrome/58.0.3029.110 Safari/537.36" "192.168.1.2" 0.15
2001:db8:0:1:0:0:0:4 - - [12/Jun/2024:08:45:06 +0000] "POST /noncbuapc HTTP/1.1" 500 8715 "https://www.msn.com/" "Mozilla/5.0 (Windows NT 10.0; Win64; x64) AppleWebKit/537.36 (KHTML, like Gecko) Chrome/62.0.3202.94 Safari/537.36" "192.168.56.1" 0.002
2001:db8:0:1:0:0:0:c - - [12/Jun/2024:08:45:07 +0000] "DELETE /tvwzmuiza HTTP/1.1" 404 8865 "https://www.example.com/" "Mozilla/5.0 (Windows NT 6.1; WOW64; rv:54.0) Gecko/20100101 Firefox/54.0" "192.168.56.1" 0.1
2001:db8:0:1:0:0:0:2 - - [12/Jun/2024:08:45:09 +0000] "GET /cdqgv HTTP/1.1" 204 1010 "https://www.example.com/" "Mozilla/5.0 (Windows NT 6.1; WOW64; Trident/7.0; AS; rv:11.0) like Gecko" "192.168.1.2" 0.15
192.168.1.34 - - [12/Jun/2024:08:45:10 +0000] "PUT /ssryo HTTP/1.1" 302 890 "https://www.example.com/" "Mozilla/5.0 (Windows NT 10.0; Win64; x64; rv:54.0) Gecko/20100101 Firefox/54.0" "192.168.56.1" 0.001
192.168.1.6 - - [12/Jun/2024:08:45:11 +0000] "DELETE /xleqia HTTP/1.1" 302 5778 "https://www.ibm.com/" "Mozilla/5.0 (Windows NT 10.0; Win64; x64) AppleWebKit/537.36 (KHTML, like Gecko) Chrome/62.0.3202.94 Safari/537.36" "192.168.1.3" 0.15
192.168.1.28 - - [12/Jun/2024:08:45:12 +0000] "POST /umkzpaco HTTP/1.1" 401 9064 "https://www.google.com/" "Mozilla/5.0 (Windows NT 6.1; WOW64; Trident/7.0; AS; rv:11.0) like Gecko" "192.168.1.1" 0.15
2001:db8:0:1:0:0:0:6 - - [12/Jun/2024:08:45:14 +0000] "GET /rxascmgr HTTP/1.1" 403 7873 "https://www.google.com/" "Mozilla/5.0 (Windows NT 10.0; WOW64) AppleWebKit/537.36 (KHTML, like Gecko) Chrome/58.0.3029.110 Safari/537.36 OPR/45.0.2552.898" "192.168.56.1" 0.002
2001:db8:0:1:0:0:0:d - - [12/Jun/2024:08:45:20 +0000] "DELETE /jih HTTP/1.1" 404 4753 "https://www.msn.com/" "Mozilla/5.0 (Windows NT 6.1; WOW64; Trident/7.0; AS; rv:11.0) like Gecko" "192.168.1.5" 0.09
192.168.1.34 - - [12/Jun/2024:08:45:21 +0000] "PUT /ajgqooqhgy HTTP/1.1" 201 2529 "https://www.ibm.com/" "Mozilla/5.0 (Windows NT 10.0; Win64; x64; rv:54.0) Gecko/20100101 Firefox/54.0" "192.168.1.3" 0.15
2001:db8:0:1:0:0:0:8 - - [12/Jun/2024:08:45:22 +0000] "GET /flhrbwk HTTP/1.1" 500 3200 "https://www.google.com/" "Mozilla/5.0 (Windows NT 10.0; Win64; x64) AppleWebKit/537.36 (KHTML, like Gecko) Chrome/58.0.3029.110 Safari/537.36" "192.168.1.3" 0.002
192.168.1.35 - - [12/Jun/2024:08:45:28 +0000] "POST /jliik HTTP/1.1" 204 1638 "https://www.google.com/" "Mozilla/5.0 (Windows NT 10.0; Win64; x64) AppleWebKit/537.36 (KHTML, like Gecko) Chrome/62.0.3202.94 Safari/537.36" "192.168.1.1" 0.002
192.168.1.8 - - [12/Jun/2024:08:45:29 +0000] "GET /fgzblrthy HTTP/1.1" 204 6615 "https://www.google.com/" "Mozilla/5.0 (Windows NT 6.1; WOW64; Trident/7.0; AS; rv:11.0) like Gecko" "192.168.52.1" 0.1
2001:db8:0:1:0:0:0:6 - - [12/Jun/2024:08:45:30 +0000] "PUT /vzcvfolnbr HTTP/1.1" 200 6251 "https://www.msn.com/" "Mozilla/5.0 (Windows NT 10.0; Win64; x64; rv:54.0) Gecko/20100101 Firefox/54.0" "192.168.1.1" 0.025
192.168.1.22 - - [12/Jun/2024:08:45:33 +0000] "GET /elnliqkrh HTTP/1.1" 201 6561 "https://www.google.com/" "Mozilla/5.0 (Windows NT 10.0; Win64; x64; rv:54.0) Gecko/20100101 Firefox/54.0" "192.168.1.2" 0.15
192.168.1.45 - - [12/Jun/2024:08:45:34 +0000] "GET /ugdgmttf HTTP/1.1" 301 945 "https://www.msn.com/" "Mozilla/5.0 (Windows NT 10.0; Win64; x64; rv:54.0) Gecko/20100101 Firefox/54.0" "192.168.1.4" 0.15
2001:db8:0:1:0:0:0:d - - [12/Jun/2024:08:45:35 +0000] "PUT /ob HTTP/1.1" 500 9292 "https://www.ibm.com/" "Mozilla/5.0 (Windows NT 10.0; Win64; x64) AppleWebKit/537.36 (KHTML, like Gecko) Chrome/62.0.3202.94 Safari/537.36" "192.168.1.3" 0.002
2001:db8:0:1:0:0:0:3 - - [12/Jun/2024:08:45:38 +0000] "POST /sirxfpolcw HTTP/1.1" 404 8494 "https://www.google.com/" "Mozilla/5.0 (Windows NT 10.0; WOW64) AppleWebKit/537.36 (KHTML, like Gecko) Chrome/58.0.3029.110 Safari/537.36 OPR/45.0.2552.898" "192.168.1.4" 0.025
2001:db8:0:1:0:0:0:2 - - [12/Jun/2024:08:45:39 +0000] "DELETE /falravlru HTTP/1.1" 204 1380 "https://www.msn.com/" "Mozilla/5.0 (Windows NT 10.0; Win64; x64) AppleWebKit/537.36 (KHTML, like Gecko) Chrome/62.0.3202.94 Safari/537.36" "192.168.1.1" 0.002
192.168.1.17 - - [12/Jun/2024:08:45:40 +0000] "POST /esm HTTP/1.1" 204 3004 "https://www.msn.com/" "Mozilla/5.0 (Windows NT 6.1; WOW64; Trident/7.0; AS; rv:11.0) like Gecko" "192.168.1.1" 0.002
192.168.1.23 - - [12/Jun/2024:08:45:43 +0000] "DELETE /t HTTP/1.1" 400 9179 "https://www.google.com/" "Mozilla/5.0 (Windows NT 10.0; Win64; x64) AppleWebKit/537.36 (KHTML, like Gecko) Chrome/62.0.3202.94 Safari/537.36" "192.168.1.1" 0.002
2001:db8:0:1:0:0:0:4 - - [12/Jun/2024:08:45:50 +0000] "DELETE /x HTTP/1.1" 201 7897 "https://www.ibm.com/" "Mozilla/5.0 (Windows NT 10.0; Win64; x64) AppleWebKit/537.36 (KHTML, like Gecko) Chrome/58.0.3029.110 Safari/537.36" "192.168.1.4" 0.15
192.168.1.41 - - [12/Jun/2024:08:45:53 +0000] "GET /fduruk HTTP/1.1" 200 4608 "https://www.ibm.com/" "Mozilla/5.0 (Windows NT 10.0; Win64; x64) AppleWebKit/537.36 (KHTML, like Gecko) Chrome/58.0.3029.110 Safari/537.36" "192.168.1.1" 0.002
192.168.1.28 - - [12/Jun/2024:08:45:54 +0000] "POST /hyqnddm HTTP/1.1" 403 354 "https://www.google.com/" "Mozilla/5.0 (Windows NT 10.0; Win64; x64; rv:54.0) Gecko/20100101 Firefox/54.0" "192.168.1.4" 0.001
2001:db8:0:1:0:0:0:2 - - [12/Jun/2024:08:45:59 +0000] "PUT /iqioynbzr HTTP/1.1" 302 2536 "https://www.ibm.com/" "Mozilla/5.0 (Windows NT 10.0; Win64; x64) AppleWebKit/537.36 (KHTML, like Gecko) Chrome/62.0.3202.94 Safari/537.36" "192.168.1.3" 0.1
2001:db8:0:1:0:0:0:8 - - [12/Jun/2024:08:46:01 +0000] "PUT /b HTTP/1.1" 404 9155 "https://www.google.com/" "Mozilla/5.0 (Windows NT 6.1; WOW64; rv:54.0) Gecko/20100101 Firefox/54.0" "192.168.1.4" 0.001
192.168.1.39 - - [12/Jun/2024:08:46:09 +0000] "DELETE /oqztfum HTTP/1.1" 302 4322 "https://www.example.com/" "Mozilla/5.0 (Windows NT 10.0; Win64; x64) AppleWebKit/537.36 (KHTML, like Gecko) Chrome/62.0.3202.94 Safari/537.36" "192.168.1.5" 0.15
192.168.1.25 - - [12/Jun/2024:08:46:26 +0000] "PUT /ycfmlq HTTP/1.1" 301 5534 "https://www.msn.com/" "Mozilla/5.0 (Windows NT 10.0; Win64; x64) AppleWebKit/537.36 (KHTML, like Gecko) Chrome/62.0.3202.94 Safari/537.36" "192.168.1.4" 0.002
192.168.1.28 - - [12/Jun/2024:08:46:32 +0000] "POST /dnuqmucatm HTTP/1.1" 500 3884 "https://www.google.com/" "Mozilla/5.0 (Windows NT 10.0; Win64; x64; rv:54.0) Gecko/20100101 Firefox/54.0" "192.168.56.1" 0.002
192.168.1.36 - - [12/Jun/2024:08:46:35 +0000] "DELETE /kbm HTTP/1.1" 401 4710 "https://www.msn.com/" "Mozilla/5.0 (Windows NT 10.0; Win64; x64) AppleWebKit/537.36 (KHTML, like Gecko) Chrome/58.0.3029.110 Safari/537.36" "192.168.1.2" 0.001
192.168.1.31 - - [12/Jun/2024:08:46:39 +0000] "DELETE /akfgasrzjk HTTP/1.1" 400 3379 "https://www.google.com/" "Mozilla/5.0 (Windows NT 10.0; WOW64) AppleWebKit/537.36 (KHTML, like Gecko) Chrome/58.0.3029.110 Safari/537.36 OPR/45.0.2552.898" "192.168.52.1" 0.002
192.168.1.33 - - [12/Jun/2024:08:46:43 +0000] "POST /p HTTP/1.1" 200 6179 "https://www.ibm.com/" "Mozilla/5.0 (Windows NT 10.0; Win64; x64) AppleWebKit/537.36 (KHTML, like Gecko) Chrome/62.0.3202.94 Safari/537.36" "192.168.56.1" 0.15
192.168.1.21 - - [12/Jun/2024:08:46:44 +0000] "POST /bylfhgtis HTTP/1.1" 401 1586 "https://www.ibm.com/" "Mozilla/5.0 (Windows NT 10.0; Win64; x64; rv:54.0) Gecko/20100101 Firefox/54.0" "192.168.52.1" 0.002
192.168.1.15 - - [12/Jun/2024:08:46:49 +0000] "GET /g HTTP/1.1" 301 8035 "https://www.example.com/" "Mozilla/5.0 (Windows NT 10.0; WOW64) AppleWebKit/537.36 (KHTML, like Gecko) Chrome/58.0.3029.110 Safari/537.36 OPR/45.0.2552.898" "192.168.52.1" 0.002
192.168.1.33 - - [12/Jun/2024:08:46:56 +0000] "GET /nsjszctpmb HTTP/1.1" 400 4357 "https://www.google.com/" "Mozilla/5.0 (Windows NT 6.1; WOW64; Trident/7.0; AS; rv:11.0) like Gecko" "192.168.1.1" 0.002
192.168.1.45 - - [12/Jun/2024:08:46:59 +0000] "DELETE /vv HTTP/1.1" 200 3736 "https://www.ibm.com/" "Mozilla/5.0 (Windows NT 10.0; Win64; x64) AppleWebKit/537.36 (KHTML, like Gecko) Chrome/62.0.3202.94 Safari/537.36" "192.168.1.2" 0.002
2001:db8:0:1:0:0:0:e - - [12/Jun/2024:08:47:02 +0000] "POST /snjbfgtxc HTTP/1.1" 404 6535 "https://www.google.com/" "Mozilla/5.0 (Windows NT 6.1; WOW64; rv:54.0) Gecko/20100101 Firefox/54.0" "192.168.1.4" 0.15
192.168.1.25 - - [12/Jun/2024:08:47:04 +0000] "PUT /vmahrori HTTP/1.1" 200 8929 "https://www.example.com/" "Mozilla/5.0 (Windows NT 10.0; Win64; x64; rv:54.0) Gecko/20100101 Firefox/54.0" "192.168.1.3" 0.1
2001:db8:0:1:0:0:0:c - - [12/Jun/2024:08:47:09 +0000] "POST /uuzvvhq HTTP/1.1" 403 9486 "https://www.ibm.com/" "Mozilla/5.0 (Windows NT 10.0; Win64; x64) AppleWebKit/537.36 (KHTML, like Gecko) Chrome/62.0.3202.94 Safari/537.36" "192.168.1.2" 0.001
192.168.1.36 - - [12/Jun/2024:08:47:12 +0000] "PUT /igsirflco HTTP/1.1" 302 1836 "https://www.ibm.com/" "Mozilla/5.0 (Windows NT 6.1; WOW64; Trident/7.0; AS; rv:11.0) like Gecko" "192.168.1.5" 0.025
192.168.1.1 - - [12/Jun/2024:08:47:16 +0000] "GET /etlnammq HTTP/1.1" 301 3506 "https://www.ibm.com/" "Mozilla/5.0 (Windows NT 6.1; WOW64; Trident/7.0; AS; rv:11.0) like Gecko" "192.168.52.1" 0.09
2001:db8:0:1:0:0:0:1 - - [12/Jun/2024:08:47:21 +0000] "DELETE /tzwnutl HTTP/1.1" 301 5275 "https://www.google.com/" "Mozilla/5.0 (Windows NT 6.1; WOW64; rv:54.0) Gecko/20100101 Firefox/54.0" "192.168.1.1" 0.09
192.168.1.50 - - [12/Jun/2024:08:47:28 +0000] "POST /jwtaa HTTP/1.1" 301 7703 "https://www.ibm.com/" "Mozilla/5.0 (Windows NT 10.0; WOW64) AppleWebKit/537.36 (KHTML, like Gecko) Chrome/58.0.3029.110 Safari/537.36 OPR/45.0.2552.898" "192.168.56.1" 0.002
192.168.1.29 - - [12/Jun/2024:08:47:29 +0000] "GET /bqgsmcpp HTTP/1.1" 204 8991 "https://www.msn.com/" "Mozilla/5.0 (Windows NT 10.0; Win64; x64) AppleWebKit/537.36 (KHTML, like Gecko) Chrome/58.0.3029.110 Safari/537.36" "192.168.1.4" 0.09
192.168.1.42 - - [12/Jun/2024:08:47:34 +0000] "PUT /uibbynd HTTP/1.1" 403 9245 "https://www.msn.com/" "Mozilla/5.0 (Windows NT 10.0; WOW64) AppleWebKit/537.36 (KHTML, like Gecko) Chrome/58.0.3029.110 Safari/537.36 OPR/45.0.2552.898" "192.168.1.4" 0.001
192.168.1.44 - - [12/Jun/2024:08:47:39 +0000] "PUT /ginozcm HTTP/1.1" 404 5064 "https://www.msn.com/" "Mozilla/5.0 (Windows NT 6.1; WOW64; rv:54.0) Gecko/20100101 Firefox/54.0" "192.168.1.1" 0.09
192.168.1.12 - - [12/Jun/2024:08:47:40 +0000] "POST /pvtjch HTTP/1.1" 200 9621 "https://www.google.com/" "Mozilla/5.0 (Windows NT 10.0; Win64; x64) AppleWebKit/537.36 (KHTML, like Gecko) Chrome/58.0.3029.110 Safari/537.36" "192.168.1.4" 0.1
192.168.1.29 - - [12/Jun/2024:08:47:43 +0000] "POST /kewjen HTTP/1.1" 404 4491 "https://www.google.com/" "Mozilla/5.0 (Windows NT 10.0; WOW64) AppleWebKit/537.36 (KHTML, like Gecko) Chrome/58.0.3029.110 Safari/537.36 OPR/45.0.2552.898" "192.168.1.5" 0.001
192.168.1.16 - - [12/Jun/2024:08:47:44 +0000] "PUT /vxp HTTP/1.1" 302 3332 "https://www.msn.com/" "Mozilla/5.0 (Windows NT 6.1; WOW64; Trident/7.0; AS; rv:11.0) like Gecko" "192.168.1.1" 0.002
192.168.1.26 - - [12/Jun/2024:08:47:45 +0000] "PUT /s HTTP/1.1" 404 4948 "https://www.google.com/" "Mozilla/5.0 (Windows NT 6.1; WOW64; rv:54.0) Gecko/20100101 Firefox/54.0" "192.168.56.1" 0.1
192.168.1.19 - - [12/Jun/2024:08:47:45 +0000] "POST /cbkxrie HTTP/1.1" 401 6085 "https://www.example.com/" "Mozilla/5.0 (Windows NT 6.1; WOW64; rv:54.0) Gecko/20100101 Firefox/54.0" "192.168.52.1" 0.002
192.168.1.14 - - [12/Jun/2024:08:47:49 +0000] "DELETE /ehpglb HTTP/1.1" 301 7140 "https://www.ibm.com/" "Mozilla/5.0 (Windows NT 10.0; WOW64) AppleWebKit/537.36 (KHTML, like Gecko) Chrome/58.0.3029.110 Safari/537.36 OPR/45.0.2552.898" "192.168.56.1" 0.002
192.168.1.23 - - [12/Jun/2024:08:47:52 +0000] "PUT /ocsedkh HTTP/1.1" 200 2146 "https://www.example.com/" "Mozilla/5.0 (Windows NT 10.0; Win64; x64; rv:54.0) Gecko/20100101 Firefox/54.0" "192.168.1.2" 0.002
192.168.1.8 - - [12/Jun/2024:08:47:52 +0000] "GET /aqcle HTTP/1.1" 500 5691 "https://www.ibm.com/" "Mozilla/5.0 (Windows NT 10.0; Win64; x64; rv:54.0) Gecko/20100101 Firefox/54.0" "192.168.1.4" 0.002
192.168.1.11 - - [12/Jun/2024:08:47:55 +0000] "PUT /tqyezmm HTTP/1.1" 302 2705 "https://www.google.com/" "Mozilla/5.0 (Windows NT 10.0; Win64; x64; rv:54.0) Gecko/20100101 Firefox/54.0" "192.168.1.3" 0.15
192.168.1.2 - - [12/Jun/2024:08:48:02 +0000] "PUT /jynsup HTTP/1.1" 200 7856 "https://www.google.com/" "Mozilla/5.0 (Windows NT 10.0; Win64; x64) AppleWebKit/537.36 (KHTML, like Gecko) Chrome/62.0.3202.94 Safari/537.36" "192.168.52.1" 0.025
192.168.1.3 - - [12/Jun/2024:08:48:06 +0000] "PUT /oulab HTTP/1.1" 403 517 "https://www.example.com/" "Mozilla/5.0 (Windows NT 10.0; WOW64) AppleWebKit/537.36 (KHTML, like Gecko) Chrome/58.0.3029.110 Safari/537.36 OPR/45.0.2552.898" "192.168.52.1" 0.1
2001:db8:0:1:0:0:0:8 - - [12/Jun/2024:08:48:10 +0000] "DELETE /dqjnd HTTP/1.1" 400 5468 "https://www.google.com/" "Mozilla/5.0 (Windows NT 10.0; Win64; x64) AppleWebKit/537.36 (KHTML, like Gecko) Chrome/62.0.3202.94 Safari/537.36" "192.168.52.1" 0.15
192.168.1.48 - - [12/Jun/2024:08:48:14 +0000] "PUT /nv HTTP/1.1" 200 6362 "https://www.msn.com/" "Mozilla/5.0 (Windows NT 6.1; WOW64; rv:54.0) Gecko/20100101 Firefox/54.0" "192.168.52.1" 0.001
192.168.1.17 - - [12/Jun/2024:08:48:15 +0000] "DELETE /jqmddegi HTTP/1.1" 302 3937 "https://www.google.com/" "Mozilla/5.0 (Windows NT 10.0; Win64; x64) AppleWebKit/537.36 (KHTML, like Gecko) Chrome/62.0.3202.94 Safari/537.36" "192.168.1.3" 0.002
192.168.1.1 - - [12/Jun/2024:08:48:21 +0000] "PUT /rtsxryok HTTP/1.1" 201 9468 "https://www.ibm.com/" "Mozilla/5.0 (Windows NT 10.0; WOW64) AppleWebKit/537.36 (KHTML, like Gecko) Chrome/58.0.3029.110 Safari/537.36 OPR/45.0.2552.898" "192.168.1.3" 0.09
192.168.1.20 - - [12/Jun/2024:08:48:21 +0000] "DELETE /vpxeptcjr HTTP/1.1" 500 5675 "https://www.ibm.com/" "Mozilla/5.0 (Windows NT 10.0; Win64; x64) AppleWebKit/537.36 (KHTML, like Gecko) Chrome/62.0.3202.94 Safari/537.36" "192.168.1.2" 0.09
192.168.1.39 - - [12/Jun/2024:08:48:27 +0000] "DELETE /vbawhxyq HTTP/1.1" 201 1830 "https://www.example.com/" "Mozilla/5.0 (Windows NT 10.0; Win64; x64) AppleWebKit/537.36 (KHTML, like Gecko) Chrome/62.0.3202.94 Safari/537.36" "192.168.56.1" 0.002
192.168.1.11 - - [12/Jun/2024:08:48:28 +0000] "GET /dlwcuunoyo HTTP/1.1" 301 9685 "https://www.google.com/" "Mozilla/5.0 (Windows NT 6.1; WOW64; rv:54.0) Gecko/20100101 Firefox/54.0" "192.168.1.2" 0.002
2001:db8:0:1:0:0:0:2 - - [12/Jun/2024:08:48:51 +0000] "DELETE /smixshyqe HTTP/1.1" 302 8104 "https://www.example.com/" "Mozilla/5.0 (Windows NT 10.0; WOW64) AppleWebKit/537.36 (KHTML, like Gecko) Chrome/58.0.3029.110 Safari/537.36 OPR/45.0.2552.898" "192.168.1.1" 0.025
192.168.1.18 - - [12/Jun/2024:08:48:52 +0000] "PUT /cjhubwkoh HTTP/1.1" 500 942 "https://www.msn.com/" "Mozilla/5.0 (Windows NT 6.1; WOW64; rv:54.0) Gecko/20100101 Firefox/54.0" "192.168.1.5" 0.15
2001:db8:0:1:0:0:0:7 - - [12/Jun/2024:08:48:57 +0000] "DELETE /s HTTP/1.1" 200 340 "https://www.msn.com/" "Mozilla/5.0 (Windows NT 6.1; WOW64; rv:54.0) Gecko/20100101 Firefox/54.0" "192.168.1.3" 0.002
192.168.1.21 - - [12/Jun/2024:08:48:59 +0000] "PUT /lhuyj HTTP/1.1" 403 2855 "https://www.ibm.com/" "Mozilla/5.0 (Windows NT 10.0; Win64; x64) AppleWebKit/537.36 (KHTML, like Gecko) Chrome/58.0.3029.110 Safari/537.36" "192.168.1.5" 0.002
2001:db8:0:1:0:0:0:5 - - [12/Jun/2024:08:48:59 +0000] "GET /xrhg HTTP/1.1" 403 7523 "https://www.example.com/" "Mozilla/5.0 (Windows NT 10.0; Win64; x64) AppleWebKit/537.36 (KHTML, like Gecko) Chrome/58.0.3029.110 Safari/537.36" "192.168.1.1" 0.001
192.168.1.47 - - [12/Jun/2024:08:49:00 +0000] "GET /uy HTTP/1.1" 301 2593 "https://www.msn.com/" "Mozilla/5.0 (Windows NT 10.0; Win64; x64) AppleWebKit/537.36 (KHTML, like Gecko) Chrome/62.0.3202.94 Safari/537.36" "192.168.1.4" 0.09
192.168.1.11 - - [12/Jun/2024:08:49:06 +0000] "PUT /cnj HTTP/1.1" 200 5322 "https://www.ibm.com/" "Mozilla/5.0 (Windows NT 10.0; Win64; x64) AppleWebKit/537.36 (KHTML, like Gecko) Chrome/62.0.3202.94 Safari/537.36" "192.168.1.1" 0.002
192.168.1.3 - - [12/Jun/2024:08:49:12 +0000] "PUT /rsytabkdxo HTTP/1.1" 204 9779 "https://www.ibm.com/" "Mozilla/5.0 (Windows NT 10.0; WOW64) AppleWebKit/537.36 (KHTML, like Gecko) Chrome/58.0.3029.110 Safari/537.36 OPR/45.0.2552.898" "192.168.1.4" 0.09
192.168.1.38 - - [12/Jun/2024:08:49:14 +0000] "PUT /hhiffblxf HTTP/1.1" 200 4952 "https://www.example.com/" "Mozilla/5.0 (Windows NT 6.1; WOW64; Trident/7.0; AS; rv:11.0) like Gecko" "192.168.1.1" 0.002
192.168.1.42 - - [12/Jun/2024:08:49:23 +0000] "GET /ke HTTP/1.1" 201 4385 "https://www.google.com/" "Mozilla/5.0 (Windows NT 10.0; Win64; x64) AppleWebKit/537.36 (KHTML, like Gecko) Chrome/62.0.3202.94 Safari/537.36" "192.168.52.1" 0.09
192.168.1.40 - - [12/Jun/2024:08:49:23 +0000] "PUT /rsoj HTTP/1.1" 204 5298 "https://www.google.com/" "Mozilla/5.0 (Windows NT 10.0; WOW64) AppleWebKit/537.36 (KHTML, like Gecko) Chrome/58.0.3029.110 Safari/537.36 OPR/45.0.2552.898" "192.168.1.2" 0.002
192.168.1.10 - - [12/Jun/2024:08:49:25 +0000] "DELETE /pycayfjree HTTP/1.1" 500 9640 "https://www.example.com/" "Mozilla/5.0 (Windows NT 10.0; Win64; x64) AppleWebKit/537.36 (KHTML, like Gecko) Chrome/58.0.3029.110 Safari/537.36" "192.168.1.2" 0.1
2001:db8:0:1:0:0:0:3 - - [12/Jun/2024:08:49:29 +0000] "POST /lkreqqp HTTP/1.1" 201 2722 "https://www.example.com/" "Mozilla/5.0 (Windows NT 10.0; Win64; x64; rv:54.0) Gecko/20100101 Firefox/54.0" "192.168.1.2" 0.09
2001:db8:0:1:0:0:0:e - - [12/Jun/2024:08:49:30 +0000] "DELETE /m HTTP/1.1" 302 2290 "https://www.example.com/" "Mozilla/5.0 (Windows NT 10.0; Win64; x64) AppleWebKit/537.36 (KHTML, like Gecko) Chrome/58.0.3029.110 Safari/537.36" "192.168.1.1" 0.002
2001:db8:0:1:0:0:0:6 - - [12/Jun/2024:08:49:49 +0000] "GET /dd HTTP/1.1" 302 3666 "https://www.example.com/" "Mozilla/5.0 (Windows NT 10.0; Win64; x64) AppleWebKit/537.36 (KHTML, like Gecko) Chrome/58.0.3029.110 Safari/537.36" "192.168.56.1" 0.002
192.168.1.14 - - [12/Jun/2024:08:49:51 +0000] "DELETE /al HTTP/1.1" 403 2517 "https://www.google.com/" "Mozilla/5.0 (Windows NT 10.0; Win64; x64; rv:54.0) Gecko/20100101 Firefox/54.0" "192.168.52.1" 0.09
192.168.1.22 - - [12/Jun/2024:08:49:55 +0000] "DELETE /ufxahr HTTP/1.1" 201 6028 "https://www.ibm.com/" "Mozilla/5.0 (Windows NT 10.0; Win64; x64) AppleWebKit/537.36 (KHTML, like Gecko) Chrome/58.0.3029.110 Safari/537.36" "192.168.56.1" 0.001
192.168.1.41 - - [12/Jun/2024:08:49:56 +0000] "DELETE /ley HTTP/1.1" 302 872 "https://www.google.com/" "Mozilla/5.0 (Windows NT 6.1; WOW64; rv:54.0) Gecko/20100101 Firefox/54.0" "192.168.1.2" 0.025
192.168.1.37 - - [12/Jun/2024:08:49:59 +0000] "POST /et HTTP/1.1" 301 8601 "https://www.example.com/" "Mozilla/5.0 (Windows NT 6.1; WOW64; rv:54.0) Gecko/20100101 Firefox/54.0" "192.168.1.5" 0.15
192.168.1.36 - - [12/Jun/2024:08:50:01 +0000] "GET /v HTTP/1.1" 400 5559 "https://www.msn.com/" "Mozilla/5.0 (Windows NT 10.0; Win64; x64) AppleWebKit/537.36 (KHTML, like Gecko) Chrome/62.0.3202.94 Safari/537.36" "192.168.52.1" 0.001
192.168.1.35 - - [12/Jun/2024:08:50:22 +0000] "POST /bivhtq HTTP/1.1" 404 9215 "https://www.msn.com/" "Mozilla/5.0 (Windows NT 10.0; Win64; x64; rv:54.0) Gecko/20100101 Firefox/54.0" "192.168.1.2" 0.002
192.168.1.46 - - [12/Jun/2024:08:50:24 +0000] "PUT /jgbny HTTP/1.1" 400 4911 "https://www.google.com/" "Mozilla/5.0 (Windows NT 10.0; Win64; x64) AppleWebKit/537.36 (KHTML, like Gecko) Chrome/62.0.3202.94 Safari/537.36" "192.168.56.1" 0.002
192.168.1.34 - - [12/Jun/2024:08:50:47 +0000] "POST /w HTTP/1.1" 401 2265 "https://www.msn.com/" "Mozilla/5.0 (Windows NT 10.0; Win64; x64) AppleWebKit/537.36 (KHTML, like Gecko) Chrome/62.0.3202.94 Safari/537.36" "192.168.1.2" 0.09
192.168.1.10 - - [12/Jun/2024:08:50:48 +0000] "PUT /wkisjy HTTP/1.1" 403 6518 "https://www.google.com/" "Mozilla/5.0 (Windows NT 10.0; WOW64) AppleWebKit/537.36 (KHTML, like Gecko) Chrome/58.0.3029.110 Safari/537.36 OPR/45.0.2552.898" "192.168.1.1" 0.1
192.168.1.38 - - [12/Jun/2024:08:50:50 +0000] "DELETE /msvwkdnndi HTTP/1.1" 500 5047 "https://www.ibm.com/" "Mozilla/5.0 (Windows NT 10.0; WOW64) AppleWebKit/537.36 (KHTML, like Gecko) Chrome/58.0.3029.110 Safari/537.36 OPR/45.0.2552.898" "192.168.56.1" 0.002
192.168.1.49 - - [12/Jun/2024:08:50:56 +0000] "PUT /fxs HTTP/1.1" 204 3981 "https://www.google.com/" "Mozilla/5.0 (Windows NT 6.1; WOW64; rv:54.0) Gecko/20100101 Firefox/54.0" "192.168.1.3" 0.002
2001:db8:0:1:0:0:0:5 - - [12/Jun/2024:08:50:57 +0000] "DELETE /id HTTP/1.1" 500 2195 "https://www.google.com/" "Mozilla/5.0 (Windows NT 10.0; Win64; x64; rv:54.0) Gecko/20100101 Firefox/54.0" "192.168.1.1" 0.001
2001:db8:0:1:0:0:0:2 - - [12/Jun/2024:08:51:04 +0000] "POST /fzuvq HTTP/1.1" 401 7140 "https://www.msn.com/" "Mozilla/5.0 (Windows NT 10.0; Win64; x64) AppleWebKit/537.36 (KHTML, like Gecko) Chrome/62.0.3202.94 Safari/537.36" "192.168.1.2" 0.15
192.168.1.3 - - [12/Jun/2024:08:51:08 +0000] "DELETE /lfig HTTP/1.1" 200 8184 "https://www.google.com/" "Mozilla/5.0 (Windows NT 10.0; WOW64) AppleWebKit/537.36 (KHTML, like Gecko) Chrome/58.0.3029.110 Safari/537.36 OPR/45.0.2552.898" "192.168.52.1" 0.1
192.168.1.1 - - [12/Jun/2024:08:51:11 +0000] "POST /yzmqky HTTP/1.1" 403 6419 "https://www.example.com/" "Mozilla/5.0 (Windows NT 10.0; Win64; x64) AppleWebKit/537.36 (KHTML, like Gecko) Chrome/58.0.3029.110 Safari/537.36" "192.168.1.3" 0.002
192.168.1.44 - - [12/Jun/2024:08:51:15 +0000] "GET /cqrlv HTTP/1.1" 500 2110 "https://www.ibm.com/" "Mozilla/5.0 (Windows NT 10.0; Win64; x64) AppleWebKit/537.36 (KHTML, like Gecko) Chrome/58.0.3029.110 Safari/537.36" "192.168.1.5" 0.1
192.168.1.13 - - [12/Jun/2024:08:51:16 +0000] "PUT /oczlqxvsa HTTP/1.1" 201 7867 "https://www.ibm.com/" "Mozilla/5.0 (Windows NT 10.0; WOW64) AppleWebKit/537.36 (KHTML, like Gecko) Chrome/58.0.3029.110 Safari/537.36 OPR/45.0.2552.898" "192.168.56.1" 0.1
192.168.1.48 - - [12/Jun/2024:08:51:22 +0000] "POST /ihdbwjso HTTP/1.1" 302 7482 "https://www.ibm.com/" "Mozilla/5.0 (Windows NT 10.0; Win64; x64; rv:54.0) Gecko/20100101 Firefox/54.0" "192.168.1.4" 0.15
192.168.1.44 - - [12/Jun/2024:08:51:22 +0000] "PUT /qfadnpzw HTTP/1.1" 201 1510 "https://www.msn.com/" "Mozilla/5.0 (Windows NT 6.1; WOW64; Trident/7.0; AS; rv:11.0) like Gecko" "192.168.1.2" 0.15
192.168.1.18 - - [12/Jun/2024:08:51:26 +0000] "PUT /gknamyc HTTP/1.1" 404 804 "https://www.ibm.com/" "Mozilla/5.0 (Windows NT 6.1; WOW64; rv:54.0) Gecko/20100101 Firefox/54.0" "192.168.1.2" 0.09
192.168.1.26 - - [12/Jun/2024:08:51:26 +0000] "POST /i HTTP/1.1" 404 2149 "https://www.google.com/" "Mozilla/5.0 (Windows NT 6.1; WOW64; Trident/7.0; AS; rv:11.0) like Gecko" "192.168.1.3" 0.001
192.168.1.4 - - [12/Jun/2024:08:51:32 +0000] "PUT /vzschy HTTP/1.1" 201 9497 "https://www.msn.com/" "Mozilla/5.0 (Windows NT 10.0; Win64; x64) AppleWebKit/537.36 (KHTML, like Gecko) Chrome/62.0.3202.94 Safari/537.36" "192.168.56.1" 0.1
192.168.1.1 - - [12/Jun/2024:08:51:32 +0000] "PUT /knf HTTP/1.1" 401 9167 "https://www.ibm.com/" "Mozilla/5.0 (Windows NT 10.0; WOW64) AppleWebKit/537.36 (KHTML, like Gecko) Chrome/58.0.3029.110 Safari/537.36 OPR/45.0.2552.898" "192.168.52.1" 0.002
192.168.1.4 - - [12/Jun/2024:08:51:35 +0000] "PUT /qqvtxn HTTP/1.1" 301 1291 "https://www.google.com/" "Mozilla/5.0 (Windows NT 6.1; WOW64; rv:54.0) Gecko/20100101 Firefox/54.0" "192.168.1.2" 0.002
2001:db8:0:1:0:0:0:8 - - [12/Jun/2024:08:51:35 +0000] "PUT /tsirtxq HTTP/1.1" 301 2253 "https://www.google.com/" "Mozilla/5.0 (Windows NT 6.1; WOW64; rv:54.0) Gecko/20100101 Firefox/54.0" "192.168.1.1" 0.09
192.168.1.36 - - [12/Jun/2024:08:51:40 +0000] "GET /ejanemk HTTP/1.1" 302 1838 "https://www.ibm.com/" "Mozilla/5.0 (Windows NT 10.0; Win64; x64; rv:54.0) Gecko/20100101 Firefox/54.0" "192.168.1.1" 0.025
192.168.1.7 - - [12/Jun/2024:08:51:42 +0000] "POST /vcfhkds HTTP/1.1" 500 666 "https://www.google.com/" "Mozilla/5.0 (Windows NT 10.0; Win64; x64; rv:54.0) Gecko/20100101 Firefox/54.0" "192.168.1.1" 0.002
2001:db8:0:1:0:0:0:1 - - [12/Jun/2024:08:51:46 +0000] "DELETE /roupuacg HTTP/1.1" 302 4895 "https://www.msn.com/" "Mozilla/5.0 (Windows NT 6.1; WOW64; rv:54.0) Gecko/20100101 Firefox/54.0" "192.168.1.1" 0.15
192.168.1.28 - - [12/Jun/2024:08:51:50 +0000] "POST /uhjnbfkmuw HTTP/1.1" 204 5670 "https://www.example.com/" "Mozilla/5.0 (Windows NT 10.0; Win64; x64; rv:54.0) Gecko/20100101 Firefox/54.0" "192.168.1.2" 0.025
192.168.1.45 - - [12/Jun/2024:08:51:53 +0000] "POST /bwxoagro HTTP/1.1" 500 751 "https://www.ibm.com/" "Mozilla/5.0 (Windows NT 10.0; Win64; x64) AppleWebKit/537.36 (KHTML, like Gecko) Chrome/62.0.3202.94 Safari/537.36" "192.168.52.1" 0.002
192.168.1.16 - - [12/Jun/2024:08:51:55 +0000] "DELETE /ia HTTP/1.1" 404 4742 "https://www.example.com/" "Mozilla/5.0 (Windows NT 6.1; WOW64; rv:54.0) Gecko/20100101 Firefox/54.0" "192.168.1.3" 0.15
2001:db8:0:1:0:0:0:b - - [12/Jun/2024:08:52:05 +0000] "POST /wmtgt HTTP/1.1" 204 3780 "https://www.google.com/" "Mozilla/5.0 (Windows NT 10.0; Win64; x64; rv:54.0) Gecko/20100101 Firefox/54.0" "192.168.1.4" 0.15
2001:db8:0:1:0:0:0:9 - - [12/Jun/2024:08:52:09 +0000] "POST /tc HTTP/1.1" 403 3486 "https://www.msn.com/" "Mozilla/5.0 (Windows NT 10.0; WOW64) AppleWebKit/537.36 (KHTML, like Gecko) Chrome/58.0.3029.110 Safari/537.36 OPR/45.0.2552.898" "192.168.1.3" 0.002
2001:db8:0:1:0:0:0:d - - [12/Jun/2024:08:52:14 +0000] "DELETE /eixvk HTTP/1.1" 404 442 "https://www.example.com/" "Mozilla/5.0 (Windows NT 10.0; Win64; x64; rv:54.0) Gecko/20100101 Firefox/54.0" "192.168.1.5" 0.002
192.168.1.27 - - [12/Jun/2024:08:52:14 +0000] "DELETE /l HTTP/1.1" 200 4588 "https://www.msn.com/" "Mozilla/5.0 (Windows NT 10.0; WOW64) AppleWebKit/537.36 (KHTML, like Gecko) Chrome/58.0.3029.110 Safari/537.36 OPR/45.0.2552.898" "192.168.1.3" 0.09
192.168.1.23 - - [12/Jun/2024:08:52:16 +0000] "DELETE /kldlu HTTP/1.1" 404 650 "https://www.google.com/" "Mozilla/5.0 (Windows NT 10.0; Win64; x64) AppleWebKit/537.36 (KHTML, like Gecko) Chrome/62.0.3202.94 Safari/537.36" "192.168.1.5" 0.002
192.168.1.41 - - [12/Jun/2024:08:52:18 +0000] "PUT /ceqcwyn HTTP/1.1" 201 4432 "https://www.example.com/" "Mozilla/5.0 (Windows NT 10.0; Win64; x64) AppleWebKit/537.36 (KHTML, like Gecko) Chrome/58.0.3029.110 Safari/537.36" "192.168.1.1" 0.15
192.168.1.42 - - [12/Jun/2024:08:52:18 +0000] "DELETE /cysk HTTP/1.1" 301 9479 "https://www.ibm.com/" "Mozilla/5.0 (Windows NT 10.0; WOW64) AppleWebKit/537.36 (KHTML, like Gecko) Chrome/58.0.3029.110 Safari/537.36 OPR/45.0.2552.898" "192.168.1.4" 0.001
192.168.1.26 - - [12/Jun/2024:08:52:19 +0000] "POST /ddgewtdfqq HTTP/1.1" 301 5608 "https://www.google.com/" "Mozilla/5.0 (Windows NT 6.1; WOW64; Trident/7.0; AS; rv:11.0) like Gecko" "192.168.1.2" 0.002
192.168.1.23 - - [12/Jun/2024:08:52:31 +0000] "POST /ncgwiiipdh HTTP/1.1" 500 2896 "https://www.example.com/" "Mozilla/5.0 (Windows NT 10.0; WOW64) AppleWebKit/537.36 (KHTML, like Gecko) Chrome/58.0.3029.110 Safari/537.36 OPR/45.0.2552.898" "192.168.1.3" 0.1
192.168.1.6 - - [12/Jun/2024:08:52:42 +0000] "GET /rzgcm HTTP/1.1" 204 4104 "https://www.example.com/" "Mozilla/5.0 (Windows NT 6.1; WOW64; Trident/7.0; AS; rv:11.0) like Gecko" "192.168.1.5" 0.002
192.168.1.30 - - [12/Jun/2024:08:52:48 +0000] "POST /jmjnkhlkjo HTTP/1.1" 404 8691 "https://www.msn.com/" "Mozilla/5.0 (Windows NT 10.0; Win64; x64; rv:54.0) Gecko/20100101 Firefox/54.0" "192.168.52.1" 0.001
192.168.1.22 - - [12/Jun/2024:08:52:48 +0000] "GET /aswt HTTP/1.1" 204 2850 "https://www.msn.com/" "Mozilla/5.0 (Windows NT 6.1; WOW64; Trident/7.0; AS; rv:11.0) like Gecko" "192.168.1.4" 0.1
2001:db8:0:1:0:0:0:6 - - [12/Jun/2024:08:52:50 +0000] "PUT /mcnso HTTP/1.1" 401 5254 "https://www.ibm.com/" "Mozilla/5.0 (Windows NT 10.0; Win64; x64; rv:54.0) Gecko/20100101 Firefox/54.0" "192.168.56.1" 0.002
192.168.1.50 - - [12/Jun/2024:08:52:51 +0000] "GET /nekixbx HTTP/1.1" 403 1077 "https://www.google.com/" "Mozilla/5.0 (Windows NT 10.0; Win64; x64; rv:54.0) Gecko/20100101 Firefox/54.0" "192.168.56.1" 0.001
2001:db8:0:1:0:0:0:9 - - [12/Jun/2024:08:52:52 +0000] "DELETE /hvwhkqvhn HTTP/1.1" 204 7502 "https://www.google.com/" "Mozilla/5.0 (Windows NT 6.1; WOW64; Trident/7.0; AS; rv:11.0) like Gecko" "192.168.52.1" 0.002
