192.168.1.48 - - [06/Jun/2024:14:08:16 +0000] "GET /g HTTP/1.1" 400 6264 "https://www.msn.com/" "Mozilla/5.0 (Windows NT 10.0; Win64; x64) AppleWebKit/537.36 (KHTML, like Gecko) Chrome/62.0.3202.94 Safari/537.36"
192.168.1.24 - - [06/Jun/2024:14:08:16 +0000] "PUT /mvscj HTTP/1.1" 200 6934 "https://www.google.com/" "Mozilla/5.0 (Windows NT 10.0; Win64; x64) AppleWebKit/537.36 (KHTML, like Gecko) Chrome/62.0.3202.94 Safari/537.36"
192.168.1.30 - - [06/Jun/2024:14:08:16 +0000] "GET /jra HTTP/1.1" 400 1712 "https://www.example.com/" "Mozilla/5.0 (Windows NT 10.0; Win64; x64) AppleWebKit/537.36 (KHTML, like Gecko) Chrome/58.0.3029.110 Safari/537.36"
192.168.1.50 - - [06/Jun/2024:14:08:16 +0000] "PUT /paf HTTP/1.1" 500 9185 "https://www.google.com/" "Mozilla/5.0 (Windows NT 10.0; Win64; x64; rv:54.0) Gecko/20100101 Firefox/54.0"
192.168.1.13 - - [06/Jun/2024:14:08:16 +0000] "PUT /orurd HTTP/1.1" 201 9269 "https://www.google.com/" "Mozilla/5.0 (Windows NT 10.0; Win64; x64) AppleWebKit/537.36 (KHTML, like Gecko) Chrome/58.0.3029.110 Safari/537.36"
192.168.1.14 - - [06/Jun/2024:14:08:16 +0000] "DELETE /yvvsjepah HTTP/1.1" 500 7547 "https://www.google.com/" "Mozilla/5.0 (Windows NT 10.0; WOW64) AppleWebKit/537.36 (KHTML, like Gecko) Chrome/58.0.3029.110 Safari/537.36 OPR/45.0.2552.898"
192.168.1.3 - - [06/Jun/2024:14:08:16 +0000] "PUT /pmwndkjxwv HTTP/1.1" 401 2308 "https://www.ibm.com/" "Mozilla/5.0 (Windows NT 10.0; Win64; x64) AppleWebKit/537.36 (KHTML, like Gecko) Chrome/62.0.3202.94 Safari/537.36"
192.168.1.48 - - [06/Jun/2024:14:08:16 +0000] "DELETE /p HTTP/1.1" 500 5772 "https://www.ibm.com/" "Mozilla/5.0 (Windows NT 10.0; Win64; x64; rv:54.0) Gecko/20100101 Firefox/54.0"
192.168.1.49 - - [06/Jun/2024:14:08:16 +0000] "DELETE /gx HTTP/1.1" 201 8565 "https://www.google.com/" "Mozilla/5.0 (Windows NT 10.0; Win64; x64) AppleWebKit/537.36 (KHTML, like Gecko) Chrome/58.0.3029.110 Safari/537.36"
192.168.1.21 - - [06/Jun/2024:14:08:16 +0000] "POST /pwjjejbtut HTTP/1.1" 400 2110 "https://www.google.com/" "Mozilla/5.0 (Windows NT 10.0; Win64; x64) AppleWebKit/537.36 (KHTML, like Gecko) Chrome/58.0.3029.110 Safari/537.36"
192.168.1.22 - - [06/Jun/2024:14:08:16 +0000] "PUT /b HTTP/1.1" 403 7695 "https://www.ibm.com/" "Mozilla/5.0 (Windows NT 10.0; WOW64) AppleWebKit/537.36 (KHTML, like Gecko) Chrome/58.0.3029.110 Safari/537.36 OPR/45.0.2552.898"
192.168.1.28 - - [06/Jun/2024:14:08:16 +0000] "DELETE /bmwbbnxk HTTP/1.1" 500 9059 "https://www.example.com/" "Mozilla/5.0 (Windows NT 10.0; WOW64) AppleWebKit/537.36 (KHTML, like Gecko) Chrome/58.0.3029.110 Safari/537.36 OPR/45.0.2552.898"
192.168.1.4 - - [06/Jun/2024:14:08:16 +0000] "GET /ejc HTTP/1.1" 301 8627 "https://www.example.com/" "Mozilla/5.0 (Windows NT 6.1; WOW64; Trident/7.0; AS; rv:11.0) like Gecko"
192.168.1.4 - - [06/Jun/2024:14:08:16 +0000] "PUT /ibzf HTTP/1.1" 201 7460 "https://www.ibm.com/" "Mozilla/5.0 (Windows NT 10.0; Win64; x64) AppleWebKit/537.36 (KHTML, like Gecko) Chrome/58.0.3029.110 Safari/537.36"
192.168.1.17 - - [06/Jun/2024:14:08:16 +0000] "POST /ikqti HTTP/1.1" 200 6226 "https://www.ibm.com/" "Mozilla/5.0 (Windows NT 10.0; WOW64) AppleWebKit/537.36 (KHTML, like Gecko) Chrome/58.0.3029.110 Safari/537.36 OPR/45.0.2552.898"
192.168.1.44 - - [06/Jun/2024:14:08:16 +0000] "DELETE /nqvjbnyl HTTP/1.1" 302 6918 "https://www.ibm.com/" "Mozilla/5.0 (Windows NT 10.0; Win64; x64; rv:54.0) Gecko/20100101 Firefox/54.0"
2001:db8:0:1:0:0:0:e - - [06/Jun/2024:14:08:16 +0000] "GET /pwyiqkuayl HTTP/1.1" 301 3084 "https://www.ibm.com/" "Mozilla/5.0 (Windows NT 10.0; Win64; x64) AppleWebKit/537.36 (KHTML, like Gecko) Chrome/62.0.3202.94 Safari/537.36"
192.168.1.31 - - [06/Jun/2024:14:08:16 +0000] "PUT /cckgp HTTP/1.1" 302 8305 "https://www.msn.com/" "Mozilla/5.0 (Windows NT 6.1; WOW64; rv:54.0) Gecko/20100101 Firefox/54.0"
2001:db8:0:1:0:0:0:1 - - [06/Jun/2024:14:08:16 +0000] "POST /dno HTTP/1.1" 302 4814 "https://www.ibm.com/" "Mozilla/5.0 (Windows NT 6.1; WOW64; rv:54.0) Gecko/20100101 Firefox/54.0"
192.168.1.11 - - [06/Jun/2024:14:08:16 +0000] "PUT /zh HTTP/1.1" 201 4706 "https://www.google.com/" "Mozilla/5.0 (Windows NT 6.1; WOW64; rv:54.0) Gecko/20100101 Firefox/54.0"
2001:db8:0:1:0:0:0:9 - - [06/Jun/2024:14:08:16 +0000] "PUT /thwdanxu HTTP/1.1" 404 5512 "https://www.example.com/" "Mozilla/5.0 (Windows NT 6.1; WOW64; Trident/7.0; AS; rv:11.0) like Gecko"
192.168.1.36 - - [06/Jun/2024:14:08:16 +0000] "GET /jte HTTP/1.1" 404 2678 "https://www.msn.com/" "Mozilla/5.0 (Windows NT 10.0; Win64; x64) AppleWebKit/537.36 (KHTML, like Gecko) Chrome/62.0.3202.94 Safari/537.36"
192.168.1.3 - - [06/Jun/2024:14:08:16 +0000] "POST /beaoijvkxn HTTP/1.1" 401 4527 "https://www.google.com/" "Mozilla/5.0 (Windows NT 6.1; WOW64; Trident/7.0; AS; rv:11.0) like Gecko"
192.168.1.13 - - [06/Jun/2024:14:08:16 +0000] "PUT /c HTTP/1.1" 204 1860 "https://www.example.com/" "Mozilla/5.0 (Windows NT 10.0; Win64; x64) AppleWebKit/537.36 (KHTML, like Gecko) Chrome/58.0.3029.110 Safari/537.36"
192.168.1.24 - - [06/Jun/2024:14:08:16 +0000] "POST /fecvyaxe HTTP/1.1" 204 793 "https://www.msn.com/" "Mozilla/5.0 (Windows NT 10.0; Win64; x64) AppleWebKit/537.36 (KHTML, like Gecko) Chrome/58.0.3029.110 Safari/537.36"
192.168.1.3 - - [06/Jun/2024:14:08:16 +0000] "DELETE /mrdqiwtca HTTP/1.1" 500 5406 "https://www.ibm.com/" "Mozilla/5.0 (Windows NT 6.1; WOW64; rv:54.0) Gecko/20100101 Firefox/54.0"
192.168.1.21 - - [06/Jun/2024:14:08:16 +0000] "GET /oswpczaq HTTP/1.1" 302 4404 "https://www.example.com/" "Mozilla/5.0 (Windows NT 10.0; WOW64) AppleWebKit/537.36 (KHTML, like Gecko) Chrome/58.0.3029.110 Safari/537.36 OPR/45.0.2552.898"
192.168.1.35 - - [06/Jun/2024:14:08:16 +0000] "PUT /tlfwxxjli HTTP/1.1" 201 5070 "https://www.example.com/" "Mozilla/5.0 (Windows NT 10.0; WOW64) AppleWebKit/537.36 (KHTML, like Gecko) Chrome/58.0.3029.110 Safari/537.36 OPR/45.0.2552.898"
192.168.1.4 - - [06/Jun/2024:14:08:16 +0000] "PUT /cek HTTP/1.1" 302 8634 "https://www.ibm.com/" "Mozilla/5.0 (Windows NT 10.0; Win64; x64) AppleWebKit/537.36 (KHTML, like Gecko) Chrome/62.0.3202.94 Safari/537.36"
192.168.1.47 - - [06/Jun/2024:14:08:16 +0000] "DELETE /y HTTP/1.1" 404 9258 "https://www.msn.com/" "Mozilla/5.0 (Windows NT 6.1; WOW64; rv:54.0) Gecko/20100101 Firefox/54.0"
192.168.1.38 - - [06/Jun/2024:14:08:16 +0000] "GET /nxiikdt HTTP/1.1" 302 930 "https://www.google.com/" "Mozilla/5.0 (Windows NT 10.0; Win64; x64) AppleWebKit/537.36 (KHTML, like Gecko) Chrome/58.0.3029.110 Safari/537.36"
192.168.1.5 - - [06/Jun/2024:14:08:16 +0000] "DELETE /ejmmmu HTTP/1.1" 400 9711 "https://www.google.com/" "Mozilla/5.0 (Windows NT 10.0; WOW64) AppleWebKit/537.36 (KHTML, like Gecko) Chrome/58.0.3029.110 Safari/537.36 OPR/45.0.2552.898"
192.168.1.44 - - [06/Jun/2024:14:08:16 +0000] "DELETE /gbxf HTTP/1.1" 403 4360 "https://www.google.com/" "Mozilla/5.0 (Windows NT 10.0; Win64; x64; rv:54.0) Gecko/20100101 Firefox/54.0"
192.168.1.6 - - [06/Jun/2024:14:08:16 +0000] "GET /isukufmkv HTTP/1.1" 404 9291 "https://www.msn.com/" "Mozilla/5.0 (Windows NT 10.0; Win64; x64; rv:54.0) Gecko/20100101 Firefox/54.0"
192.168.1.44 - - [06/Jun/2024:14:08:16 +0000] "PUT /vtbupvfvcv HTTP/1.1" 302 2756 "https://www.msn.com/" "Mozilla/5.0 (Windows NT 10.0; Win64; x64; rv:54.0) Gecko/20100101 Firefox/54.0"
2001:db8:0:1:0:0:0:4 - - [06/Jun/2024:14:08:16 +0000] "PUT /bo HTTP/1.1" 404 8647 "https://www.ibm.com/" "Mozilla/5.0 (Windows NT 6.1; WOW64; Trident/7.0; AS; rv:11.0) like Gecko"
2001:db8:0:1:0:0:0:4 - - [06/Jun/2024:14:08:16 +0000] "PUT /hvtmiad HTTP/1.1" 404 2539 "https://www.ibm.com/" "Mozilla/5.0 (Windows NT 10.0; Win64; x64; rv:54.0) Gecko/20100101 Firefox/54.0"
192.168.1.44 - - [06/Jun/2024:14:08:16 +0000] "GET /gmipvwo HTTP/1.1" 403 7009 "https://www.msn.com/" "Mozilla/5.0 (Windows NT 10.0; Win64; x64) AppleWebKit/537.36 (KHTML, like Gecko) Chrome/62.0.3202.94 Safari/537.36"
2001:db8:0:1:0:0:0:3 - - [06/Jun/2024:14:08:16 +0000] "POST /jv HTTP/1.1" 302 6510 "https://www.ibm.com/" "Mozilla/5.0 (Windows NT 6.1; WOW64; Trident/7.0; AS; rv:11.0) like Gecko"
2001:db8:0:1:0:0:0:1 - - [06/Jun/2024:14:08:16 +0000] "GET /mhmkrgks HTTP/1.1" 401 3444 "https://www.ibm.com/" "Mozilla/5.0 (Windows NT 6.1; WOW64; rv:54.0) Gecko/20100101 Firefox/54.0"
192.168.1.31 - - [06/Jun/2024:14:08:16 +0000] "PUT /cbczxkbcsg HTTP/1.1" 500 8736 "https://www.ibm.com/" "Mozilla/5.0 (Windows NT 10.0; WOW64) AppleWebKit/537.36 (KHTML, like Gecko) Chrome/58.0.3029.110 Safari/537.36 OPR/45.0.2552.898"
2001:db8:0:1:0:0:0:e - - [06/Jun/2024:14:08:16 +0000] "POST /zriq HTTP/1.1" 403 4841 "https://www.msn.com/" "Mozilla/5.0 (Windows NT 10.0; Win64; x64; rv:54.0) Gecko/20100101 Firefox/54.0"
192.168.1.49 - - [06/Jun/2024:14:08:16 +0000] "POST /syrprxipsd HTTP/1.1" 500 8169 "https://www.msn.com/" "Mozilla/5.0 (Windows NT 6.1; WOW64; rv:54.0) Gecko/20100101 Firefox/54.0"
2001:db8:0:1:0:0:0:8 - - [06/Jun/2024:14:08:16 +0000] "DELETE /cwy HTTP/1.1" 400 8940 "https://www.example.com/" "Mozilla/5.0 (Windows NT 10.0; Win64; x64) AppleWebKit/537.36 (KHTML, like Gecko) Chrome/58.0.3029.110 Safari/537.36"
192.168.1.38 - - [06/Jun/2024:14:08:16 +0000] "GET /ya HTTP/1.1" 302 6616 "https://www.example.com/" "Mozilla/5.0 (Windows NT 10.0; Win64; x64) AppleWebKit/537.36 (KHTML, like Gecko) Chrome/58.0.3029.110 Safari/537.36"
192.168.1.45 - - [06/Jun/2024:14:08:16 +0000] "GET /ivyi HTTP/1.1" 204 1003 "https://www.google.com/" "Mozilla/5.0 (Windows NT 10.0; Win64; x64) AppleWebKit/537.36 (KHTML, like Gecko) Chrome/58.0.3029.110 Safari/537.36"
192.168.1.27 - - [06/Jun/2024:14:08:16 +0000] "GET /hpzrcq HTTP/1.1" 401 2404 "https://www.google.com/" "Mozilla/5.0 (Windows NT 10.0; Win64; x64) AppleWebKit/537.36 (KHTML, like Gecko) Chrome/62.0.3202.94 Safari/537.36"
192.168.1.27 - - [06/Jun/2024:14:08:16 +0000] "POST /slyi HTTP/1.1" 401 5709 "https://www.example.com/" "Mozilla/5.0 (Windows NT 10.0; WOW64) AppleWebKit/537.36 (KHTML, like Gecko) Chrome/58.0.3029.110 Safari/537.36 OPR/45.0.2552.898"
192.168.1.5 - - [06/Jun/2024:14:08:16 +0000] "POST /u HTTP/1.1" 401 6331 "https://www.msn.com/" "Mozilla/5.0 (Windows NT 10.0; WOW64) AppleWebKit/537.36 (KHTML, like Gecko) Chrome/58.0.3029.110 Safari/537.36 OPR/45.0.2552.898"
192.168.1.33 - - [06/Jun/2024:14:08:16 +0000] "GET /zwvsylu HTTP/1.1" 204 2146 "https://www.msn.com/" "Mozilla/5.0 (Windows NT 6.1; WOW64; Trident/7.0; AS; rv:11.0) like Gecko"
192.168.1.21 - - [06/Jun/2024:14:08:16 +0000] "DELETE /oprouzt HTTP/1.1" 500 2652 "https://www.msn.com/" "Mozilla/5.0 (Windows NT 10.0; WOW64) AppleWebKit/537.36 (KHTML, like Gecko) Chrome/58.0.3029.110 Safari/537.36 OPR/45.0.2552.898"
192.168.1.39 - - [06/Jun/2024:14:08:16 +0000] "POST /kuzom HTTP/1.1" 201 1607 "https://www.example.com/" "Mozilla/5.0 (Windows NT 6.1; WOW64; rv:54.0) Gecko/20100101 Firefox/54.0"
192.168.1.12 - - [06/Jun/2024:14:08:16 +0000] "DELETE /fyj HTTP/1.1" 200 4633 "https://www.example.com/" "Mozilla/5.0 (Windows NT 6.1; WOW64; Trident/7.0; AS; rv:11.0) like Gecko"
192.168.1.3 - - [06/Jun/2024:14:08:16 +0000] "DELETE /duevycpni HTTP/1.1" 404 5888 "https://www.google.com/" "Mozilla/5.0 (Windows NT 10.0; WOW64) AppleWebKit/537.36 (KHTML, like Gecko) Chrome/58.0.3029.110 Safari/537.36 OPR/45.0.2552.898"
192.168.1.10 - - [06/Jun/2024:14:08:16 +0000] "GET /rut HTTP/1.1" 403 3141 "https://www.ibm.com/" "Mozilla/5.0 (Windows NT 10.0; WOW64) AppleWebKit/537.36 (KHTML, like Gecko) Chrome/58.0.3029.110 Safari/537.36 OPR/45.0.2552.898"
192.168.1.6 - - [06/Jun/2024:14:08:16 +0000] "POST /uqsupgtw HTTP/1.1" 500 9760 "https://www.example.com/" "Mozilla/5.0 (Windows NT 6.1; WOW64; rv:54.0) Gecko/20100101 Firefox/54.0"
192.168.1.10 - - [06/Jun/2024:14:08:16 +0000] "DELETE /deyhc HTTP/1.1" 204 4071 "https://www.ibm.com/" "Mozilla/5.0 (Windows NT 10.0; WOW64) AppleWebKit/537.36 (KHTML, like Gecko) Chrome/58.0.3029.110 Safari/537.36 OPR/45.0.2552.898"
192.168.1.21 - - [06/Jun/2024:14:08:16 +0000] "PUT /rai HTTP/1.1" 204 3786 "https://www.example.com/" "Mozilla/5.0 (Windows NT 10.0; Win64; x64) AppleWebKit/537.36 (KHTML, like Gecko) Chrome/58.0.3029.110 Safari/537.36"
2001:db8:0:1:0:0:0:b - - [06/Jun/2024:14:08:16 +0000] "PUT /sbjlkmcnq HTTP/1.1" 401 5320 "https://www.google.com/" "Mozilla/5.0 (Windows NT 10.0; Win64; x64; rv:54.0) Gecko/20100101 Firefox/54.0"
192.168.1.17 - - [06/Jun/2024:14:08:16 +0000] "DELETE /sjloxlepjh HTTP/1.1" 301 3307 "https://www.msn.com/" "Mozilla/5.0 (Windows NT 10.0; Win64; x64) AppleWebKit/537.36 (KHTML, like Gecko) Chrome/62.0.3202.94 Safari/537.36"
192.168.1.30 - - [06/Jun/2024:14:08:16 +0000] "GET /tbxmgvxh HTTP/1.1" 302 3120 "https://www.example.com/" "Mozilla/5.0 (Windows NT 6.1; WOW64; Trident/7.0; AS; rv:11.0) like Gecko"
192.168.1.48 - - [06/Jun/2024:14:08:16 +0000] "GET /kmg HTTP/1.1" 403 1616 "https://www.google.com/" "Mozilla/5.0 (Windows NT 10.0; Win64; x64) AppleWebKit/537.36 (KHTML, like Gecko) Chrome/58.0.3029.110 Safari/537.36"
192.168.1.6 - - [06/Jun/2024:14:08:16 +0000] "PUT /bootecv HTTP/1.1" 201 1687 "https://www.msn.com/" "Mozilla/5.0 (Windows NT 10.0; Win64; x64) AppleWebKit/537.36 (KHTML, like Gecko) Chrome/62.0.3202.94 Safari/537.36"
192.168.1.38 - - [06/Jun/2024:14:08:16 +0000] "DELETE /adnct HTTP/1.1" 401 917 "https://www.ibm.com/" "Mozilla/5.0 (Windows NT 10.0; WOW64) AppleWebKit/537.36 (KHTML, like Gecko) Chrome/58.0.3029.110 Safari/537.36 OPR/45.0.2552.898"
2001:db8:0:1:0:0:0:b - - [06/Jun/2024:14:08:16 +0000] "POST /xhnvx HTTP/1.1" 204 5423 "https://www.msn.com/" "Mozilla/5.0 (Windows NT 10.0; Win64; x64) AppleWebKit/537.36 (KHTML, like Gecko) Chrome/58.0.3029.110 Safari/537.36"
192.168.1.8 - - [06/Jun/2024:14:08:16 +0000] "DELETE /wgfcsbti HTTP/1.1" 302 2600 "https://www.example.com/" "Mozilla/5.0 (Windows NT 6.1; WOW64; rv:54.0) Gecko/20100101 Firefox/54.0"
192.168.1.26 - - [06/Jun/2024:14:08:16 +0000] "DELETE /gnfj HTTP/1.1" 400 3865 "https://www.example.com/" "Mozilla/5.0 (Windows NT 10.0; WOW64) AppleWebKit/537.36 (KHTML, like Gecko) Chrome/58.0.3029.110 Safari/537.36 OPR/45.0.2552.898"
192.168.1.30 - - [06/Jun/2024:14:08:16 +0000] "DELETE /wmx HTTP/1.1" 201 5857 "https://www.msn.com/" "Mozilla/5.0 (Windows NT 10.0; Win64; x64; rv:54.0) Gecko/20100101 Firefox/54.0"
192.168.1.41 - - [06/Jun/2024:14:08:16 +0000] "POST /apjtbu HTTP/1.1" 302 3750 "https://www.msn.com/" "Mozilla/5.0 (Windows NT 10.0; Win64; x64) AppleWebKit/537.36 (KHTML, like Gecko) Chrome/58.0.3029.110 Safari/537.36"
192.168.1.50 - - [06/Jun/2024:14:08:16 +0000] "PUT /a HTTP/1.1" 200 7821 "https://www.ibm.com/" "Mozilla/5.0 (Windows NT 6.1; WOW64; Trident/7.0; AS; rv:11.0) like Gecko"
192.168.1.46 - - [06/Jun/2024:14:08:16 +0000] "GET /cvwfffswy HTTP/1.1" 500 7418 "https://www.msn.com/" "Mozilla/5.0 (Windows NT 10.0; Win64; x64) AppleWebKit/537.36 (KHTML, like Gecko) Chrome/58.0.3029.110 Safari/537.36"
192.168.1.18 - - [06/Jun/2024:14:08:16 +0000] "GET /dmwnp HTTP/1.1" 302 1850 "https://www.ibm.com/" "Mozilla/5.0 (Windows NT 10.0; Win64; x64) AppleWebKit/537.36 (KHTML, like Gecko) Chrome/62.0.3202.94 Safari/537.36"
192.168.1.41 - - [06/Jun/2024:14:08:16 +0000] "GET /hfr HTTP/1.1" 302 4004 "https://www.example.com/" "Mozilla/5.0 (Windows NT 6.1; WOW64; rv:54.0) Gecko/20100101 Firefox/54.0"
192.168.1.1 - - [06/Jun/2024:14:08:16 +0000] "GET /tg HTTP/1.1" 200 483 "https://www.google.com/" "Mozilla/5.0 (Windows NT 10.0; WOW64) AppleWebKit/537.36 (KHTML, like Gecko) Chrome/58.0.3029.110 Safari/537.36 OPR/45.0.2552.898"
192.168.1.42 - - [06/Jun/2024:14:08:16 +0000] "DELETE /izy HTTP/1.1" 204 4097 "https://www.ibm.com/" "Mozilla/5.0 (Windows NT 6.1; WOW64; rv:54.0) Gecko/20100101 Firefox/54.0"
192.168.1.29 - - [06/Jun/2024:14:08:16 +0000] "DELETE /jirrhrcncp HTTP/1.1" 301 629 "https://www.ibm.com/" "Mozilla/5.0 (Windows NT 6.1; WOW64; Trident/7.0; AS; rv:11.0) like Gecko"
2001:db8:0:1:0:0:0:1 - - [06/Jun/2024:14:08:16 +0000] "DELETE /hi HTTP/1.1" 403 9901 "https://www.google.com/" "Mozilla/5.0 (Windows NT 10.0; Win64; x64) AppleWebKit/537.36 (KHTML, like Gecko) Chrome/62.0.3202.94 Safari/537.36"
192.168.1.21 - - [06/Jun/2024:14:08:16 +0000] "PUT /rh HTTP/1.1" 401 3791 "https://www.google.com/" "Mozilla/5.0 (Windows NT 6.1; WOW64; rv:54.0) Gecko/20100101 Firefox/54.0"
192.168.1.13 - - [06/Jun/2024:14:08:16 +0000] "DELETE /hjpuuexp HTTP/1.1" 403 3495 "https://www.google.com/" "Mozilla/5.0 (Windows NT 10.0; Win64; x64) AppleWebKit/537.36 (KHTML, like Gecko) Chrome/62.0.3202.94 Safari/537.36"
192.168.1.43 - - [06/Jun/2024:14:08:16 +0000] "DELETE /qfbkkg HTTP/1.1" 201 3810 "https://www.google.com/" "Mozilla/5.0 (Windows NT 6.1; WOW64; Trident/7.0; AS; rv:11.0) like Gecko"
2001:db8:0:1:0:0:0:b - - [06/Jun/2024:14:08:16 +0000] "PUT /kiplmgnjuy HTTP/1.1" 400 375 "https://www.ibm.com/" "Mozilla/5.0 (Windows NT 10.0; Win64; x64) AppleWebKit/537.36 (KHTML, like Gecko) Chrome/62.0.3202.94 Safari/537.36"
192.168.1.7 - - [06/Jun/2024:14:08:16 +0000] "DELETE /zvvrzfpd HTTP/1.1" 404 7828 "https://www.google.com/" "Mozilla/5.0 (Windows NT 6.1; WOW64; Trident/7.0; AS; rv:11.0) like Gecko"
192.168.1.47 - - [06/Jun/2024:14:08:16 +0000] "PUT /nzvfacb HTTP/1.1" 302 2926 "https://www.google.com/" "Mozilla/5.0 (Windows NT 10.0; Win64; x64) AppleWebKit/537.36 (KHTML, like Gecko) Chrome/62.0.3202.94 Safari/537.36"
2001:db8:0:1:0:0:0:d - - [06/Jun/2024:14:08:16 +0000] "PUT /rojoff HTTP/1.1" 400 9715 "https://www.example.com/" "Mozilla/5.0 (Windows NT 10.0; Win64; x64) AppleWebKit/537.36 (KHTML, like Gecko) Chrome/58.0.3029.110 Safari/537.36"
192.168.1.6 - - [06/Jun/2024:14:08:16 +0000] "POST /aynoyolrr HTTP/1.1" 301 6320 "https://www.google.com/" "Mozilla/5.0 (Windows NT 10.0; Win64; x64) AppleWebKit/537.36 (KHTML, like Gecko) Chrome/62.0.3202.94 Safari/537.36"
2001:db8:0:1:0:0:0:1 - - [06/Jun/2024:14:08:16 +0000] "PUT /l HTTP/1.1" 400 408 "https://www.example.com/" "Mozilla/5.0 (Windows NT 10.0; Win64; x64) AppleWebKit/537.36 (KHTML, like Gecko) Chrome/58.0.3029.110 Safari/537.36"
192.168.1.18 - - [06/Jun/2024:14:08:16 +0000] "DELETE /axjnhit HTTP/1.1" 301 6310 "https://www.ibm.com/" "Mozilla/5.0 (Windows NT 10.0; Win64; x64) AppleWebKit/537.36 (KHTML, like Gecko) Chrome/58.0.3029.110 Safari/537.36"
192.168.1.16 - - [06/Jun/2024:14:08:16 +0000] "DELETE /yxpsattsq HTTP/1.1" 301 8484 "https://www.ibm.com/" "Mozilla/5.0 (Windows NT 10.0; Win64; x64) AppleWebKit/537.36 (KHTML, like Gecko) Chrome/58.0.3029.110 Safari/537.36"
2001:db8:0:1:0:0:0:3 - - [06/Jun/2024:14:08:16 +0000] "POST /vmtfw HTTP/1.1" 201 187 "https://www.example.com/" "Mozilla/5.0 (Windows NT 10.0; WOW64) AppleWebKit/537.36 (KHTML, like Gecko) Chrome/58.0.3029.110 Safari/537.36 OPR/45.0.2552.898"
2001:db8:0:1:0:0:0:3 - - [06/Jun/2024:14:08:16 +0000] "POST /fvpcmk HTTP/1.1" 401 6753 "https://www.example.com/" "Mozilla/5.0 (Windows NT 10.0; Win64; x64; rv:54.0) Gecko/20100101 Firefox/54.0"
192.168.1.45 - - [06/Jun/2024:14:08:16 +0000] "GET /rcm HTTP/1.1" 401 4702 "https://www.msn.com/" "Mozilla/5.0 (Windows NT 10.0; Win64; x64) AppleWebKit/537.36 (KHTML, like Gecko) Chrome/58.0.3029.110 Safari/537.36"
192.168.1.4 - - [06/Jun/2024:14:08:16 +0000] "PUT /rqsxxniorj HTTP/1.1" 404 8682 "https://www.msn.com/" "Mozilla/5.0 (Windows NT 6.1; WOW64; Trident/7.0; AS; rv:11.0) like Gecko"
192.168.1.43 - - [06/Jun/2024:14:08:16 +0000] "DELETE /v HTTP/1.1" 400 124 "https://www.ibm.com/" "Mozilla/5.0 (Windows NT 10.0; Win64; x64) AppleWebKit/537.36 (KHTML, like Gecko) Chrome/58.0.3029.110 Safari/537.36"
192.168.1.43 - - [06/Jun/2024:14:08:16 +0000] "GET /boxkwy HTTP/1.1" 301 3391 "https://www.msn.com/" "Mozilla/5.0 (Windows NT 6.1; WOW64; rv:54.0) Gecko/20100101 Firefox/54.0"
2001:db8:0:1:0:0:0:4 - - [06/Jun/2024:14:08:16 +0000] "DELETE /aru HTTP/1.1" 500 6658 "https://www.msn.com/" "Mozilla/5.0 (Windows NT 6.1; WOW64; rv:54.0) Gecko/20100101 Firefox/54.0"
192.168.1.4 - - [06/Jun/2024:14:08:16 +0000] "DELETE /xcfw HTTP/1.1" 401 1230 "https://www.example.com/" "Mozilla/5.0 (Windows NT 10.0; Win64; x64) AppleWebKit/537.36 (KHTML, like Gecko) Chrome/58.0.3029.110 Safari/537.36"
192.168.1.42 - - [06/Jun/2024:14:08:16 +0000] "POST /wurwfwc HTTP/1.1" 400 674 "https://www.ibm.com/" "Mozilla/5.0 (Windows NT 10.0; WOW64) AppleWebKit/537.36 (KHTML, like Gecko) Chrome/58.0.3029.110 Safari/537.36 OPR/45.0.2552.898"
192.168.1.30 - - [06/Jun/2024:14:08:16 +0000] "PUT /hbrvy HTTP/1.1" 302 8022 "https://www.google.com/" "Mozilla/5.0 (Windows NT 10.0; Win64; x64) AppleWebKit/537.36 (KHTML, like Gecko) Chrome/62.0.3202.94 Safari/537.36"
192.168.1.35 - - [06/Jun/2024:14:08:16 +0000] "GET /qnst HTTP/1.1" 500 3070 "https://www.msn.com/" "Mozilla/5.0 (Windows NT 6.1; WOW64; Trident/7.0; AS; rv:11.0) like Gecko"
192.168.1.46 - - [06/Jun/2024:14:08:16 +0000] "DELETE /eexujqkk HTTP/1.1" 302 5269 "https://www.ibm.com/" "Mozilla/5.0 (Windows NT 10.0; Win64; x64; rv:54.0) Gecko/20100101 Firefox/54.0"
2001:db8:0:1:0:0:0:4 - - [06/Jun/2024:14:08:16 +0000] "DELETE /miwpjgu HTTP/1.1" 401 393 "https://www.example.com/" "Mozilla/5.0 (Windows NT 10.0; Win64; x64) AppleWebKit/537.36 (KHTML, like Gecko) Chrome/58.0.3029.110 Safari/537.36"
192.168.1.41 - - [06/Jun/2024:14:08:16 +0000] "PUT /jb HTTP/1.1" 302 3085 "https://www.google.com/" "Mozilla/5.0 (Windows NT 10.0; Win64; x64) AppleWebKit/537.36 (KHTML, like Gecko) Chrome/62.0.3202.94 Safari/537.36"
192.168.1.25 - - [06/Jun/2024:14:08:16 +0000] "POST /olbljy HTTP/1.1" 403 3470 "https://www.ibm.com/" "Mozilla/5.0 (Windows NT 6.1; WOW64; Trident/7.0; AS; rv:11.0) like Gecko"
192.168.1.20 - - [06/Jun/2024:14:08:16 +0000] "GET /xa HTTP/1.1" 403 5535 "https://www.google.com/" "Mozilla/5.0 (Windows NT 10.0; WOW64) AppleWebKit/537.36 (KHTML, like Gecko) Chrome/58.0.3029.110 Safari/537.36 OPR/45.0.2552.898"
192.168.1.48 - - [06/Jun/2024:14:08:16 +0000] "GET /kmtnb HTTP/1.1" 404 1007 "https://www.google.com/" "Mozilla/5.0 (Windows NT 6.1; WOW64; Trident/7.0; AS; rv:11.0) like Gecko"
2001:db8:0:1:0:0:0:2 - - [06/Jun/2024:14:08:16 +0000] "GET /jta HTTP/1.1" 201 9119 "https://www.example.com/" "Mozilla/5.0 (Windows NT 10.0; Win64; x64) AppleWebKit/537.36 (KHTML, like Gecko) Chrome/58.0.3029.110 Safari/537.36"
192.168.1.43 - - [06/Jun/2024:14:08:16 +0000] "PUT /smvrhgagaq HTTP/1.1" 301 8379 "https://www.msn.com/" "Mozilla/5.0 (Windows NT 10.0; Win64; x64) AppleWebKit/537.36 (KHTML, like Gecko) Chrome/58.0.3029.110 Safari/537.36"
192.168.1.26 - - [06/Jun/2024:14:08:16 +0000] "PUT /redtc HTTP/1.1" 200 4598 "https://www.msn.com/" "Mozilla/5.0 (Windows NT 10.0; Win64; x64) AppleWebKit/537.36 (KHTML, like Gecko) Chrome/62.0.3202.94 Safari/537.36"
2001:db8:0:1:0:0:0:d - - [06/Jun/2024:14:08:16 +0000] "GET /prqkdga HTTP/1.1" 204 9346 "https://www.ibm.com/" "Mozilla/5.0 (Windows NT 10.0; Win64; x64; rv:54.0) Gecko/20100101 Firefox/54.0"
192.168.1.17 - - [06/Jun/2024:14:08:16 +0000] "GET /lc HTTP/1.1" 204 8516 "https://www.ibm.com/" "Mozilla/5.0 (Windows NT 10.0; WOW64) AppleWebKit/537.36 (KHTML, like Gecko) Chrome/58.0.3029.110 Safari/537.36 OPR/45.0.2552.898"
192.168.1.29 - - [06/Jun/2024:14:08:16 +0000] "PUT /pggcwepw HTTP/1.1" 500 3466 "https://www.msn.com/" "Mozilla/5.0 (Windows NT 10.0; Win64; x64) AppleWebKit/537.36 (KHTML, like Gecko) Chrome/62.0.3202.94 Safari/537.36"
2001:db8:0:1:0:0:0:9 - - [06/Jun/2024:14:08:16 +0000] "PUT /djcfrvvpuu HTTP/1.1" 204 7783 "https://www.example.com/" "Mozilla/5.0 (Windows NT 6.1; WOW64; Trident/7.0; AS; rv:11.0) like Gecko"
192.168.1.14 - - [06/Jun/2024:14:08:16 +0000] "POST /oxmq HTTP/1.1" 301 351 "https://www.google.com/" "Mozilla/5.0 (Windows NT 10.0; WOW64) AppleWebKit/537.36 (KHTML, like Gecko) Chrome/58.0.3029.110 Safari/537.36 OPR/45.0.2552.898"
192.168.1.13 - - [06/Jun/2024:14:08:16 +0000] "PUT /qj HTTP/1.1" 400 7710 "https://www.google.com/" "Mozilla/5.0 (Windows NT 10.0; Win64; x64; rv:54.0) Gecko/20100101 Firefox/54.0"
2001:db8:0:1:0:0:0:d - - [06/Jun/2024:14:08:16 +0000] "DELETE /f HTTP/1.1" 404 1155 "https://www.google.com/" "Mozilla/5.0 (Windows NT 6.1; WOW64; rv:54.0) Gecko/20100101 Firefox/54.0"
192.168.1.29 - - [06/Jun/2024:14:08:16 +0000] "DELETE /do HTTP/1.1" 301 6966 "https://www.example.com/" "Mozilla/5.0 (Windows NT 10.0; Win64; x64; rv:54.0) Gecko/20100101 Firefox/54.0"
192.168.1.15 - - [06/Jun/2024:14:08:16 +0000] "PUT /z HTTP/1.1" 201 9736 "https://www.google.com/" "Mozilla/5.0 (Windows NT 6.1; WOW64; Trident/7.0; AS; rv:11.0) like Gecko"
2001:db8:0:1:0:0:0:2 - - [06/Jun/2024:14:08:16 +0000] "GET /geqph HTTP/1.1" 200 7964 "https://www.example.com/" "Mozilla/5.0 (Windows NT 6.1; WOW64; rv:54.0) Gecko/20100101 Firefox/54.0"
192.168.1.9 - - [06/Jun/2024:14:08:16 +0000] "PUT /r HTTP/1.1" 404 4421 "https://www.google.com/" "Mozilla/5.0 (Windows NT 6.1; WOW64; Trident/7.0; AS; rv:11.0) like Gecko"
192.168.1.25 - - [06/Jun/2024:14:08:16 +0000] "POST /pviiwllhhc HTTP/1.1" 400 2149 "https://www.msn.com/" "Mozilla/5.0 (Windows NT 10.0; Win64; x64) AppleWebKit/537.36 (KHTML, like Gecko) Chrome/62.0.3202.94 Safari/537.36"
192.168.1.39 - - [06/Jun/2024:14:08:16 +0000] "GET /i HTTP/1.1" 302 6313 "https://www.ibm.com/" "Mozilla/5.0 (Windows NT 10.0; WOW64) AppleWebKit/537.36 (KHTML, like Gecko) Chrome/58.0.3029.110 Safari/537.36 OPR/45.0.2552.898"
2001:db8:0:1:0:0:0:2 - - [06/Jun/2024:14:08:16 +0000] "GET /mngusvav HTTP/1.1" 201 5606 "https://www.ibm.com/" "Mozilla/5.0 (Windows NT 10.0; WOW64) AppleWebKit/537.36 (KHTML, like Gecko) Chrome/58.0.3029.110 Safari/537.36 OPR/45.0.2552.898"
192.168.1.5 - - [06/Jun/2024:14:08:16 +0000] "GET /arg HTTP/1.1" 201 3243 "https://www.ibm.com/" "Mozilla/5.0 (Windows NT 10.0; WOW64) AppleWebKit/537.36 (KHTML, like Gecko) Chrome/58.0.3029.110 Safari/537.36 OPR/45.0.2552.898"
2001:db8:0:1:0:0:0:9 - - [06/Jun/2024:14:08:16 +0000] "POST /r HTTP/1.1" 400 7158 "https://www.msn.com/" "Mozilla/5.0 (Windows NT 6.1; WOW64; Trident/7.0; AS; rv:11.0) like Gecko"
2001:db8:0:1:0:0:0:4 - - [06/Jun/2024:14:08:16 +0000] "PUT /sv HTTP/1.1" 404 589 "https://www.example.com/" "Mozilla/5.0 (Windows NT 10.0; Win64; x64) AppleWebKit/537.36 (KHTML, like Gecko) Chrome/58.0.3029.110 Safari/537.36"
2001:db8:0:1:0:0:0:4 - - [06/Jun/2024:14:08:16 +0000] "PUT /cl HTTP/1.1" 302 7917 "https://www.ibm.com/" "Mozilla/5.0 (Windows NT 10.0; Win64; x64) AppleWebKit/537.36 (KHTML, like Gecko) Chrome/58.0.3029.110 Safari/537.36"
2001:db8:0:1:0:0:0:2 - - [06/Jun/2024:14:08:16 +0000] "GET /urdpjgobfv HTTP/1.1" 401 1738 "https://www.ibm.com/" "Mozilla/5.0 (Windows NT 6.1; WOW64; rv:54.0) Gecko/20100101 Firefox/54.0"
192.168.1.20 - - [06/Jun/2024:14:08:16 +0000] "DELETE /omxkof HTTP/1.1" 403 7291 "https://www.ibm.com/" "Mozilla/5.0 (Windows NT 6.1; WOW64; Trident/7.0; AS; rv:11.0) like Gecko"
192.168.1.4 - - [06/Jun/2024:14:08:16 +0000] "POST /qvzjc HTTP/1.1" 301 6197 "https://www.example.com/" "Mozilla/5.0 (Windows NT 10.0; Win64; x64) AppleWebKit/537.36 (KHTML, like Gecko) Chrome/58.0.3029.110 Safari/537.36"
192.168.1.35 - - [06/Jun/2024:14:08:16 +0000] "POST /rscdyzuu HTTP/1.1" 404 3543 "https://www.google.com/" "Mozilla/5.0 (Windows NT 6.1; WOW64; rv:54.0) Gecko/20100101 Firefox/54.0"
192.168.1.26 - - [06/Jun/2024:14:08:16 +0000] "GET /sgddf HTTP/1.1" 201 5094 "https://www.example.com/" "Mozilla/5.0 (Windows NT 10.0; Win64; x64; rv:54.0) Gecko/20100101 Firefox/54.0"
192.168.1.43 - - [06/Jun/2024:14:08:16 +0000] "PUT /flfgfb HTTP/1.1" 302 6935 "https://www.google.com/" "Mozilla/5.0 (Windows NT 10.0; Win64; x64; rv:54.0) Gecko/20100101 Firefox/54.0"
192.168.1.37 - - [06/Jun/2024:14:08:16 +0000] "DELETE /tuoscq HTTP/1.1" 500 8919 "https://www.google.com/" "Mozilla/5.0 (Windows NT 6.1; WOW64; rv:54.0) Gecko/20100101 Firefox/54.0"
2001:db8:0:1:0:0:0:1 - - [06/Jun/2024:14:08:16 +0000] "POST /sve HTTP/1.1" 301 4189 "https://www.google.com/" "Mozilla/5.0 (Windows NT 6.1; WOW64; Trident/7.0; AS; rv:11.0) like Gecko"
192.168.1.11 - - [06/Jun/2024:14:08:16 +0000] "PUT /ka HTTP/1.1" 404 7286 "https://www.google.com/" "Mozilla/5.0 (Windows NT 10.0; WOW64) AppleWebKit/537.36 (KHTML, like Gecko) Chrome/58.0.3029.110 Safari/537.36 OPR/45.0.2552.898"
192.168.1.20 - - [06/Jun/2024:14:08:16 +0000] "DELETE /t HTTP/1.1" 400 7132 "https://www.ibm.com/" "Mozilla/5.0 (Windows NT 10.0; Win64; x64) AppleWebKit/537.36 (KHTML, like Gecko) Chrome/62.0.3202.94 Safari/537.36"
192.168.1.29 - - [06/Jun/2024:14:08:16 +0000] "DELETE /hbblegugh HTTP/1.1" 301 7377 "https://www.ibm.com/" "Mozilla/5.0 (Windows NT 6.1; WOW64; Trident/7.0; AS; rv:11.0) like Gecko"
192.168.1.20 - - [06/Jun/2024:14:08:16 +0000] "POST /ye HTTP/1.1" 204 3191 "https://www.google.com/" "Mozilla/5.0 (Windows NT 6.1; WOW64; rv:54.0) Gecko/20100101 Firefox/54.0"
192.168.1.32 - - [06/Jun/2024:14:08:16 +0000] "GET /eohz HTTP/1.1" 404 3157 "https://www.msn.com/" "Mozilla/5.0 (Windows NT 10.0; Win64; x64) AppleWebKit/537.36 (KHTML, like Gecko) Chrome/62.0.3202.94 Safari/537.36"
192.168.1.21 - - [06/Jun/2024:14:08:16 +0000] "POST /irbahayqr HTTP/1.1" 201 173 "https://www.google.com/" "Mozilla/5.0 (Windows NT 6.1; WOW64; Trident/7.0; AS; rv:11.0) like Gecko"
192.168.1.7 - - [06/Jun/2024:14:08:16 +0000] "POST /hqwenmm HTTP/1.1" 301 6568 "https://www.google.com/" "Mozilla/5.0 (Windows NT 6.1; WOW64; Trident/7.0; AS; rv:11.0) like Gecko"
192.168.1.41 - - [06/Jun/2024:14:08:16 +0000] "GET /mwao HTTP/1.1" 201 1100 "https://www.ibm.com/" "Mozilla/5.0 (Windows NT 10.0; Win64; x64) AppleWebKit/537.36 (KHTML, like Gecko) Chrome/58.0.3029.110 Safari/537.36"
2001:db8:0:1:0:0:0:3 - - [06/Jun/2024:14:08:16 +0000] "DELETE /uc HTTP/1.1" 200 4139 "https://www.example.com/" "Mozilla/5.0 (Windows NT 10.0; Win64; x64; rv:54.0) Gecko/20100101 Firefox/54.0"
192.168.1.3 - - [06/Jun/2024:14:08:16 +0000] "PUT /tiiu HTTP/1.1" 301 8697 "https://www.ibm.com/" "Mozilla/5.0 (Windows NT 10.0; Win64; x64) AppleWebKit/537.36 (KHTML, like Gecko) Chrome/58.0.3029.110 Safari/537.36"
2001:db8:0:1:0:0:0:3 - - [06/Jun/2024:14:08:16 +0000] "DELETE /hsgxgj HTTP/1.1" 404 5536 "https://www.ibm.com/" "Mozilla/5.0 (Windows NT 6.1; WOW64; rv:54.0) Gecko/20100101 Firefox/54.0"
192.168.1.23 - - [06/Jun/2024:14:08:16 +0000] "PUT /lpdh HTTP/1.1" 500 3590 "https://www.msn.com/" "Mozilla/5.0 (Windows NT 10.0; Win64; x64) AppleWebKit/537.36 (KHTML, like Gecko) Chrome/62.0.3202.94 Safari/537.36"
2001:db8:0:1:0:0:0:2 - - [06/Jun/2024:14:08:16 +0000] "PUT /oc HTTP/1.1" 301 344 "https://www.example.com/" "Mozilla/5.0 (Windows NT 10.0; Win64; x64) AppleWebKit/537.36 (KHTML, like Gecko) Chrome/58.0.3029.110 Safari/537.36"
192.168.1.14 - - [06/Jun/2024:14:08:16 +0000] "POST /a HTTP/1.1" 204 3261 "https://www.ibm.com/" "Mozilla/5.0 (Windows NT 10.0; Win64; x64) AppleWebKit/537.36 (KHTML, like Gecko) Chrome/58.0.3029.110 Safari/537.36"
192.168.1.22 - - [06/Jun/2024:14:08:16 +0000] "GET /pdwq HTTP/1.1" 301 9126 "https://www.google.com/" "Mozilla/5.0 (Windows NT 6.1; WOW64; Trident/7.0; AS; rv:11.0) like Gecko"
192.168.1.31 - - [06/Jun/2024:14:08:16 +0000] "PUT /rrbxpri HTTP/1.1" 201 8282 "https://www.msn.com/" "Mozilla/5.0 (Windows NT 10.0; Win64; x64; rv:54.0) Gecko/20100101 Firefox/54.0"
192.168.1.35 - - [06/Jun/2024:14:08:16 +0000] "POST /nzcxxg HTTP/1.1" 500 4027 "https://www.ibm.com/" "Mozilla/5.0 (Windows NT 10.0; Win64; x64) AppleWebKit/537.36 (KHTML, like Gecko) Chrome/58.0.3029.110 Safari/537.36"
192.168.1.45 - - [06/Jun/2024:14:08:16 +0000] "DELETE /je HTTP/1.1" 401 4119 "https://www.msn.com/" "Mozilla/5.0 (Windows NT 10.0; Win64; x64; rv:54.0) Gecko/20100101 Firefox/54.0"
192.168.1.22 - - [06/Jun/2024:14:08:16 +0000] "GET /fiquxqz HTTP/1.1" 200 4721 "https://www.google.com/" "Mozilla/5.0 (Windows NT 10.0; Win64; x64) AppleWebKit/537.36 (KHTML, like Gecko) Chrome/58.0.3029.110 Safari/537.36"
2001:db8:0:1:0:0:0:5 - - [06/Jun/2024:14:08:16 +0000] "GET /fj HTTP/1.1" 400 9199 "https://www.msn.com/" "Mozilla/5.0 (Windows NT 6.1; WOW64; Trident/7.0; AS; rv:11.0) like Gecko"
192.168.1.49 - - [06/Jun/2024:14:08:16 +0000] "DELETE /mnrkyhz HTTP/1.1" 400 453 "https://www.msn.com/" "Mozilla/5.0 (Windows NT 10.0; Win64; x64; rv:54.0) Gecko/20100101 Firefox/54.0"
192.168.1.5 - - [06/Jun/2024:14:08:16 +0000] "DELETE /hbgqe HTTP/1.1" 200 1680 "https://www.google.com/" "Mozilla/5.0 (Windows NT 10.0; Win64; x64) AppleWebKit/537.36 (KHTML, like Gecko) Chrome/58.0.3029.110 Safari/537.36"
192.168.1.50 - - [06/Jun/2024:14:08:16 +0000] "GET /jw HTTP/1.1" 401 5418 "https://www.google.com/" "Mozilla/5.0 (Windows NT 10.0; Win64; x64) AppleWebKit/537.36 (KHTML, like Gecko) Chrome/58.0.3029.110 Safari/537.36"
192.168.1.8 - - [06/Jun/2024:14:08:16 +0000] "GET /uqxam HTTP/1.1" 403 1976 "https://www.example.com/" "Mozilla/5.0 (Windows NT 10.0; WOW64) AppleWebKit/537.36 (KHTML, like Gecko) Chrome/58.0.3029.110 Safari/537.36 OPR/45.0.2552.898"
2001:db8:0:1:0:0:0:1 - - [06/Jun/2024:14:08:16 +0000] "GET /ezhgv HTTP/1.1" 201 2539 "https://www.ibm.com/" "Mozilla/5.0 (Windows NT 10.0; Win64; x64) AppleWebKit/537.36 (KHTML, like Gecko) Chrome/58.0.3029.110 Safari/537.36"
192.168.1.27 - - [06/Jun/2024:14:08:16 +0000] "DELETE /rdd HTTP/1.1" 301 5658 "https://www.msn.com/" "Mozilla/5.0 (Windows NT 10.0; Win64; x64) AppleWebKit/537.36 (KHTML, like Gecko) Chrome/58.0.3029.110 Safari/537.36"
192.168.1.22 - - [06/Jun/2024:14:08:16 +0000] "GET /ui HTTP/1.1" 204 9267 "https://www.msn.com/" "Mozilla/5.0 (Windows NT 6.1; WOW64; rv:54.0) Gecko/20100101 Firefox/54.0"
192.168.1.35 - - [06/Jun/2024:14:08:16 +0000] "PUT /oaegbn HTTP/1.1" 404 1810 "https://www.example.com/" "Mozilla/5.0 (Windows NT 6.1; WOW64; Trident/7.0; AS; rv:11.0) like Gecko"
192.168.1.40 - - [06/Jun/2024:14:08:16 +0000] "PUT /kavdgmptu HTTP/1.1" 204 7779 "https://www.example.com/" "Mozilla/5.0 (Windows NT 10.0; Win64; x64; rv:54.0) Gecko/20100101 Firefox/54.0"
192.168.1.46 - - [06/Jun/2024:14:08:16 +0000] "GET /juc HTTP/1.1" 204 2689 "https://www.example.com/" "Mozilla/5.0 (Windows NT 10.0; WOW64) AppleWebKit/537.36 (KHTML, like Gecko) Chrome/58.0.3029.110 Safari/537.36 OPR/45.0.2552.898"
192.168.1.35 - - [06/Jun/2024:14:08:16 +0000] "DELETE /khhbnkli HTTP/1.1" 403 5419 "https://www.ibm.com/" "Mozilla/5.0 (Windows NT 6.1; WOW64; Trident/7.0; AS; rv:11.0) like Gecko"
2001:db8:0:1:0:0:0:5 - - [06/Jun/2024:14:08:16 +0000] "POST /erzlz HTTP/1.1" 404 664 "https://www.ibm.com/" "Mozilla/5.0 (Windows NT 10.0; WOW64) AppleWebKit/537.36 (KHTML, like Gecko) Chrome/58.0.3029.110 Safari/537.36 OPR/45.0.2552.898"
192.168.1.28 - - [06/Jun/2024:14:08:16 +0000] "GET /gydfwcvifa HTTP/1.1" 400 6470 "https://www.example.com/" "Mozilla/5.0 (Windows NT 6.1; WOW64; rv:54.0) Gecko/20100101 Firefox/54.0"
2001:db8:0:1:0:0:0:d - - [06/Jun/2024:14:08:16 +0000] "POST /y HTTP/1.1" 400 6621 "https://www.google.com/" "Mozilla/5.0 (Windows NT 10.0; Win64; x64; rv:54.0) Gecko/20100101 Firefox/54.0"
192.168.1.11 - - [06/Jun/2024:14:08:16 +0000] "GET /i HTTP/1.1" 302 9576 "https://www.ibm.com/" "Mozilla/5.0 (Windows NT 6.1; WOW64; Trident/7.0; AS; rv:11.0) like Gecko"
2001:db8:0:1:0:0:0:5 - - [06/Jun/2024:14:08:16 +0000] "POST /tthhwllf HTTP/1.1" 204 6963 "https://www.google.com/" "Mozilla/5.0 (Windows NT 10.0; Win64; x64) AppleWebKit/537.36 (KHTML, like Gecko) Chrome/62.0.3202.94 Safari/537.36"
192.168.1.16 - - [06/Jun/2024:14:08:16 +0000] "DELETE /mynkvrus HTTP/1.1" 302 7216 "https://www.google.com/" "Mozilla/5.0 (Windows NT 10.0; Win64; x64; rv:54.0) Gecko/20100101 Firefox/54.0"
192.168.1.18 - - [06/Jun/2024:14:08:16 +0000] "DELETE /exgqpnsg HTTP/1.1" 500 9082 "https://www.msn.com/" "Mozilla/5.0 (Windows NT 10.0; Win64; x64) AppleWebKit/537.36 (KHTML, like Gecko) Chrome/62.0.3202.94 Safari/537.36"
192.168.1.1 - - [06/Jun/2024:14:08:16 +0000] "DELETE /tt HTTP/1.1" 204 7178 "https://www.example.com/" "Mozilla/5.0 (Windows NT 6.1; WOW64; Trident/7.0; AS; rv:11.0) like Gecko"
192.168.1.8 - - [06/Jun/2024:14:08:16 +0000] "PUT /q HTTP/1.1" 404 6661 "https://www.msn.com/" "Mozilla/5.0 (Windows NT 6.1; WOW64; Trident/7.0; AS; rv:11.0) like Gecko"
192.168.1.9 - - [06/Jun/2024:14:08:16 +0000] "PUT /kur HTTP/1.1" 301 8515 "https://www.google.com/" "Mozilla/5.0 (Windows NT 10.0; Win64; x64) AppleWebKit/537.36 (KHTML, like Gecko) Chrome/62.0.3202.94 Safari/537.36"
2001:db8:0:1:0:0:0:5 - - [06/Jun/2024:14:08:16 +0000] "DELETE /kbt HTTP/1.1" 500 5259 "https://www.msn.com/" "Mozilla/5.0 (Windows NT 10.0; Win64; x64) AppleWebKit/537.36 (KHTML, like Gecko) Chrome/62.0.3202.94 Safari/537.36"
192.168.1.30 - - [06/Jun/2024:14:08:16 +0000] "GET /oiciemlolz HTTP/1.1" 301 8056 "https://www.example.com/" "Mozilla/5.0 (Windows NT 6.1; WOW64; Trident/7.0; AS; rv:11.0) like Gecko"
192.168.1.21 - - [06/Jun/2024:14:08:16 +0000] "DELETE /zq HTTP/1.1" 403 8136 "https://www.msn.com/" "Mozilla/5.0 (Windows NT 10.0; Win64; x64) AppleWebKit/537.36 (KHTML, like Gecko) Chrome/62.0.3202.94 Safari/537.36"
2001:db8:0:1:0:0:0:9 - - [06/Jun/2024:14:08:16 +0000] "GET /dis HTTP/1.1" 201 9598 "https://www.msn.com/" "Mozilla/5.0 (Windows NT 10.0; Win64; x64; rv:54.0) Gecko/20100101 Firefox/54.0"
192.168.1.16 - - [06/Jun/2024:14:08:16 +0000] "POST /gftoptdnkk HTTP/1.1" 500 4415 "https://www.ibm.com/" "Mozilla/5.0 (Windows NT 6.1; WOW64; rv:54.0) Gecko/20100101 Firefox/54.0"
192.168.1.32 - - [06/Jun/2024:14:08:16 +0000] "DELETE /wjedus HTTP/1.1" 301 5307 "https://www.ibm.com/" "Mozilla/5.0 (Windows NT 10.0; Win64; x64) AppleWebKit/537.36 (KHTML, like Gecko) Chrome/58.0.3029.110 Safari/537.36"
192.168.1.11 - - [06/Jun/2024:14:08:16 +0000] "PUT /azmqigyo HTTP/1.1" 403 1868 "https://www.example.com/" "Mozilla/5.0 (Windows NT 10.0; Win64; x64; rv:54.0) Gecko/20100101 Firefox/54.0"
2001:db8:0:1:0:0:0:5 - - [06/Jun/2024:14:08:16 +0000] "PUT /jiilhzrtzs HTTP/1.1" 302 6908 "https://www.msn.com/" "Mozilla/5.0 (Windows NT 10.0; WOW64) AppleWebKit/537.36 (KHTML, like Gecko) Chrome/58.0.3029.110 Safari/537.36 OPR/45.0.2552.898"
192.168.1.24 - - [06/Jun/2024:14:08:16 +0000] "GET /ixrz HTTP/1.1" 301 4387 "https://www.ibm.com/" "Mozilla/5.0 (Windows NT 10.0; Win64; x64) AppleWebKit/537.36 (KHTML, like Gecko) Chrome/58.0.3029.110 Safari/537.36"
192.168.1.12 - - [06/Jun/2024:14:08:16 +0000] "PUT /rcak HTTP/1.1" 201 698 "https://www.ibm.com/" "Mozilla/5.0 (Windows NT 10.0; Win64; x64) AppleWebKit/537.36 (KHTML, like Gecko) Chrome/58.0.3029.110 Safari/537.36"
192.168.1.49 - - [06/Jun/2024:14:08:16 +0000] "PUT /u HTTP/1.1" 201 751 "https://www.ibm.com/" "Mozilla/5.0 (Windows NT 10.0; WOW64) AppleWebKit/537.36 (KHTML, like Gecko) Chrome/58.0.3029.110 Safari/537.36 OPR/45.0.2552.898"
192.168.1.45 - - [06/Jun/2024:14:08:16 +0000] "GET /iqjfahmzw HTTP/1.1" 301 7062 "https://www.google.com/" "Mozilla/5.0 (Windows NT 10.0; WOW64) AppleWebKit/537.36 (KHTML, like Gecko) Chrome/58.0.3029.110 Safari/537.36 OPR/45.0.2552.898"
192.168.1.38 - - [06/Jun/2024:14:08:16 +0000] "POST /um HTTP/1.1" 302 679 "https://www.example.com/" "Mozilla/5.0 (Windows NT 10.0; Win64; x64) AppleWebKit/537.36 (KHTML, like Gecko) Chrome/58.0.3029.110 Safari/537.36"
192.168.1.26 - - [06/Jun/2024:14:08:16 +0000] "POST /riw HTTP/1.1" 201 4233 "https://www.ibm.com/" "Mozilla/5.0 (Windows NT 6.1; WOW64; rv:54.0) Gecko/20100101 Firefox/54.0"
192.168.1.50 - - [06/Jun/2024:14:08:16 +0000] "POST /bfbdkl HTTP/1.1" 204 457 "https://www.ibm.com/" "Mozilla/5.0 (Windows NT 10.0; WOW64) AppleWebKit/537.36 (KHTML, like Gecko) Chrome/58.0.3029.110 Safari/537.36 OPR/45.0.2552.898"
192.168.1.20 - - [06/Jun/2024:14:08:16 +0000] "POST /lat HTTP/1.1" 201 9803 "https://www.ibm.com/" "Mozilla/5.0 (Windows NT 10.0; Win64; x64) AppleWebKit/537.36 (KHTML, like Gecko) Chrome/62.0.3202.94 Safari/537.36"
192.168.1.14 - - [06/Jun/2024:14:08:16 +0000] "PUT /jzpanuud HTTP/1.1" 204 8565 "https://www.ibm.com/" "Mozilla/5.0 (Windows NT 10.0; Win64; x64) AppleWebKit/537.36 (KHTML, like Gecko) Chrome/62.0.3202.94 Safari/537.36"
2001:db8:0:1:0:0:0:6 - - [06/Jun/2024:14:08:16 +0000] "PUT /aolx HTTP/1.1" 403 7816 "https://www.msn.com/" "Mozilla/5.0 (Windows NT 6.1; WOW64; Trident/7.0; AS; rv:11.0) like Gecko"
192.168.1.25 - - [06/Jun/2024:14:08:16 +0000] "GET /hg HTTP/1.1" 500 824 "https://www.example.com/" "Mozilla/5.0 (Windows NT 10.0; Win64; x64) AppleWebKit/537.36 (KHTML, like Gecko) Chrome/62.0.3202.94 Safari/537.36"
192.168.1.34 - - [06/Jun/2024:14:08:16 +0000] "GET /eds HTTP/1.1" 400 3783 "https://www.example.com/" "Mozilla/5.0 (Windows NT 10.0; Win64; x64; rv:54.0) Gecko/20100101 Firefox/54.0"
192.168.1.19 - - [06/Jun/2024:14:08:16 +0000] "DELETE /rarsui HTTP/1.1" 404 7060 "https://www.example.com/" "Mozilla/5.0 (Windows NT 10.0; Win64; x64; rv:54.0) Gecko/20100101 Firefox/54.0"
2001:db8:0:1:0:0:0:c - - [06/Jun/2024:14:08:16 +0000] "POST /hzhdpmga HTTP/1.1" 400 8717 "https://www.msn.com/" "Mozilla/5.0 (Windows NT 10.0; WOW64) AppleWebKit/537.36 (KHTML, like Gecko) Chrome/58.0.3029.110 Safari/537.36 OPR/45.0.2552.898"
192.168.1.39 - - [06/Jun/2024:14:08:16 +0000] "GET /wljxpsrky HTTP/1.1" 204 3553 "https://www.google.com/" "Mozilla/5.0 (Windows NT 10.0; Win64; x64; rv:54.0) Gecko/20100101 Firefox/54.0"
192.168.1.32 - - [06/Jun/2024:14:08:16 +0000] "GET /m HTTP/1.1" 302 3430 "https://www.msn.com/" "Mozilla/5.0 (Windows NT 10.0; Win64; x64) AppleWebKit/537.36 (KHTML, like Gecko) Chrome/62.0.3202.94 Safari/537.36"
2001:db8:0:1:0:0:0:a - - [06/Jun/2024:14:08:16 +0000] "GET /xvihjbcj HTTP/1.1" 200 6053 "https://www.google.com/" "Mozilla/5.0 (Windows NT 10.0; Win64; x64; rv:54.0) Gecko/20100101 Firefox/54.0"
192.168.1.14 - - [06/Jun/2024:14:08:16 +0000] "PUT /e HTTP/1.1" 401 2904 "https://www.ibm.com/" "Mozilla/5.0 (Windows NT 10.0; WOW64) AppleWebKit/537.36 (KHTML, like Gecko) Chrome/58.0.3029.110 Safari/537.36 OPR/45.0.2552.898"
192.168.1.23 - - [06/Jun/2024:14:08:16 +0000] "PUT /bwbpahuxa HTTP/1.1" 301 9947 "https://www.msn.com/" "Mozilla/5.0 (Windows NT 10.0; Win64; x64; rv:54.0) Gecko/20100101 Firefox/54.0"
192.168.1.37 - - [06/Jun/2024:14:08:16 +0000] "GET /uuge HTTP/1.1" 301 9742 "https://www.example.com/" "Mozilla/5.0 (Windows NT 10.0; WOW64) AppleWebKit/537.36 (KHTML, like Gecko) Chrome/58.0.3029.110 Safari/537.36 OPR/45.0.2552.898"
2001:db8:0:1:0:0:0:b - - [06/Jun/2024:14:08:16 +0000] "GET /sn HTTP/1.1" 301 909 "https://www.google.com/" "Mozilla/5.0 (Windows NT 10.0; Win64; x64) AppleWebKit/537.36 (KHTML, like Gecko) Chrome/58.0.3029.110 Safari/537.36"
192.168.1.49 - - [06/Jun/2024:14:08:16 +0000] "DELETE /nf HTTP/1.1" 403 8517 "https://www.example.com/" "Mozilla/5.0 (Windows NT 6.1; WOW64; rv:54.0) Gecko/20100101 Firefox/54.0"
2001:db8:0:1:0:0:0:6 - - [06/Jun/2024:14:08:16 +0000] "POST /g HTTP/1.1" 401 5801 "https://www.example.com/" "Mozilla/5.0 (Windows NT 10.0; Win64; x64; rv:54.0) Gecko/20100101 Firefox/54.0"
192.168.1.14 - - [06/Jun/2024:14:08:16 +0000] "PUT /p HTTP/1.1" 302 3547 "https://www.google.com/" "Mozilla/5.0 (Windows NT 10.0; Win64; x64) AppleWebKit/537.36 (KHTML, like Gecko) Chrome/58.0.3029.110 Safari/537.36"
192.168.1.25 - - [06/Jun/2024:14:08:16 +0000] "GET /qsl HTTP/1.1" 200 1220 "https://www.example.com/" "Mozilla/5.0 (Windows NT 6.1; WOW64; Trident/7.0; AS; rv:11.0) like Gecko"
192.168.1.3 - - [06/Jun/2024:14:08:16 +0000] "GET /jin HTTP/1.1" 500 254 "https://www.google.com/" "Mozilla/5.0 (Windows NT 6.1; WOW64; Trident/7.0; AS; rv:11.0) like Gecko"
192.168.1.3 - - [06/Jun/2024:14:08:16 +0000] "DELETE /gy HTTP/1.1" 401 4961 "https://www.msn.com/" "Mozilla/5.0 (Windows NT 10.0; Win64; x64) AppleWebKit/537.36 (KHTML, like Gecko) Chrome/62.0.3202.94 Safari/537.36"
192.168.1.43 - - [06/Jun/2024:14:08:16 +0000] "DELETE /ojalhqjtz HTTP/1.1" 400 4671 "https://www.msn.com/" "Mozilla/5.0 (Windows NT 10.0; WOW64) AppleWebKit/537.36 (KHTML, like Gecko) Chrome/58.0.3029.110 Safari/537.36 OPR/45.0.2552.898"
2001:db8:0:1:0:0:0:a - - [06/Jun/2024:14:08:16 +0000] "GET /hoxmodvuv HTTP/1.1" 500 2160 "https://www.msn.com/" "Mozilla/5.0 (Windows NT 6.1; WOW64; Trident/7.0; AS; rv:11.0) like Gecko"
192.168.1.14 - - [06/Jun/2024:14:08:16 +0000] "DELETE /xzw HTTP/1.1" 204 3899 "https://www.ibm.com/" "Mozilla/5.0 (Windows NT 10.0; Win64; x64) AppleWebKit/537.36 (KHTML, like Gecko) Chrome/62.0.3202.94 Safari/537.36"
192.168.1.10 - - [06/Jun/2024:14:08:16 +0000] "POST /dkgru HTTP/1.1" 400 6528 "https://www.google.com/" "Mozilla/5.0 (Windows NT 10.0; Win64; x64; rv:54.0) Gecko/20100101 Firefox/54.0"
192.168.1.30 - - [06/Jun/2024:14:08:16 +0000] "PUT /l HTTP/1.1" 204 8257 "https://www.ibm.com/" "Mozilla/5.0 (Windows NT 6.1; WOW64; rv:54.0) Gecko/20100101 Firefox/54.0"
192.168.1.8 - - [06/Jun/2024:14:08:16 +0000] "POST /qjsqblcv HTTP/1.1" 302 4757 "https://www.msn.com/" "Mozilla/5.0 (Windows NT 10.0; Win64; x64) AppleWebKit/537.36 (KHTML, like Gecko) Chrome/58.0.3029.110 Safari/537.36"
192.168.1.37 - - [06/Jun/2024:14:08:16 +0000] "POST /haku HTTP/1.1" 404 5520 "https://www.ibm.com/" "Mozilla/5.0 (Windows NT 10.0; WOW64) AppleWebKit/537.36 (KHTML, like Gecko) Chrome/58.0.3029.110 Safari/537.36 OPR/45.0.2552.898"
2001:db8:0:1:0:0:0:a - - [06/Jun/2024:14:08:16 +0000] "GET /gn HTTP/1.1" 301 6552 "https://www.example.com/" "Mozilla/5.0 (Windows NT 6.1; WOW64; Trident/7.0; AS; rv:11.0) like Gecko"
192.168.1.24 - - [06/Jun/2024:14:08:16 +0000] "POST /rxuqld HTTP/1.1" 302 5102 "https://www.example.com/" "Mozilla/5.0 (Windows NT 10.0; Win64; x64) AppleWebKit/537.36 (KHTML, like Gecko) Chrome/62.0.3202.94 Safari/537.36"
192.168.1.4 - - [06/Jun/2024:14:08:16 +0000] "GET /puyaz HTTP/1.1" 204 5159 "https://www.google.com/" "Mozilla/5.0 (Windows NT 6.1; WOW64; rv:54.0) Gecko/20100101 Firefox/54.0"
192.168.1.6 - - [06/Jun/2024:14:08:16 +0000] "GET /dnzgvvwwb HTTP/1.1" 302 5463 "https://www.example.com/" "Mozilla/5.0 (Windows NT 10.0; WOW64) AppleWebKit/537.36 (KHTML, like Gecko) Chrome/58.0.3029.110 Safari/537.36 OPR/45.0.2552.898"
2001:db8:0:1:0:0:0:5 - - [06/Jun/2024:14:08:16 +0000] "POST /lnpea HTTP/1.1" 404 4633 "https://www.ibm.com/" "Mozilla/5.0 (Windows NT 10.0; Win64; x64) AppleWebKit/537.36 (KHTML, like Gecko) Chrome/58.0.3029.110 Safari/537.36"
192.168.1.45 - - [06/Jun/2024:14:08:16 +0000] "DELETE /atl HTTP/1.1" 201 4838 "https://www.example.com/" "Mozilla/5.0 (Windows NT 6.1; WOW64; Trident/7.0; AS; rv:11.0) like Gecko"
192.168.1.43 - - [06/Jun/2024:14:08:16 +0000] "GET /d HTTP/1.1" 500 845 "https://www.google.com/" "Mozilla/5.0 (Windows NT 10.0; Win64; x64) AppleWebKit/537.36 (KHTML, like Gecko) Chrome/58.0.3029.110 Safari/537.36"
2001:db8:0:1:0:0:0:b - - [06/Jun/2024:14:08:16 +0000] "GET /ohwmsewzo HTTP/1.1" 404 8790 "https://www.example.com/" "Mozilla/5.0 (Windows NT 10.0; Win64; x64; rv:54.0) Gecko/20100101 Firefox/54.0"
192.168.1.32 - - [06/Jun/2024:14:08:16 +0000] "PUT /rbkaol HTTP/1.1" 301 8112 "https://www.ibm.com/" "Mozilla/5.0 (Windows NT 6.1; WOW64; Trident/7.0; AS; rv:11.0) like Gecko"
192.168.1.8 - - [06/Jun/2024:14:08:16 +0000] "PUT /gmf HTTP/1.1" 204 1644 "https://www.example.com/" "Mozilla/5.0 (Windows NT 10.0; WOW64) AppleWebKit/537.36 (KHTML, like Gecko) Chrome/58.0.3029.110 Safari/537.36 OPR/45.0.2552.898"
2001:db8:0:1:0:0:0:8 - - [06/Jun/2024:14:08:16 +0000] "POST /w HTTP/1.1" 500 5480 "https://www.msn.com/" "Mozilla/5.0 (Windows NT 10.0; WOW64) AppleWebKit/537.36 (KHTML, like Gecko) Chrome/58.0.3029.110 Safari/537.36 OPR/45.0.2552.898"
192.168.1.15 - - [06/Jun/2024:14:08:16 +0000] "DELETE /j HTTP/1.1" 403 147 "https://www.google.com/" "Mozilla/5.0 (Windows NT 6.1; WOW64; rv:54.0) Gecko/20100101 Firefox/54.0"
192.168.1.33 - - [06/Jun/2024:14:08:16 +0000] "GET /kwiupwwyhw HTTP/1.1" 301 6330 "https://www.ibm.com/" "Mozilla/5.0 (Windows NT 6.1; WOW64; Trident/7.0; AS; rv:11.0) like Gecko"
192.168.1.2 - - [06/Jun/2024:14:08:16 +0000] "GET /ddxlvdjbj HTTP/1.1" 200 8739 "https://www.example.com/" "Mozilla/5.0 (Windows NT 10.0; WOW64) AppleWebKit/537.36 (KHTML, like Gecko) Chrome/58.0.3029.110 Safari/537.36 OPR/45.0.2552.898"
192.168.1.26 - - [06/Jun/2024:14:08:16 +0000] "DELETE /shalt HTTP/1.1" 204 6590 "https://www.ibm.com/" "Mozilla/5.0 (Windows NT 10.0; Win64; x64; rv:54.0) Gecko/20100101 Firefox/54.0"
192.168.1.6 - - [06/Jun/2024:14:08:16 +0000] "DELETE /go HTTP/1.1" 403 8321 "https://www.example.com/" "Mozilla/5.0 (Windows NT 10.0; WOW64) AppleWebKit/537.36 (KHTML, like Gecko) Chrome/58.0.3029.110 Safari/537.36 OPR/45.0.2552.898"
192.168.1.19 - - [06/Jun/2024:14:08:16 +0000] "PUT /nkfc HTTP/1.1" 400 4457 "https://www.google.com/" "Mozilla/5.0 (Windows NT 6.1; WOW64; rv:54.0) Gecko/20100101 Firefox/54.0"
192.168.1.22 - - [06/Jun/2024:14:08:16 +0000] "PUT /shk HTTP/1.1" 404 169 "https://www.google.com/" "Mozilla/5.0 (Windows NT 10.0; Win64; x64) AppleWebKit/537.36 (KHTML, like Gecko) Chrome/58.0.3029.110 Safari/537.36"
192.168.1.42 - - [06/Jun/2024:14:08:16 +0000] "DELETE /fbzvd HTTP/1.1" 403 9148 "https://www.example.com/" "Mozilla/5.0 (Windows NT 6.1; WOW64; rv:54.0) Gecko/20100101 Firefox/54.0"
192.168.1.6 - - [06/Jun/2024:14:08:16 +0000] "DELETE /hwidodfrj HTTP/1.1" 200 1617 "https://www.ibm.com/" "Mozilla/5.0 (Windows NT 6.1; WOW64; rv:54.0) Gecko/20100101 Firefox/54.0"
192.168.1.38 - - [06/Jun/2024:14:08:16 +0000] "DELETE /zxgdwson HTTP/1.1" 404 8559 "https://www.google.com/" "Mozilla/5.0 (Windows NT 10.0; WOW64) AppleWebKit/537.36 (KHTML, like Gecko) Chrome/58.0.3029.110 Safari/537.36 OPR/45.0.2552.898"
192.168.1.47 - - [06/Jun/2024:14:08:16 +0000] "DELETE /pealhrd HTTP/1.1" 200 9277 "https://www.msn.com/" "Mozilla/5.0 (Windows NT 10.0; Win64; x64; rv:54.0) Gecko/20100101 Firefox/54.0"
2001:db8:0:1:0:0:0:b - - [06/Jun/2024:14:08:16 +0000] "DELETE /iwhdlto HTTP/1.1" 404 7661 "https://www.example.com/" "Mozilla/5.0 (Windows NT 6.1; WOW64; rv:54.0) Gecko/20100101 Firefox/54.0"
192.168.1.38 - - [06/Jun/2024:14:08:16 +0000] "POST /jrvwjj HTTP/1.1" 400 4779 "https://www.google.com/" "Mozilla/5.0 (Windows NT 10.0; Win64; x64; rv:54.0) Gecko/20100101 Firefox/54.0"
192.168.1.49 - - [06/Jun/2024:14:08:16 +0000] "GET /uhpypgy HTTP/1.1" 404 1790 "https://www.msn.com/" "Mozilla/5.0 (Windows NT 6.1; WOW64; Trident/7.0; AS; rv:11.0) like Gecko"
192.168.1.4 - - [06/Jun/2024:14:08:16 +0000] "PUT /riyec HTTP/1.1" 301 5022 "https://www.google.com/" "Mozilla/5.0 (Windows NT 6.1; WOW64; Trident/7.0; AS; rv:11.0) like Gecko"
