192.168.1.30 - - [11/Jun/2024:12:56:28 +0000] "PUT /jr HTTP/1.1" 200 6843 "https://www.ibm.com/" "Mozilla/5.0 (Windows NT 6.1; WOW64; rv:54.0) Gecko/20100101 Firefox/54.0" "192.168.56.1" 0.09
192.168.1.38 - - [11/Jun/2024:12:56:34 +0000] "GET /cpdzmnvwai HTTP/1.1" 201 2994 "https://www.ibm.com/" "Mozilla/5.0 (Windows NT 6.1; WOW64; Trident/7.0; AS; rv:11.0) like Gecko" "192.168.56.1" 0.001
192.168.1.39 - - [11/Jun/2024:12:56:38 +0000] "GET /iej HTTP/1.1" 301 5027 "https://www.example.com/" "Mozilla/5.0 (Windows NT 6.1; WOW64; rv:54.0) Gecko/20100101 Firefox/54.0" "192.168.1.1" 0.15
192.168.1.40 - - [11/Jun/2024:12:56:52 +0000] "DELETE /pwxrqle HTTP/1.1" 400 5112 "https://www.msn.com/" "Mozilla/5.0 (Windows NT 10.0; WOW64) AppleWebKit/537.36 (KHTML, like Gecko) Chrome/58.0.3029.110 Safari/537.36 OPR/45.0.2552.898" "192.168.56.1" 0.025
192.168.1.1 - - [11/Jun/2024:12:56:54 +0000] "POST /su HTTP/1.1" 301 6474 "https://www.google.com/" "Mozilla/5.0 (Windows NT 10.0; Win64; x64) AppleWebKit/537.36 (KHTML, like Gecko) Chrome/58.0.3029.110 Safari/537.36" "192.168.1.2" 0.002
192.168.1.27 - - [11/Jun/2024:12:56:55 +0000] "PUT /fus HTTP/1.1" 302 6486 "https://www.msn.com/" "Mozilla/5.0 (Windows NT 6.1; WOW64; Trident/7.0; AS; rv:11.0) like Gecko" "192.168.1.1" 0.09
2001:db8:0:1:0:0:0:8 - - [11/Jun/2024:12:57:06 +0000] "DELETE /dtamhp HTTP/1.1" 302 1027 "https://www.google.com/" "Mozilla/5.0 (Windows NT 10.0; WOW64) AppleWebKit/537.36 (KHTML, like Gecko) Chrome/58.0.3029.110 Safari/537.36 OPR/45.0.2552.898" "192.168.52.1" 0.15
2001:db8:0:1:0:0:0:7 - - [11/Jun/2024:12:57:07 +0000] "DELETE /sog HTTP/1.1" 201 509 "https://www.example.com/" "Mozilla/5.0 (Windows NT 10.0; Win64; x64) AppleWebKit/537.36 (KHTML, like Gecko) Chrome/58.0.3029.110 Safari/537.36" "192.168.52.1" 0.002
2001:db8:0:1:0:0:0:d - - [11/Jun/2024:12:57:10 +0000] "POST /mfgadzw HTTP/1.1" 500 7048 "https://www.msn.com/" "Mozilla/5.0 (Windows NT 6.1; WOW64; Trident/7.0; AS; rv:11.0) like Gecko" "192.168.1.4" 0.001
192.168.1.35 - - [11/Jun/2024:12:57:15 +0000] "DELETE /ogbdpxya HTTP/1.1" 302 7090 "https://www.ibm.com/" "Mozilla/5.0 (Windows NT 6.1; WOW64; rv:54.0) Gecko/20100101 Firefox/54.0" "192.168.56.1" 0.1
2001:db8:0:1:0:0:0:b - - [11/Jun/2024:12:57:17 +0000] "GET /er HTTP/1.1" 302 9950 "https://www.ibm.com/" "Mozilla/5.0 (Windows NT 10.0; WOW64) AppleWebKit/537.36 (KHTML, like Gecko) Chrome/58.0.3029.110 Safari/537.36 OPR/45.0.2552.898" "192.168.1.4" 0.001
2001:db8:0:1:0:0:0:6 - - [11/Jun/2024:12:57:18 +0000] "PUT /stppkhosjf HTTP/1.1" 201 8841 "https://www.msn.com/" "Mozilla/5.0 (Windows NT 6.1; WOW64; rv:54.0) Gecko/20100101 Firefox/54.0" "192.168.56.1" 0.15
192.168.1.45 - - [11/Jun/2024:12:57:18 +0000] "POST /vqlycy HTTP/1.1" 201 7551 "https://www.ibm.com/" "Mozilla/5.0 (Windows NT 10.0; Win64; x64) AppleWebKit/537.36 (KHTML, like Gecko) Chrome/62.0.3202.94 Safari/537.36" "192.168.1.2" 0.001
2001:db8:0:1:0:0:0:e - - [11/Jun/2024:12:57:19 +0000] "GET /vtdm HTTP/1.1" 201 3310 "https://www.ibm.com/" "Mozilla/5.0 (Windows NT 10.0; Win64; x64; rv:54.0) Gecko/20100101 Firefox/54.0" "192.168.56.1" 0.002
2001:db8:0:1:0:0:0:a - - [11/Jun/2024:12:57:20 +0000] "PUT /a HTTP/1.1" 301 8738 "https://www.ibm.com/" "Mozilla/5.0 (Windows NT 10.0; WOW64) AppleWebKit/537.36 (KHTML, like Gecko) Chrome/58.0.3029.110 Safari/537.36 OPR/45.0.2552.898" "192.168.1.2" 0.15
192.168.1.31 - - [11/Jun/2024:12:57:20 +0000] "PUT /vkgf HTTP/1.1" 400 9856 "https://www.ibm.com/" "Mozilla/5.0 (Windows NT 6.1; WOW64; Trident/7.0; AS; rv:11.0) like Gecko" "192.168.52.1" 0.025
192.168.1.31 - - [11/Jun/2024:12:57:22 +0000] "PUT /gjdpeplm HTTP/1.1" 500 4818 "https://www.ibm.com/" "Mozilla/5.0 (Windows NT 10.0; WOW64) AppleWebKit/537.36 (KHTML, like Gecko) Chrome/58.0.3029.110 Safari/537.36 OPR/45.0.2552.898" "192.168.56.1" 0.09
192.168.1.26 - - [11/Jun/2024:12:57:26 +0000] "PUT /wngrbstqzx HTTP/1.1" 400 8087 "https://www.ibm.com/" "Mozilla/5.0 (Windows NT 6.1; WOW64; rv:54.0) Gecko/20100101 Firefox/54.0" "192.168.1.3" 0.001
192.168.1.26 - - [11/Jun/2024:12:57:42 +0000] "GET /bypopza HTTP/1.1" 404 8798 "https://www.msn.com/" "Mozilla/5.0 (Windows NT 10.0; WOW64) AppleWebKit/537.36 (KHTML, like Gecko) Chrome/58.0.3029.110 Safari/537.36 OPR/45.0.2552.898" "192.168.1.2" 0.001
2001:db8:0:1:0:0:0:7 - - [11/Jun/2024:12:57:54 +0000] "GET /ky HTTP/1.1" 200 9271 "https://www.ibm.com/" "Mozilla/5.0 (Windows NT 10.0; WOW64) AppleWebKit/537.36 (KHTML, like Gecko) Chrome/58.0.3029.110 Safari/537.36 OPR/45.0.2552.898" "192.168.1.5" 0.002
192.168.1.48 - - [11/Jun/2024:12:57:57 +0000] "DELETE /hpzpyxrfuu HTTP/1.1" 403 629 "https://www.example.com/" "Mozilla/5.0 (Windows NT 6.1; WOW64; rv:54.0) Gecko/20100101 Firefox/54.0" "192.168.1.2" 0.09
192.168.1.9 - - [11/Jun/2024:12:58:00 +0000] "GET /p HTTP/1.1" 204 7511 "https://www.ibm.com/" "Mozilla/5.0 (Windows NT 6.1; WOW64; Trident/7.0; AS; rv:11.0) like Gecko" "192.168.56.1" 0.002
192.168.1.7 - - [11/Jun/2024:12:58:01 +0000] "PUT /iovymum HTTP/1.1" 403 9024 "https://www.msn.com/" "Mozilla/5.0 (Windows NT 6.1; WOW64; Trident/7.0; AS; rv:11.0) like Gecko" "192.168.1.5" 0.1
2001:db8:0:1:0:0:0:1 - - [11/Jun/2024:12:58:03 +0000] "GET /fqdbtjyaqr HTTP/1.1" 401 7686 "https://www.google.com/" "Mozilla/5.0 (Windows NT 10.0; Win64; x64; rv:54.0) Gecko/20100101 Firefox/54.0" "192.168.1.3" 0.002
192.168.1.31 - - [11/Jun/2024:12:58:04 +0000] "POST /qutv HTTP/1.1" 302 9700 "https://www.msn.com/" "Mozilla/5.0 (Windows NT 10.0; Win64; x64; rv:54.0) Gecko/20100101 Firefox/54.0" "192.168.1.3" 0.1
192.168.1.41 - - [11/Jun/2024:12:58:07 +0000] "GET /ipgrfav HTTP/1.1" 201 3005 "https://www.ibm.com/" "Mozilla/5.0 (Windows NT 6.1; WOW64; Trident/7.0; AS; rv:11.0) like Gecko" "192.168.1.1" 0.001
192.168.1.4 - - [11/Jun/2024:12:58:08 +0000] "POST /piwrnaak HTTP/1.1" 400 8846 "https://www.google.com/" "Mozilla/5.0 (Windows NT 10.0; Win64; x64; rv:54.0) Gecko/20100101 Firefox/54.0" "192.168.1.5" 0.002
192.168.1.36 - - [11/Jun/2024:12:58:11 +0000] "DELETE /uzct HTTP/1.1" 201 8792 "https://www.msn.com/" "Mozilla/5.0 (Windows NT 10.0; Win64; x64) AppleWebKit/537.36 (KHTML, like Gecko) Chrome/62.0.3202.94 Safari/537.36" "192.168.1.5" 0.1
192.168.1.26 - - [11/Jun/2024:12:58:12 +0000] "GET /ucpdz HTTP/1.1" 201 1993 "https://www.ibm.com/" "Mozilla/5.0 (Windows NT 10.0; WOW64) AppleWebKit/537.36 (KHTML, like Gecko) Chrome/58.0.3029.110 Safari/537.36 OPR/45.0.2552.898" "192.168.1.1" 0.1
192.168.1.18 - - [11/Jun/2024:12:58:32 +0000] "POST /gchatntq HTTP/1.1" 404 7972 "https://www.ibm.com/" "Mozilla/5.0 (Windows NT 6.1; WOW64; Trident/7.0; AS; rv:11.0) like Gecko" "192.168.1.3" 0.001
192.168.1.41 - - [11/Jun/2024:12:58:32 +0000] "GET /zeqlqborf HTTP/1.1" 204 3202 "https://www.google.com/" "Mozilla/5.0 (Windows NT 6.1; WOW64; Trident/7.0; AS; rv:11.0) like Gecko" "192.168.56.1" 0.001
192.168.1.28 - - [11/Jun/2024:12:58:34 +0000] "DELETE /o HTTP/1.1" 400 4821 "https://www.msn.com/" "Mozilla/5.0 (Windows NT 10.0; Win64; x64) AppleWebKit/537.36 (KHTML, like Gecko) Chrome/62.0.3202.94 Safari/537.36" "192.168.1.4" 0.001
2001:db8:0:1:0:0:0:5 - - [11/Jun/2024:12:58:39 +0000] "DELETE /aoqgmq HTTP/1.1" 404 6298 "https://www.msn.com/" "Mozilla/5.0 (Windows NT 10.0; Win64; x64; rv:54.0) Gecko/20100101 Firefox/54.0" "192.168.1.3" 0.15
192.168.1.4 - - [11/Jun/2024:12:58:40 +0000] "PUT /nuktoqer HTTP/1.1" 404 883 "https://www.msn.com/" "Mozilla/5.0 (Windows NT 10.0; WOW64) AppleWebKit/537.36 (KHTML, like Gecko) Chrome/58.0.3029.110 Safari/537.36 OPR/45.0.2552.898" "192.168.1.3" 0.001
192.168.1.26 - - [11/Jun/2024:12:58:42 +0000] "PUT /q HTTP/1.1" 401 4327 "https://www.ibm.com/" "Mozilla/5.0 (Windows NT 10.0; Win64; x64; rv:54.0) Gecko/20100101 Firefox/54.0" "192.168.1.4" 0.002
192.168.1.16 - - [11/Jun/2024:12:58:43 +0000] "PUT /vljwakek HTTP/1.1" 204 1845 "https://www.msn.com/" "Mozilla/5.0 (Windows NT 10.0; Win64; x64) AppleWebKit/537.36 (KHTML, like Gecko) Chrome/62.0.3202.94 Safari/537.36" "192.168.1.5" 0.15
192.168.1.18 - - [11/Jun/2024:12:58:46 +0000] "DELETE /rtraebqq HTTP/1.1" 400 3806 "https://www.google.com/" "Mozilla/5.0 (Windows NT 10.0; Win64; x64; rv:54.0) Gecko/20100101 Firefox/54.0" "192.168.1.1" 0.002
192.168.1.21 - - [11/Jun/2024:12:58:48 +0000] "POST /akgbbtqvt HTTP/1.1" 204 975 "https://www.google.com/" "Mozilla/5.0 (Windows NT 6.1; WOW64; Trident/7.0; AS; rv:11.0) like Gecko" "192.168.1.5" 0.002
192.168.1.38 - - [11/Jun/2024:12:58:50 +0000] "GET /d HTTP/1.1" 200 9426 "https://www.ibm.com/" "Mozilla/5.0 (Windows NT 10.0; Win64; x64) AppleWebKit/537.36 (KHTML, like Gecko) Chrome/62.0.3202.94 Safari/537.36" "192.168.1.4" 0.1
192.168.1.9 - - [11/Jun/2024:12:58:51 +0000] "PUT /zxcoesavnt HTTP/1.1" 204 9947 "https://www.ibm.com/" "Mozilla/5.0 (Windows NT 6.1; WOW64; rv:54.0) Gecko/20100101 Firefox/54.0" "192.168.1.4" 0.001
2001:db8:0:1:0:0:0:e - - [11/Jun/2024:12:58:57 +0000] "PUT /bz HTTP/1.1" 200 1296 "https://www.ibm.com/" "Mozilla/5.0 (Windows NT 10.0; Win64; x64; rv:54.0) Gecko/20100101 Firefox/54.0" "192.168.56.1" 0.025
192.168.1.48 - - [11/Jun/2024:12:59:01 +0000] "POST /cgx HTTP/1.1" 500 862 "https://www.google.com/" "Mozilla/5.0 (Windows NT 10.0; WOW64) AppleWebKit/537.36 (KHTML, like Gecko) Chrome/58.0.3029.110 Safari/537.36 OPR/45.0.2552.898" "192.168.1.4" 0.002
192.168.1.21 - - [11/Jun/2024:12:59:07 +0000] "PUT /aqoyc HTTP/1.1" 201 5295 "https://www.ibm.com/" "Mozilla/5.0 (Windows NT 10.0; WOW64) AppleWebKit/537.36 (KHTML, like Gecko) Chrome/58.0.3029.110 Safari/537.36 OPR/45.0.2552.898" "192.168.1.4" 0.025
192.168.1.42 - - [11/Jun/2024:12:59:14 +0000] "GET /kqxskwnhm HTTP/1.1" 403 2610 "https://www.ibm.com/" "Mozilla/5.0 (Windows NT 6.1; WOW64; rv:54.0) Gecko/20100101 Firefox/54.0" "192.168.52.1" 0.1
192.168.1.8 - - [11/Jun/2024:12:59:20 +0000] "DELETE /vgdysxmgz HTTP/1.1" 403 6004 "https://www.google.com/" "Mozilla/5.0 (Windows NT 10.0; WOW64) AppleWebKit/537.36 (KHTML, like Gecko) Chrome/58.0.3029.110 Safari/537.36 OPR/45.0.2552.898" "192.168.1.5" 0.15
192.168.1.38 - - [11/Jun/2024:12:59:21 +0000] "PUT /gyuuy HTTP/1.1" 400 4103 "https://www.google.com/" "Mozilla/5.0 (Windows NT 10.0; Win64; x64) AppleWebKit/537.36 (KHTML, like Gecko) Chrome/58.0.3029.110 Safari/537.36" "192.168.1.5" 0.15
192.168.1.26 - - [11/Jun/2024:12:59:22 +0000] "PUT /oeqkkhyn HTTP/1.1" 500 8814 "https://www.msn.com/" "Mozilla/5.0 (Windows NT 10.0; Win64; x64) AppleWebKit/537.36 (KHTML, like Gecko) Chrome/62.0.3202.94 Safari/537.36" "192.168.1.1" 0.001
192.168.1.45 - - [11/Jun/2024:12:59:28 +0000] "DELETE /ozi HTTP/1.1" 403 5433 "https://www.example.com/" "Mozilla/5.0 (Windows NT 6.1; WOW64; rv:54.0) Gecko/20100101 Firefox/54.0" "192.168.1.3" 0.001
192.168.1.24 - - [11/Jun/2024:12:59:29 +0000] "GET /s HTTP/1.1" 204 7770 "https://www.ibm.com/" "Mozilla/5.0 (Windows NT 10.0; Win64; x64) AppleWebKit/537.36 (KHTML, like Gecko) Chrome/62.0.3202.94 Safari/537.36" "192.168.1.4" 0.09
192.168.1.35 - - [11/Jun/2024:12:59:33 +0000] "DELETE /ejztfoa HTTP/1.1" 302 474 "https://www.ibm.com/" "Mozilla/5.0 (Windows NT 10.0; Win64; x64) AppleWebKit/537.36 (KHTML, like Gecko) Chrome/58.0.3029.110 Safari/537.36" "192.168.1.1" 0.025
192.168.1.36 - - [11/Jun/2024:12:59:34 +0000] "PUT /jektgfculv HTTP/1.1" 301 5837 "https://www.google.com/" "Mozilla/5.0 (Windows NT 10.0; Win64; x64) AppleWebKit/537.36 (KHTML, like Gecko) Chrome/62.0.3202.94 Safari/537.36" "192.168.1.1" 0.15
192.168.1.43 - - [11/Jun/2024:12:59:34 +0000] "POST /ty HTTP/1.1" 301 7372 "https://www.google.com/" "Mozilla/5.0 (Windows NT 6.1; WOW64; Trident/7.0; AS; rv:11.0) like Gecko" "192.168.1.3" 0.1
192.168.1.7 - - [11/Jun/2024:12:59:37 +0000] "POST /oi HTTP/1.1" 403 1910 "https://www.google.com/" "Mozilla/5.0 (Windows NT 10.0; Win64; x64) AppleWebKit/537.36 (KHTML, like Gecko) Chrome/58.0.3029.110 Safari/537.36" "192.168.1.4" 0.002
2001:db8:0:1:0:0:0:8 - - [11/Jun/2024:12:59:37 +0000] "PUT /amv HTTP/1.1" 500 9317 "https://www.google.com/" "Mozilla/5.0 (Windows NT 10.0; Win64; x64) AppleWebKit/537.36 (KHTML, like Gecko) Chrome/62.0.3202.94 Safari/537.36" "192.168.1.3" 0.001
2001:db8:0:1:0:0:0:e - - [11/Jun/2024:12:59:37 +0000] "POST /pqukremcps HTTP/1.1" 302 5169 "https://www.ibm.com/" "Mozilla/5.0 (Windows NT 10.0; Win64; x64) AppleWebKit/537.36 (KHTML, like Gecko) Chrome/62.0.3202.94 Safari/537.36" "192.168.1.1" 0.15
192.168.1.33 - - [11/Jun/2024:12:59:39 +0000] "POST /elxmwt HTTP/1.1" 400 9571 "https://www.ibm.com/" "Mozilla/5.0 (Windows NT 10.0; WOW64) AppleWebKit/537.36 (KHTML, like Gecko) Chrome/58.0.3029.110 Safari/537.36 OPR/45.0.2552.898" "192.168.1.4" 0.001
2001:db8:0:1:0:0:0:8 - - [11/Jun/2024:12:59:39 +0000] "POST /wcswgwre HTTP/1.1" 500 3574 "https://www.google.com/" "Mozilla/5.0 (Windows NT 10.0; WOW64) AppleWebKit/537.36 (KHTML, like Gecko) Chrome/58.0.3029.110 Safari/537.36 OPR/45.0.2552.898" "192.168.1.4" 0.025
192.168.1.28 - - [11/Jun/2024:12:59:42 +0000] "POST /kte HTTP/1.1" 401 4805 "https://www.example.com/" "Mozilla/5.0 (Windows NT 10.0; Win64; x64; rv:54.0) Gecko/20100101 Firefox/54.0" "192.168.52.1" 0.09
2001:db8:0:1:0:0:0:8 - - [11/Jun/2024:12:59:44 +0000] "PUT /jx HTTP/1.1" 500 2540 "https://www.example.com/" "Mozilla/5.0 (Windows NT 10.0; Win64; x64; rv:54.0) Gecko/20100101 Firefox/54.0" "192.168.1.2" 0.002
192.168.1.32 - - [11/Jun/2024:12:59:45 +0000] "PUT /ldvljps HTTP/1.1" 200 4315 "https://www.google.com/" "Mozilla/5.0 (Windows NT 10.0; WOW64) AppleWebKit/537.36 (KHTML, like Gecko) Chrome/58.0.3029.110 Safari/537.36 OPR/45.0.2552.898" "192.168.1.4" 0.002
192.168.1.21 - - [11/Jun/2024:12:59:49 +0000] "GET /jqxqot HTTP/1.1" 500 3631 "https://www.msn.com/" "Mozilla/5.0 (Windows NT 10.0; Win64; x64) AppleWebKit/537.36 (KHTML, like Gecko) Chrome/58.0.3029.110 Safari/537.36" "192.168.1.4" 0.025
2001:db8:0:1:0:0:0:a - - [11/Jun/2024:12:59:51 +0000] "DELETE /kta HTTP/1.1" 201 7984 "https://www.ibm.com/" "Mozilla/5.0 (Windows NT 6.1; WOW64; Trident/7.0; AS; rv:11.0) like Gecko" "192.168.1.4" 0.1
192.168.1.23 - - [11/Jun/2024:12:59:54 +0000] "POST /rkcee HTTP/1.1" 403 7009 "https://www.google.com/" "Mozilla/5.0 (Windows NT 10.0; Win64; x64) AppleWebKit/537.36 (KHTML, like Gecko) Chrome/62.0.3202.94 Safari/537.36" "192.168.1.4" 0.002
192.168.1.3 - - [11/Jun/2024:12:59:56 +0000] "DELETE /xqvkzf HTTP/1.1" 401 2367 "https://www.example.com/" "Mozilla/5.0 (Windows NT 6.1; WOW64; rv:54.0) Gecko/20100101 Firefox/54.0" "192.168.1.4" 0.025
192.168.1.17 - - [11/Jun/2024:13:00:09 +0000] "PUT /ok HTTP/1.1" 201 5093 "https://www.example.com/" "Mozilla/5.0 (Windows NT 6.1; WOW64; Trident/7.0; AS; rv:11.0) like Gecko" "192.168.1.5" 0.002
2001:db8:0:1:0:0:0:6 - - [11/Jun/2024:13:00:20 +0000] "POST /gcobvofajv HTTP/1.1" 201 7116 "https://www.ibm.com/" "Mozilla/5.0 (Windows NT 10.0; Win64; x64; rv:54.0) Gecko/20100101 Firefox/54.0" "192.168.56.1" 0.09
192.168.1.38 - - [11/Jun/2024:13:00:22 +0000] "PUT /am HTTP/1.1" 404 9226 "https://www.google.com/" "Mozilla/5.0 (Windows NT 6.1; WOW64; rv:54.0) Gecko/20100101 Firefox/54.0" "192.168.52.1" 0.1
192.168.1.46 - - [11/Jun/2024:13:00:24 +0000] "GET /oeoecjzv HTTP/1.1" 301 3635 "https://www.ibm.com/" "Mozilla/5.0 (Windows NT 6.1; WOW64; Trident/7.0; AS; rv:11.0) like Gecko" "192.168.1.2" 0.001
192.168.1.18 - - [11/Jun/2024:13:00:33 +0000] "GET /kzb HTTP/1.1" 400 7747 "https://www.ibm.com/" "Mozilla/5.0 (Windows NT 10.0; WOW64) AppleWebKit/537.36 (KHTML, like Gecko) Chrome/58.0.3029.110 Safari/537.36 OPR/45.0.2552.898" "192.168.1.3" 0.002
192.168.1.47 - - [11/Jun/2024:13:00:39 +0000] "DELETE /qgz HTTP/1.1" 403 4848 "https://www.example.com/" "Mozilla/5.0 (Windows NT 10.0; Win64; x64) AppleWebKit/537.36 (KHTML, like Gecko) Chrome/62.0.3202.94 Safari/537.36" "192.168.56.1" 0.001
192.168.1.31 - - [11/Jun/2024:13:00:40 +0000] "GET /omv HTTP/1.1" 201 4032 "https://www.example.com/" "Mozilla/5.0 (Windows NT 10.0; WOW64) AppleWebKit/537.36 (KHTML, like Gecko) Chrome/58.0.3029.110 Safari/537.36 OPR/45.0.2552.898" "192.168.1.4" 0.09
2001:db8:0:1:0:0:0:5 - - [11/Jun/2024:13:00:42 +0000] "PUT /eplyrqfie HTTP/1.1" 404 8490 "https://www.example.com/" "Mozilla/5.0 (Windows NT 10.0; Win64; x64) AppleWebKit/537.36 (KHTML, like Gecko) Chrome/58.0.3029.110 Safari/537.36" "192.168.1.5" 0.025
2001:db8:0:1:0:0:0:4 - - [11/Jun/2024:13:00:43 +0000] "GET /km HTTP/1.1" 204 1331 "https://www.ibm.com/" "Mozilla/5.0 (Windows NT 10.0; WOW64) AppleWebKit/537.36 (KHTML, like Gecko) Chrome/58.0.3029.110 Safari/537.36 OPR/45.0.2552.898" "192.168.1.4" 0.002
192.168.1.15 - - [11/Jun/2024:13:00:46 +0000] "POST /ef HTTP/1.1" 301 5749 "https://www.msn.com/" "Mozilla/5.0 (Windows NT 10.0; WOW64) AppleWebKit/537.36 (KHTML, like Gecko) Chrome/58.0.3029.110 Safari/537.36 OPR/45.0.2552.898" "192.168.1.4" 0.001
192.168.1.27 - - [11/Jun/2024:13:00:47 +0000] "DELETE /hmehscftn HTTP/1.1" 204 5681 "https://www.ibm.com/" "Mozilla/5.0 (Windows NT 10.0; Win64; x64; rv:54.0) Gecko/20100101 Firefox/54.0" "192.168.1.3" 0.1
192.168.1.2 - - [11/Jun/2024:13:00:48 +0000] "DELETE /szh HTTP/1.1" 403 1765 "https://www.ibm.com/" "Mozilla/5.0 (Windows NT 10.0; Win64; x64) AppleWebKit/537.36 (KHTML, like Gecko) Chrome/62.0.3202.94 Safari/537.36" "192.168.52.1" 0.1
192.168.1.16 - - [11/Jun/2024:13:00:50 +0000] "DELETE /vo HTTP/1.1" 201 2147 "https://www.google.com/" "Mozilla/5.0 (Windows NT 10.0; WOW64) AppleWebKit/537.36 (KHTML, like Gecko) Chrome/58.0.3029.110 Safari/537.36 OPR/45.0.2552.898" "192.168.52.1" 0.09
192.168.1.26 - - [11/Jun/2024:13:00:51 +0000] "POST /rth HTTP/1.1" 404 6911 "https://www.google.com/" "Mozilla/5.0 (Windows NT 10.0; Win64; x64) AppleWebKit/537.36 (KHTML, like Gecko) Chrome/62.0.3202.94 Safari/537.36" "192.168.1.1" 0.025
192.168.1.20 - - [11/Jun/2024:13:01:02 +0000] "PUT /ak HTTP/1.1" 201 4389 "https://www.msn.com/" "Mozilla/5.0 (Windows NT 10.0; Win64; x64) AppleWebKit/537.36 (KHTML, like Gecko) Chrome/58.0.3029.110 Safari/537.36" "192.168.52.1" 0.002
192.168.1.39 - - [11/Jun/2024:13:01:06 +0000] "GET /v HTTP/1.1" 200 7064 "https://www.ibm.com/" "Mozilla/5.0 (Windows NT 6.1; WOW64; rv:54.0) Gecko/20100101 Firefox/54.0" "192.168.1.1" 0.002
2001:db8:0:1:0:0:0:2 - - [11/Jun/2024:13:01:09 +0000] "POST /wildkxglrx HTTP/1.1" 201 327 "https://www.ibm.com/" "Mozilla/5.0 (Windows NT 10.0; Win64; x64) AppleWebKit/537.36 (KHTML, like Gecko) Chrome/58.0.3029.110 Safari/537.36" "192.168.56.1" 0.002
192.168.1.11 - - [11/Jun/2024:13:01:10 +0000] "DELETE /lbjohzox HTTP/1.1" 400 2889 "https://www.google.com/" "Mozilla/5.0 (Windows NT 10.0; Win64; x64) AppleWebKit/537.36 (KHTML, like Gecko) Chrome/58.0.3029.110 Safari/537.36" "192.168.1.3" 0.15
2001:db8:0:1:0:0:0:a - - [11/Jun/2024:13:01:16 +0000] "POST /hagtpqmtx HTTP/1.1" 301 2644 "https://www.msn.com/" "Mozilla/5.0 (Windows NT 10.0; Win64; x64) AppleWebKit/537.36 (KHTML, like Gecko) Chrome/62.0.3202.94 Safari/537.36" "192.168.1.3" 0.15
192.168.1.34 - - [11/Jun/2024:13:01:16 +0000] "DELETE /zprep HTTP/1.1" 200 6373 "https://www.google.com/" "Mozilla/5.0 (Windows NT 10.0; Win64; x64) AppleWebKit/537.36 (KHTML, like Gecko) Chrome/58.0.3029.110 Safari/537.36" "192.168.56.1" 0.002
192.168.1.24 - - [11/Jun/2024:13:01:17 +0000] "POST /aivzik HTTP/1.1" 301 9761 "https://www.google.com/" "Mozilla/5.0 (Windows NT 10.0; WOW64) AppleWebKit/537.36 (KHTML, like Gecko) Chrome/58.0.3029.110 Safari/537.36 OPR/45.0.2552.898" "192.168.1.3" 0.002
192.168.1.44 - - [11/Jun/2024:13:01:18 +0000] "GET /szfk HTTP/1.1" 204 180 "https://www.msn.com/" "Mozilla/5.0 (Windows NT 10.0; WOW64) AppleWebKit/537.36 (KHTML, like Gecko) Chrome/58.0.3029.110 Safari/537.36 OPR/45.0.2552.898" "192.168.1.2" 0.1
2001:db8:0:1:0:0:0:c - - [11/Jun/2024:13:01:19 +0000] "GET /vawhg HTTP/1.1" 204 9016 "https://www.ibm.com/" "Mozilla/5.0 (Windows NT 10.0; Win64; x64) AppleWebKit/537.36 (KHTML, like Gecko) Chrome/58.0.3029.110 Safari/537.36" "192.168.1.3" 0.15
192.168.1.48 - - [11/Jun/2024:13:01:22 +0000] "GET /v HTTP/1.1" 403 841 "https://www.google.com/" "Mozilla/5.0 (Windows NT 6.1; WOW64; rv:54.0) Gecko/20100101 Firefox/54.0" "192.168.52.1" 0.1
192.168.1.1 - - [11/Jun/2024:13:01:23 +0000] "PUT /cmg HTTP/1.1" 500 9147 "https://www.msn.com/" "Mozilla/5.0 (Windows NT 10.0; Win64; x64) AppleWebKit/537.36 (KHTML, like Gecko) Chrome/58.0.3029.110 Safari/537.36" "192.168.1.1" 0.15
192.168.1.4 - - [11/Jun/2024:13:01:25 +0000] "POST /vzxnqou HTTP/1.1" 301 7343 "https://www.google.com/" "Mozilla/5.0 (Windows NT 10.0; Win64; x64) AppleWebKit/537.36 (KHTML, like Gecko) Chrome/58.0.3029.110 Safari/537.36" "192.168.1.1" 0.002
2001:db8:0:1:0:0:0:c - - [11/Jun/2024:13:01:39 +0000] "PUT /m HTTP/1.1" 301 1149 "https://www.ibm.com/" "Mozilla/5.0 (Windows NT 6.1; WOW64; rv:54.0) Gecko/20100101 Firefox/54.0" "192.168.1.5" 0.002
192.168.1.24 - - [11/Jun/2024:13:01:52 +0000] "POST /cnrx HTTP/1.1" 302 8523 "https://www.ibm.com/" "Mozilla/5.0 (Windows NT 10.0; WOW64) AppleWebKit/537.36 (KHTML, like Gecko) Chrome/58.0.3029.110 Safari/537.36 OPR/45.0.2552.898" "192.168.1.3" 0.09
192.168.1.46 - - [11/Jun/2024:13:01:53 +0000] "GET /sba HTTP/1.1" 401 6868 "https://www.ibm.com/" "Mozilla/5.0 (Windows NT 10.0; Win64; x64; rv:54.0) Gecko/20100101 Firefox/54.0" "192.168.1.4" 0.002
192.168.1.26 - - [11/Jun/2024:13:01:59 +0000] "DELETE /sgdszugd HTTP/1.1" 204 9776 "https://www.msn.com/" "Mozilla/5.0 (Windows NT 6.1; WOW64; Trident/7.0; AS; rv:11.0) like Gecko" "192.168.52.1" 0.1
192.168.1.35 - - [11/Jun/2024:13:02:04 +0000] "GET /mzzxlzymk HTTP/1.1" 201 6003 "https://www.msn.com/" "Mozilla/5.0 (Windows NT 6.1; WOW64; rv:54.0) Gecko/20100101 Firefox/54.0" "192.168.52.1" 0.1
2001:db8:0:1:0:0:0:b - - [11/Jun/2024:13:02:11 +0000] "DELETE /qbvkq HTTP/1.1" 301 1822 "https://www.google.com/" "Mozilla/5.0 (Windows NT 10.0; WOW64) AppleWebKit/537.36 (KHTML, like Gecko) Chrome/58.0.3029.110 Safari/537.36 OPR/45.0.2552.898" "192.168.1.4" 0.001
192.168.1.1 - - [11/Jun/2024:13:02:14 +0000] "PUT /pfalvetw HTTP/1.1" 200 9859 "https://www.msn.com/" "Mozilla/5.0 (Windows NT 6.1; WOW64; Trident/7.0; AS; rv:11.0) like Gecko" "192.168.1.5" 0.025
192.168.1.35 - - [11/Jun/2024:13:02:16 +0000] "POST /ozvtll HTTP/1.1" 401 6974 "https://www.google.com/" "Mozilla/5.0 (Windows NT 10.0; Win64; x64) AppleWebKit/537.36 (KHTML, like Gecko) Chrome/62.0.3202.94 Safari/537.36" "192.168.1.3" 0.15
2001:db8:0:1:0:0:0:c - - [11/Jun/2024:13:02:18 +0000] "DELETE /nrlolrpzv HTTP/1.1" 404 861 "https://www.example.com/" "Mozilla/5.0 (Windows NT 6.1; WOW64; rv:54.0) Gecko/20100101 Firefox/54.0" "192.168.1.1" 0.15
192.168.1.12 - - [11/Jun/2024:13:02:18 +0000] "POST /bvlea HTTP/1.1" 404 6030 "https://www.ibm.com/" "Mozilla/5.0 (Windows NT 10.0; Win64; x64; rv:54.0) Gecko/20100101 Firefox/54.0" "192.168.1.5" 0.001
192.168.1.37 - - [11/Jun/2024:13:02:19 +0000] "POST /zhoqss HTTP/1.1" 404 2694 "https://www.example.com/" "Mozilla/5.0 (Windows NT 6.1; WOW64; Trident/7.0; AS; rv:11.0) like Gecko" "192.168.1.1" 0.001
192.168.1.15 - - [11/Jun/2024:13:02:21 +0000] "GET /kbpysk HTTP/1.1" 500 2303 "https://www.msn.com/" "Mozilla/5.0 (Windows NT 6.1; WOW64; rv:54.0) Gecko/20100101 Firefox/54.0" "192.168.56.1" 0.025
2001:db8:0:1:0:0:0:e - - [11/Jun/2024:13:02:23 +0000] "GET /fdkltkbmi HTTP/1.1" 204 9604 "https://www.ibm.com/" "Mozilla/5.0 (Windows NT 6.1; WOW64; rv:54.0) Gecko/20100101 Firefox/54.0" "192.168.1.5" 0.15
2001:db8:0:1:0:0:0:6 - - [11/Jun/2024:13:02:26 +0000] "GET /pbta HTTP/1.1" 404 5259 "https://www.ibm.com/" "Mozilla/5.0 (Windows NT 10.0; WOW64) AppleWebKit/537.36 (KHTML, like Gecko) Chrome/58.0.3029.110 Safari/537.36 OPR/45.0.2552.898" "192.168.1.2" 0.001
192.168.1.28 - - [11/Jun/2024:13:02:28 +0000] "PUT /xpatgw HTTP/1.1" 400 5116 "https://www.ibm.com/" "Mozilla/5.0 (Windows NT 10.0; Win64; x64; rv:54.0) Gecko/20100101 Firefox/54.0" "192.168.52.1" 0.001
192.168.1.1 - - [11/Jun/2024:13:02:31 +0000] "PUT /oqyyfaqbv HTTP/1.1" 401 2616 "https://www.example.com/" "Mozilla/5.0 (Windows NT 10.0; Win64; x64; rv:54.0) Gecko/20100101 Firefox/54.0" "192.168.1.4" 0.002
192.168.1.13 - - [11/Jun/2024:13:02:32 +0000] "PUT /omuafo HTTP/1.1" 500 616 "https://www.ibm.com/" "Mozilla/5.0 (Windows NT 10.0; Win64; x64) AppleWebKit/537.36 (KHTML, like Gecko) Chrome/58.0.3029.110 Safari/537.36" "192.168.1.1" 0.025
192.168.1.1 - - [11/Jun/2024:13:02:36 +0000] "GET /zcmxj HTTP/1.1" 500 4152 "https://www.example.com/" "Mozilla/5.0 (Windows NT 6.1; WOW64; Trident/7.0; AS; rv:11.0) like Gecko" "192.168.1.2" 0.002
192.168.1.32 - - [11/Jun/2024:13:02:44 +0000] "POST /lhao HTTP/1.1" 302 1420 "https://www.msn.com/" "Mozilla/5.0 (Windows NT 10.0; Win64; x64) AppleWebKit/537.36 (KHTML, like Gecko) Chrome/58.0.3029.110 Safari/537.36" "192.168.1.5" 0.002
192.168.1.48 - - [11/Jun/2024:13:02:45 +0000] "GET /sfjl HTTP/1.1" 302 4326 "https://www.msn.com/" "Mozilla/5.0 (Windows NT 10.0; Win64; x64) AppleWebKit/537.36 (KHTML, like Gecko) Chrome/62.0.3202.94 Safari/537.36" "192.168.1.1" 0.1
192.168.1.38 - - [11/Jun/2024:13:02:55 +0000] "POST /bjb HTTP/1.1" 200 7682 "https://www.example.com/" "Mozilla/5.0 (Windows NT 6.1; WOW64; rv:54.0) Gecko/20100101 Firefox/54.0" "192.168.1.1" 0.001
192.168.1.21 - - [11/Jun/2024:13:02:58 +0000] "GET /nriggdzbb HTTP/1.1" 404 6057 "https://www.google.com/" "Mozilla/5.0 (Windows NT 10.0; Win64; x64; rv:54.0) Gecko/20100101 Firefox/54.0" "192.168.1.1" 0.15
2001:db8:0:1:0:0:0:c - - [11/Jun/2024:13:03:04 +0000] "POST /eeekrwqjrr HTTP/1.1" 500 493 "https://www.ibm.com/" "Mozilla/5.0 (Windows NT 10.0; WOW64) AppleWebKit/537.36 (KHTML, like Gecko) Chrome/58.0.3029.110 Safari/537.36 OPR/45.0.2552.898" "192.168.56.1" 0.025
192.168.1.16 - - [11/Jun/2024:13:03:08 +0000] "POST /dsjiektzv HTTP/1.1" 401 3507 "https://www.google.com/" "Mozilla/5.0 (Windows NT 10.0; Win64; x64) AppleWebKit/537.36 (KHTML, like Gecko) Chrome/58.0.3029.110 Safari/537.36" "192.168.1.4" 0.001
2001:db8:0:1:0:0:0:e - - [11/Jun/2024:13:03:10 +0000] "PUT /dptuq HTTP/1.1" 200 8821 "https://www.google.com/" "Mozilla/5.0 (Windows NT 6.1; WOW64; rv:54.0) Gecko/20100101 Firefox/54.0" "192.168.1.3" 0.002
192.168.1.26 - - [11/Jun/2024:13:03:12 +0000] "DELETE /ojlwm HTTP/1.1" 301 404 "https://www.google.com/" "Mozilla/5.0 (Windows NT 10.0; Win64; x64) AppleWebKit/537.36 (KHTML, like Gecko) Chrome/58.0.3029.110 Safari/537.36" "192.168.1.2" 0.15
192.168.1.43 - - [11/Jun/2024:13:03:14 +0000] "GET /jnykihmhsd HTTP/1.1" 302 3147 "https://www.google.com/" "Mozilla/5.0 (Windows NT 10.0; Win64; x64) AppleWebKit/537.36 (KHTML, like Gecko) Chrome/62.0.3202.94 Safari/537.36" "192.168.56.1" 0.09
192.168.1.44 - - [11/Jun/2024:13:03:14 +0000] "PUT /uxvicftz HTTP/1.1" 204 6121 "https://www.msn.com/" "Mozilla/5.0 (Windows NT 10.0; Win64; x64) AppleWebKit/537.36 (KHTML, like Gecko) Chrome/62.0.3202.94 Safari/537.36" "192.168.1.4" 0.15
2001:db8:0:1:0:0:0:8 - - [11/Jun/2024:13:03:19 +0000] "POST /zydrvn HTTP/1.1" 401 2991 "https://www.example.com/" "Mozilla/5.0 (Windows NT 10.0; Win64; x64) AppleWebKit/537.36 (KHTML, like Gecko) Chrome/58.0.3029.110 Safari/537.36" "192.168.1.4" 0.001
2001:db8:0:1:0:0:0:3 - - [11/Jun/2024:13:03:20 +0000] "PUT /veargaars HTTP/1.1" 401 5316 "https://www.ibm.com/" "Mozilla/5.0 (Windows NT 6.1; WOW64; Trident/7.0; AS; rv:11.0) like Gecko" "192.168.56.1" 0.002
192.168.1.6 - - [11/Jun/2024:13:03:33 +0000] "GET /achdlrnz HTTP/1.1" 404 9290 "https://www.example.com/" "Mozilla/5.0 (Windows NT 6.1; WOW64; rv:54.0) Gecko/20100101 Firefox/54.0" "192.168.1.1" 0.09
192.168.1.36 - - [11/Jun/2024:13:03:34 +0000] "DELETE /pvsjvnnu HTTP/1.1" 403 1566 "https://www.msn.com/" "Mozilla/5.0 (Windows NT 10.0; WOW64) AppleWebKit/537.36 (KHTML, like Gecko) Chrome/58.0.3029.110 Safari/537.36 OPR/45.0.2552.898" "192.168.52.1" 0.025
192.168.1.41 - - [11/Jun/2024:13:03:37 +0000] "POST /snunbm HTTP/1.1" 200 9246 "https://www.example.com/" "Mozilla/5.0 (Windows NT 6.1; WOW64; Trident/7.0; AS; rv:11.0) like Gecko" "192.168.1.2" 0.001
192.168.1.4 - - [11/Jun/2024:13:03:39 +0000] "GET /r HTTP/1.1" 204 7131 "https://www.example.com/" "Mozilla/5.0 (Windows NT 10.0; Win64; x64) AppleWebKit/537.36 (KHTML, like Gecko) Chrome/58.0.3029.110 Safari/537.36" "192.168.52.1" 0.025
192.168.1.47 - - [11/Jun/2024:13:03:40 +0000] "POST /wxqscxtv HTTP/1.1" 401 9391 "https://www.google.com/" "Mozilla/5.0 (Windows NT 10.0; WOW64) AppleWebKit/537.36 (KHTML, like Gecko) Chrome/58.0.3029.110 Safari/537.36 OPR/45.0.2552.898" "192.168.1.4" 0.001
192.168.1.9 - - [11/Jun/2024:13:03:43 +0000] "DELETE /blsezqelx HTTP/1.1" 200 5028 "https://www.example.com/" "Mozilla/5.0 (Windows NT 6.1; WOW64; rv:54.0) Gecko/20100101 Firefox/54.0" "192.168.1.2" 0.001
192.168.1.25 - - [11/Jun/2024:13:03:48 +0000] "DELETE /ipu HTTP/1.1" 204 9058 "https://www.ibm.com/" "Mozilla/5.0 (Windows NT 10.0; Win64; x64) AppleWebKit/537.36 (KHTML, like Gecko) Chrome/58.0.3029.110 Safari/537.36" "192.168.1.3" 0.1
192.168.1.44 - - [11/Jun/2024:13:03:48 +0000] "GET /odmwegx HTTP/1.1" 200 3249 "https://www.example.com/" "Mozilla/5.0 (Windows NT 10.0; Win64; x64) AppleWebKit/537.36 (KHTML, like Gecko) Chrome/62.0.3202.94 Safari/537.36" "192.168.1.3" 0.002
192.168.1.32 - - [11/Jun/2024:13:03:50 +0000] "POST /gawnrdge HTTP/1.1" 301 4242 "https://www.google.com/" "Mozilla/5.0 (Windows NT 10.0; Win64; x64) AppleWebKit/537.36 (KHTML, like Gecko) Chrome/58.0.3029.110 Safari/537.36" "192.168.1.1" 0.002
192.168.1.35 - - [11/Jun/2024:13:03:54 +0000] "POST /wotxxmwal HTTP/1.1" 400 6125 "https://www.google.com/" "Mozilla/5.0 (Windows NT 10.0; Win64; x64; rv:54.0) Gecko/20100101 Firefox/54.0" "192.168.1.1" 0.001
192.168.1.26 - - [11/Jun/2024:13:03:55 +0000] "PUT /cfin HTTP/1.1" 200 2064 "https://www.example.com/" "Mozilla/5.0 (Windows NT 6.1; WOW64; Trident/7.0; AS; rv:11.0) like Gecko" "192.168.56.1" 0.001
192.168.1.28 - - [11/Jun/2024:13:03:55 +0000] "POST /waxu HTTP/1.1" 200 6506 "https://www.ibm.com/" "Mozilla/5.0 (Windows NT 10.0; WOW64) AppleWebKit/537.36 (KHTML, like Gecko) Chrome/58.0.3029.110 Safari/537.36 OPR/45.0.2552.898" "192.168.1.2" 0.002
192.168.1.50 - - [11/Jun/2024:13:04:00 +0000] "GET /unaikarmlc HTTP/1.1" 302 4440 "https://www.example.com/" "Mozilla/5.0 (Windows NT 6.1; WOW64; Trident/7.0; AS; rv:11.0) like Gecko" "192.168.52.1" 0.001
2001:db8:0:1:0:0:0:d - - [11/Jun/2024:13:04:03 +0000] "POST /z HTTP/1.1" 403 6508 "https://www.example.com/" "Mozilla/5.0 (Windows NT 6.1; WOW64; Trident/7.0; AS; rv:11.0) like Gecko" "192.168.56.1" 0.002
192.168.1.12 - - [11/Jun/2024:13:04:07 +0000] "GET /kp HTTP/1.1" 404 201 "https://www.google.com/" "Mozilla/5.0 (Windows NT 10.0; WOW64) AppleWebKit/537.36 (KHTML, like Gecko) Chrome/58.0.3029.110 Safari/537.36 OPR/45.0.2552.898" "192.168.1.1" 0.002
192.168.1.43 - - [11/Jun/2024:13:04:09 +0000] "POST /p HTTP/1.1" 204 820 "https://www.example.com/" "Mozilla/5.0 (Windows NT 10.0; Win64; x64; rv:54.0) Gecko/20100101 Firefox/54.0" "192.168.56.1" 0.09
2001:db8:0:1:0:0:0:b - - [11/Jun/2024:13:04:10 +0000] "DELETE /kgnvzzdzp HTTP/1.1" 401 1170 "https://www.google.com/" "Mozilla/5.0 (Windows NT 10.0; Win64; x64; rv:54.0) Gecko/20100101 Firefox/54.0" "192.168.56.1" 0.002
2001:db8:0:1:0:0:0:4 - - [11/Jun/2024:13:04:13 +0000] "PUT /sxfxg HTTP/1.1" 201 8391 "https://www.google.com/" "Mozilla/5.0 (Windows NT 10.0; WOW64) AppleWebKit/537.36 (KHTML, like Gecko) Chrome/58.0.3029.110 Safari/537.36 OPR/45.0.2552.898" "192.168.1.3" 0.002
192.168.1.25 - - [11/Jun/2024:13:04:15 +0000] "PUT /bewhueasw HTTP/1.1" 401 6472 "https://www.msn.com/" "Mozilla/5.0 (Windows NT 10.0; WOW64) AppleWebKit/537.36 (KHTML, like Gecko) Chrome/58.0.3029.110 Safari/537.36 OPR/45.0.2552.898" "192.168.52.1" 0.09
192.168.1.39 - - [11/Jun/2024:13:04:16 +0000] "PUT /dzdg HTTP/1.1" 302 3565 "https://www.ibm.com/" "Mozilla/5.0 (Windows NT 6.1; WOW64; Trident/7.0; AS; rv:11.0) like Gecko" "192.168.1.3" 0.001
192.168.1.35 - - [11/Jun/2024:13:04:20 +0000] "PUT /su HTTP/1.1" 301 6480 "https://www.google.com/" "Mozilla/5.0 (Windows NT 10.0; Win64; x64) AppleWebKit/537.36 (KHTML, like Gecko) Chrome/62.0.3202.94 Safari/537.36" "192.168.1.4" 0.002
192.168.1.28 - - [11/Jun/2024:13:04:20 +0000] "DELETE /ls HTTP/1.1" 301 4815 "https://www.msn.com/" "Mozilla/5.0 (Windows NT 10.0; Win64; x64; rv:54.0) Gecko/20100101 Firefox/54.0" "192.168.1.1" 0.002
192.168.1.28 - - [11/Jun/2024:13:04:34 +0000] "PUT /jebw HTTP/1.1" 301 6043 "https://www.ibm.com/" "Mozilla/5.0 (Windows NT 6.1; WOW64; rv:54.0) Gecko/20100101 Firefox/54.0" "192.168.1.5" 0.15
192.168.1.18 - - [11/Jun/2024:13:04:34 +0000] "DELETE /yrgp HTTP/1.1" 200 6963 "https://www.example.com/" "Mozilla/5.0 (Windows NT 6.1; WOW64; Trident/7.0; AS; rv:11.0) like Gecko" "192.168.56.1" 0.001
192.168.1.38 - - [11/Jun/2024:13:04:35 +0000] "POST /oij HTTP/1.1" 201 979 "https://www.google.com/" "Mozilla/5.0 (Windows NT 10.0; Win64; x64; rv:54.0) Gecko/20100101 Firefox/54.0" "192.168.1.4" 0.025
2001:db8:0:1:0:0:0:5 - - [11/Jun/2024:13:04:35 +0000] "DELETE /ajeqfzjoey HTTP/1.1" 404 1489 "https://www.msn.com/" "Mozilla/5.0 (Windows NT 10.0; Win64; x64) AppleWebKit/537.36 (KHTML, like Gecko) Chrome/58.0.3029.110 Safari/537.36" "192.168.1.1" 0.15
2001:db8:0:1:0:0:0:8 - - [11/Jun/2024:13:04:38 +0000] "GET /vebu HTTP/1.1" 400 8399 "https://www.example.com/" "Mozilla/5.0 (Windows NT 10.0; Win64; x64) AppleWebKit/537.36 (KHTML, like Gecko) Chrome/62.0.3202.94 Safari/537.36" "192.168.1.1" 0.002
192.168.1.15 - - [11/Jun/2024:13:04:45 +0000] "DELETE /nojy HTTP/1.1" 301 8384 "https://www.ibm.com/" "Mozilla/5.0 (Windows NT 10.0; Win64; x64) AppleWebKit/537.36 (KHTML, like Gecko) Chrome/58.0.3029.110 Safari/537.36" "192.168.1.5" 0.002
192.168.1.36 - - [11/Jun/2024:13:04:48 +0000] "GET /uegaxxmr HTTP/1.1" 302 3949 "https://www.example.com/" "Mozilla/5.0 (Windows NT 10.0; Win64; x64) AppleWebKit/537.36 (KHTML, like Gecko) Chrome/58.0.3029.110 Safari/537.36" "192.168.1.2" 0.15
2001:db8:0:1:0:0:0:2 - - [11/Jun/2024:13:04:52 +0000] "DELETE /eje HTTP/1.1" 401 4663 "https://www.google.com/" "Mozilla/5.0 (Windows NT 10.0; Win64; x64) AppleWebKit/537.36 (KHTML, like Gecko) Chrome/62.0.3202.94 Safari/537.36" "192.168.1.3" 0.001
192.168.1.8 - - [11/Jun/2024:13:04:54 +0000] "GET /h HTTP/1.1" 403 3175 "https://www.ibm.com/" "Mozilla/5.0 (Windows NT 6.1; WOW64; rv:54.0) Gecko/20100101 Firefox/54.0" "192.168.52.1" 0.001
192.168.1.32 - - [11/Jun/2024:13:04:56 +0000] "GET /zuzfq HTTP/1.1" 404 3505 "https://www.msn.com/" "Mozilla/5.0 (Windows NT 6.1; WOW64; Trident/7.0; AS; rv:11.0) like Gecko" "192.168.1.3" 0.09
2001:db8:0:1:0:0:0:1 - - [11/Jun/2024:13:04:57 +0000] "POST /ynyklk HTTP/1.1" 401 6526 "https://www.ibm.com/" "Mozilla/5.0 (Windows NT 10.0; WOW64) AppleWebKit/537.36 (KHTML, like Gecko) Chrome/58.0.3029.110 Safari/537.36 OPR/45.0.2552.898" "192.168.52.1" 0.1
192.168.1.31 - - [11/Jun/2024:13:04:59 +0000] "DELETE /rxatngvwzv HTTP/1.1" 404 4808 "https://www.google.com/" "Mozilla/5.0 (Windows NT 10.0; WOW64) AppleWebKit/537.36 (KHTML, like Gecko) Chrome/58.0.3029.110 Safari/537.36 OPR/45.0.2552.898" "192.168.1.1" 0.002
192.168.1.24 - - [11/Jun/2024:13:05:03 +0000] "GET /bwcbj HTTP/1.1" 302 9418 "https://www.google.com/" "Mozilla/5.0 (Windows NT 10.0; Win64; x64; rv:54.0) Gecko/20100101 Firefox/54.0" "192.168.1.5" 0.002
192.168.1.17 - - [11/Jun/2024:13:05:07 +0000] "PUT /ai HTTP/1.1" 301 4505 "https://www.example.com/" "Mozilla/5.0 (Windows NT 6.1; WOW64; rv:54.0) Gecko/20100101 Firefox/54.0" "192.168.1.2" 0.15
192.168.1.4 - - [11/Jun/2024:13:05:08 +0000] "GET /cq HTTP/1.1" 201 1368 "https://www.example.com/" "Mozilla/5.0 (Windows NT 6.1; WOW64; Trident/7.0; AS; rv:11.0) like Gecko" "192.168.1.5" 0.002
192.168.1.9 - - [11/Jun/2024:13:05:09 +0000] "DELETE /onxzqqrfzh HTTP/1.1" 403 6178 "https://www.google.com/" "Mozilla/5.0 (Windows NT 10.0; Win64; x64) AppleWebKit/537.36 (KHTML, like Gecko) Chrome/62.0.3202.94 Safari/537.36" "192.168.1.3" 0.025
2001:db8:0:1:0:0:0:3 - - [11/Jun/2024:13:05:11 +0000] "PUT /etpx HTTP/1.1" 201 6365 "https://www.google.com/" "Mozilla/5.0 (Windows NT 10.0; Win64; x64) AppleWebKit/537.36 (KHTML, like Gecko) Chrome/58.0.3029.110 Safari/537.36" "192.168.1.2" 0.002
192.168.1.49 - - [11/Jun/2024:13:05:13 +0000] "POST /rwt HTTP/1.1" 500 4222 "https://www.google.com/" "Mozilla/5.0 (Windows NT 10.0; Win64; x64) AppleWebKit/537.36 (KHTML, like Gecko) Chrome/58.0.3029.110 Safari/537.36" "192.168.1.3" 0.002
192.168.1.5 - - [11/Jun/2024:13:05:31 +0000] "DELETE /q HTTP/1.1" 302 5598 "https://www.example.com/" "Mozilla/5.0 (Windows NT 10.0; Win64; x64) AppleWebKit/537.36 (KHTML, like Gecko) Chrome/62.0.3202.94 Safari/537.36" "192.168.1.3" 0.1
192.168.1.24 - - [11/Jun/2024:13:05:33 +0000] "DELETE /rhm HTTP/1.1" 302 2350 "https://www.google.com/" "Mozilla/5.0 (Windows NT 10.0; WOW64) AppleWebKit/537.36 (KHTML, like Gecko) Chrome/58.0.3029.110 Safari/537.36 OPR/45.0.2552.898" "192.168.1.3" 0.001
192.168.1.16 - - [11/Jun/2024:13:05:35 +0000] "GET /msriipalhj HTTP/1.1" 302 3894 "https://www.google.com/" "Mozilla/5.0 (Windows NT 10.0; Win64; x64) AppleWebKit/537.36 (KHTML, like Gecko) Chrome/58.0.3029.110 Safari/537.36" "192.168.1.2" 0.001
192.168.1.34 - - [11/Jun/2024:13:05:35 +0000] "POST /de HTTP/1.1" 500 3023 "https://www.msn.com/" "Mozilla/5.0 (Windows NT 10.0; WOW64) AppleWebKit/537.36 (KHTML, like Gecko) Chrome/58.0.3029.110 Safari/537.36 OPR/45.0.2552.898" "192.168.1.1" 0.15
192.168.1.32 - - [11/Jun/2024:13:05:39 +0000] "POST /fqioub HTTP/1.1" 500 7083 "https://www.example.com/" "Mozilla/5.0 (Windows NT 6.1; WOW64; Trident/7.0; AS; rv:11.0) like Gecko" "192.168.1.3" 0.15
192.168.1.34 - - [11/Jun/2024:13:05:51 +0000] "POST /zoiqrnv HTTP/1.1" 200 2900 "https://www.google.com/" "Mozilla/5.0 (Windows NT 10.0; Win64; x64; rv:54.0) Gecko/20100101 Firefox/54.0" "192.168.56.1" 0.002
2001:db8:0:1:0:0:0:6 - - [11/Jun/2024:13:06:00 +0000] "POST /xox HTTP/1.1" 401 8212 "https://www.example.com/" "Mozilla/5.0 (Windows NT 10.0; Win64; x64; rv:54.0) Gecko/20100101 Firefox/54.0" "192.168.1.1" 0.002
192.168.1.33 - - [11/Jun/2024:13:06:10 +0000] "GET /fyljc HTTP/1.1" 404 8060 "https://www.msn.com/" "Mozilla/5.0 (Windows NT 6.1; WOW64; rv:54.0) Gecko/20100101 Firefox/54.0" "192.168.1.1" 0.025
192.168.1.27 - - [11/Jun/2024:13:06:25 +0000] "POST /vpyyvthbxw HTTP/1.1" 200 6576 "https://www.example.com/" "Mozilla/5.0 (Windows NT 10.0; Win64; x64; rv:54.0) Gecko/20100101 Firefox/54.0" "192.168.1.3" 0.002
2001:db8:0:1:0:0:0:9 - - [11/Jun/2024:13:06:30 +0000] "POST /bo HTTP/1.1" 302 2888 "https://www.ibm.com/" "Mozilla/5.0 (Windows NT 10.0; Win64; x64) AppleWebKit/537.36 (KHTML, like Gecko) Chrome/62.0.3202.94 Safari/537.36" "192.168.52.1" 0.001
192.168.1.14 - - [11/Jun/2024:13:06:34 +0000] "DELETE /d HTTP/1.1" 201 8301 "https://www.msn.com/" "Mozilla/5.0 (Windows NT 10.0; Win64; x64; rv:54.0) Gecko/20100101 Firefox/54.0" "192.168.1.2" 0.001
2001:db8:0:1:0:0:0:d - - [11/Jun/2024:13:06:35 +0000] "DELETE /vrqszj HTTP/1.1" 401 671 "https://www.ibm.com/" "Mozilla/5.0 (Windows NT 10.0; Win64; x64) AppleWebKit/537.36 (KHTML, like Gecko) Chrome/58.0.3029.110 Safari/537.36" "192.168.1.4" 0.001
192.168.1.43 - - [11/Jun/2024:13:06:37 +0000] "POST /dilviau HTTP/1.1" 403 208 "https://www.example.com/" "Mozilla/5.0 (Windows NT 10.0; Win64; x64; rv:54.0) Gecko/20100101 Firefox/54.0" "192.168.1.5" 0.002
192.168.1.31 - - [11/Jun/2024:13:06:39 +0000] "GET /xl HTTP/1.1" 204 1067 "https://www.msn.com/" "Mozilla/5.0 (Windows NT 10.0; WOW64) AppleWebKit/537.36 (KHTML, like Gecko) Chrome/58.0.3029.110 Safari/537.36 OPR/45.0.2552.898" "192.168.1.5" 0.001
2001:db8:0:1:0:0:0:8 - - [11/Jun/2024:13:06:40 +0000] "DELETE /ydgcipn HTTP/1.1" 403 187 "https://www.google.com/" "Mozilla/5.0 (Windows NT 10.0; WOW64) AppleWebKit/537.36 (KHTML, like Gecko) Chrome/58.0.3029.110 Safari/537.36 OPR/45.0.2552.898" "192.168.1.1" 0.025
192.168.1.25 - - [11/Jun/2024:13:06:40 +0000] "GET /yrmxs HTTP/1.1" 500 3372 "https://www.google.com/" "Mozilla/5.0 (Windows NT 10.0; Win64; x64) AppleWebKit/537.36 (KHTML, like Gecko) Chrome/58.0.3029.110 Safari/537.36" "192.168.1.1" 0.15
192.168.1.49 - - [11/Jun/2024:13:06:42 +0000] "GET /dvhazjej HTTP/1.1" 404 3934 "https://www.example.com/" "Mozilla/5.0 (Windows NT 6.1; WOW64; Trident/7.0; AS; rv:11.0) like Gecko" "192.168.1.5" 0.025
2001:db8:0:1:0:0:0:b - - [11/Jun/2024:13:06:47 +0000] "PUT /gdpp HTTP/1.1" 204 3200 "https://www.ibm.com/" "Mozilla/5.0 (Windows NT 10.0; Win64; x64; rv:54.0) Gecko/20100101 Firefox/54.0" "192.168.56.1" 0.002
2001:db8:0:1:0:0:0:2 - - [11/Jun/2024:13:06:50 +0000] "POST /bhctrko HTTP/1.1" 301 212 "https://www.google.com/" "Mozilla/5.0 (Windows NT 10.0; WOW64) AppleWebKit/537.36 (KHTML, like Gecko) Chrome/58.0.3029.110 Safari/537.36 OPR/45.0.2552.898" "192.168.1.3" 0.001
192.168.1.37 - - [11/Jun/2024:13:06:53 +0000] "POST /jdbugk HTTP/1.1" 200 5413 "https://www.msn.com/" "Mozilla/5.0 (Windows NT 6.1; WOW64; rv:54.0) Gecko/20100101 Firefox/54.0" "192.168.1.3" 0.002
192.168.1.18 - - [11/Jun/2024:13:06:54 +0000] "PUT /cuh HTTP/1.1" 302 6990 "https://www.ibm.com/" "Mozilla/5.0 (Windows NT 6.1; WOW64; rv:54.0) Gecko/20100101 Firefox/54.0" "192.168.1.1" 0.001
192.168.1.49 - - [11/Jun/2024:13:07:03 +0000] "POST /uekomtjh HTTP/1.1" 201 8918 "https://www.example.com/" "Mozilla/5.0 (Windows NT 6.1; WOW64; Trident/7.0; AS; rv:11.0) like Gecko" "192.168.1.4" 0.025
192.168.1.20 - - [11/Jun/2024:13:07:09 +0000] "DELETE /prgzoxb HTTP/1.1" 302 2277 "https://www.google.com/" "Mozilla/5.0 (Windows NT 10.0; WOW64) AppleWebKit/537.36 (KHTML, like Gecko) Chrome/58.0.3029.110 Safari/537.36 OPR/45.0.2552.898" "192.168.56.1" 0.09
192.168.1.31 - - [11/Jun/2024:13:07:10 +0000] "POST /jj HTTP/1.1" 500 9407 "https://www.google.com/" "Mozilla/5.0 (Windows NT 10.0; Win64; x64) AppleWebKit/537.36 (KHTML, like Gecko) Chrome/62.0.3202.94 Safari/537.36" "192.168.1.1" 0.1
192.168.1.39 - - [11/Jun/2024:13:07:16 +0000] "POST /bnghsmsv HTTP/1.1" 500 3260 "https://www.example.com/" "Mozilla/5.0 (Windows NT 6.1; WOW64; rv:54.0) Gecko/20100101 Firefox/54.0" "192.168.1.4" 0.002
192.168.1.7 - - [11/Jun/2024:13:07:18 +0000] "PUT /w HTTP/1.1" 500 9223 "https://www.ibm.com/" "Mozilla/5.0 (Windows NT 10.0; Win64; x64) AppleWebKit/537.36 (KHTML, like Gecko) Chrome/58.0.3029.110 Safari/537.36" "192.168.1.3" 0.025
192.168.1.14 - - [11/Jun/2024:13:07:24 +0000] "PUT /lppqct HTTP/1.1" 403 3022 "https://www.example.com/" "Mozilla/5.0 (Windows NT 10.0; Win64; x64) AppleWebKit/537.36 (KHTML, like Gecko) Chrome/62.0.3202.94 Safari/537.36" "192.168.1.2" 0.002
192.168.1.36 - - [11/Jun/2024:13:07:27 +0000] "POST /qjaajpec HTTP/1.1" 200 8307 "https://www.google.com/" "Mozilla/5.0 (Windows NT 6.1; WOW64; rv:54.0) Gecko/20100101 Firefox/54.0" "192.168.1.2" 0.15
2001:db8:0:1:0:0:0:e - - [11/Jun/2024:13:07:28 +0000] "POST /qc HTTP/1.1" 404 7402 "https://www.google.com/" "Mozilla/5.0 (Windows NT 6.1; WOW64; Trident/7.0; AS; rv:11.0) like Gecko" "192.168.52.1" 0.1
192.168.1.24 - - [11/Jun/2024:13:07:29 +0000] "GET /bpzawsjv HTTP/1.1" 301 1451 "https://www.ibm.com/" "Mozilla/5.0 (Windows NT 10.0; Win64; x64) AppleWebKit/537.36 (KHTML, like Gecko) Chrome/62.0.3202.94 Safari/537.36" "192.168.52.1" 0.001
2001:db8:0:1:0:0:0:2 - - [11/Jun/2024:13:07:31 +0000] "POST /eb HTTP/1.1" 404 3895 "https://www.msn.com/" "Mozilla/5.0 (Windows NT 10.0; Win64; x64) AppleWebKit/537.36 (KHTML, like Gecko) Chrome/58.0.3029.110 Safari/537.36" "192.168.56.1" 0.002
192.168.1.11 - - [11/Jun/2024:13:07:33 +0000] "DELETE /d HTTP/1.1" 301 2893 "https://www.example.com/" "Mozilla/5.0 (Windows NT 10.0; Win64; x64) AppleWebKit/537.36 (KHTML, like Gecko) Chrome/58.0.3029.110 Safari/537.36" "192.168.1.2" 0.025
192.168.1.29 - - [11/Jun/2024:13:07:43 +0000] "DELETE /qmneayd HTTP/1.1" 301 2216 "https://www.msn.com/" "Mozilla/5.0 (Windows NT 6.1; WOW64; Trident/7.0; AS; rv:11.0) like Gecko" "192.168.1.5" 0.002
192.168.1.30 - - [11/Jun/2024:13:07:43 +0000] "DELETE /w HTTP/1.1" 400 6542 "https://www.ibm.com/" "Mozilla/5.0 (Windows NT 6.1; WOW64; rv:54.0) Gecko/20100101 Firefox/54.0" "192.168.1.2" 0.002
192.168.1.49 - - [11/Jun/2024:13:07:44 +0000] "DELETE /oaxebrbjh HTTP/1.1" 200 8944 "https://www.google.com/" "Mozilla/5.0 (Windows NT 6.1; WOW64; rv:54.0) Gecko/20100101 Firefox/54.0" "192.168.52.1" 0.002
192.168.1.20 - - [11/Jun/2024:13:07:52 +0000] "DELETE /thw HTTP/1.1" 404 256 "https://www.example.com/" "Mozilla/5.0 (Windows NT 6.1; WOW64; rv:54.0) Gecko/20100101 Firefox/54.0" "192.168.1.4" 0.15
192.168.1.37 - - [11/Jun/2024:13:08:01 +0000] "POST /vayzen HTTP/1.1" 204 3632 "https://www.msn.com/" "Mozilla/5.0 (Windows NT 6.1; WOW64; rv:54.0) Gecko/20100101 Firefox/54.0" "192.168.1.5" 0.1
2001:db8:0:1:0:0:0:e - - [11/Jun/2024:13:08:02 +0000] "POST /mfkktytig HTTP/1.1" 401 654 "https://www.msn.com/" "Mozilla/5.0 (Windows NT 10.0; Win64; x64; rv:54.0) Gecko/20100101 Firefox/54.0" "192.168.52.1" 0.15
192.168.1.49 - - [11/Jun/2024:13:08:02 +0000] "GET /gtmd HTTP/1.1" 200 1725 "https://www.example.com/" "Mozilla/5.0 (Windows NT 6.1; WOW64; rv:54.0) Gecko/20100101 Firefox/54.0" "192.168.1.5" 0.1
192.168.1.14 - - [11/Jun/2024:13:08:07 +0000] "POST /bniroknbl HTTP/1.1" 201 9510 "https://www.google.com/" "Mozilla/5.0 (Windows NT 10.0; Win64; x64) AppleWebKit/537.36 (KHTML, like Gecko) Chrome/58.0.3029.110 Safari/537.36" "192.168.1.3" 0.025
192.168.1.41 - - [11/Jun/2024:13:08:07 +0000] "GET /qiby HTTP/1.1" 301 1076 "https://www.example.com/" "Mozilla/5.0 (Windows NT 6.1; WOW64; rv:54.0) Gecko/20100101 Firefox/54.0" "192.168.52.1" 0.002
192.168.1.47 - - [11/Jun/2024:13:08:08 +0000] "DELETE /ulmlehj HTTP/1.1" 500 3301 "https://www.ibm.com/" "Mozilla/5.0 (Windows NT 6.1; WOW64; rv:54.0) Gecko/20100101 Firefox/54.0" "192.168.1.5" 0.09
192.168.1.45 - - [11/Jun/2024:13:08:19 +0000] "DELETE /qcfflsmwse HTTP/1.1" 401 5688 "https://www.example.com/" "Mozilla/5.0 (Windows NT 10.0; Win64; x64) AppleWebKit/537.36 (KHTML, like Gecko) Chrome/58.0.3029.110 Safari/537.36" "192.168.1.5" 0.15
192.168.1.39 - - [11/Jun/2024:13:08:21 +0000] "GET /zkinaww HTTP/1.1" 401 9422 "https://www.google.com/" "Mozilla/5.0 (Windows NT 10.0; Win64; x64) AppleWebKit/537.36 (KHTML, like Gecko) Chrome/58.0.3029.110 Safari/537.36" "192.168.1.2" 0.025
192.168.1.21 - - [11/Jun/2024:13:08:24 +0000] "POST /ii HTTP/1.1" 404 7688 "https://www.example.com/" "Mozilla/5.0 (Windows NT 10.0; Win64; x64; rv:54.0) Gecko/20100101 Firefox/54.0" "192.168.56.1" 0.002
192.168.1.5 - - [11/Jun/2024:13:08:27 +0000] "DELETE /dhzzh HTTP/1.1" 401 6760 "https://www.ibm.com/" "Mozilla/5.0 (Windows NT 10.0; Win64; x64) AppleWebKit/537.36 (KHTML, like Gecko) Chrome/58.0.3029.110 Safari/537.36" "192.168.52.1" 0.09
192.168.1.48 - - [11/Jun/2024:13:08:29 +0000] "GET /vrljbkraq HTTP/1.1" 204 540 "https://www.example.com/" "Mozilla/5.0 (Windows NT 10.0; Win64; x64; rv:54.0) Gecko/20100101 Firefox/54.0" "192.168.1.1" 0.001
192.168.1.20 - - [11/Jun/2024:13:08:34 +0000] "PUT /c HTTP/1.1" 403 8349 "https://www.example.com/" "Mozilla/5.0 (Windows NT 10.0; WOW64) AppleWebKit/537.36 (KHTML, like Gecko) Chrome/58.0.3029.110 Safari/537.36 OPR/45.0.2552.898" "192.168.1.4" 0.09
192.168.1.45 - - [11/Jun/2024:13:08:36 +0000] "POST /nwtzpkld HTTP/1.1" 404 4441 "https://www.google.com/" "Mozilla/5.0 (Windows NT 10.0; Win64; x64) AppleWebKit/537.36 (KHTML, like Gecko) Chrome/58.0.3029.110 Safari/537.36" "192.168.1.5" 0.025
192.168.1.22 - - [11/Jun/2024:13:08:37 +0000] "GET /xw HTTP/1.1" 302 4984 "https://www.msn.com/" "Mozilla/5.0 (Windows NT 10.0; Win64; x64; rv:54.0) Gecko/20100101 Firefox/54.0" "192.168.56.1" 0.001
2001:db8:0:1:0:0:0:8 - - [11/Jun/2024:13:08:38 +0000] "GET /kcg HTTP/1.1" 301 1072 "https://www.example.com/" "Mozilla/5.0 (Windows NT 6.1; WOW64; Trident/7.0; AS; rv:11.0) like Gecko" "192.168.1.1" 0.001
192.168.1.6 - - [11/Jun/2024:13:08:40 +0000] "PUT /isvs HTTP/1.1" 301 9988 "https://www.ibm.com/" "Mozilla/5.0 (Windows NT 6.1; WOW64; Trident/7.0; AS; rv:11.0) like Gecko" "192.168.52.1" 0.15
192.168.1.17 - - [11/Jun/2024:13:08:40 +0000] "DELETE /tstlpil HTTP/1.1" 204 5763 "https://www.msn.com/" "Mozilla/5.0 (Windows NT 10.0; WOW64) AppleWebKit/537.36 (KHTML, like Gecko) Chrome/58.0.3029.110 Safari/537.36 OPR/45.0.2552.898" "192.168.1.1" 0.002
192.168.1.1 - - [11/Jun/2024:13:08:41 +0000] "GET /tgadlonzwl HTTP/1.1" 302 1409 "https://www.ibm.com/" "Mozilla/5.0 (Windows NT 10.0; WOW64) AppleWebKit/537.36 (KHTML, like Gecko) Chrome/58.0.3029.110 Safari/537.36 OPR/45.0.2552.898" "192.168.1.5" 0.002
192.168.1.23 - - [11/Jun/2024:13:08:41 +0000] "GET /imggtre HTTP/1.1" 401 6332 "https://www.google.com/" "Mozilla/5.0 (Windows NT 6.1; WOW64; rv:54.0) Gecko/20100101 Firefox/54.0" "192.168.52.1" 0.002
