192.168.1.7 - - [12/Jun/2024:07:33:04 +0000] "POST /kbql HTTP/1.1" 400 6882 "https://www.msn.com/" "Mozilla/5.0 (Windows NT 6.1; WOW64; rv:54.0) Gecko/20100101 Firefox/54.0" "192.168.1.5" 0.002
192.168.1.15 - - [12/Jun/2024:07:33:04 +0000] "GET /ac HTTP/1.1" 500 273 "https://www.msn.com/" "Mozilla/5.0 (Windows NT 10.0; WOW64) AppleWebKit/537.36 (KHTML, like Gecko) Chrome/58.0.3029.110 Safari/537.36 OPR/45.0.2552.898" "192.168.52.1" 0.1
192.168.1.15 - - [12/Jun/2024:07:33:04 +0000] "PUT /bkzxw HTTP/1.1" 200 6479 "https://www.google.com/" "Mozilla/5.0 (Windows NT 10.0; Win64; x64; rv:54.0) Gecko/20100101 Firefox/54.0" "192.168.1.4" 0.002
192.168.1.2 - - [12/Jun/2024:07:33:05 +0000] "PUT /vit HTTP/1.1" 204 5985 "https://www.example.com/" "Mozilla/5.0 (Windows NT 10.0; Win64; x64) AppleWebKit/537.36 (KHTML, like Gecko) Chrome/58.0.3029.110 Safari/537.36" "192.168.1.2" 0.025
192.168.1.30 - - [12/Jun/2024:07:33:11 +0000] "POST /shndxq HTTP/1.1" 400 4525 "https://www.google.com/" "Mozilla/5.0 (Windows NT 6.1; WOW64; rv:54.0) Gecko/20100101 Firefox/54.0" "192.168.52.1" 0.001
192.168.1.10 - - [12/Jun/2024:07:33:11 +0000] "POST /o HTTP/1.1" 500 2633 "https://www.msn.com/" "Mozilla/5.0 (Windows NT 10.0; Win64; x64) AppleWebKit/537.36 (KHTML, like Gecko) Chrome/58.0.3029.110 Safari/537.36" "192.168.1.2" 0.002
192.168.1.40 - - [12/Jun/2024:07:33:13 +0000] "GET /rtllrz HTTP/1.1" 404 2092 "https://www.example.com/" "Mozilla/5.0 (Windows NT 10.0; Win64; x64) AppleWebKit/537.36 (KHTML, like Gecko) Chrome/58.0.3029.110 Safari/537.36" "192.168.1.1" 0.002
192.168.1.29 - - [12/Jun/2024:07:33:16 +0000] "PUT /httrronzl HTTP/1.1" 401 3720 "https://www.google.com/" "Mozilla/5.0 (Windows NT 10.0; Win64; x64) AppleWebKit/537.36 (KHTML, like Gecko) Chrome/58.0.3029.110 Safari/537.36" "192.168.56.1" 0.001
192.168.1.36 - - [12/Jun/2024:07:33:17 +0000] "GET /rb HTTP/1.1" 204 7946 "https://www.ibm.com/" "Mozilla/5.0 (Windows NT 10.0; WOW64) AppleWebKit/537.36 (KHTML, like Gecko) Chrome/58.0.3029.110 Safari/537.36 OPR/45.0.2552.898" "192.168.1.3" 0.025
192.168.1.17 - - [12/Jun/2024:07:33:17 +0000] "DELETE /uxb HTTP/1.1" 401 1012 "https://www.msn.com/" "Mozilla/5.0 (Windows NT 10.0; Win64; x64) AppleWebKit/537.36 (KHTML, like Gecko) Chrome/62.0.3202.94 Safari/537.36" "192.168.52.1" 0.001
192.168.1.39 - - [12/Jun/2024:07:33:24 +0000] "POST /bpulhypn HTTP/1.1" 201 9923 "https://www.ibm.com/" "Mozilla/5.0 (Windows NT 6.1; WOW64; rv:54.0) Gecko/20100101 Firefox/54.0" "192.168.1.1" 0.001
192.168.1.8 - - [12/Jun/2024:07:33:29 +0000] "GET /ovxbuvc HTTP/1.1" 200 826 "https://www.msn.com/" "Mozilla/5.0 (Windows NT 10.0; Win64; x64) AppleWebKit/537.36 (KHTML, like Gecko) Chrome/58.0.3029.110 Safari/537.36" "192.168.1.5" 0.1
2001:db8:0:1:0:0:0:3 - - [12/Jun/2024:07:33:33 +0000] "DELETE /bxd HTTP/1.1" 403 3730 "https://www.ibm.com/" "Mozilla/5.0 (Windows NT 10.0; Win64; x64) AppleWebKit/537.36 (KHTML, like Gecko) Chrome/62.0.3202.94 Safari/537.36" "192.168.1.5" 0.002
192.168.1.28 - - [12/Jun/2024:07:33:37 +0000] "DELETE /s HTTP/1.1" 302 4704 "https://www.ibm.com/" "Mozilla/5.0 (Windows NT 10.0; Win64; x64; rv:54.0) Gecko/20100101 Firefox/54.0" "192.168.1.2" 0.025
2001:db8:0:1:0:0:0:2 - - [12/Jun/2024:07:33:40 +0000] "POST /nqrzycggn HTTP/1.1" 200 7157 "https://www.msn.com/" "Mozilla/5.0 (Windows NT 10.0; Win64; x64; rv:54.0) Gecko/20100101 Firefox/54.0" "192.168.52.1" 0.002
192.168.1.42 - - [12/Jun/2024:07:33:41 +0000] "POST /nrsq HTTP/1.1" 400 6650 "https://www.ibm.com/" "Mozilla/5.0 (Windows NT 10.0; WOW64) AppleWebKit/537.36 (KHTML, like Gecko) Chrome/58.0.3029.110 Safari/537.36 OPR/45.0.2552.898" "192.168.1.2" 0.001
192.168.1.20 - - [12/Jun/2024:07:33:42 +0000] "PUT /hpxffyykyi HTTP/1.1" 302 4946 "https://www.google.com/" "Mozilla/5.0 (Windows NT 10.0; WOW64) AppleWebKit/537.36 (KHTML, like Gecko) Chrome/58.0.3029.110 Safari/537.36 OPR/45.0.2552.898" "192.168.1.3" 0.001
192.168.1.31 - - [12/Jun/2024:07:33:43 +0000] "PUT /zw HTTP/1.1" 401 3717 "https://www.example.com/" "Mozilla/5.0 (Windows NT 10.0; Win64; x64; rv:54.0) Gecko/20100101 Firefox/54.0" "192.168.1.2" 0.001
192.168.1.28 - - [12/Jun/2024:07:33:47 +0000] "PUT /vwwgtjcwv HTTP/1.1" 302 3221 "https://www.google.com/" "Mozilla/5.0 (Windows NT 6.1; WOW64; Trident/7.0; AS; rv:11.0) like Gecko" "192.168.1.4" 0.002
192.168.1.39 - - [12/Jun/2024:07:33:50 +0000] "GET /yazwr HTTP/1.1" 302 5336 "https://www.msn.com/" "Mozilla/5.0 (Windows NT 10.0; Win64; x64) AppleWebKit/537.36 (KHTML, like Gecko) Chrome/58.0.3029.110 Safari/537.36" "192.168.1.3" 0.025
2001:db8:0:1:0:0:0:c - - [12/Jun/2024:07:33:51 +0000] "POST /cplm HTTP/1.1" 403 5053 "https://www.msn.com/" "Mozilla/5.0 (Windows NT 10.0; Win64; x64; rv:54.0) Gecko/20100101 Firefox/54.0" "192.168.1.4" 0.15
2001:db8:0:1:0:0:0:9 - - [12/Jun/2024:07:33:54 +0000] "GET /xknvigv HTTP/1.1" 500 8230 "https://www.google.com/" "Mozilla/5.0 (Windows NT 10.0; Win64; x64) AppleWebKit/537.36 (KHTML, like Gecko) Chrome/62.0.3202.94 Safari/537.36" "192.168.52.1" 0.002
192.168.1.30 - - [12/Jun/2024:07:33:59 +0000] "PUT /to HTTP/1.1" 500 6757 "https://www.example.com/" "Mozilla/5.0 (Windows NT 6.1; WOW64; Trident/7.0; AS; rv:11.0) like Gecko" "192.168.1.5" 0.002
192.168.1.49 - - [12/Jun/2024:07:34:06 +0000] "PUT /wkafefqvw HTTP/1.1" 200 9824 "https://www.google.com/" "Mozilla/5.0 (Windows NT 6.1; WOW64; rv:54.0) Gecko/20100101 Firefox/54.0" "192.168.1.4" 0.002
192.168.1.44 - - [12/Jun/2024:07:34:07 +0000] "GET /un HTTP/1.1" 500 8346 "https://www.ibm.com/" "Mozilla/5.0 (Windows NT 10.0; Win64; x64) AppleWebKit/537.36 (KHTML, like Gecko) Chrome/58.0.3029.110 Safari/537.36" "192.168.1.1" 0.1
192.168.1.34 - - [12/Jun/2024:07:34:08 +0000] "GET /g HTTP/1.1" 404 5949 "https://www.google.com/" "Mozilla/5.0 (Windows NT 10.0; Win64; x64) AppleWebKit/537.36 (KHTML, like Gecko) Chrome/58.0.3029.110 Safari/537.36" "192.168.1.3" 0.002
192.168.1.11 - - [12/Jun/2024:07:34:17 +0000] "POST /ucqkklrh HTTP/1.1" 404 679 "https://www.msn.com/" "Mozilla/5.0 (Windows NT 10.0; Win64; x64) AppleWebKit/537.36 (KHTML, like Gecko) Chrome/62.0.3202.94 Safari/537.36" "192.168.1.3" 0.002
192.168.1.38 - - [12/Jun/2024:07:34:21 +0000] "GET /nfjkbe HTTP/1.1" 200 9364 "https://www.msn.com/" "Mozilla/5.0 (Windows NT 10.0; WOW64) AppleWebKit/537.36 (KHTML, like Gecko) Chrome/58.0.3029.110 Safari/537.36 OPR/45.0.2552.898" "192.168.52.1" 0.15
192.168.1.35 - - [12/Jun/2024:07:34:26 +0000] "GET /ythnziah HTTP/1.1" 301 5672 "https://www.example.com/" "Mozilla/5.0 (Windows NT 6.1; WOW64; Trident/7.0; AS; rv:11.0) like Gecko" "192.168.1.5" 0.09
192.168.1.18 - - [12/Jun/2024:07:34:36 +0000] "PUT /fmzaxumckd HTTP/1.1" 403 1022 "https://www.ibm.com/" "Mozilla/5.0 (Windows NT 10.0; Win64; x64) AppleWebKit/537.36 (KHTML, like Gecko) Chrome/58.0.3029.110 Safari/537.36" "192.168.1.5" 0.1
2001:db8:0:1:0:0:0:6 - - [12/Jun/2024:07:34:37 +0000] "PUT /kodkcfrmag HTTP/1.1" 201 9473 "https://www.example.com/" "Mozilla/5.0 (Windows NT 10.0; Win64; x64) AppleWebKit/537.36 (KHTML, like Gecko) Chrome/58.0.3029.110 Safari/537.36" "192.168.1.2" 0.002
192.168.1.21 - - [12/Jun/2024:07:34:40 +0000] "POST /axkl HTTP/1.1" 302 2593 "https://www.ibm.com/" "Mozilla/5.0 (Windows NT 10.0; Win64; x64; rv:54.0) Gecko/20100101 Firefox/54.0" "192.168.1.3" 0.025
192.168.1.24 - - [12/Jun/2024:07:34:43 +0000] "POST /v HTTP/1.1" 400 197 "https://www.msn.com/" "Mozilla/5.0 (Windows NT 6.1; WOW64; Trident/7.0; AS; rv:11.0) like Gecko" "192.168.1.4" 0.002
192.168.1.42 - - [12/Jun/2024:07:34:50 +0000] "GET /igwqwnlsi HTTP/1.1" 301 1937 "https://www.google.com/" "Mozilla/5.0 (Windows NT 6.1; WOW64; Trident/7.0; AS; rv:11.0) like Gecko" "192.168.1.3" 0.001
192.168.1.37 - - [12/Jun/2024:07:34:53 +0000] "PUT /gi HTTP/1.1" 200 2527 "https://www.msn.com/" "Mozilla/5.0 (Windows NT 10.0; WOW64) AppleWebKit/537.36 (KHTML, like Gecko) Chrome/58.0.3029.110 Safari/537.36 OPR/45.0.2552.898" "192.168.56.1" 0.002
192.168.1.5 - - [12/Jun/2024:07:34:59 +0000] "GET /jfhztvag HTTP/1.1" 400 7103 "https://www.example.com/" "Mozilla/5.0 (Windows NT 10.0; Win64; x64; rv:54.0) Gecko/20100101 Firefox/54.0" "192.168.52.1" 0.025
192.168.1.4 - - [12/Jun/2024:07:34:59 +0000] "GET /fungpkg HTTP/1.1" 204 1764 "https://www.ibm.com/" "Mozilla/5.0 (Windows NT 10.0; Win64; x64) AppleWebKit/537.36 (KHTML, like Gecko) Chrome/58.0.3029.110 Safari/537.36" "192.168.1.2" 0.002
2001:db8:0:1:0:0:0:d - - [12/Jun/2024:07:35:10 +0000] "PUT /i HTTP/1.1" 302 6313 "https://www.msn.com/" "Mozilla/5.0 (Windows NT 10.0; WOW64) AppleWebKit/537.36 (KHTML, like Gecko) Chrome/58.0.3029.110 Safari/537.36 OPR/45.0.2552.898" "192.168.1.1" 0.001
192.168.1.25 - - [12/Jun/2024:07:35:11 +0000] "DELETE /qftsvz HTTP/1.1" 403 8436 "https://www.example.com/" "Mozilla/5.0 (Windows NT 6.1; WOW64; Trident/7.0; AS; rv:11.0) like Gecko" "192.168.1.5" 0.1
192.168.1.33 - - [12/Jun/2024:07:35:14 +0000] "GET /fopu HTTP/1.1" 401 3275 "https://www.ibm.com/" "Mozilla/5.0 (Windows NT 6.1; WOW64; rv:54.0) Gecko/20100101 Firefox/54.0" "192.168.1.1" 0.09
192.168.1.18 - - [12/Jun/2024:07:35:15 +0000] "GET /swzofvisll HTTP/1.1" 500 916 "https://www.msn.com/" "Mozilla/5.0 (Windows NT 10.0; Win64; x64) AppleWebKit/537.36 (KHTML, like Gecko) Chrome/58.0.3029.110 Safari/537.36" "192.168.56.1" 0.002
192.168.1.50 - - [12/Jun/2024:07:35:16 +0000] "POST /fhlylshvp HTTP/1.1" 200 825 "https://www.example.com/" "Mozilla/5.0 (Windows NT 10.0; Win64; x64) AppleWebKit/537.36 (KHTML, like Gecko) Chrome/62.0.3202.94 Safari/537.36" "192.168.1.1" 0.1
192.168.1.15 - - [12/Jun/2024:07:35:16 +0000] "PUT /szrqpdiy HTTP/1.1" 204 8682 "https://www.example.com/" "Mozilla/5.0 (Windows NT 6.1; WOW64; Trident/7.0; AS; rv:11.0) like Gecko" "192.168.1.5" 0.002
192.168.1.29 - - [12/Jun/2024:07:35:20 +0000] "PUT /bf HTTP/1.1" 301 8920 "https://www.example.com/" "Mozilla/5.0 (Windows NT 6.1; WOW64; Trident/7.0; AS; rv:11.0) like Gecko" "192.168.1.5" 0.15
192.168.1.2 - - [12/Jun/2024:07:35:20 +0000] "POST /ssg HTTP/1.1" 403 5146 "https://www.msn.com/" "Mozilla/5.0 (Windows NT 10.0; Win64; x64; rv:54.0) Gecko/20100101 Firefox/54.0" "192.168.1.4" 0.1
192.168.1.11 - - [12/Jun/2024:07:35:25 +0000] "PUT /pqvmbbaan HTTP/1.1" 301 7670 "https://www.ibm.com/" "Mozilla/5.0 (Windows NT 10.0; Win64; x64; rv:54.0) Gecko/20100101 Firefox/54.0" "192.168.1.4" 0.09
192.168.1.50 - - [12/Jun/2024:07:35:34 +0000] "DELETE /cwlc HTTP/1.1" 302 7873 "https://www.google.com/" "Mozilla/5.0 (Windows NT 10.0; WOW64) AppleWebKit/537.36 (KHTML, like Gecko) Chrome/58.0.3029.110 Safari/537.36 OPR/45.0.2552.898" "192.168.1.2" 0.002
192.168.1.40 - - [12/Jun/2024:07:35:35 +0000] "DELETE /xatard HTTP/1.1" 500 6907 "https://www.example.com/" "Mozilla/5.0 (Windows NT 6.1; WOW64; rv:54.0) Gecko/20100101 Firefox/54.0" "192.168.56.1" 0.002
192.168.1.2 - - [12/Jun/2024:07:35:46 +0000] "POST /vgfqhhyglj HTTP/1.1" 403 2162 "https://www.ibm.com/" "Mozilla/5.0 (Windows NT 6.1; WOW64; rv:54.0) Gecko/20100101 Firefox/54.0" "192.168.56.1" 0.09
192.168.1.1 - - [12/Jun/2024:07:35:56 +0000] "PUT /uvyeuf HTTP/1.1" 201 5810 "https://www.msn.com/" "Mozilla/5.0 (Windows NT 10.0; Win64; x64) AppleWebKit/537.36 (KHTML, like Gecko) Chrome/62.0.3202.94 Safari/537.36" "192.168.1.4" 0.001
192.168.1.22 - - [12/Jun/2024:07:35:57 +0000] "POST /ovdwhsm HTTP/1.1" 301 3055 "https://www.ibm.com/" "Mozilla/5.0 (Windows NT 10.0; Win64; x64) AppleWebKit/537.36 (KHTML, like Gecko) Chrome/58.0.3029.110 Safari/537.36" "192.168.1.2" 0.1
192.168.1.40 - - [12/Jun/2024:07:36:05 +0000] "POST /s HTTP/1.1" 204 8930 "https://www.ibm.com/" "Mozilla/5.0 (Windows NT 6.1; WOW64; rv:54.0) Gecko/20100101 Firefox/54.0" "192.168.1.5" 0.025
2001:db8:0:1:0:0:0:c - - [12/Jun/2024:07:36:08 +0000] "GET /tqgc HTTP/1.1" 301 1240 "https://www.msn.com/" "Mozilla/5.0 (Windows NT 6.1; WOW64; Trident/7.0; AS; rv:11.0) like Gecko" "192.168.1.1" 0.025
192.168.1.33 - - [12/Jun/2024:07:36:15 +0000] "POST /jsqtas HTTP/1.1" 404 8326 "https://www.ibm.com/" "Mozilla/5.0 (Windows NT 10.0; Win64; x64; rv:54.0) Gecko/20100101 Firefox/54.0" "192.168.1.5" 0.1
192.168.1.45 - - [12/Jun/2024:07:36:31 +0000] "POST /ixggluj HTTP/1.1" 201 7136 "https://www.msn.com/" "Mozilla/5.0 (Windows NT 10.0; Win64; x64; rv:54.0) Gecko/20100101 Firefox/54.0" "192.168.52.1" 0.09
2001:db8:0:1:0:0:0:5 - - [12/Jun/2024:07:36:32 +0000] "POST /mskvd HTTP/1.1" 401 993 "https://www.example.com/" "Mozilla/5.0 (Windows NT 6.1; WOW64; rv:54.0) Gecko/20100101 Firefox/54.0" "192.168.1.3" 0.002
192.168.1.11 - - [12/Jun/2024:07:36:33 +0000] "POST /wiqijxde HTTP/1.1" 400 4160 "https://www.example.com/" "Mozilla/5.0 (Windows NT 6.1; WOW64; rv:54.0) Gecko/20100101 Firefox/54.0" "192.168.1.2" 0.001
192.168.1.32 - - [12/Jun/2024:07:36:37 +0000] "DELETE /rvwgahdde HTTP/1.1" 204 3730 "https://www.google.com/" "Mozilla/5.0 (Windows NT 6.1; WOW64; Trident/7.0; AS; rv:11.0) like Gecko" "192.168.1.4" 0.001
2001:db8:0:1:0:0:0:3 - - [12/Jun/2024:07:36:41 +0000] "GET /ba HTTP/1.1" 400 9692 "https://www.msn.com/" "Mozilla/5.0 (Windows NT 10.0; WOW64) AppleWebKit/537.36 (KHTML, like Gecko) Chrome/58.0.3029.110 Safari/537.36 OPR/45.0.2552.898" "192.168.56.1" 0.15
192.168.1.37 - - [12/Jun/2024:07:36:43 +0000] "DELETE /hejocj HTTP/1.1" 200 2265 "https://www.ibm.com/" "Mozilla/5.0 (Windows NT 6.1; WOW64; Trident/7.0; AS; rv:11.0) like Gecko" "192.168.56.1" 0.025
2001:db8:0:1:0:0:0:e - - [12/Jun/2024:07:36:43 +0000] "GET /ergkyhs HTTP/1.1" 204 9212 "https://www.google.com/" "Mozilla/5.0 (Windows NT 6.1; WOW64; Trident/7.0; AS; rv:11.0) like Gecko" "192.168.1.2" 0.15
192.168.1.12 - - [12/Jun/2024:07:36:45 +0000] "DELETE /wyqut HTTP/1.1" 403 2990 "https://www.ibm.com/" "Mozilla/5.0 (Windows NT 10.0; Win64; x64; rv:54.0) Gecko/20100101 Firefox/54.0" "192.168.1.2" 0.001
2001:db8:0:1:0:0:0:e - - [12/Jun/2024:07:36:46 +0000] "POST /phjj HTTP/1.1" 401 7130 "https://www.msn.com/" "Mozilla/5.0 (Windows NT 10.0; Win64; x64) AppleWebKit/537.36 (KHTML, like Gecko) Chrome/58.0.3029.110 Safari/537.36" "192.168.1.1" 0.001
192.168.1.37 - - [12/Jun/2024:07:36:47 +0000] "DELETE /jhgwj HTTP/1.1" 301 2683 "https://www.msn.com/" "Mozilla/5.0 (Windows NT 10.0; Win64; x64) AppleWebKit/537.36 (KHTML, like Gecko) Chrome/62.0.3202.94 Safari/537.36" "192.168.1.1" 0.1
192.168.1.37 - - [12/Jun/2024:07:36:47 +0000] "POST /fbktamrdh HTTP/1.1" 500 1434 "https://www.google.com/" "Mozilla/5.0 (Windows NT 6.1; WOW64; Trident/7.0; AS; rv:11.0) like Gecko" "192.168.1.4" 0.002
2001:db8:0:1:0:0:0:b - - [12/Jun/2024:07:36:50 +0000] "PUT /fncor HTTP/1.1" 200 8017 "https://www.google.com/" "Mozilla/5.0 (Windows NT 10.0; Win64; x64) AppleWebKit/537.36 (KHTML, like Gecko) Chrome/62.0.3202.94 Safari/537.36" "192.168.1.2" 0.001
192.168.1.2 - - [12/Jun/2024:07:36:51 +0000] "POST /cv HTTP/1.1" 204 8456 "https://www.msn.com/" "Mozilla/5.0 (Windows NT 10.0; Win64; x64; rv:54.0) Gecko/20100101 Firefox/54.0" "192.168.1.5" 0.001
2001:db8:0:1:0:0:0:4 - - [12/Jun/2024:07:36:53 +0000] "GET /za HTTP/1.1" 401 9327 "https://www.google.com/" "Mozilla/5.0 (Windows NT 10.0; WOW64) AppleWebKit/537.36 (KHTML, like Gecko) Chrome/58.0.3029.110 Safari/537.36 OPR/45.0.2552.898" "192.168.1.1" 0.001
2001:db8:0:1:0:0:0:a - - [12/Jun/2024:07:36:57 +0000] "POST /mqqzxkrtk HTTP/1.1" 200 7084 "https://www.ibm.com/" "Mozilla/5.0 (Windows NT 10.0; WOW64) AppleWebKit/537.36 (KHTML, like Gecko) Chrome/58.0.3029.110 Safari/537.36 OPR/45.0.2552.898" "192.168.56.1" 0.001
192.168.1.50 - - [12/Jun/2024:07:37:01 +0000] "PUT /crxgu HTTP/1.1" 400 7931 "https://www.ibm.com/" "Mozilla/5.0 (Windows NT 6.1; WOW64; Trident/7.0; AS; rv:11.0) like Gecko" "192.168.1.4" 0.09
192.168.1.20 - - [12/Jun/2024:07:37:01 +0000] "GET /hawgkej HTTP/1.1" 404 9274 "https://www.msn.com/" "Mozilla/5.0 (Windows NT 10.0; Win64; x64) AppleWebKit/537.36 (KHTML, like Gecko) Chrome/62.0.3202.94 Safari/537.36" "192.168.1.4" 0.025
2001:db8:0:1:0:0:0:c - - [12/Jun/2024:07:37:02 +0000] "DELETE /vkh HTTP/1.1" 204 2513 "https://www.ibm.com/" "Mozilla/5.0 (Windows NT 6.1; WOW64; Trident/7.0; AS; rv:11.0) like Gecko" "192.168.1.5" 0.002
192.168.1.30 - - [12/Jun/2024:07:37:05 +0000] "POST /crgvu HTTP/1.1" 400 623 "https://www.example.com/" "Mozilla/5.0 (Windows NT 10.0; Win64; x64; rv:54.0) Gecko/20100101 Firefox/54.0" "192.168.1.5" 0.001
192.168.1.11 - - [12/Jun/2024:07:37:09 +0000] "GET /agjsjy HTTP/1.1" 401 3662 "https://www.ibm.com/" "Mozilla/5.0 (Windows NT 10.0; Win64; x64) AppleWebKit/537.36 (KHTML, like Gecko) Chrome/58.0.3029.110 Safari/537.36" "192.168.52.1" 0.1
192.168.1.24 - - [12/Jun/2024:07:37:11 +0000] "DELETE /stjiziwxs HTTP/1.1" 403 6778 "https://www.example.com/" "Mozilla/5.0 (Windows NT 10.0; WOW64) AppleWebKit/537.36 (KHTML, like Gecko) Chrome/58.0.3029.110 Safari/537.36 OPR/45.0.2552.898" "192.168.52.1" 0.002
192.168.1.36 - - [12/Jun/2024:07:37:11 +0000] "DELETE /fmfzwa HTTP/1.1" 400 8863 "https://www.ibm.com/" "Mozilla/5.0 (Windows NT 10.0; Win64; x64; rv:54.0) Gecko/20100101 Firefox/54.0" "192.168.56.1" 0.15
192.168.1.50 - - [12/Jun/2024:07:37:18 +0000] "PUT /lbpvpcgqwj HTTP/1.1" 401 5448 "https://www.google.com/" "Mozilla/5.0 (Windows NT 10.0; WOW64) AppleWebKit/537.36 (KHTML, like Gecko) Chrome/58.0.3029.110 Safari/537.36 OPR/45.0.2552.898" "192.168.1.3" 0.002
192.168.1.13 - - [12/Jun/2024:07:37:25 +0000] "POST /rqmku HTTP/1.1" 404 8854 "https://www.example.com/" "Mozilla/5.0 (Windows NT 10.0; Win64; x64) AppleWebKit/537.36 (KHTML, like Gecko) Chrome/62.0.3202.94 Safari/537.36" "192.168.52.1" 0.001
192.168.1.4 - - [12/Jun/2024:07:37:29 +0000] "POST /wjud HTTP/1.1" 201 8264 "https://www.ibm.com/" "Mozilla/5.0 (Windows NT 6.1; WOW64; Trident/7.0; AS; rv:11.0) like Gecko" "192.168.1.2" 0.001
2001:db8:0:1:0:0:0:1 - - [12/Jun/2024:07:37:41 +0000] "POST /o HTTP/1.1" 403 8127 "https://www.google.com/" "Mozilla/5.0 (Windows NT 10.0; WOW64) AppleWebKit/537.36 (KHTML, like Gecko) Chrome/58.0.3029.110 Safari/537.36 OPR/45.0.2552.898" "192.168.1.5" 0.1
192.168.1.13 - - [12/Jun/2024:07:37:47 +0000] "POST /slgkvs HTTP/1.1" 500 1311 "https://www.ibm.com/" "Mozilla/5.0 (Windows NT 6.1; WOW64; rv:54.0) Gecko/20100101 Firefox/54.0" "192.168.1.4" 0.025
192.168.1.26 - - [12/Jun/2024:07:37:58 +0000] "GET /c HTTP/1.1" 500 6823 "https://www.msn.com/" "Mozilla/5.0 (Windows NT 10.0; Win64; x64) AppleWebKit/537.36 (KHTML, like Gecko) Chrome/58.0.3029.110 Safari/537.36" "192.168.1.2" 0.1
2001:db8:0:1:0:0:0:8 - - [12/Jun/2024:07:38:00 +0000] "PUT /jwcyoap HTTP/1.1" 201 2844 "https://www.ibm.com/" "Mozilla/5.0 (Windows NT 10.0; WOW64) AppleWebKit/537.36 (KHTML, like Gecko) Chrome/58.0.3029.110 Safari/537.36 OPR/45.0.2552.898" "192.168.1.5" 0.001
192.168.1.40 - - [12/Jun/2024:07:38:10 +0000] "GET /sotyqk HTTP/1.1" 404 6147 "https://www.msn.com/" "Mozilla/5.0 (Windows NT 6.1; WOW64; Trident/7.0; AS; rv:11.0) like Gecko" "192.168.1.1" 0.1
192.168.1.14 - - [12/Jun/2024:07:38:10 +0000] "PUT /qn HTTP/1.1" 301 9106 "https://www.google.com/" "Mozilla/5.0 (Windows NT 10.0; Win64; x64) AppleWebKit/537.36 (KHTML, like Gecko) Chrome/62.0.3202.94 Safari/537.36" "192.168.1.1" 0.002
192.168.1.22 - - [12/Jun/2024:07:38:11 +0000] "PUT /bxzcbxw HTTP/1.1" 200 4315 "https://www.msn.com/" "Mozilla/5.0 (Windows NT 10.0; Win64; x64) AppleWebKit/537.36 (KHTML, like Gecko) Chrome/62.0.3202.94 Safari/537.36" "192.168.56.1" 0.002
192.168.1.37 - - [12/Jun/2024:07:38:19 +0000] "GET /wimhsdxh HTTP/1.1" 204 8906 "https://www.example.com/" "Mozilla/5.0 (Windows NT 10.0; Win64; x64) AppleWebKit/537.36 (KHTML, like Gecko) Chrome/62.0.3202.94 Safari/537.36" "192.168.52.1" 0.001
192.168.1.9 - - [12/Jun/2024:07:38:21 +0000] "PUT /dgkizecy HTTP/1.1" 403 1591 "https://www.msn.com/" "Mozilla/5.0 (Windows NT 10.0; Win64; x64; rv:54.0) Gecko/20100101 Firefox/54.0" "192.168.1.3" 0.001
192.168.1.41 - - [12/Jun/2024:07:38:23 +0000] "GET /qjaandlrt HTTP/1.1" 400 5905 "https://www.msn.com/" "Mozilla/5.0 (Windows NT 10.0; Win64; x64; rv:54.0) Gecko/20100101 Firefox/54.0" "192.168.1.3" 0.002
192.168.1.30 - - [12/Jun/2024:07:38:28 +0000] "DELETE /qblvpf HTTP/1.1" 200 5031 "https://www.ibm.com/" "Mozilla/5.0 (Windows NT 10.0; WOW64) AppleWebKit/537.36 (KHTML, like Gecko) Chrome/58.0.3029.110 Safari/537.36 OPR/45.0.2552.898" "192.168.1.4" 0.025
2001:db8:0:1:0:0:0:e - - [12/Jun/2024:07:38:34 +0000] "PUT /iqzvg HTTP/1.1" 200 2550 "https://www.msn.com/" "Mozilla/5.0 (Windows NT 10.0; Win64; x64) AppleWebKit/537.36 (KHTML, like Gecko) Chrome/58.0.3029.110 Safari/537.36" "192.168.1.3" 0.002
192.168.1.30 - - [12/Jun/2024:07:38:35 +0000] "GET /r HTTP/1.1" 404 7739 "https://www.msn.com/" "Mozilla/5.0 (Windows NT 6.1; WOW64; rv:54.0) Gecko/20100101 Firefox/54.0" "192.168.56.1" 0.002
192.168.1.41 - - [12/Jun/2024:07:38:38 +0000] "DELETE /tu HTTP/1.1" 403 7975 "https://www.google.com/" "Mozilla/5.0 (Windows NT 10.0; Win64; x64) AppleWebKit/537.36 (KHTML, like Gecko) Chrome/58.0.3029.110 Safari/537.36" "192.168.56.1" 0.001
192.168.1.7 - - [12/Jun/2024:07:38:51 +0000] "GET /qtsoyum HTTP/1.1" 403 4150 "https://www.google.com/" "Mozilla/5.0 (Windows NT 6.1; WOW64; Trident/7.0; AS; rv:11.0) like Gecko" "192.168.1.1" 0.002
2001:db8:0:1:0:0:0:9 - - [12/Jun/2024:07:38:53 +0000] "DELETE /ej HTTP/1.1" 200 1295 "https://www.example.com/" "Mozilla/5.0 (Windows NT 6.1; WOW64; Trident/7.0; AS; rv:11.0) like Gecko" "192.168.1.2" 0.001
192.168.1.7 - - [12/Jun/2024:07:38:54 +0000] "GET /qrkbarww HTTP/1.1" 200 7082 "https://www.google.com/" "Mozilla/5.0 (Windows NT 10.0; WOW64) AppleWebKit/537.36 (KHTML, like Gecko) Chrome/58.0.3029.110 Safari/537.36 OPR/45.0.2552.898" "192.168.1.3" 0.002
192.168.1.34 - - [12/Jun/2024:07:38:55 +0000] "PUT /mzef HTTP/1.1" 400 7210 "https://www.example.com/" "Mozilla/5.0 (Windows NT 6.1; WOW64; Trident/7.0; AS; rv:11.0) like Gecko" "192.168.1.4" 0.09
2001:db8:0:1:0:0:0:e - - [12/Jun/2024:07:38:57 +0000] "PUT /klzijxfq HTTP/1.1" 302 4152 "https://www.ibm.com/" "Mozilla/5.0 (Windows NT 10.0; Win64; x64) AppleWebKit/537.36 (KHTML, like Gecko) Chrome/62.0.3202.94 Safari/537.36" "192.168.52.1" 0.1
2001:db8:0:1:0:0:0:2 - - [12/Jun/2024:07:38:58 +0000] "DELETE /fcrul HTTP/1.1" 400 907 "https://www.ibm.com/" "Mozilla/5.0 (Windows NT 10.0; WOW64) AppleWebKit/537.36 (KHTML, like Gecko) Chrome/58.0.3029.110 Safari/537.36 OPR/45.0.2552.898" "192.168.1.1" 0.09
2001:db8:0:1:0:0:0:c - - [12/Jun/2024:07:39:01 +0000] "PUT /kobu HTTP/1.1" 403 6140 "https://www.ibm.com/" "Mozilla/5.0 (Windows NT 6.1; WOW64; rv:54.0) Gecko/20100101 Firefox/54.0" "192.168.1.2" 0.15
192.168.1.49 - - [12/Jun/2024:07:39:02 +0000] "PUT /bwio HTTP/1.1" 301 2890 "https://www.google.com/" "Mozilla/5.0 (Windows NT 10.0; WOW64) AppleWebKit/537.36 (KHTML, like Gecko) Chrome/58.0.3029.110 Safari/537.36 OPR/45.0.2552.898" "192.168.52.1" 0.002
2001:db8:0:1:0:0:0:5 - - [12/Jun/2024:07:39:02 +0000] "POST /jv HTTP/1.1" 301 3760 "https://www.msn.com/" "Mozilla/5.0 (Windows NT 10.0; Win64; x64) AppleWebKit/537.36 (KHTML, like Gecko) Chrome/58.0.3029.110 Safari/537.36" "192.168.1.4" 0.001
192.168.1.10 - - [12/Jun/2024:07:39:06 +0000] "DELETE /bc HTTP/1.1" 404 6099 "https://www.msn.com/" "Mozilla/5.0 (Windows NT 10.0; WOW64) AppleWebKit/537.36 (KHTML, like Gecko) Chrome/58.0.3029.110 Safari/537.36 OPR/45.0.2552.898" "192.168.1.4" 0.1
192.168.1.17 - - [12/Jun/2024:07:39:06 +0000] "POST /y HTTP/1.1" 404 6784 "https://www.ibm.com/" "Mozilla/5.0 (Windows NT 6.1; WOW64; rv:54.0) Gecko/20100101 Firefox/54.0" "192.168.52.1" 0.09
192.168.1.30 - - [12/Jun/2024:07:39:06 +0000] "POST /tcz HTTP/1.1" 500 8593 "https://www.ibm.com/" "Mozilla/5.0 (Windows NT 10.0; WOW64) AppleWebKit/537.36 (KHTML, like Gecko) Chrome/58.0.3029.110 Safari/537.36 OPR/45.0.2552.898" "192.168.52.1" 0.001
192.168.1.34 - - [12/Jun/2024:07:39:11 +0000] "GET /oq HTTP/1.1" 204 7970 "https://www.example.com/" "Mozilla/5.0 (Windows NT 10.0; Win64; x64) AppleWebKit/537.36 (KHTML, like Gecko) Chrome/58.0.3029.110 Safari/537.36" "192.168.56.1" 0.15
2001:db8:0:1:0:0:0:3 - - [12/Jun/2024:07:39:18 +0000] "DELETE /lpyuqx HTTP/1.1" 400 9662 "https://www.example.com/" "Mozilla/5.0 (Windows NT 6.1; WOW64; Trident/7.0; AS; rv:11.0) like Gecko" "192.168.52.1" 0.025
192.168.1.6 - - [12/Jun/2024:07:39:19 +0000] "PUT /pzvomuoxjs HTTP/1.1" 200 9034 "https://www.example.com/" "Mozilla/5.0 (Windows NT 6.1; WOW64; rv:54.0) Gecko/20100101 Firefox/54.0" "192.168.1.2" 0.002
192.168.1.36 - - [12/Jun/2024:07:39:23 +0000] "GET /kddfx HTTP/1.1" 301 1506 "https://www.example.com/" "Mozilla/5.0 (Windows NT 10.0; Win64; x64) AppleWebKit/537.36 (KHTML, like Gecko) Chrome/62.0.3202.94 Safari/537.36" "192.168.1.2" 0.002
192.168.1.29 - - [12/Jun/2024:07:39:24 +0000] "POST /msktl HTTP/1.1" 200 7455 "https://www.example.com/" "Mozilla/5.0 (Windows NT 10.0; Win64; x64) AppleWebKit/537.36 (KHTML, like Gecko) Chrome/62.0.3202.94 Safari/537.36" "192.168.1.3" 0.1
192.168.1.38 - - [12/Jun/2024:07:39:25 +0000] "POST /ghqdpbu HTTP/1.1" 400 4866 "https://www.example.com/" "Mozilla/5.0 (Windows NT 10.0; WOW64) AppleWebKit/537.36 (KHTML, like Gecko) Chrome/58.0.3029.110 Safari/537.36 OPR/45.0.2552.898" "192.168.1.1" 0.002
2001:db8:0:1:0:0:0:4 - - [12/Jun/2024:07:39:25 +0000] "GET /qlqusnxgty HTTP/1.1" 302 9344 "https://www.msn.com/" "Mozilla/5.0 (Windows NT 6.1; WOW64; Trident/7.0; AS; rv:11.0) like Gecko" "192.168.1.5" 0.002
192.168.1.22 - - [12/Jun/2024:07:39:34 +0000] "PUT /dtsevlifzj HTTP/1.1" 500 7628 "https://www.ibm.com/" "Mozilla/5.0 (Windows NT 6.1; WOW64; rv:54.0) Gecko/20100101 Firefox/54.0" "192.168.1.5" 0.09
2001:db8:0:1:0:0:0:c - - [12/Jun/2024:07:39:36 +0000] "PUT /ko HTTP/1.1" 301 6016 "https://www.ibm.com/" "Mozilla/5.0 (Windows NT 10.0; Win64; x64; rv:54.0) Gecko/20100101 Firefox/54.0" "192.168.1.4" 0.001
2001:db8:0:1:0:0:0:7 - - [12/Jun/2024:07:39:38 +0000] "POST /yxlvhtfyv HTTP/1.1" 403 5063 "https://www.example.com/" "Mozilla/5.0 (Windows NT 10.0; Win64; x64) AppleWebKit/537.36 (KHTML, like Gecko) Chrome/58.0.3029.110 Safari/537.36" "192.168.1.4" 0.09
192.168.1.28 - - [12/Jun/2024:07:39:42 +0000] "GET /zrelrzhri HTTP/1.1" 500 9148 "https://www.msn.com/" "Mozilla/5.0 (Windows NT 10.0; Win64; x64) AppleWebKit/537.36 (KHTML, like Gecko) Chrome/58.0.3029.110 Safari/537.36" "192.168.1.2" 0.025
192.168.1.12 - - [12/Jun/2024:07:39:44 +0000] "POST /difhxkhcp HTTP/1.1" 302 6210 "https://www.msn.com/" "Mozilla/5.0 (Windows NT 10.0; Win64; x64) AppleWebKit/537.36 (KHTML, like Gecko) Chrome/62.0.3202.94 Safari/537.36" "192.168.56.1" 0.002
192.168.1.21 - - [12/Jun/2024:07:39:49 +0000] "POST /vrtpva HTTP/1.1" 201 3708 "https://www.msn.com/" "Mozilla/5.0 (Windows NT 10.0; Win64; x64) AppleWebKit/537.36 (KHTML, like Gecko) Chrome/58.0.3029.110 Safari/537.36" "192.168.1.3" 0.1
192.168.1.13 - - [12/Jun/2024:07:39:51 +0000] "DELETE /qgtwenpqpm HTTP/1.1" 200 3428 "https://www.msn.com/" "Mozilla/5.0 (Windows NT 6.1; WOW64; Trident/7.0; AS; rv:11.0) like Gecko" "192.168.1.5" 0.002
192.168.1.15 - - [12/Jun/2024:07:40:02 +0000] "POST /yiufinczgg HTTP/1.1" 201 4536 "https://www.msn.com/" "Mozilla/5.0 (Windows NT 10.0; Win64; x64) AppleWebKit/537.36 (KHTML, like Gecko) Chrome/62.0.3202.94 Safari/537.36" "192.168.1.1" 0.15
192.168.1.26 - - [12/Jun/2024:07:40:12 +0000] "GET /ahohegqa HTTP/1.1" 401 6683 "https://www.msn.com/" "Mozilla/5.0 (Windows NT 10.0; Win64; x64) AppleWebKit/537.36 (KHTML, like Gecko) Chrome/62.0.3202.94 Safari/537.36" "192.168.1.5" 0.002
192.168.1.13 - - [12/Jun/2024:07:40:13 +0000] "PUT /hhhglyg HTTP/1.1" 400 1313 "https://www.example.com/" "Mozilla/5.0 (Windows NT 6.1; WOW64; rv:54.0) Gecko/20100101 Firefox/54.0" "192.168.1.5" 0.001
2001:db8:0:1:0:0:0:4 - - [12/Jun/2024:07:40:14 +0000] "POST /k HTTP/1.1" 400 911 "https://www.example.com/" "Mozilla/5.0 (Windows NT 10.0; WOW64) AppleWebKit/537.36 (KHTML, like Gecko) Chrome/58.0.3029.110 Safari/537.36 OPR/45.0.2552.898" "192.168.1.4" 0.001
2001:db8:0:1:0:0:0:a - - [12/Jun/2024:07:40:19 +0000] "POST /kdoewrwr HTTP/1.1" 201 4307 "https://www.example.com/" "Mozilla/5.0 (Windows NT 10.0; Win64; x64; rv:54.0) Gecko/20100101 Firefox/54.0" "192.168.1.2" 0.09
2001:db8:0:1:0:0:0:2 - - [12/Jun/2024:07:40:20 +0000] "PUT /pnlsiab HTTP/1.1" 500 1282 "https://www.msn.com/" "Mozilla/5.0 (Windows NT 10.0; Win64; x64) AppleWebKit/537.36 (KHTML, like Gecko) Chrome/62.0.3202.94 Safari/537.36" "192.168.56.1" 0.002
192.168.1.39 - - [12/Jun/2024:07:40:24 +0000] "POST /rjno HTTP/1.1" 204 8087 "https://www.msn.com/" "Mozilla/5.0 (Windows NT 10.0; Win64; x64) AppleWebKit/537.36 (KHTML, like Gecko) Chrome/58.0.3029.110 Safari/537.36" "192.168.1.3" 0.002
2001:db8:0:1:0:0:0:3 - - [12/Jun/2024:07:40:24 +0000] "PUT /cnoe HTTP/1.1" 500 7559 "https://www.msn.com/" "Mozilla/5.0 (Windows NT 10.0; Win64; x64) AppleWebKit/537.36 (KHTML, like Gecko) Chrome/58.0.3029.110 Safari/537.36" "192.168.1.5" 0.001
192.168.1.26 - - [12/Jun/2024:07:40:25 +0000] "PUT /lxzxqkcng HTTP/1.1" 302 4470 "https://www.msn.com/" "Mozilla/5.0 (Windows NT 10.0; Win64; x64; rv:54.0) Gecko/20100101 Firefox/54.0" "192.168.1.2" 0.001
192.168.1.16 - - [12/Jun/2024:07:40:30 +0000] "GET /hubkmnbdvr HTTP/1.1" 204 790 "https://www.example.com/" "Mozilla/5.0 (Windows NT 10.0; Win64; x64) AppleWebKit/537.36 (KHTML, like Gecko) Chrome/62.0.3202.94 Safari/537.36" "192.168.1.5" 0.001
192.168.1.50 - - [12/Jun/2024:07:40:38 +0000] "POST /jwwphnhs HTTP/1.1" 201 5600 "https://www.ibm.com/" "Mozilla/5.0 (Windows NT 10.0; WOW64) AppleWebKit/537.36 (KHTML, like Gecko) Chrome/58.0.3029.110 Safari/537.36 OPR/45.0.2552.898" "192.168.1.1" 0.002
192.168.1.45 - - [12/Jun/2024:07:40:39 +0000] "POST /le HTTP/1.1" 204 4639 "https://www.msn.com/" "Mozilla/5.0 (Windows NT 6.1; WOW64; rv:54.0) Gecko/20100101 Firefox/54.0" "192.168.1.5" 0.001
192.168.1.14 - - [12/Jun/2024:07:40:48 +0000] "PUT /rlzkfh HTTP/1.1" 401 2642 "https://www.example.com/" "Mozilla/5.0 (Windows NT 10.0; WOW64) AppleWebKit/537.36 (KHTML, like Gecko) Chrome/58.0.3029.110 Safari/537.36 OPR/45.0.2552.898" "192.168.56.1" 0.15
192.168.1.17 - - [12/Jun/2024:07:40:48 +0000] "POST /fvvli HTTP/1.1" 404 6095 "https://www.msn.com/" "Mozilla/5.0 (Windows NT 6.1; WOW64; Trident/7.0; AS; rv:11.0) like Gecko" "192.168.1.5" 0.025
192.168.1.10 - - [12/Jun/2024:07:40:48 +0000] "GET /beguvzxdyt HTTP/1.1" 500 748 "https://www.google.com/" "Mozilla/5.0 (Windows NT 10.0; WOW64) AppleWebKit/537.36 (KHTML, like Gecko) Chrome/58.0.3029.110 Safari/537.36 OPR/45.0.2552.898" "192.168.1.5" 0.001
192.168.1.13 - - [12/Jun/2024:07:40:49 +0000] "DELETE /moat HTTP/1.1" 401 2100 "https://www.google.com/" "Mozilla/5.0 (Windows NT 6.1; WOW64; Trident/7.0; AS; rv:11.0) like Gecko" "192.168.1.4" 0.001
192.168.1.41 - - [12/Jun/2024:07:40:51 +0000] "POST /csq HTTP/1.1" 200 7896 "https://www.ibm.com/" "Mozilla/5.0 (Windows NT 6.1; WOW64; rv:54.0) Gecko/20100101 Firefox/54.0" "192.168.1.3" 0.002
192.168.1.15 - - [12/Jun/2024:07:40:54 +0000] "POST /ulvz HTTP/1.1" 302 6248 "https://www.google.com/" "Mozilla/5.0 (Windows NT 10.0; Win64; x64; rv:54.0) Gecko/20100101 Firefox/54.0" "192.168.56.1" 0.002
192.168.1.12 - - [12/Jun/2024:07:40:55 +0000] "POST /wv HTTP/1.1" 200 3634 "https://www.example.com/" "Mozilla/5.0 (Windows NT 10.0; WOW64) AppleWebKit/537.36 (KHTML, like Gecko) Chrome/58.0.3029.110 Safari/537.36 OPR/45.0.2552.898" "192.168.1.4" 0.002
192.168.1.22 - - [12/Jun/2024:07:40:59 +0000] "POST /jqntvev HTTP/1.1" 200 4669 "https://www.google.com/" "Mozilla/5.0 (Windows NT 10.0; Win64; x64) AppleWebKit/537.36 (KHTML, like Gecko) Chrome/58.0.3029.110 Safari/537.36" "192.168.56.1" 0.002
192.168.1.37 - - [12/Jun/2024:07:41:00 +0000] "GET /j HTTP/1.1" 500 9211 "https://www.ibm.com/" "Mozilla/5.0 (Windows NT 10.0; WOW64) AppleWebKit/537.36 (KHTML, like Gecko) Chrome/58.0.3029.110 Safari/537.36 OPR/45.0.2552.898" "192.168.1.3" 0.001
192.168.1.42 - - [12/Jun/2024:07:41:03 +0000] "POST /wbwpcnktp HTTP/1.1" 200 2528 "https://www.google.com/" "Mozilla/5.0 (Windows NT 6.1; WOW64; Trident/7.0; AS; rv:11.0) like Gecko" "192.168.1.1" 0.09
192.168.1.39 - - [12/Jun/2024:07:41:07 +0000] "DELETE /iawttpcsbg HTTP/1.1" 200 4307 "https://www.msn.com/" "Mozilla/5.0 (Windows NT 6.1; WOW64; rv:54.0) Gecko/20100101 Firefox/54.0" "192.168.1.2" 0.025
192.168.1.7 - - [12/Jun/2024:07:41:09 +0000] "DELETE /zafbdo HTTP/1.1" 301 7940 "https://www.msn.com/" "Mozilla/5.0 (Windows NT 6.1; WOW64; Trident/7.0; AS; rv:11.0) like Gecko" "192.168.1.2" 0.025
192.168.1.3 - - [12/Jun/2024:07:41:09 +0000] "GET /kpweifbfm HTTP/1.1" 500 8312 "https://www.google.com/" "Mozilla/5.0 (Windows NT 6.1; WOW64; rv:54.0) Gecko/20100101 Firefox/54.0" "192.168.52.1" 0.025
2001:db8:0:1:0:0:0:3 - - [12/Jun/2024:07:41:19 +0000] "POST /keerymdjhv HTTP/1.1" 301 3371 "https://www.google.com/" "Mozilla/5.0 (Windows NT 10.0; Win64; x64) AppleWebKit/537.36 (KHTML, like Gecko) Chrome/62.0.3202.94 Safari/537.36" "192.168.1.3" 0.001
192.168.1.50 - - [12/Jun/2024:07:41:21 +0000] "PUT /fwbybwlz HTTP/1.1" 401 6955 "https://www.example.com/" "Mozilla/5.0 (Windows NT 6.1; WOW64; Trident/7.0; AS; rv:11.0) like Gecko" "192.168.1.2" 0.025
192.168.1.43 - - [12/Jun/2024:07:41:22 +0000] "GET /a HTTP/1.1" 403 3604 "https://www.example.com/" "Mozilla/5.0 (Windows NT 6.1; WOW64; rv:54.0) Gecko/20100101 Firefox/54.0" "192.168.56.1" 0.001
192.168.1.13 - - [12/Jun/2024:07:41:30 +0000] "GET /hkhkhqjeai HTTP/1.1" 201 8886 "https://www.msn.com/" "Mozilla/5.0 (Windows NT 10.0; Win64; x64) AppleWebKit/537.36 (KHTML, like Gecko) Chrome/62.0.3202.94 Safari/537.36" "192.168.56.1" 0.001
192.168.1.20 - - [12/Jun/2024:07:41:35 +0000] "DELETE /plbbvptavz HTTP/1.1" 401 8891 "https://www.google.com/" "Mozilla/5.0 (Windows NT 10.0; WOW64) AppleWebKit/537.36 (KHTML, like Gecko) Chrome/58.0.3029.110 Safari/537.36 OPR/45.0.2552.898" "192.168.1.2" 0.025
2001:db8:0:1:0:0:0:4 - - [12/Jun/2024:07:41:42 +0000] "GET /rfkhghj HTTP/1.1" 500 1283 "https://www.msn.com/" "Mozilla/5.0 (Windows NT 10.0; Win64; x64) AppleWebKit/537.36 (KHTML, like Gecko) Chrome/58.0.3029.110 Safari/537.36" "192.168.1.1" 0.002
192.168.1.48 - - [12/Jun/2024:07:41:42 +0000] "DELETE /swf HTTP/1.1" 404 5401 "https://www.msn.com/" "Mozilla/5.0 (Windows NT 10.0; Win64; x64) AppleWebKit/537.36 (KHTML, like Gecko) Chrome/58.0.3029.110 Safari/537.36" "192.168.52.1" 0.025
2001:db8:0:1:0:0:0:5 - - [12/Jun/2024:07:41:47 +0000] "PUT /bc HTTP/1.1" 302 1902 "https://www.msn.com/" "Mozilla/5.0 (Windows NT 10.0; Win64; x64; rv:54.0) Gecko/20100101 Firefox/54.0" "192.168.1.3" 0.09
192.168.1.35 - - [12/Jun/2024:07:41:47 +0000] "GET /a HTTP/1.1" 301 3574 "https://www.ibm.com/" "Mozilla/5.0 (Windows NT 6.1; WOW64; Trident/7.0; AS; rv:11.0) like Gecko" "192.168.1.3" 0.09
192.168.1.30 - - [12/Jun/2024:07:41:51 +0000] "PUT /azdyb HTTP/1.1" 400 5613 "https://www.google.com/" "Mozilla/5.0 (Windows NT 6.1; WOW64; Trident/7.0; AS; rv:11.0) like Gecko" "192.168.1.3" 0.002
192.168.1.34 - - [12/Jun/2024:07:41:53 +0000] "GET /sjpnffnxu HTTP/1.1" 400 1883 "https://www.ibm.com/" "Mozilla/5.0 (Windows NT 10.0; Win64; x64; rv:54.0) Gecko/20100101 Firefox/54.0" "192.168.1.5" 0.001
192.168.1.25 - - [12/Jun/2024:07:41:56 +0000] "GET /i HTTP/1.1" 404 1907 "https://www.msn.com/" "Mozilla/5.0 (Windows NT 10.0; WOW64) AppleWebKit/537.36 (KHTML, like Gecko) Chrome/58.0.3029.110 Safari/537.36 OPR/45.0.2552.898" "192.168.52.1" 0.025
2001:db8:0:1:0:0:0:a - - [12/Jun/2024:07:41:59 +0000] "DELETE /s HTTP/1.1" 200 2098 "https://www.example.com/" "Mozilla/5.0 (Windows NT 10.0; Win64; x64) AppleWebKit/537.36 (KHTML, like Gecko) Chrome/62.0.3202.94 Safari/537.36" "192.168.52.1" 0.09
192.168.1.10 - - [12/Jun/2024:07:42:04 +0000] "DELETE /ybwtpzdw HTTP/1.1" 200 9211 "https://www.example.com/" "Mozilla/5.0 (Windows NT 10.0; Win64; x64; rv:54.0) Gecko/20100101 Firefox/54.0" "192.168.1.1" 0.002
2001:db8:0:1:0:0:0:5 - - [12/Jun/2024:07:42:06 +0000] "PUT /arr HTTP/1.1" 401 7303 "https://www.google.com/" "Mozilla/5.0 (Windows NT 10.0; WOW64) AppleWebKit/537.36 (KHTML, like Gecko) Chrome/58.0.3029.110 Safari/537.36 OPR/45.0.2552.898" "192.168.1.4" 0.002
192.168.1.45 - - [12/Jun/2024:07:42:08 +0000] "POST /uchda HTTP/1.1" 401 1836 "https://www.msn.com/" "Mozilla/5.0 (Windows NT 10.0; Win64; x64) AppleWebKit/537.36 (KHTML, like Gecko) Chrome/58.0.3029.110 Safari/537.36" "192.168.1.3" 0.001
2001:db8:0:1:0:0:0:a - - [12/Jun/2024:07:42:09 +0000] "POST /jcrepetbd HTTP/1.1" 404 3961 "https://www.example.com/" "Mozilla/5.0 (Windows NT 6.1; WOW64; rv:54.0) Gecko/20100101 Firefox/54.0" "192.168.1.3" 0.001
192.168.1.5 - - [12/Jun/2024:07:42:10 +0000] "DELETE /iodb HTTP/1.1" 204 5875 "https://www.example.com/" "Mozilla/5.0 (Windows NT 10.0; WOW64) AppleWebKit/537.36 (KHTML, like Gecko) Chrome/58.0.3029.110 Safari/537.36 OPR/45.0.2552.898" "192.168.1.1" 0.002
192.168.1.4 - - [12/Jun/2024:07:42:12 +0000] "POST /hfhfsku HTTP/1.1" 401 4297 "https://www.msn.com/" "Mozilla/5.0 (Windows NT 10.0; WOW64) AppleWebKit/537.36 (KHTML, like Gecko) Chrome/58.0.3029.110 Safari/537.36 OPR/45.0.2552.898" "192.168.1.5" 0.15
192.168.1.28 - - [12/Jun/2024:07:42:14 +0000] "PUT /mkecl HTTP/1.1" 302 5424 "https://www.msn.com/" "Mozilla/5.0 (Windows NT 6.1; WOW64; Trident/7.0; AS; rv:11.0) like Gecko" "192.168.1.2" 0.002
192.168.1.38 - - [12/Jun/2024:07:42:15 +0000] "DELETE /pu HTTP/1.1" 401 1929 "https://www.msn.com/" "Mozilla/5.0 (Windows NT 10.0; Win64; x64) AppleWebKit/537.36 (KHTML, like Gecko) Chrome/62.0.3202.94 Safari/537.36" "192.168.1.1" 0.1
192.168.1.20 - - [12/Jun/2024:07:42:18 +0000] "PUT /aioesnh HTTP/1.1" 200 6666 "https://www.ibm.com/" "Mozilla/5.0 (Windows NT 10.0; Win64; x64) AppleWebKit/537.36 (KHTML, like Gecko) Chrome/62.0.3202.94 Safari/537.36" "192.168.1.1" 0.002
192.168.1.25 - - [12/Jun/2024:07:42:19 +0000] "GET /mt HTTP/1.1" 403 4435 "https://www.google.com/" "Mozilla/5.0 (Windows NT 6.1; WOW64; rv:54.0) Gecko/20100101 Firefox/54.0" "192.168.1.2" 0.025
192.168.1.33 - - [12/Jun/2024:07:42:23 +0000] "POST /giwsdkbzw HTTP/1.1" 200 1896 "https://www.google.com/" "Mozilla/5.0 (Windows NT 6.1; WOW64; Trident/7.0; AS; rv:11.0) like Gecko" "192.168.1.5" 0.002
192.168.1.35 - - [12/Jun/2024:07:42:28 +0000] "GET /hvqxblbo HTTP/1.1" 401 171 "https://www.ibm.com/" "Mozilla/5.0 (Windows NT 10.0; WOW64) AppleWebKit/537.36 (KHTML, like Gecko) Chrome/58.0.3029.110 Safari/537.36 OPR/45.0.2552.898" "192.168.1.1" 0.002
192.168.1.7 - - [12/Jun/2024:07:42:34 +0000] "POST /xf HTTP/1.1" 301 9470 "https://www.msn.com/" "Mozilla/5.0 (Windows NT 10.0; Win64; x64) AppleWebKit/537.36 (KHTML, like Gecko) Chrome/62.0.3202.94 Safari/537.36" "192.168.1.2" 0.025
192.168.1.23 - - [12/Jun/2024:07:42:36 +0000] "GET /jtew HTTP/1.1" 302 6735 "https://www.example.com/" "Mozilla/5.0 (Windows NT 10.0; Win64; x64) AppleWebKit/537.36 (KHTML, like Gecko) Chrome/58.0.3029.110 Safari/537.36" "192.168.1.3" 0.001
2001:db8:0:1:0:0:0:d - - [12/Jun/2024:07:42:36 +0000] "GET /dybn HTTP/1.1" 400 8105 "https://www.example.com/" "Mozilla/5.0 (Windows NT 10.0; Win64; x64; rv:54.0) Gecko/20100101 Firefox/54.0" "192.168.1.4" 0.002
192.168.1.10 - - [12/Jun/2024:07:42:41 +0000] "POST /bs HTTP/1.1" 400 6383 "https://www.msn.com/" "Mozilla/5.0 (Windows NT 10.0; Win64; x64) AppleWebKit/537.36 (KHTML, like Gecko) Chrome/58.0.3029.110 Safari/537.36" "192.168.1.4" 0.001
192.168.1.23 - - [12/Jun/2024:07:42:41 +0000] "POST /mom HTTP/1.1" 403 2287 "https://www.example.com/" "Mozilla/5.0 (Windows NT 6.1; WOW64; Trident/7.0; AS; rv:11.0) like Gecko" "192.168.1.4" 0.025
192.168.1.31 - - [12/Jun/2024:07:42:44 +0000] "DELETE /wkjedv HTTP/1.1" 301 6789 "https://www.google.com/" "Mozilla/5.0 (Windows NT 10.0; Win64; x64) AppleWebKit/537.36 (KHTML, like Gecko) Chrome/58.0.3029.110 Safari/537.36" "192.168.1.5" 0.025
2001:db8:0:1:0:0:0:b - - [12/Jun/2024:07:42:45 +0000] "PUT /uacwyify HTTP/1.1" 500 5907 "https://www.google.com/" "Mozilla/5.0 (Windows NT 6.1; WOW64; rv:54.0) Gecko/20100101 Firefox/54.0" "192.168.1.5" 0.025
2001:db8:0:1:0:0:0:4 - - [12/Jun/2024:07:42:46 +0000] "GET /scyi HTTP/1.1" 500 6940 "https://www.example.com/" "Mozilla/5.0 (Windows NT 6.1; WOW64; Trident/7.0; AS; rv:11.0) like Gecko" "192.168.1.4" 0.001
192.168.1.48 - - [12/Jun/2024:07:42:51 +0000] "PUT /dhpzclpb HTTP/1.1" 401 3462 "https://www.example.com/" "Mozilla/5.0 (Windows NT 10.0; WOW64) AppleWebKit/537.36 (KHTML, like Gecko) Chrome/58.0.3029.110 Safari/537.36 OPR/45.0.2552.898" "192.168.1.1" 0.002
192.168.1.1 - - [12/Jun/2024:07:42:58 +0000] "GET /xxzux HTTP/1.1" 500 316 "https://www.msn.com/" "Mozilla/5.0 (Windows NT 6.1; WOW64; rv:54.0) Gecko/20100101 Firefox/54.0" "192.168.52.1" 0.1
192.168.1.32 - - [12/Jun/2024:07:42:59 +0000] "POST /jp HTTP/1.1" 404 7653 "https://www.msn.com/" "Mozilla/5.0 (Windows NT 6.1; WOW64; Trident/7.0; AS; rv:11.0) like Gecko" "192.168.1.1" 0.025
192.168.1.26 - - [12/Jun/2024:07:43:04 +0000] "POST /upopmynmf HTTP/1.1" 200 6454 "https://www.google.com/" "Mozilla/5.0 (Windows NT 10.0; Win64; x64) AppleWebKit/537.36 (KHTML, like Gecko) Chrome/62.0.3202.94 Safari/537.36" "192.168.1.1" 0.1
2001:db8:0:1:0:0:0:3 - - [12/Jun/2024:07:43:06 +0000] "DELETE /tdkj HTTP/1.1" 500 8254 "https://www.msn.com/" "Mozilla/5.0 (Windows NT 6.1; WOW64; rv:54.0) Gecko/20100101 Firefox/54.0" "192.168.56.1" 0.002
192.168.1.6 - - [12/Jun/2024:07:43:06 +0000] "PUT /ey HTTP/1.1" 500 577 "https://www.google.com/" "Mozilla/5.0 (Windows NT 6.1; WOW64; rv:54.0) Gecko/20100101 Firefox/54.0" "192.168.56.1" 0.025
192.168.1.40 - - [12/Jun/2024:07:43:08 +0000] "DELETE /tsvh HTTP/1.1" 201 3710 "https://www.example.com/" "Mozilla/5.0 (Windows NT 6.1; WOW64; Trident/7.0; AS; rv:11.0) like Gecko" "192.168.56.1" 0.002
192.168.1.42 - - [12/Jun/2024:07:43:10 +0000] "PUT /sggmhnc HTTP/1.1" 404 1748 "https://www.example.com/" "Mozilla/5.0 (Windows NT 6.1; WOW64; rv:54.0) Gecko/20100101 Firefox/54.0" "192.168.56.1" 0.002
192.168.1.44 - - [12/Jun/2024:07:43:15 +0000] "POST /cy HTTP/1.1" 403 6186 "https://www.ibm.com/" "Mozilla/5.0 (Windows NT 10.0; WOW64) AppleWebKit/537.36 (KHTML, like Gecko) Chrome/58.0.3029.110 Safari/537.36 OPR/45.0.2552.898" "192.168.56.1" 0.002
2001:db8:0:1:0:0:0:5 - - [12/Jun/2024:07:43:16 +0000] "DELETE /j HTTP/1.1" 400 8695 "https://www.google.com/" "Mozilla/5.0 (Windows NT 6.1; WOW64; rv:54.0) Gecko/20100101 Firefox/54.0" "192.168.1.4" 0.002
192.168.1.17 - - [12/Jun/2024:07:43:26 +0000] "PUT /p HTTP/1.1" 400 3200 "https://www.google.com/" "Mozilla/5.0 (Windows NT 10.0; WOW64) AppleWebKit/537.36 (KHTML, like Gecko) Chrome/58.0.3029.110 Safari/537.36 OPR/45.0.2552.898" "192.168.1.4" 0.001
192.168.1.24 - - [12/Jun/2024:07:43:26 +0000] "POST /rofazrb HTTP/1.1" 201 8305 "https://www.ibm.com/" "Mozilla/5.0 (Windows NT 6.1; WOW64; Trident/7.0; AS; rv:11.0) like Gecko" "192.168.1.2" 0.1
2001:db8:0:1:0:0:0:1 - - [12/Jun/2024:07:43:36 +0000] "GET /h HTTP/1.1" 500 5127 "https://www.msn.com/" "Mozilla/5.0 (Windows NT 10.0; Win64; x64) AppleWebKit/537.36 (KHTML, like Gecko) Chrome/58.0.3029.110 Safari/537.36" "192.168.52.1" 0.002
192.168.1.7 - - [12/Jun/2024:07:43:37 +0000] "POST /iceloy HTTP/1.1" 404 7346 "https://www.example.com/" "Mozilla/5.0 (Windows NT 10.0; WOW64) AppleWebKit/537.36 (KHTML, like Gecko) Chrome/58.0.3029.110 Safari/537.36 OPR/45.0.2552.898" "192.168.1.4" 0.1
192.168.1.31 - - [12/Jun/2024:07:43:38 +0000] "PUT /zmcxwsy HTTP/1.1" 201 8198 "https://www.msn.com/" "Mozilla/5.0 (Windows NT 10.0; Win64; x64; rv:54.0) Gecko/20100101 Firefox/54.0" "192.168.52.1" 0.025
2001:db8:0:1:0:0:0:5 - - [12/Jun/2024:07:43:46 +0000] "POST /gvvrnngk HTTP/1.1" 500 2006 "https://www.ibm.com/" "Mozilla/5.0 (Windows NT 10.0; Win64; x64; rv:54.0) Gecko/20100101 Firefox/54.0" "192.168.56.1" 0.002
192.168.1.21 - - [12/Jun/2024:07:43:48 +0000] "DELETE /uzujhom HTTP/1.1" 301 2321 "https://www.example.com/" "Mozilla/5.0 (Windows NT 6.1; WOW64; rv:54.0) Gecko/20100101 Firefox/54.0" "192.168.52.1" 0.001
192.168.1.13 - - [12/Jun/2024:07:43:50 +0000] "POST /fisxbmtsho HTTP/1.1" 200 833 "https://www.ibm.com/" "Mozilla/5.0 (Windows NT 6.1; WOW64; Trident/7.0; AS; rv:11.0) like Gecko" "192.168.1.3" 0.002
192.168.1.38 - - [12/Jun/2024:07:43:51 +0000] "GET /qs HTTP/1.1" 400 9438 "https://www.msn.com/" "Mozilla/5.0 (Windows NT 10.0; WOW64) AppleWebKit/537.36 (KHTML, like Gecko) Chrome/58.0.3029.110 Safari/537.36 OPR/45.0.2552.898" "192.168.56.1" 0.09
192.168.1.31 - - [12/Jun/2024:07:43:52 +0000] "GET /hhxknwz HTTP/1.1" 301 1872 "https://www.ibm.com/" "Mozilla/5.0 (Windows NT 10.0; Win64; x64; rv:54.0) Gecko/20100101 Firefox/54.0" "192.168.56.1" 0.001
192.168.1.36 - - [12/Jun/2024:07:43:55 +0000] "PUT /dw HTTP/1.1" 200 195 "https://www.google.com/" "Mozilla/5.0 (Windows NT 10.0; Win64; x64; rv:54.0) Gecko/20100101 Firefox/54.0" "192.168.1.1" 0.15
2001:db8:0:1:0:0:0:3 - - [12/Jun/2024:07:43:59 +0000] "GET /o HTTP/1.1" 500 8901 "https://www.msn.com/" "Mozilla/5.0 (Windows NT 6.1; WOW64; Trident/7.0; AS; rv:11.0) like Gecko" "192.168.52.1" 0.002
192.168.1.37 - - [12/Jun/2024:07:44:00 +0000] "DELETE /m HTTP/1.1" 302 5070 "https://www.example.com/" "Mozilla/5.0 (Windows NT 6.1; WOW64; Trident/7.0; AS; rv:11.0) like Gecko" "192.168.52.1" 0.002
192.168.1.22 - - [12/Jun/2024:07:44:12 +0000] "DELETE /yxzwclkeyi HTTP/1.1" 401 4675 "https://www.example.com/" "Mozilla/5.0 (Windows NT 6.1; WOW64; Trident/7.0; AS; rv:11.0) like Gecko" "192.168.1.2" 0.002
192.168.1.40 - - [12/Jun/2024:07:44:12 +0000] "DELETE /yfkkbiwvv HTTP/1.1" 302 2530 "https://www.example.com/" "Mozilla/5.0 (Windows NT 10.0; Win64; x64; rv:54.0) Gecko/20100101 Firefox/54.0" "192.168.1.5" 0.025
2001:db8:0:1:0:0:0:5 - - [12/Jun/2024:07:44:15 +0000] "POST /nmdiovfu HTTP/1.1" 201 776 "https://www.google.com/" "Mozilla/5.0 (Windows NT 10.0; WOW64) AppleWebKit/537.36 (KHTML, like Gecko) Chrome/58.0.3029.110 Safari/537.36 OPR/45.0.2552.898" "192.168.56.1" 0.1
192.168.1.48 - - [12/Jun/2024:07:44:24 +0000] "PUT /ikksx HTTP/1.1" 204 4387 "https://www.example.com/" "Mozilla/5.0 (Windows NT 10.0; WOW64) AppleWebKit/537.36 (KHTML, like Gecko) Chrome/58.0.3029.110 Safari/537.36 OPR/45.0.2552.898" "192.168.56.1" 0.15
192.168.1.6 - - [12/Jun/2024:07:44:27 +0000] "PUT /td HTTP/1.1" 403 7483 "https://www.example.com/" "Mozilla/5.0 (Windows NT 10.0; Win64; x64) AppleWebKit/537.36 (KHTML, like Gecko) Chrome/58.0.3029.110 Safari/537.36" "192.168.56.1" 0.09
192.168.1.45 - - [12/Jun/2024:07:44:28 +0000] "DELETE /ugp HTTP/1.1" 201 6066 "https://www.ibm.com/" "Mozilla/5.0 (Windows NT 6.1; WOW64; rv:54.0) Gecko/20100101 Firefox/54.0" "192.168.1.2" 0.002
2001:db8:0:1:0:0:0:1 - - [12/Jun/2024:07:44:30 +0000] "POST /el HTTP/1.1" 401 8405 "https://www.example.com/" "Mozilla/5.0 (Windows NT 10.0; Win64; x64; rv:54.0) Gecko/20100101 Firefox/54.0" "192.168.1.1" 0.15
192.168.1.5 - - [12/Jun/2024:07:44:43 +0000] "PUT /dr HTTP/1.1" 404 6446 "https://www.example.com/" "Mozilla/5.0 (Windows NT 6.1; WOW64; Trident/7.0; AS; rv:11.0) like Gecko" "192.168.1.5" 0.002
192.168.1.36 - - [12/Jun/2024:07:44:47 +0000] "POST /s HTTP/1.1" 200 9169 "https://www.msn.com/" "Mozilla/5.0 (Windows NT 10.0; Win64; x64) AppleWebKit/537.36 (KHTML, like Gecko) Chrome/62.0.3202.94 Safari/537.36" "192.168.1.2" 0.002
192.168.1.37 - - [12/Jun/2024:07:44:49 +0000] "POST /zbkhe HTTP/1.1" 302 6766 "https://www.msn.com/" "Mozilla/5.0 (Windows NT 10.0; WOW64) AppleWebKit/537.36 (KHTML, like Gecko) Chrome/58.0.3029.110 Safari/537.36 OPR/45.0.2552.898" "192.168.1.4" 0.09
192.168.1.49 - - [12/Jun/2024:07:44:50 +0000] "POST /xouffrtb HTTP/1.1" 400 877 "https://www.example.com/" "Mozilla/5.0 (Windows NT 10.0; WOW64) AppleWebKit/537.36 (KHTML, like Gecko) Chrome/58.0.3029.110 Safari/537.36 OPR/45.0.2552.898" "192.168.1.5" 0.025
192.168.1.19 - - [12/Jun/2024:07:44:53 +0000] "GET /wljqr HTTP/1.1" 301 3702 "https://www.ibm.com/" "Mozilla/5.0 (Windows NT 6.1; WOW64; rv:54.0) Gecko/20100101 Firefox/54.0" "192.168.1.1" 0.002
192.168.1.50 - - [12/Jun/2024:07:44:53 +0000] "GET /bj HTTP/1.1" 204 2145 "https://www.msn.com/" "Mozilla/5.0 (Windows NT 10.0; Win64; x64; rv:54.0) Gecko/20100101 Firefox/54.0" "192.168.52.1" 0.09
192.168.1.31 - - [12/Jun/2024:07:44:57 +0000] "PUT /vekqqqbe HTTP/1.1" 200 5612 "https://www.google.com/" "Mozilla/5.0 (Windows NT 6.1; WOW64; Trident/7.0; AS; rv:11.0) like Gecko" "192.168.1.4" 0.002
192.168.1.10 - - [12/Jun/2024:07:45:01 +0000] "GET /w HTTP/1.1" 403 8309 "https://www.google.com/" "Mozilla/5.0 (Windows NT 10.0; Win64; x64) AppleWebKit/537.36 (KHTML, like Gecko) Chrome/62.0.3202.94 Safari/537.36" "192.168.1.4" 0.1
192.168.1.40 - - [12/Jun/2024:07:45:08 +0000] "PUT /keqridpr HTTP/1.1" 401 445 "https://www.msn.com/" "Mozilla/5.0 (Windows NT 10.0; WOW64) AppleWebKit/537.36 (KHTML, like Gecko) Chrome/58.0.3029.110 Safari/537.36 OPR/45.0.2552.898" "192.168.56.1" 0.15
192.168.1.6 - - [12/Jun/2024:07:45:08 +0000] "POST /asztdi HTTP/1.1" 201 4299 "https://www.ibm.com/" "Mozilla/5.0 (Windows NT 6.1; WOW64; rv:54.0) Gecko/20100101 Firefox/54.0" "192.168.52.1" 0.002
192.168.1.17 - - [12/Jun/2024:07:45:12 +0000] "PUT /ltrakdgne HTTP/1.1" 302 6309 "https://www.msn.com/" "Mozilla/5.0 (Windows NT 6.1; WOW64; Trident/7.0; AS; rv:11.0) like Gecko" "192.168.1.1" 0.002
192.168.1.48 - - [12/Jun/2024:07:45:16 +0000] "PUT /z HTTP/1.1" 201 7298 "https://www.msn.com/" "Mozilla/5.0 (Windows NT 10.0; Win64; x64; rv:54.0) Gecko/20100101 Firefox/54.0" "192.168.1.3" 0.09
192.168.1.45 - - [12/Jun/2024:07:45:21 +0000] "POST /uln HTTP/1.1" 204 940 "https://www.msn.com/" "Mozilla/5.0 (Windows NT 6.1; WOW64; Trident/7.0; AS; rv:11.0) like Gecko" "192.168.1.5" 0.001
192.168.1.39 - - [12/Jun/2024:07:45:29 +0000] "GET /olgcdqswbq HTTP/1.1" 404 284 "https://www.ibm.com/" "Mozilla/5.0 (Windows NT 10.0; WOW64) AppleWebKit/537.36 (KHTML, like Gecko) Chrome/58.0.3029.110 Safari/537.36 OPR/45.0.2552.898" "192.168.56.1" 0.002
2001:db8:0:1:0:0:0:a - - [12/Jun/2024:07:45:29 +0000] "POST /qpsy HTTP/1.1" 302 9088 "https://www.example.com/" "Mozilla/5.0 (Windows NT 10.0; Win64; x64) AppleWebKit/537.36 (KHTML, like Gecko) Chrome/62.0.3202.94 Safari/537.36" "192.168.1.2" 0.002
192.168.1.15 - - [12/Jun/2024:07:45:51 +0000] "DELETE /ql HTTP/1.1" 400 4960 "https://www.msn.com/" "Mozilla/5.0 (Windows NT 10.0; Win64; x64) AppleWebKit/537.36 (KHTML, like Gecko) Chrome/62.0.3202.94 Safari/537.36" "192.168.1.1" 0.001
