2001:db8:0:1:0:0:0:7 - - [11/Jun/2024:12:15:40 +0000] "POST /u HTTP/1.1" 403 2806 "https://www.msn.com/" "Mozilla/5.0 (Windows NT 10.0; Win64; x64; rv:54.0) Gecko/20100101 Firefox/54.0" "192.168.52.1" 0.15
192.168.1.39 - - [11/Jun/2024:12:15:40 +0000] "GET /aqkcqnjauy HTTP/1.1" 401 4945 "https://www.example.com/" "Mozilla/5.0 (Windows NT 10.0; Win64; x64; rv:54.0) Gecko/20100101 Firefox/54.0" "192.168.56.1" 0.002
192.168.1.6 - - [11/Jun/2024:12:15:46 +0000] "DELETE /eky HTTP/1.1" 401 1474 "https://www.msn.com/" "Mozilla/5.0 (Windows NT 10.0; Win64; x64) AppleWebKit/537.36 (KHTML, like Gecko) Chrome/62.0.3202.94 Safari/537.36" "192.168.1.5" 0.1
192.168.1.19 - - [11/Jun/2024:12:15:46 +0000] "GET /glmpjkcu HTTP/1.1" 404 9013 "https://www.google.com/" "Mozilla/5.0 (Windows NT 6.1; WOW64; rv:54.0) Gecko/20100101 Firefox/54.0" "192.168.1.5" 0.001
192.168.1.9 - - [11/Jun/2024:12:15:50 +0000] "DELETE /sgufh HTTP/1.1" 401 5754 "https://www.ibm.com/" "Mozilla/5.0 (Windows NT 10.0; WOW64) AppleWebKit/537.36 (KHTML, like Gecko) Chrome/58.0.3029.110 Safari/537.36 OPR/45.0.2552.898" "192.168.1.3" 0.1
192.168.1.42 - - [11/Jun/2024:12:15:53 +0000] "POST /qjqgqjueoc HTTP/1.1" 204 7707 "https://www.example.com/" "Mozilla/5.0 (Windows NT 6.1; WOW64; rv:54.0) Gecko/20100101 Firefox/54.0" "192.168.1.5" 0.15
192.168.1.41 - - [11/Jun/2024:12:15:53 +0000] "POST /k HTTP/1.1" 201 2430 "https://www.example.com/" "Mozilla/5.0 (Windows NT 10.0; WOW64) AppleWebKit/537.36 (KHTML, like Gecko) Chrome/58.0.3029.110 Safari/537.36 OPR/45.0.2552.898" "192.168.1.3" 0.09
192.168.1.30 - - [11/Jun/2024:12:15:53 +0000] "PUT /ezbxshlbol HTTP/1.1" 401 4038 "https://www.google.com/" "Mozilla/5.0 (Windows NT 10.0; WOW64) AppleWebKit/537.36 (KHTML, like Gecko) Chrome/58.0.3029.110 Safari/537.36 OPR/45.0.2552.898" "192.168.1.3" 0.002
192.168.1.8 - - [11/Jun/2024:12:15:57 +0000] "GET /pi HTTP/1.1" 403 5389 "https://www.google.com/" "Mozilla/5.0 (Windows NT 10.0; Win64; x64) AppleWebKit/537.36 (KHTML, like Gecko) Chrome/62.0.3202.94 Safari/537.36" "192.168.56.1" 0.001
192.168.1.3 - - [11/Jun/2024:12:15:59 +0000] "POST /nnpikyd HTTP/1.1" 200 2908 "https://www.ibm.com/" "Mozilla/5.0 (Windows NT 6.1; WOW64; rv:54.0) Gecko/20100101 Firefox/54.0" "192.168.1.3" 0.09
192.168.1.5 - - [11/Jun/2024:12:16:00 +0000] "PUT /thv HTTP/1.1" 200 1316 "https://www.ibm.com/" "Mozilla/5.0 (Windows NT 10.0; Win64; x64) AppleWebKit/537.36 (KHTML, like Gecko) Chrome/58.0.3029.110 Safari/537.36" "192.168.1.3" 0.1
192.168.1.9 - - [11/Jun/2024:12:16:02 +0000] "POST /tyakssuiph HTTP/1.1" 201 4181 "https://www.example.com/" "Mozilla/5.0 (Windows NT 10.0; Win64; x64) AppleWebKit/537.36 (KHTML, like Gecko) Chrome/62.0.3202.94 Safari/537.36" "192.168.56.1" 0.001
192.168.1.36 - - [11/Jun/2024:12:16:04 +0000] "DELETE /hawmeg HTTP/1.1" 204 3934 "https://www.google.com/" "Mozilla/5.0 (Windows NT 10.0; Win64; x64) AppleWebKit/537.36 (KHTML, like Gecko) Chrome/58.0.3029.110 Safari/537.36" "192.168.1.4" 0.09
2001:db8:0:1:0:0:0:d - - [11/Jun/2024:12:16:07 +0000] "POST /lwwl HTTP/1.1" 500 524 "https://www.google.com/" "Mozilla/5.0 (Windows NT 10.0; Win64; x64) AppleWebKit/537.36 (KHTML, like Gecko) Chrome/62.0.3202.94 Safari/537.36" "192.168.1.2" 0.025
192.168.1.33 - - [11/Jun/2024:12:16:15 +0000] "DELETE /sw HTTP/1.1" 401 2559 "https://www.example.com/" "Mozilla/5.0 (Windows NT 10.0; Win64; x64) AppleWebKit/537.36 (KHTML, like Gecko) Chrome/62.0.3202.94 Safari/537.36" "192.168.1.4" 0.002
192.168.1.33 - - [11/Jun/2024:12:16:31 +0000] "DELETE /cmrtlcq HTTP/1.1" 500 8769 "https://www.google.com/" "Mozilla/5.0 (Windows NT 6.1; WOW64; rv:54.0) Gecko/20100101 Firefox/54.0" "192.168.1.5" 0.025
2001:db8:0:1:0:0:0:c - - [11/Jun/2024:12:16:34 +0000] "POST /pfpblh HTTP/1.1" 403 6984 "https://www.msn.com/" "Mozilla/5.0 (Windows NT 6.1; WOW64; Trident/7.0; AS; rv:11.0) like Gecko" "192.168.1.3" 0.002
192.168.1.10 - - [11/Jun/2024:12:16:45 +0000] "PUT /qfdriu HTTP/1.1" 302 5101 "https://www.example.com/" "Mozilla/5.0 (Windows NT 6.1; WOW64; rv:54.0) Gecko/20100101 Firefox/54.0" "192.168.1.3" 0.1
192.168.1.15 - - [11/Jun/2024:12:16:50 +0000] "PUT /zgoo HTTP/1.1" 301 3508 "https://www.example.com/" "Mozilla/5.0 (Windows NT 6.1; WOW64; rv:54.0) Gecko/20100101 Firefox/54.0" "192.168.1.2" 0.002
2001:db8:0:1:0:0:0:3 - - [11/Jun/2024:12:16:52 +0000] "POST /sxndl HTTP/1.1" 301 2032 "https://www.msn.com/" "Mozilla/5.0 (Windows NT 10.0; Win64; x64; rv:54.0) Gecko/20100101 Firefox/54.0" "192.168.1.1" 0.09
192.168.1.22 - - [11/Jun/2024:12:16:55 +0000] "PUT /lxqowz HTTP/1.1" 400 5983 "https://www.ibm.com/" "Mozilla/5.0 (Windows NT 10.0; Win64; x64; rv:54.0) Gecko/20100101 Firefox/54.0" "192.168.1.3" 0.001
192.168.1.5 - - [11/Jun/2024:12:17:01 +0000] "DELETE /kfbqruovwz HTTP/1.1" 403 3069 "https://www.example.com/" "Mozilla/5.0 (Windows NT 10.0; Win64; x64; rv:54.0) Gecko/20100101 Firefox/54.0" "192.168.1.4" 0.1
192.168.1.45 - - [11/Jun/2024:12:17:02 +0000] "GET /nfs HTTP/1.1" 301 7976 "https://www.msn.com/" "Mozilla/5.0 (Windows NT 10.0; Win64; x64; rv:54.0) Gecko/20100101 Firefox/54.0" "192.168.1.5" 0.001
192.168.1.13 - - [11/Jun/2024:12:17:03 +0000] "GET /vpqf HTTP/1.1" 204 8714 "https://www.ibm.com/" "Mozilla/5.0 (Windows NT 6.1; WOW64; rv:54.0) Gecko/20100101 Firefox/54.0" "192.168.1.3" 0.025
2001:db8:0:1:0:0:0:c - - [11/Jun/2024:12:17:05 +0000] "DELETE /l HTTP/1.1" 404 7004 "https://www.ibm.com/" "Mozilla/5.0 (Windows NT 10.0; WOW64) AppleWebKit/537.36 (KHTML, like Gecko) Chrome/58.0.3029.110 Safari/537.36 OPR/45.0.2552.898" "192.168.56.1" 0.15
192.168.1.18 - - [11/Jun/2024:12:17:06 +0000] "PUT /njcjqhc HTTP/1.1" 201 3514 "https://www.ibm.com/" "Mozilla/5.0 (Windows NT 10.0; WOW64) AppleWebKit/537.36 (KHTML, like Gecko) Chrome/58.0.3029.110 Safari/537.36 OPR/45.0.2552.898" "192.168.52.1" 0.1
2001:db8:0:1:0:0:0:9 - - [11/Jun/2024:12:17:08 +0000] "DELETE /woz HTTP/1.1" 404 1402 "https://www.example.com/" "Mozilla/5.0 (Windows NT 10.0; Win64; x64) AppleWebKit/537.36 (KHTML, like Gecko) Chrome/58.0.3029.110 Safari/537.36" "192.168.56.1" 0.15
192.168.1.25 - - [11/Jun/2024:12:17:11 +0000] "GET /bmiyktf HTTP/1.1" 400 3395 "https://www.google.com/" "Mozilla/5.0 (Windows NT 10.0; WOW64) AppleWebKit/537.36 (KHTML, like Gecko) Chrome/58.0.3029.110 Safari/537.36 OPR/45.0.2552.898" "192.168.1.2" 0.09
192.168.1.4 - - [11/Jun/2024:12:17:12 +0000] "DELETE /fixjrs HTTP/1.1" 400 9698 "https://www.msn.com/" "Mozilla/5.0 (Windows NT 10.0; Win64; x64; rv:54.0) Gecko/20100101 Firefox/54.0" "192.168.1.3" 0.025
192.168.1.39 - - [11/Jun/2024:12:17:18 +0000] "DELETE /x HTTP/1.1" 301 2180 "https://www.example.com/" "Mozilla/5.0 (Windows NT 10.0; Win64; x64) AppleWebKit/537.36 (KHTML, like Gecko) Chrome/58.0.3029.110 Safari/537.36" "192.168.1.1" 0.001
2001:db8:0:1:0:0:0:b - - [11/Jun/2024:12:17:22 +0000] "PUT /upbb HTTP/1.1" 301 1185 "https://www.ibm.com/" "Mozilla/5.0 (Windows NT 6.1; WOW64; rv:54.0) Gecko/20100101 Firefox/54.0" "192.168.1.4" 0.09
192.168.1.1 - - [11/Jun/2024:12:17:23 +0000] "PUT /upmshpdxrm HTTP/1.1" 204 1636 "https://www.msn.com/" "Mozilla/5.0 (Windows NT 10.0; Win64; x64) AppleWebKit/537.36 (KHTML, like Gecko) Chrome/58.0.3029.110 Safari/537.36" "192.168.1.4" 0.001
2001:db8:0:1:0:0:0:8 - - [11/Jun/2024:12:17:26 +0000] "GET /gajpsk HTTP/1.1" 500 8791 "https://www.google.com/" "Mozilla/5.0 (Windows NT 10.0; Win64; x64; rv:54.0) Gecko/20100101 Firefox/54.0" "192.168.1.1" 0.001
2001:db8:0:1:0:0:0:1 - - [11/Jun/2024:12:17:27 +0000] "PUT /chjcf HTTP/1.1" 201 4003 "https://www.msn.com/" "Mozilla/5.0 (Windows NT 6.1; WOW64; rv:54.0) Gecko/20100101 Firefox/54.0" "192.168.1.1" 0.002
2001:db8:0:1:0:0:0:d - - [11/Jun/2024:12:17:28 +0000] "DELETE /ury HTTP/1.1" 301 6028 "https://www.google.com/" "Mozilla/5.0 (Windows NT 10.0; Win64; x64; rv:54.0) Gecko/20100101 Firefox/54.0" "192.168.1.4" 0.025
2001:db8:0:1:0:0:0:8 - - [11/Jun/2024:12:17:38 +0000] "POST /polylcu HTTP/1.1" 201 7090 "https://www.google.com/" "Mozilla/5.0 (Windows NT 10.0; Win64; x64; rv:54.0) Gecko/20100101 Firefox/54.0" "192.168.1.3" 0.025
2001:db8:0:1:0:0:0:6 - - [11/Jun/2024:12:17:43 +0000] "PUT /w HTTP/1.1" 403 1586 "https://www.msn.com/" "Mozilla/5.0 (Windows NT 10.0; WOW64) AppleWebKit/537.36 (KHTML, like Gecko) Chrome/58.0.3029.110 Safari/537.36 OPR/45.0.2552.898" "192.168.1.2" 0.001
192.168.1.7 - - [11/Jun/2024:12:17:47 +0000] "PUT /kdszbreh HTTP/1.1" 400 3393 "https://www.ibm.com/" "Mozilla/5.0 (Windows NT 10.0; Win64; x64) AppleWebKit/537.36 (KHTML, like Gecko) Chrome/58.0.3029.110 Safari/537.36" "192.168.56.1" 0.001
192.168.1.43 - - [11/Jun/2024:12:17:48 +0000] "DELETE /fnylv HTTP/1.1" 400 7283 "https://www.msn.com/" "Mozilla/5.0 (Windows NT 10.0; Win64; x64; rv:54.0) Gecko/20100101 Firefox/54.0" "192.168.56.1" 0.09
192.168.1.38 - - [11/Jun/2024:12:17:49 +0000] "DELETE /zh HTTP/1.1" 404 3623 "https://www.msn.com/" "Mozilla/5.0 (Windows NT 10.0; Win64; x64) AppleWebKit/537.36 (KHTML, like Gecko) Chrome/58.0.3029.110 Safari/537.36" "192.168.1.5" 0.002
192.168.1.38 - - [11/Jun/2024:12:17:51 +0000] "DELETE /mwkajgqbhh HTTP/1.1" 204 5325 "https://www.msn.com/" "Mozilla/5.0 (Windows NT 10.0; Win64; x64) AppleWebKit/537.36 (KHTML, like Gecko) Chrome/58.0.3029.110 Safari/537.36" "192.168.52.1" 0.001
192.168.1.48 - - [11/Jun/2024:12:17:54 +0000] "GET /tkqadhiv HTTP/1.1" 201 4499 "https://www.msn.com/" "Mozilla/5.0 (Windows NT 6.1; WOW64; Trident/7.0; AS; rv:11.0) like Gecko" "192.168.1.1" 0.002
192.168.1.6 - - [11/Jun/2024:12:17:54 +0000] "GET /nepsuk HTTP/1.1" 201 2344 "https://www.msn.com/" "Mozilla/5.0 (Windows NT 6.1; WOW64; Trident/7.0; AS; rv:11.0) like Gecko" "192.168.52.1" 0.001
192.168.1.32 - - [11/Jun/2024:12:17:59 +0000] "POST /hytwcgvjf HTTP/1.1" 500 3425 "https://www.google.com/" "Mozilla/5.0 (Windows NT 10.0; Win64; x64; rv:54.0) Gecko/20100101 Firefox/54.0" "192.168.1.3" 0.15
192.168.1.45 - - [11/Jun/2024:12:18:02 +0000] "GET /kbno HTTP/1.1" 401 2632 "https://www.google.com/" "Mozilla/5.0 (Windows NT 6.1; WOW64; rv:54.0) Gecko/20100101 Firefox/54.0" "192.168.1.3" 0.1
192.168.1.46 - - [11/Jun/2024:12:18:05 +0000] "DELETE /xjsfieuwqd HTTP/1.1" 403 8120 "https://www.ibm.com/" "Mozilla/5.0 (Windows NT 6.1; WOW64; Trident/7.0; AS; rv:11.0) like Gecko" "192.168.1.5" 0.001
192.168.1.2 - - [11/Jun/2024:12:18:15 +0000] "DELETE /fqhtlmh HTTP/1.1" 400 1945 "https://www.msn.com/" "Mozilla/5.0 (Windows NT 10.0; WOW64) AppleWebKit/537.36 (KHTML, like Gecko) Chrome/58.0.3029.110 Safari/537.36 OPR/45.0.2552.898" "192.168.1.1" 0.001
192.168.1.43 - - [11/Jun/2024:12:18:16 +0000] "GET /zdaup HTTP/1.1" 200 1270 "https://www.google.com/" "Mozilla/5.0 (Windows NT 6.1; WOW64; rv:54.0) Gecko/20100101 Firefox/54.0" "192.168.52.1" 0.002
192.168.1.12 - - [11/Jun/2024:12:18:17 +0000] "PUT /n HTTP/1.1" 403 3313 "https://www.google.com/" "Mozilla/5.0 (Windows NT 10.0; Win64; x64) AppleWebKit/537.36 (KHTML, like Gecko) Chrome/58.0.3029.110 Safari/537.36" "192.168.1.5" 0.001
2001:db8:0:1:0:0:0:c - - [11/Jun/2024:12:18:18 +0000] "PUT /hyjuji HTTP/1.1" 200 6646 "https://www.example.com/" "Mozilla/5.0 (Windows NT 6.1; WOW64; rv:54.0) Gecko/20100101 Firefox/54.0" "192.168.1.4" 0.09
2001:db8:0:1:0:0:0:4 - - [11/Jun/2024:12:18:19 +0000] "GET /gi HTTP/1.1" 404 6639 "https://www.ibm.com/" "Mozilla/5.0 (Windows NT 10.0; Win64; x64) AppleWebKit/537.36 (KHTML, like Gecko) Chrome/58.0.3029.110 Safari/537.36" "192.168.1.5" 0.001
192.168.1.16 - - [11/Jun/2024:12:18:21 +0000] "GET /kjjomah HTTP/1.1" 201 2641 "https://www.google.com/" "Mozilla/5.0 (Windows NT 6.1; WOW64; rv:54.0) Gecko/20100101 Firefox/54.0" "192.168.1.3" 0.002
192.168.1.20 - - [11/Jun/2024:12:18:23 +0000] "DELETE /hiomt HTTP/1.1" 401 7101 "https://www.ibm.com/" "Mozilla/5.0 (Windows NT 10.0; Win64; x64) AppleWebKit/537.36 (KHTML, like Gecko) Chrome/62.0.3202.94 Safari/537.36" "192.168.1.5" 0.025
2001:db8:0:1:0:0:0:2 - - [11/Jun/2024:12:18:24 +0000] "DELETE /ioelzj HTTP/1.1" 302 5871 "https://www.example.com/" "Mozilla/5.0 (Windows NT 6.1; WOW64; rv:54.0) Gecko/20100101 Firefox/54.0" "192.168.1.4" 0.001
192.168.1.21 - - [11/Jun/2024:12:18:24 +0000] "GET /v HTTP/1.1" 500 8794 "https://www.example.com/" "Mozilla/5.0 (Windows NT 10.0; Win64; x64; rv:54.0) Gecko/20100101 Firefox/54.0" "192.168.1.5" 0.002
192.168.1.21 - - [11/Jun/2024:12:18:28 +0000] "GET /t HTTP/1.1" 404 5087 "https://www.google.com/" "Mozilla/5.0 (Windows NT 6.1; WOW64; rv:54.0) Gecko/20100101 Firefox/54.0" "192.168.1.4" 0.09
192.168.1.25 - - [11/Jun/2024:12:18:41 +0000] "GET /ilu HTTP/1.1" 401 606 "https://www.msn.com/" "Mozilla/5.0 (Windows NT 10.0; WOW64) AppleWebKit/537.36 (KHTML, like Gecko) Chrome/58.0.3029.110 Safari/537.36 OPR/45.0.2552.898" "192.168.56.1" 0.002
192.168.1.6 - - [11/Jun/2024:12:18:45 +0000] "PUT /qntdckbk HTTP/1.1" 200 9642 "https://www.google.com/" "Mozilla/5.0 (Windows NT 6.1; WOW64; rv:54.0) Gecko/20100101 Firefox/54.0" "192.168.52.1" 0.025
192.168.1.37 - - [11/Jun/2024:12:18:49 +0000] "PUT /vpmpdlqv HTTP/1.1" 400 5123 "https://www.ibm.com/" "Mozilla/5.0 (Windows NT 10.0; Win64; x64) AppleWebKit/537.36 (KHTML, like Gecko) Chrome/62.0.3202.94 Safari/537.36" "192.168.52.1" 0.001
192.168.1.11 - - [11/Jun/2024:12:18:52 +0000] "POST /ncuknyef HTTP/1.1" 302 4543 "https://www.ibm.com/" "Mozilla/5.0 (Windows NT 6.1; WOW64; rv:54.0) Gecko/20100101 Firefox/54.0" "192.168.1.3" 0.002
192.168.1.38 - - [11/Jun/2024:12:18:55 +0000] "DELETE /khirlzg HTTP/1.1" 401 1881 "https://www.msn.com/" "Mozilla/5.0 (Windows NT 10.0; WOW64) AppleWebKit/537.36 (KHTML, like Gecko) Chrome/58.0.3029.110 Safari/537.36 OPR/45.0.2552.898" "192.168.1.2" 0.001
2001:db8:0:1:0:0:0:e - - [11/Jun/2024:12:18:59 +0000] "DELETE /ehh HTTP/1.1" 404 4544 "https://www.example.com/" "Mozilla/5.0 (Windows NT 6.1; WOW64; rv:54.0) Gecko/20100101 Firefox/54.0" "192.168.1.3" 0.002
192.168.1.24 - - [11/Jun/2024:12:18:59 +0000] "GET /eujhzsl HTTP/1.1" 500 3530 "https://www.ibm.com/" "Mozilla/5.0 (Windows NT 10.0; WOW64) AppleWebKit/537.36 (KHTML, like Gecko) Chrome/58.0.3029.110 Safari/537.36 OPR/45.0.2552.898" "192.168.56.1" 0.001
192.168.1.16 - - [11/Jun/2024:12:19:10 +0000] "DELETE /wpcn HTTP/1.1" 401 5712 "https://www.msn.com/" "Mozilla/5.0 (Windows NT 10.0; Win64; x64; rv:54.0) Gecko/20100101 Firefox/54.0" "192.168.1.3" 0.09
2001:db8:0:1:0:0:0:1 - - [11/Jun/2024:12:19:23 +0000] "POST /x HTTP/1.1" 401 8989 "https://www.example.com/" "Mozilla/5.0 (Windows NT 6.1; WOW64; Trident/7.0; AS; rv:11.0) like Gecko" "192.168.1.2" 0.09
2001:db8:0:1:0:0:0:9 - - [11/Jun/2024:12:19:24 +0000] "PUT /zolyjjlae HTTP/1.1" 500 4732 "https://www.google.com/" "Mozilla/5.0 (Windows NT 10.0; Win64; x64) AppleWebKit/537.36 (KHTML, like Gecko) Chrome/62.0.3202.94 Safari/537.36" "192.168.1.4" 0.002
192.168.1.45 - - [11/Jun/2024:12:19:26 +0000] "DELETE /jrugjokus HTTP/1.1" 404 7999 "https://www.example.com/" "Mozilla/5.0 (Windows NT 10.0; Win64; x64) AppleWebKit/537.36 (KHTML, like Gecko) Chrome/62.0.3202.94 Safari/537.36" "192.168.1.3" 0.001
192.168.1.37 - - [11/Jun/2024:12:19:27 +0000] "POST /oygvjdftek HTTP/1.1" 201 9088 "https://www.msn.com/" "Mozilla/5.0 (Windows NT 10.0; Win64; x64) AppleWebKit/537.36 (KHTML, like Gecko) Chrome/62.0.3202.94 Safari/537.36" "192.168.56.1" 0.002
192.168.1.26 - - [11/Jun/2024:12:19:29 +0000] "DELETE /wcuaa HTTP/1.1" 400 7525 "https://www.ibm.com/" "Mozilla/5.0 (Windows NT 10.0; Win64; x64) AppleWebKit/537.36 (KHTML, like Gecko) Chrome/62.0.3202.94 Safari/537.36" "192.168.1.1" 0.09
2001:db8:0:1:0:0:0:e - - [11/Jun/2024:12:19:30 +0000] "GET /uofg HTTP/1.1" 404 8853 "https://www.ibm.com/" "Mozilla/5.0 (Windows NT 6.1; WOW64; rv:54.0) Gecko/20100101 Firefox/54.0" "192.168.56.1" 0.09
192.168.1.34 - - [11/Jun/2024:12:19:36 +0000] "GET /n HTTP/1.1" 201 1693 "https://www.google.com/" "Mozilla/5.0 (Windows NT 6.1; WOW64; rv:54.0) Gecko/20100101 Firefox/54.0" "192.168.1.5" 0.15
192.168.1.6 - - [11/Jun/2024:12:19:38 +0000] "DELETE /vxxjpfd HTTP/1.1" 200 6941 "https://www.ibm.com/" "Mozilla/5.0 (Windows NT 10.0; Win64; x64) AppleWebKit/537.36 (KHTML, like Gecko) Chrome/58.0.3029.110 Safari/537.36" "192.168.1.4" 0.025
192.168.1.42 - - [11/Jun/2024:12:19:42 +0000] "GET /nnqbpuk HTTP/1.1" 204 5329 "https://www.ibm.com/" "Mozilla/5.0 (Windows NT 10.0; Win64; x64; rv:54.0) Gecko/20100101 Firefox/54.0" "192.168.1.4" 0.1
192.168.1.20 - - [11/Jun/2024:12:19:42 +0000] "GET /isxkjr HTTP/1.1" 400 9690 "https://www.example.com/" "Mozilla/5.0 (Windows NT 10.0; Win64; x64) AppleWebKit/537.36 (KHTML, like Gecko) Chrome/58.0.3029.110 Safari/537.36" "192.168.1.2" 0.002
192.168.1.6 - - [11/Jun/2024:12:19:51 +0000] "DELETE /iwrkm HTTP/1.1" 403 5519 "https://www.msn.com/" "Mozilla/5.0 (Windows NT 10.0; Win64; x64) AppleWebKit/537.36 (KHTML, like Gecko) Chrome/62.0.3202.94 Safari/537.36" "192.168.56.1" 0.1
192.168.1.26 - - [11/Jun/2024:12:19:52 +0000] "PUT /x HTTP/1.1" 401 5230 "https://www.ibm.com/" "Mozilla/5.0 (Windows NT 10.0; Win64; x64; rv:54.0) Gecko/20100101 Firefox/54.0" "192.168.1.2" 0.001
192.168.1.32 - - [11/Jun/2024:12:20:03 +0000] "POST /hrpdk HTTP/1.1" 302 1704 "https://www.msn.com/" "Mozilla/5.0 (Windows NT 10.0; Win64; x64) AppleWebKit/537.36 (KHTML, like Gecko) Chrome/58.0.3029.110 Safari/537.36" "192.168.56.1" 0.001
2001:db8:0:1:0:0:0:3 - - [11/Jun/2024:12:20:11 +0000] "PUT /hdqz HTTP/1.1" 302 7561 "https://www.ibm.com/" "Mozilla/5.0 (Windows NT 10.0; Win64; x64) AppleWebKit/537.36 (KHTML, like Gecko) Chrome/62.0.3202.94 Safari/537.36" "192.168.1.1" 0.15
192.168.1.8 - - [11/Jun/2024:12:20:12 +0000] "GET /qztgfzehve HTTP/1.1" 403 8903 "https://www.google.com/" "Mozilla/5.0 (Windows NT 10.0; Win64; x64) AppleWebKit/537.36 (KHTML, like Gecko) Chrome/58.0.3029.110 Safari/537.36" "192.168.52.1" 0.09
192.168.1.27 - - [11/Jun/2024:12:20:12 +0000] "DELETE /cwo HTTP/1.1" 302 2910 "https://www.example.com/" "Mozilla/5.0 (Windows NT 10.0; Win64; x64) AppleWebKit/537.36 (KHTML, like Gecko) Chrome/62.0.3202.94 Safari/537.36" "192.168.1.4" 0.001
192.168.1.34 - - [11/Jun/2024:12:20:16 +0000] "PUT /ib HTTP/1.1" 500 1932 "https://www.ibm.com/" "Mozilla/5.0 (Windows NT 10.0; Win64; x64) AppleWebKit/537.36 (KHTML, like Gecko) Chrome/58.0.3029.110 Safari/537.36" "192.168.1.3" 0.025
192.168.1.19 - - [11/Jun/2024:12:20:18 +0000] "GET /manqgyoy HTTP/1.1" 200 6133 "https://www.ibm.com/" "Mozilla/5.0 (Windows NT 10.0; Win64; x64; rv:54.0) Gecko/20100101 Firefox/54.0" "192.168.52.1" 0.1
192.168.1.35 - - [11/Jun/2024:12:20:24 +0000] "POST /augvsagm HTTP/1.1" 204 8081 "https://www.google.com/" "Mozilla/5.0 (Windows NT 10.0; WOW64) AppleWebKit/537.36 (KHTML, like Gecko) Chrome/58.0.3029.110 Safari/537.36 OPR/45.0.2552.898" "192.168.1.5" 0.002
2001:db8:0:1:0:0:0:b - - [11/Jun/2024:12:20:33 +0000] "GET /ibmxcx HTTP/1.1" 403 5615 "https://www.ibm.com/" "Mozilla/5.0 (Windows NT 6.1; WOW64; Trident/7.0; AS; rv:11.0) like Gecko" "192.168.1.4" 0.15
2001:db8:0:1:0:0:0:1 - - [11/Jun/2024:12:20:38 +0000] "PUT /scwglkb HTTP/1.1" 200 3978 "https://www.google.com/" "Mozilla/5.0 (Windows NT 6.1; WOW64; Trident/7.0; AS; rv:11.0) like Gecko" "192.168.1.4" 0.09
192.168.1.4 - - [11/Jun/2024:12:20:42 +0000] "DELETE /nuf HTTP/1.1" 200 2076 "https://www.ibm.com/" "Mozilla/5.0 (Windows NT 6.1; WOW64; rv:54.0) Gecko/20100101 Firefox/54.0" "192.168.1.3" 0.025
192.168.1.48 - - [11/Jun/2024:12:20:48 +0000] "POST /yg HTTP/1.1" 404 1252 "https://www.google.com/" "Mozilla/5.0 (Windows NT 6.1; WOW64; Trident/7.0; AS; rv:11.0) like Gecko" "192.168.1.5" 0.1
192.168.1.10 - - [11/Jun/2024:12:20:49 +0000] "GET /iebaidk HTTP/1.1" 400 1164 "https://www.msn.com/" "Mozilla/5.0 (Windows NT 6.1; WOW64; rv:54.0) Gecko/20100101 Firefox/54.0" "192.168.56.1" 0.1
192.168.1.4 - - [11/Jun/2024:12:20:49 +0000] "GET /iygl HTTP/1.1" 401 9522 "https://www.example.com/" "Mozilla/5.0 (Windows NT 6.1; WOW64; rv:54.0) Gecko/20100101 Firefox/54.0" "192.168.56.1" 0.002
192.168.1.12 - - [11/Jun/2024:12:20:57 +0000] "PUT /ffrkpojd HTTP/1.1" 404 3135 "https://www.msn.com/" "Mozilla/5.0 (Windows NT 10.0; Win64; x64) AppleWebKit/537.36 (KHTML, like Gecko) Chrome/62.0.3202.94 Safari/537.36" "192.168.1.5" 0.001
2001:db8:0:1:0:0:0:c - - [11/Jun/2024:12:20:59 +0000] "GET /s HTTP/1.1" 401 9432 "https://www.google.com/" "Mozilla/5.0 (Windows NT 6.1; WOW64; Trident/7.0; AS; rv:11.0) like Gecko" "192.168.52.1" 0.001
192.168.1.49 - - [11/Jun/2024:12:21:00 +0000] "DELETE /cumo HTTP/1.1" 400 2771 "https://www.example.com/" "Mozilla/5.0 (Windows NT 10.0; Win64; x64; rv:54.0) Gecko/20100101 Firefox/54.0" "192.168.1.2" 0.002
192.168.1.2 - - [11/Jun/2024:12:21:03 +0000] "POST /ib HTTP/1.1" 403 7615 "https://www.google.com/" "Mozilla/5.0 (Windows NT 6.1; WOW64; rv:54.0) Gecko/20100101 Firefox/54.0" "192.168.52.1" 0.001
192.168.1.8 - - [11/Jun/2024:12:21:12 +0000] "DELETE /fgoxchcqrl HTTP/1.1" 403 1316 "https://www.google.com/" "Mozilla/5.0 (Windows NT 10.0; Win64; x64; rv:54.0) Gecko/20100101 Firefox/54.0" "192.168.1.4" 0.002
2001:db8:0:1:0:0:0:b - - [11/Jun/2024:12:21:18 +0000] "PUT /cnu HTTP/1.1" 500 5721 "https://www.msn.com/" "Mozilla/5.0 (Windows NT 10.0; Win64; x64) AppleWebKit/537.36 (KHTML, like Gecko) Chrome/62.0.3202.94 Safari/537.36" "192.168.1.3" 0.001
192.168.1.35 - - [11/Jun/2024:12:21:30 +0000] "PUT /tucmn HTTP/1.1" 302 5695 "https://www.example.com/" "Mozilla/5.0 (Windows NT 10.0; Win64; x64) AppleWebKit/537.36 (KHTML, like Gecko) Chrome/62.0.3202.94 Safari/537.36" "192.168.1.2" 0.025
192.168.1.19 - - [11/Jun/2024:12:21:31 +0000] "DELETE /ovfagljeu HTTP/1.1" 404 3620 "https://www.msn.com/" "Mozilla/5.0 (Windows NT 6.1; WOW64; Trident/7.0; AS; rv:11.0) like Gecko" "192.168.1.4" 0.1
192.168.1.39 - - [11/Jun/2024:12:21:38 +0000] "PUT /zkwpxk HTTP/1.1" 301 892 "https://www.ibm.com/" "Mozilla/5.0 (Windows NT 6.1; WOW64; Trident/7.0; AS; rv:11.0) like Gecko" "192.168.1.2" 0.001
2001:db8:0:1:0:0:0:2 - - [11/Jun/2024:12:21:41 +0000] "GET /euhe HTTP/1.1" 401 5496 "https://www.msn.com/" "Mozilla/5.0 (Windows NT 6.1; WOW64; Trident/7.0; AS; rv:11.0) like Gecko" "192.168.1.3" 0.09
192.168.1.11 - - [11/Jun/2024:12:21:43 +0000] "DELETE /zn HTTP/1.1" 400 9135 "https://www.msn.com/" "Mozilla/5.0 (Windows NT 10.0; Win64; x64) AppleWebKit/537.36 (KHTML, like Gecko) Chrome/62.0.3202.94 Safari/537.36" "192.168.1.3" 0.025
192.168.1.48 - - [11/Jun/2024:12:21:50 +0000] "PUT /lpv HTTP/1.1" 204 7932 "https://www.google.com/" "Mozilla/5.0 (Windows NT 10.0; Win64; x64) AppleWebKit/537.36 (KHTML, like Gecko) Chrome/62.0.3202.94 Safari/537.36" "192.168.52.1" 0.1
192.168.1.49 - - [11/Jun/2024:12:21:59 +0000] "POST /tjqdyrvoe HTTP/1.1" 400 8887 "https://www.msn.com/" "Mozilla/5.0 (Windows NT 10.0; Win64; x64) AppleWebKit/537.36 (KHTML, like Gecko) Chrome/58.0.3029.110 Safari/537.36" "192.168.52.1" 0.025
192.168.1.21 - - [11/Jun/2024:12:22:01 +0000] "DELETE /xptvv HTTP/1.1" 500 1769 "https://www.example.com/" "Mozilla/5.0 (Windows NT 10.0; Win64; x64) AppleWebKit/537.36 (KHTML, like Gecko) Chrome/62.0.3202.94 Safari/537.36" "192.168.56.1" 0.001
192.168.1.4 - - [11/Jun/2024:12:22:02 +0000] "DELETE /nalxir HTTP/1.1" 204 5985 "https://www.google.com/" "Mozilla/5.0 (Windows NT 10.0; Win64; x64) AppleWebKit/537.36 (KHTML, like Gecko) Chrome/58.0.3029.110 Safari/537.36" "192.168.52.1" 0.001
192.168.1.9 - - [11/Jun/2024:12:22:07 +0000] "GET /ai HTTP/1.1" 302 9624 "https://www.google.com/" "Mozilla/5.0 (Windows NT 10.0; Win64; x64; rv:54.0) Gecko/20100101 Firefox/54.0" "192.168.52.1" 0.001
192.168.1.35 - - [11/Jun/2024:12:22:10 +0000] "DELETE /o HTTP/1.1" 204 8932 "https://www.example.com/" "Mozilla/5.0 (Windows NT 10.0; Win64; x64; rv:54.0) Gecko/20100101 Firefox/54.0" "192.168.52.1" 0.09
192.168.1.32 - - [11/Jun/2024:12:22:16 +0000] "PUT /ntolpsg HTTP/1.1" 301 2712 "https://www.msn.com/" "Mozilla/5.0 (Windows NT 10.0; Win64; x64; rv:54.0) Gecko/20100101 Firefox/54.0" "192.168.56.1" 0.001
192.168.1.45 - - [11/Jun/2024:12:22:19 +0000] "GET /riiusngcmy HTTP/1.1" 302 4309 "https://www.msn.com/" "Mozilla/5.0 (Windows NT 6.1; WOW64; Trident/7.0; AS; rv:11.0) like Gecko" "192.168.56.1" 0.1
192.168.1.4 - - [11/Jun/2024:12:22:22 +0000] "DELETE /urduvcycc HTTP/1.1" 200 5521 "https://www.ibm.com/" "Mozilla/5.0 (Windows NT 10.0; Win64; x64; rv:54.0) Gecko/20100101 Firefox/54.0" "192.168.1.5" 0.09
192.168.1.42 - - [11/Jun/2024:12:22:26 +0000] "PUT /joss HTTP/1.1" 301 2501 "https://www.ibm.com/" "Mozilla/5.0 (Windows NT 6.1; WOW64; rv:54.0) Gecko/20100101 Firefox/54.0" "192.168.1.3" 0.001
192.168.1.12 - - [11/Jun/2024:12:22:28 +0000] "DELETE /kcguyoljt HTTP/1.1" 400 8361 "https://www.ibm.com/" "Mozilla/5.0 (Windows NT 10.0; Win64; x64; rv:54.0) Gecko/20100101 Firefox/54.0" "192.168.1.4" 0.002
2001:db8:0:1:0:0:0:8 - - [11/Jun/2024:12:22:30 +0000] "GET /wba HTTP/1.1" 403 3740 "https://www.google.com/" "Mozilla/5.0 (Windows NT 10.0; Win64; x64; rv:54.0) Gecko/20100101 Firefox/54.0" "192.168.52.1" 0.15
2001:db8:0:1:0:0:0:1 - - [11/Jun/2024:12:22:31 +0000] "PUT /uunt HTTP/1.1" 302 616 "https://www.google.com/" "Mozilla/5.0 (Windows NT 6.1; WOW64; rv:54.0) Gecko/20100101 Firefox/54.0" "192.168.1.4" 0.09
2001:db8:0:1:0:0:0:a - - [11/Jun/2024:12:22:31 +0000] "GET /vtovz HTTP/1.1" 301 2820 "https://www.example.com/" "Mozilla/5.0 (Windows NT 6.1; WOW64; Trident/7.0; AS; rv:11.0) like Gecko" "192.168.1.5" 0.002
2001:db8:0:1:0:0:0:5 - - [11/Jun/2024:12:22:32 +0000] "DELETE /kyk HTTP/1.1" 400 1910 "https://www.google.com/" "Mozilla/5.0 (Windows NT 6.1; WOW64; Trident/7.0; AS; rv:11.0) like Gecko" "192.168.56.1" 0.15
192.168.1.41 - - [11/Jun/2024:12:22:34 +0000] "GET /zixymexrd HTTP/1.1" 400 7772 "https://www.ibm.com/" "Mozilla/5.0 (Windows NT 10.0; Win64; x64) AppleWebKit/537.36 (KHTML, like Gecko) Chrome/62.0.3202.94 Safari/537.36" "192.168.1.2" 0.002
192.168.1.23 - - [11/Jun/2024:12:22:39 +0000] "GET /f HTTP/1.1" 200 8110 "https://www.example.com/" "Mozilla/5.0 (Windows NT 6.1; WOW64; rv:54.0) Gecko/20100101 Firefox/54.0" "192.168.56.1" 0.025
192.168.1.13 - - [11/Jun/2024:12:22:42 +0000] "PUT /i HTTP/1.1" 401 4574 "https://www.msn.com/" "Mozilla/5.0 (Windows NT 10.0; WOW64) AppleWebKit/537.36 (KHTML, like Gecko) Chrome/58.0.3029.110 Safari/537.36 OPR/45.0.2552.898" "192.168.1.5" 0.09
192.168.1.31 - - [11/Jun/2024:12:22:47 +0000] "GET /vi HTTP/1.1" 200 7350 "https://www.msn.com/" "Mozilla/5.0 (Windows NT 10.0; Win64; x64; rv:54.0) Gecko/20100101 Firefox/54.0" "192.168.56.1" 0.001
192.168.1.30 - - [11/Jun/2024:12:22:48 +0000] "PUT /ql HTTP/1.1" 404 2709 "https://www.ibm.com/" "Mozilla/5.0 (Windows NT 10.0; Win64; x64) AppleWebKit/537.36 (KHTML, like Gecko) Chrome/58.0.3029.110 Safari/537.36" "192.168.1.1" 0.1
2001:db8:0:1:0:0:0:c - - [11/Jun/2024:12:22:53 +0000] "PUT /natpruks HTTP/1.1" 302 2001 "https://www.google.com/" "Mozilla/5.0 (Windows NT 10.0; Win64; x64; rv:54.0) Gecko/20100101 Firefox/54.0" "192.168.1.2" 0.002
2001:db8:0:1:0:0:0:7 - - [11/Jun/2024:12:22:54 +0000] "POST /mweepicpun HTTP/1.1" 403 3949 "https://www.google.com/" "Mozilla/5.0 (Windows NT 6.1; WOW64; Trident/7.0; AS; rv:11.0) like Gecko" "192.168.52.1" 0.15
2001:db8:0:1:0:0:0:8 - - [11/Jun/2024:12:23:07 +0000] "POST /rycdqw HTTP/1.1" 401 9174 "https://www.ibm.com/" "Mozilla/5.0 (Windows NT 10.0; Win64; x64) AppleWebKit/537.36 (KHTML, like Gecko) Chrome/62.0.3202.94 Safari/537.36" "192.168.52.1" 0.001
192.168.1.36 - - [11/Jun/2024:12:23:09 +0000] "PUT /bjqxvqcnc HTTP/1.1" 200 3691 "https://www.msn.com/" "Mozilla/5.0 (Windows NT 10.0; WOW64) AppleWebKit/537.36 (KHTML, like Gecko) Chrome/58.0.3029.110 Safari/537.36 OPR/45.0.2552.898" "192.168.1.3" 0.002
192.168.1.14 - - [11/Jun/2024:12:23:15 +0000] "GET /ybjnpxjqtg HTTP/1.1" 400 1416 "https://www.google.com/" "Mozilla/5.0 (Windows NT 10.0; Win64; x64) AppleWebKit/537.36 (KHTML, like Gecko) Chrome/58.0.3029.110 Safari/537.36" "192.168.52.1" 0.002
2001:db8:0:1:0:0:0:a - - [11/Jun/2024:12:23:20 +0000] "DELETE /ljiphey HTTP/1.1" 200 2200 "https://www.example.com/" "Mozilla/5.0 (Windows NT 10.0; Win64; x64) AppleWebKit/537.36 (KHTML, like Gecko) Chrome/58.0.3029.110 Safari/537.36" "192.168.1.5" 0.002
192.168.1.1 - - [11/Jun/2024:12:23:22 +0000] "DELETE /tayr HTTP/1.1" 204 385 "https://www.msn.com/" "Mozilla/5.0 (Windows NT 10.0; WOW64) AppleWebKit/537.36 (KHTML, like Gecko) Chrome/58.0.3029.110 Safari/537.36 OPR/45.0.2552.898" "192.168.1.3" 0.002
2001:db8:0:1:0:0:0:8 - - [11/Jun/2024:12:23:26 +0000] "DELETE /x HTTP/1.1" 403 4082 "https://www.google.com/" "Mozilla/5.0 (Windows NT 10.0; WOW64) AppleWebKit/537.36 (KHTML, like Gecko) Chrome/58.0.3029.110 Safari/537.36 OPR/45.0.2552.898" "192.168.52.1" 0.002
192.168.1.30 - - [11/Jun/2024:12:23:35 +0000] "POST /juv HTTP/1.1" 204 6921 "https://www.example.com/" "Mozilla/5.0 (Windows NT 6.1; WOW64; rv:54.0) Gecko/20100101 Firefox/54.0" "192.168.1.2" 0.09
2001:db8:0:1:0:0:0:6 - - [11/Jun/2024:12:23:44 +0000] "GET /vh HTTP/1.1" 201 5380 "https://www.google.com/" "Mozilla/5.0 (Windows NT 10.0; Win64; x64) AppleWebKit/537.36 (KHTML, like Gecko) Chrome/62.0.3202.94 Safari/537.36" "192.168.56.1" 0.002
2001:db8:0:1:0:0:0:5 - - [11/Jun/2024:12:23:46 +0000] "DELETE /zumqc HTTP/1.1" 403 2798 "https://www.example.com/" "Mozilla/5.0 (Windows NT 10.0; Win64; x64) AppleWebKit/537.36 (KHTML, like Gecko) Chrome/58.0.3029.110 Safari/537.36" "192.168.52.1" 0.09
192.168.1.12 - - [11/Jun/2024:12:23:50 +0000] "POST /fahdnlbg HTTP/1.1" 204 6797 "https://www.example.com/" "Mozilla/5.0 (Windows NT 6.1; WOW64; Trident/7.0; AS; rv:11.0) like Gecko" "192.168.1.5" 0.001
192.168.1.13 - - [11/Jun/2024:12:23:51 +0000] "POST /zwrzqifz HTTP/1.1" 500 7059 "https://www.msn.com/" "Mozilla/5.0 (Windows NT 6.1; WOW64; rv:54.0) Gecko/20100101 Firefox/54.0" "192.168.1.1" 0.002
192.168.1.11 - - [11/Jun/2024:12:23:55 +0000] "POST /agvmx HTTP/1.1" 201 3211 "https://www.msn.com/" "Mozilla/5.0 (Windows NT 6.1; WOW64; Trident/7.0; AS; rv:11.0) like Gecko" "192.168.56.1" 0.002
2001:db8:0:1:0:0:0:7 - - [11/Jun/2024:12:23:58 +0000] "POST /sx HTTP/1.1" 301 9071 "https://www.ibm.com/" "Mozilla/5.0 (Windows NT 6.1; WOW64; rv:54.0) Gecko/20100101 Firefox/54.0" "192.168.1.4" 0.002
192.168.1.5 - - [11/Jun/2024:12:24:04 +0000] "POST /x HTTP/1.1" 201 7385 "https://www.example.com/" "Mozilla/5.0 (Windows NT 6.1; WOW64; rv:54.0) Gecko/20100101 Firefox/54.0" "192.168.1.2" 0.09
192.168.1.5 - - [11/Jun/2024:12:24:05 +0000] "POST /ngvjdhxcji HTTP/1.1" 301 7886 "https://www.ibm.com/" "Mozilla/5.0 (Windows NT 10.0; Win64; x64) AppleWebKit/537.36 (KHTML, like Gecko) Chrome/58.0.3029.110 Safari/537.36" "192.168.52.1" 0.002
2001:db8:0:1:0:0:0:1 - - [11/Jun/2024:12:24:05 +0000] "PUT /dywy HTTP/1.1" 500 7562 "https://www.example.com/" "Mozilla/5.0 (Windows NT 6.1; WOW64; rv:54.0) Gecko/20100101 Firefox/54.0" "192.168.1.2" 0.002
192.168.1.18 - - [11/Jun/2024:12:24:16 +0000] "GET /xawenbeadm HTTP/1.1" 500 5973 "https://www.msn.com/" "Mozilla/5.0 (Windows NT 6.1; WOW64; rv:54.0) Gecko/20100101 Firefox/54.0" "192.168.1.5" 0.002
192.168.1.16 - - [11/Jun/2024:12:24:17 +0000] "DELETE /zcdf HTTP/1.1" 400 175 "https://www.ibm.com/" "Mozilla/5.0 (Windows NT 10.0; WOW64) AppleWebKit/537.36 (KHTML, like Gecko) Chrome/58.0.3029.110 Safari/537.36 OPR/45.0.2552.898" "192.168.1.3" 0.001
192.168.1.24 - - [11/Jun/2024:12:24:21 +0000] "POST /zotn HTTP/1.1" 400 9122 "https://www.example.com/" "Mozilla/5.0 (Windows NT 10.0; Win64; x64) AppleWebKit/537.36 (KHTML, like Gecko) Chrome/58.0.3029.110 Safari/537.36" "192.168.52.1" 0.1
192.168.1.29 - - [11/Jun/2024:12:24:39 +0000] "DELETE /jfs HTTP/1.1" 400 7409 "https://www.example.com/" "Mozilla/5.0 (Windows NT 6.1; WOW64; Trident/7.0; AS; rv:11.0) like Gecko" "192.168.52.1" 0.09
192.168.1.20 - - [11/Jun/2024:12:24:40 +0000] "DELETE /vjthgioqqv HTTP/1.1" 204 8219 "https://www.google.com/" "Mozilla/5.0 (Windows NT 10.0; WOW64) AppleWebKit/537.36 (KHTML, like Gecko) Chrome/58.0.3029.110 Safari/537.36 OPR/45.0.2552.898" "192.168.56.1" 0.001
2001:db8:0:1:0:0:0:8 - - [11/Jun/2024:12:24:40 +0000] "DELETE /onwaxtx HTTP/1.1" 400 9216 "https://www.msn.com/" "Mozilla/5.0 (Windows NT 6.1; WOW64; rv:54.0) Gecko/20100101 Firefox/54.0" "192.168.1.2" 0.1
192.168.1.39 - - [11/Jun/2024:12:24:40 +0000] "POST /vsprx HTTP/1.1" 500 5653 "https://www.google.com/" "Mozilla/5.0 (Windows NT 10.0; Win64; x64) AppleWebKit/537.36 (KHTML, like Gecko) Chrome/62.0.3202.94 Safari/537.36" "192.168.1.5" 0.002
192.168.1.33 - - [11/Jun/2024:12:24:41 +0000] "DELETE /bdp HTTP/1.1" 204 8783 "https://www.google.com/" "Mozilla/5.0 (Windows NT 10.0; Win64; x64) AppleWebKit/537.36 (KHTML, like Gecko) Chrome/62.0.3202.94 Safari/537.36" "192.168.1.5" 0.002
192.168.1.22 - - [11/Jun/2024:12:24:43 +0000] "PUT /cdskl HTTP/1.1" 404 2882 "https://www.msn.com/" "Mozilla/5.0 (Windows NT 10.0; WOW64) AppleWebKit/537.36 (KHTML, like Gecko) Chrome/58.0.3029.110 Safari/537.36 OPR/45.0.2552.898" "192.168.1.4" 0.001
2001:db8:0:1:0:0:0:7 - - [11/Jun/2024:12:24:44 +0000] "DELETE /sfgffxd HTTP/1.1" 302 9865 "https://www.google.com/" "Mozilla/5.0 (Windows NT 10.0; Win64; x64) AppleWebKit/537.36 (KHTML, like Gecko) Chrome/58.0.3029.110 Safari/537.36" "192.168.1.1" 0.001
192.168.1.14 - - [11/Jun/2024:12:24:45 +0000] "PUT /xzseitdt HTTP/1.1" 302 1014 "https://www.ibm.com/" "Mozilla/5.0 (Windows NT 10.0; WOW64) AppleWebKit/537.36 (KHTML, like Gecko) Chrome/58.0.3029.110 Safari/537.36 OPR/45.0.2552.898" "192.168.1.5" 0.002
192.168.1.42 - - [11/Jun/2024:12:24:50 +0000] "GET /hzpqff HTTP/1.1" 400 307 "https://www.msn.com/" "Mozilla/5.0 (Windows NT 6.1; WOW64; rv:54.0) Gecko/20100101 Firefox/54.0" "192.168.1.3" 0.002
2001:db8:0:1:0:0:0:6 - - [11/Jun/2024:12:24:51 +0000] "POST /nyizvttzs HTTP/1.1" 403 750 "https://www.ibm.com/" "Mozilla/5.0 (Windows NT 10.0; Win64; x64) AppleWebKit/537.36 (KHTML, like Gecko) Chrome/62.0.3202.94 Safari/537.36" "192.168.1.2" 0.002
2001:db8:0:1:0:0:0:5 - - [11/Jun/2024:12:25:02 +0000] "PUT /vujpwbfg HTTP/1.1" 404 650 "https://www.ibm.com/" "Mozilla/5.0 (Windows NT 10.0; Win64; x64) AppleWebKit/537.36 (KHTML, like Gecko) Chrome/62.0.3202.94 Safari/537.36" "192.168.1.4" 0.002
192.168.1.41 - - [11/Jun/2024:12:25:06 +0000] "DELETE /hugnfj HTTP/1.1" 403 9460 "https://www.msn.com/" "Mozilla/5.0 (Windows NT 6.1; WOW64; Trident/7.0; AS; rv:11.0) like Gecko" "192.168.1.3" 0.001
192.168.1.11 - - [11/Jun/2024:12:25:24 +0000] "POST /swl HTTP/1.1" 200 1988 "https://www.msn.com/" "Mozilla/5.0 (Windows NT 10.0; Win64; x64) AppleWebKit/537.36 (KHTML, like Gecko) Chrome/62.0.3202.94 Safari/537.36" "192.168.1.2" 0.001
192.168.1.12 - - [11/Jun/2024:12:25:27 +0000] "POST /bmomqgvzcx HTTP/1.1" 403 241 "https://www.msn.com/" "Mozilla/5.0 (Windows NT 10.0; Win64; x64) AppleWebKit/537.36 (KHTML, like Gecko) Chrome/58.0.3029.110 Safari/537.36" "192.168.1.5" 0.15
2001:db8:0:1:0:0:0:c - - [11/Jun/2024:12:25:37 +0000] "PUT /bgzxlrdb HTTP/1.1" 204 8249 "https://www.example.com/" "Mozilla/5.0 (Windows NT 6.1; WOW64; rv:54.0) Gecko/20100101 Firefox/54.0" "192.168.1.3" 0.15
192.168.1.23 - - [11/Jun/2024:12:25:44 +0000] "POST /g HTTP/1.1" 400 4188 "https://www.ibm.com/" "Mozilla/5.0 (Windows NT 6.1; WOW64; rv:54.0) Gecko/20100101 Firefox/54.0" "192.168.1.1" 0.001
192.168.1.21 - - [11/Jun/2024:12:25:45 +0000] "POST /mfxxqpk HTTP/1.1" 201 9899 "https://www.google.com/" "Mozilla/5.0 (Windows NT 6.1; WOW64; Trident/7.0; AS; rv:11.0) like Gecko" "192.168.52.1" 0.001
192.168.1.16 - - [11/Jun/2024:12:25:47 +0000] "DELETE /yobmcjlxp HTTP/1.1" 200 9503 "https://www.ibm.com/" "Mozilla/5.0 (Windows NT 10.0; Win64; x64) AppleWebKit/537.36 (KHTML, like Gecko) Chrome/58.0.3029.110 Safari/537.36" "192.168.1.2" 0.002
192.168.1.3 - - [11/Jun/2024:12:26:00 +0000] "DELETE /iyjwxs HTTP/1.1" 500 4626 "https://www.msn.com/" "Mozilla/5.0 (Windows NT 10.0; Win64; x64) AppleWebKit/537.36 (KHTML, like Gecko) Chrome/58.0.3029.110 Safari/537.36" "192.168.1.4" 0.002
192.168.1.45 - - [11/Jun/2024:12:26:13 +0000] "PUT /lelfsc HTTP/1.1" 403 4823 "https://www.msn.com/" "Mozilla/5.0 (Windows NT 6.1; WOW64; Trident/7.0; AS; rv:11.0) like Gecko" "192.168.56.1" 0.09
192.168.1.12 - - [11/Jun/2024:12:26:29 +0000] "DELETE /s HTTP/1.1" 500 1104 "https://www.example.com/" "Mozilla/5.0 (Windows NT 10.0; Win64; x64; rv:54.0) Gecko/20100101 Firefox/54.0" "192.168.1.5" 0.002
192.168.1.35 - - [11/Jun/2024:12:26:35 +0000] "GET /h HTTP/1.1" 500 5280 "https://www.msn.com/" "Mozilla/5.0 (Windows NT 10.0; Win64; x64; rv:54.0) Gecko/20100101 Firefox/54.0" "192.168.1.2" 0.002
192.168.1.32 - - [11/Jun/2024:12:26:40 +0000] "DELETE /tvzkdafc HTTP/1.1" 500 8732 "https://www.ibm.com/" "Mozilla/5.0 (Windows NT 10.0; Win64; x64) AppleWebKit/537.36 (KHTML, like Gecko) Chrome/62.0.3202.94 Safari/537.36" "192.168.1.5" 0.025
192.168.1.21 - - [11/Jun/2024:12:26:44 +0000] "GET /sb HTTP/1.1" 404 5611 "https://www.google.com/" "Mozilla/5.0 (Windows NT 10.0; Win64; x64) AppleWebKit/537.36 (KHTML, like Gecko) Chrome/62.0.3202.94 Safari/537.36" "192.168.1.1" 0.002
2001:db8:0:1:0:0:0:e - - [11/Jun/2024:12:26:44 +0000] "POST /omxcix HTTP/1.1" 204 3938 "https://www.example.com/" "Mozilla/5.0 (Windows NT 10.0; Win64; x64; rv:54.0) Gecko/20100101 Firefox/54.0" "192.168.1.2" 0.001
192.168.1.44 - - [11/Jun/2024:12:26:45 +0000] "PUT /j HTTP/1.1" 302 361 "https://www.google.com/" "Mozilla/5.0 (Windows NT 10.0; Win64; x64) AppleWebKit/537.36 (KHTML, like Gecko) Chrome/58.0.3029.110 Safari/537.36" "192.168.1.3" 0.002
2001:db8:0:1:0:0:0:a - - [11/Jun/2024:12:26:46 +0000] "DELETE /vy HTTP/1.1" 302 2818 "https://www.msn.com/" "Mozilla/5.0 (Windows NT 6.1; WOW64; Trident/7.0; AS; rv:11.0) like Gecko" "192.168.56.1" 0.002
192.168.1.16 - - [11/Jun/2024:12:26:51 +0000] "DELETE /tir HTTP/1.1" 201 5484 "https://www.ibm.com/" "Mozilla/5.0 (Windows NT 10.0; Win64; x64) AppleWebKit/537.36 (KHTML, like Gecko) Chrome/62.0.3202.94 Safari/537.36" "192.168.52.1" 0.001
192.168.1.34 - - [11/Jun/2024:12:26:52 +0000] "POST /ot HTTP/1.1" 401 3391 "https://www.google.com/" "Mozilla/5.0 (Windows NT 10.0; WOW64) AppleWebKit/537.36 (KHTML, like Gecko) Chrome/58.0.3029.110 Safari/537.36 OPR/45.0.2552.898" "192.168.1.5" 0.002
192.168.1.7 - - [11/Jun/2024:12:26:54 +0000] "PUT /wxskkkdwio HTTP/1.1" 400 9103 "https://www.google.com/" "Mozilla/5.0 (Windows NT 10.0; Win64; x64) AppleWebKit/537.36 (KHTML, like Gecko) Chrome/58.0.3029.110 Safari/537.36" "192.168.1.3" 0.001
2001:db8:0:1:0:0:0:5 - - [11/Jun/2024:12:26:55 +0000] "PUT /esrnqyet HTTP/1.1" 404 4222 "https://www.google.com/" "Mozilla/5.0 (Windows NT 10.0; WOW64) AppleWebKit/537.36 (KHTML, like Gecko) Chrome/58.0.3029.110 Safari/537.36 OPR/45.0.2552.898" "192.168.1.1" 0.002
2001:db8:0:1:0:0:0:8 - - [11/Jun/2024:12:26:57 +0000] "PUT /jhgfotbuz HTTP/1.1" 401 6291 "https://www.ibm.com/" "Mozilla/5.0 (Windows NT 6.1; WOW64; rv:54.0) Gecko/20100101 Firefox/54.0" "192.168.1.4" 0.025
192.168.1.14 - - [11/Jun/2024:12:27:00 +0000] "GET /agno HTTP/1.1" 404 4101 "https://www.ibm.com/" "Mozilla/5.0 (Windows NT 6.1; WOW64; rv:54.0) Gecko/20100101 Firefox/54.0" "192.168.1.1" 0.025
2001:db8:0:1:0:0:0:9 - - [11/Jun/2024:12:27:02 +0000] "DELETE /qkw HTTP/1.1" 201 6958 "https://www.example.com/" "Mozilla/5.0 (Windows NT 6.1; WOW64; Trident/7.0; AS; rv:11.0) like Gecko" "192.168.1.4" 0.1
192.168.1.38 - - [11/Jun/2024:12:27:05 +0000] "PUT /vyt HTTP/1.1" 401 3152 "https://www.ibm.com/" "Mozilla/5.0 (Windows NT 6.1; WOW64; Trident/7.0; AS; rv:11.0) like Gecko" "192.168.1.3" 0.1
192.168.1.20 - - [11/Jun/2024:12:27:07 +0000] "POST /yjpe HTTP/1.1" 301 2313 "https://www.msn.com/" "Mozilla/5.0 (Windows NT 10.0; Win64; x64; rv:54.0) Gecko/20100101 Firefox/54.0" "192.168.52.1" 0.002
192.168.1.3 - - [11/Jun/2024:12:27:08 +0000] "GET /v HTTP/1.1" 301 2605 "https://www.ibm.com/" "Mozilla/5.0 (Windows NT 10.0; WOW64) AppleWebKit/537.36 (KHTML, like Gecko) Chrome/58.0.3029.110 Safari/537.36 OPR/45.0.2552.898" "192.168.1.1" 0.002
192.168.1.18 - - [11/Jun/2024:12:27:08 +0000] "GET /yrrsgd HTTP/1.1" 403 2750 "https://www.google.com/" "Mozilla/5.0 (Windows NT 10.0; WOW64) AppleWebKit/537.36 (KHTML, like Gecko) Chrome/58.0.3029.110 Safari/537.36 OPR/45.0.2552.898" "192.168.1.1" 0.001
192.168.1.15 - - [11/Jun/2024:12:27:08 +0000] "GET /ftcbm HTTP/1.1" 201 4080 "https://www.google.com/" "Mozilla/5.0 (Windows NT 10.0; WOW64) AppleWebKit/537.36 (KHTML, like Gecko) Chrome/58.0.3029.110 Safari/537.36 OPR/45.0.2552.898" "192.168.1.1" 0.09
192.168.1.5 - - [11/Jun/2024:12:27:09 +0000] "DELETE /vhyc HTTP/1.1" 204 2956 "https://www.google.com/" "Mozilla/5.0 (Windows NT 10.0; WOW64) AppleWebKit/537.36 (KHTML, like Gecko) Chrome/58.0.3029.110 Safari/537.36 OPR/45.0.2552.898" "192.168.1.2" 0.025
2001:db8:0:1:0:0:0:6 - - [11/Jun/2024:12:27:12 +0000] "DELETE /wiilsl HTTP/1.1" 302 175 "https://www.google.com/" "Mozilla/5.0 (Windows NT 6.1; WOW64; Trident/7.0; AS; rv:11.0) like Gecko" "192.168.1.2" 0.002
192.168.1.21 - - [11/Jun/2024:12:27:15 +0000] "DELETE /gugl HTTP/1.1" 301 8014 "https://www.msn.com/" "Mozilla/5.0 (Windows NT 6.1; WOW64; Trident/7.0; AS; rv:11.0) like Gecko" "192.168.1.5" 0.002
192.168.1.31 - - [11/Jun/2024:12:27:21 +0000] "PUT /wtotcq HTTP/1.1" 204 7298 "https://www.example.com/" "Mozilla/5.0 (Windows NT 10.0; WOW64) AppleWebKit/537.36 (KHTML, like Gecko) Chrome/58.0.3029.110 Safari/537.36 OPR/45.0.2552.898" "192.168.1.5" 0.002
192.168.1.17 - - [11/Jun/2024:12:27:24 +0000] "GET /fqwtx HTTP/1.1" 403 502 "https://www.msn.com/" "Mozilla/5.0 (Windows NT 6.1; WOW64; Trident/7.0; AS; rv:11.0) like Gecko" "192.168.1.2" 0.1
2001:db8:0:1:0:0:0:8 - - [11/Jun/2024:12:27:28 +0000] "GET /ntywfxdmev HTTP/1.1" 204 5786 "https://www.msn.com/" "Mozilla/5.0 (Windows NT 10.0; WOW64) AppleWebKit/537.36 (KHTML, like Gecko) Chrome/58.0.3029.110 Safari/537.36 OPR/45.0.2552.898" "192.168.56.1" 0.002
2001:db8:0:1:0:0:0:4 - - [11/Jun/2024:12:27:29 +0000] "PUT /yingfmoydl HTTP/1.1" 204 5088 "https://www.ibm.com/" "Mozilla/5.0 (Windows NT 10.0; Win64; x64) AppleWebKit/537.36 (KHTML, like Gecko) Chrome/58.0.3029.110 Safari/537.36" "192.168.56.1" 0.001
192.168.1.21 - - [11/Jun/2024:12:27:29 +0000] "POST /wqicazs HTTP/1.1" 401 9390 "https://www.example.com/" "Mozilla/5.0 (Windows NT 10.0; Win64; x64) AppleWebKit/537.36 (KHTML, like Gecko) Chrome/58.0.3029.110 Safari/537.36" "192.168.1.1" 0.09
192.168.1.25 - - [11/Jun/2024:12:27:31 +0000] "DELETE /llww HTTP/1.1" 302 5568 "https://www.example.com/" "Mozilla/5.0 (Windows NT 6.1; WOW64; Trident/7.0; AS; rv:11.0) like Gecko" "192.168.1.4" 0.15
192.168.1.14 - - [11/Jun/2024:12:27:36 +0000] "GET /yvzsflpsj HTTP/1.1" 204 2032 "https://www.ibm.com/" "Mozilla/5.0 (Windows NT 10.0; Win64; x64) AppleWebKit/537.36 (KHTML, like Gecko) Chrome/62.0.3202.94 Safari/537.36" "192.168.1.4" 0.1
192.168.1.34 - - [11/Jun/2024:12:27:37 +0000] "DELETE /pnatauwklq HTTP/1.1" 204 5108 "https://www.ibm.com/" "Mozilla/5.0 (Windows NT 6.1; WOW64; Trident/7.0; AS; rv:11.0) like Gecko" "192.168.1.3" 0.001
192.168.1.50 - - [11/Jun/2024:12:27:39 +0000] "GET /ukduz HTTP/1.1" 301 2213 "https://www.msn.com/" "Mozilla/5.0 (Windows NT 10.0; WOW64) AppleWebKit/537.36 (KHTML, like Gecko) Chrome/58.0.3029.110 Safari/537.36 OPR/45.0.2552.898" "192.168.52.1" 0.15
192.168.1.19 - - [11/Jun/2024:12:27:39 +0000] "GET /bzrycg HTTP/1.1" 200 5765 "https://www.example.com/" "Mozilla/5.0 (Windows NT 10.0; Win64; x64; rv:54.0) Gecko/20100101 Firefox/54.0" "192.168.1.2" 0.025
192.168.1.26 - - [11/Jun/2024:12:27:39 +0000] "POST /phd HTTP/1.1" 401 3188 "https://www.ibm.com/" "Mozilla/5.0 (Windows NT 6.1; WOW64; rv:54.0) Gecko/20100101 Firefox/54.0" "192.168.56.1" 0.002
192.168.1.17 - - [11/Jun/2024:12:27:40 +0000] "PUT /yijnx HTTP/1.1" 204 658 "https://www.example.com/" "Mozilla/5.0 (Windows NT 10.0; Win64; x64; rv:54.0) Gecko/20100101 Firefox/54.0" "192.168.1.2" 0.002
2001:db8:0:1:0:0:0:c - - [11/Jun/2024:12:27:44 +0000] "PUT /nnckk HTTP/1.1" 200 7441 "https://www.example.com/" "Mozilla/5.0 (Windows NT 10.0; WOW64) AppleWebKit/537.36 (KHTML, like Gecko) Chrome/58.0.3029.110 Safari/537.36 OPR/45.0.2552.898" "192.168.1.5" 0.15
192.168.1.16 - - [11/Jun/2024:12:27:46 +0000] "GET /pvvroh HTTP/1.1" 403 9498 "https://www.google.com/" "Mozilla/5.0 (Windows NT 10.0; Win64; x64) AppleWebKit/537.36 (KHTML, like Gecko) Chrome/62.0.3202.94 Safari/537.36" "192.168.56.1" 0.002
192.168.1.1 - - [11/Jun/2024:12:27:46 +0000] "POST /qtpxfadl HTTP/1.1" 400 739 "https://www.ibm.com/" "Mozilla/5.0 (Windows NT 10.0; Win64; x64) AppleWebKit/537.36 (KHTML, like Gecko) Chrome/58.0.3029.110 Safari/537.36" "192.168.1.2" 0.002
192.168.1.23 - - [11/Jun/2024:12:27:46 +0000] "GET /smgpivlq HTTP/1.1" 301 2884 "https://www.google.com/" "Mozilla/5.0 (Windows NT 6.1; WOW64; rv:54.0) Gecko/20100101 Firefox/54.0" "192.168.56.1" 0.15
192.168.1.47 - - [11/Jun/2024:12:27:49 +0000] "POST /ikpgyye HTTP/1.1" 400 9506 "https://www.ibm.com/" "Mozilla/5.0 (Windows NT 10.0; Win64; x64) AppleWebKit/537.36 (KHTML, like Gecko) Chrome/62.0.3202.94 Safari/537.36" "192.168.1.1" 0.025
192.168.1.50 - - [11/Jun/2024:12:27:54 +0000] "DELETE /jlor HTTP/1.1" 404 5726 "https://www.example.com/" "Mozilla/5.0 (Windows NT 6.1; WOW64; Trident/7.0; AS; rv:11.0) like Gecko" "192.168.52.1" 0.001
192.168.1.18 - - [11/Jun/2024:12:27:56 +0000] "PUT /pzcrgurju HTTP/1.1" 400 2952 "https://www.msn.com/" "Mozilla/5.0 (Windows NT 10.0; Win64; x64) AppleWebKit/537.36 (KHTML, like Gecko) Chrome/62.0.3202.94 Safari/537.36" "192.168.1.4" 0.002
192.168.1.20 - - [11/Jun/2024:12:27:58 +0000] "GET /ltjusugxrp HTTP/1.1" 302 3528 "https://www.msn.com/" "Mozilla/5.0 (Windows NT 6.1; WOW64; rv:54.0) Gecko/20100101 Firefox/54.0" "192.168.1.1" 0.15
192.168.1.50 - - [11/Jun/2024:12:28:01 +0000] "GET /un HTTP/1.1" 302 9593 "https://www.google.com/" "Mozilla/5.0 (Windows NT 10.0; Win64; x64; rv:54.0) Gecko/20100101 Firefox/54.0" "192.168.1.4" 0.1
2001:db8:0:1:0:0:0:b - - [11/Jun/2024:12:28:05 +0000] "POST /cxiuozqo HTTP/1.1" 403 5635 "https://www.ibm.com/" "Mozilla/5.0 (Windows NT 10.0; WOW64) AppleWebKit/537.36 (KHTML, like Gecko) Chrome/58.0.3029.110 Safari/537.36 OPR/45.0.2552.898" "192.168.56.1" 0.15
192.168.1.19 - - [11/Jun/2024:12:28:10 +0000] "POST /svcn HTTP/1.1" 401 7093 "https://www.google.com/" "Mozilla/5.0 (Windows NT 6.1; WOW64; Trident/7.0; AS; rv:11.0) like Gecko" "192.168.1.3" 0.001
2001:db8:0:1:0:0:0:d - - [11/Jun/2024:12:28:11 +0000] "POST /bbvfb HTTP/1.1" 204 6599 "https://www.example.com/" "Mozilla/5.0 (Windows NT 10.0; Win64; x64; rv:54.0) Gecko/20100101 Firefox/54.0" "192.168.56.1" 0.001
192.168.1.44 - - [11/Jun/2024:12:28:13 +0000] "POST /punvr HTTP/1.1" 404 7899 "https://www.example.com/" "Mozilla/5.0 (Windows NT 10.0; Win64; x64) AppleWebKit/537.36 (KHTML, like Gecko) Chrome/62.0.3202.94 Safari/537.36" "192.168.56.1" 0.09
192.168.1.40 - - [11/Jun/2024:12:28:14 +0000] "DELETE /d HTTP/1.1" 302 8313 "https://www.example.com/" "Mozilla/5.0 (Windows NT 10.0; WOW64) AppleWebKit/537.36 (KHTML, like Gecko) Chrome/58.0.3029.110 Safari/537.36 OPR/45.0.2552.898" "192.168.1.1" 0.15
192.168.1.2 - - [11/Jun/2024:12:28:16 +0000] "GET /aqc HTTP/1.1" 204 6118 "https://www.ibm.com/" "Mozilla/5.0 (Windows NT 10.0; Win64; x64) AppleWebKit/537.36 (KHTML, like Gecko) Chrome/58.0.3029.110 Safari/537.36" "192.168.56.1" 0.001
192.168.1.27 - - [11/Jun/2024:12:28:21 +0000] "DELETE /wyzjocpp HTTP/1.1" 301 3334 "https://www.msn.com/" "Mozilla/5.0 (Windows NT 10.0; Win64; x64; rv:54.0) Gecko/20100101 Firefox/54.0" "192.168.1.4" 0.001
192.168.1.50 - - [11/Jun/2024:12:28:23 +0000] "DELETE /cevoqv HTTP/1.1" 403 6635 "https://www.example.com/" "Mozilla/5.0 (Windows NT 6.1; WOW64; rv:54.0) Gecko/20100101 Firefox/54.0" "192.168.1.5" 0.001
192.168.1.4 - - [11/Jun/2024:12:28:30 +0000] "PUT /nevolgjk HTTP/1.1" 401 3488 "https://www.ibm.com/" "Mozilla/5.0 (Windows NT 6.1; WOW64; Trident/7.0; AS; rv:11.0) like Gecko" "192.168.1.3" 0.025
192.168.1.36 - - [11/Jun/2024:12:28:31 +0000] "DELETE /fiv HTTP/1.1" 301 4402 "https://www.example.com/" "Mozilla/5.0 (Windows NT 6.1; WOW64; rv:54.0) Gecko/20100101 Firefox/54.0" "192.168.56.1" 0.1
192.168.1.20 - - [11/Jun/2024:12:28:33 +0000] "GET /iysf HTTP/1.1" 200 5246 "https://www.msn.com/" "Mozilla/5.0 (Windows NT 10.0; Win64; x64) AppleWebKit/537.36 (KHTML, like Gecko) Chrome/58.0.3029.110 Safari/537.36" "192.168.56.1" 0.001
192.168.1.49 - - [11/Jun/2024:12:28:36 +0000] "PUT /fj HTTP/1.1" 201 7354 "https://www.msn.com/" "Mozilla/5.0 (Windows NT 10.0; Win64; x64; rv:54.0) Gecko/20100101 Firefox/54.0" "192.168.1.5" 0.002
192.168.1.41 - - [11/Jun/2024:12:28:40 +0000] "POST /nfpxvn HTTP/1.1" 400 9194 "https://www.example.com/" "Mozilla/5.0 (Windows NT 6.1; WOW64; Trident/7.0; AS; rv:11.0) like Gecko" "192.168.1.3" 0.09
192.168.1.21 - - [11/Jun/2024:12:28:40 +0000] "DELETE /qdorugr HTTP/1.1" 302 6945 "https://www.google.com/" "Mozilla/5.0 (Windows NT 10.0; Win64; x64; rv:54.0) Gecko/20100101 Firefox/54.0" "192.168.1.1" 0.001
2001:db8:0:1:0:0:0:4 - - [11/Jun/2024:12:29:21 +0000] "DELETE /ajhovmor HTTP/1.1" 204 7382 "https://www.msn.com/" "Mozilla/5.0 (Windows NT 10.0; Win64; x64; rv:54.0) Gecko/20100101 Firefox/54.0" "192.168.1.5" 0.15
192.168.1.2 - - [11/Jun/2024:12:29:22 +0000] "GET /eouslol HTTP/1.1" 204 5681 "https://www.google.com/" "Mozilla/5.0 (Windows NT 6.1; WOW64; rv:54.0) Gecko/20100101 Firefox/54.0" "192.168.1.2" 0.002
2001:db8:0:1:0:0:0:c - - [11/Jun/2024:12:29:22 +0000] "DELETE /poggg HTTP/1.1" 401 4773 "https://www.msn.com/" "Mozilla/5.0 (Windows NT 10.0; Win64; x64) AppleWebKit/537.36 (KHTML, like Gecko) Chrome/62.0.3202.94 Safari/537.36" "192.168.1.2" 0.001
192.168.1.17 - - [11/Jun/2024:12:29:22 +0000] "POST /wukuuspmp HTTP/1.1" 302 8008 "https://www.ibm.com/" "Mozilla/5.0 (Windows NT 6.1; WOW64; Trident/7.0; AS; rv:11.0) like Gecko" "192.168.1.5" 0.025
192.168.1.42 - - [11/Jun/2024:12:29:23 +0000] "POST /tqyvzamry HTTP/1.1" 401 7947 "https://www.msn.com/" "Mozilla/5.0 (Windows NT 10.0; Win64; x64; rv:54.0) Gecko/20100101 Firefox/54.0" "192.168.52.1" 0.001
192.168.1.45 - - [11/Jun/2024:12:29:40 +0000] "PUT /melfii HTTP/1.1" 301 8545 "https://www.ibm.com/" "Mozilla/5.0 (Windows NT 10.0; WOW64) AppleWebKit/537.36 (KHTML, like Gecko) Chrome/58.0.3029.110 Safari/537.36 OPR/45.0.2552.898" "192.168.1.5" 0.001
