2001:db8:0:1:0:0:0:a - - [11/Jun/2024:02:38:18 +0000] "DELETE /hykxu HTTP/1.1" 204 620 "https://www.google.com/" "Mozilla/5.0 (Windows NT 10.0; Win64; x64; rv:54.0) Gecko/20100101 Firefox/54.0" "192.168.52.1" 0.15
2001:db8:0:1:0:0:0:a - - [11/Jun/2024:02:38:22 +0000] "DELETE /eodpgvyni HTTP/1.1" 400 2381 "https://www.ibm.com/" "Mozilla/5.0 (Windows NT 10.0; Win64; x64) AppleWebKit/537.36 (KHTML, like Gecko) Chrome/62.0.3202.94 Safari/537.36" "192.168.1.1" 0.025
2001:db8:0:1:0:0:0:9 - - [11/Jun/2024:02:38:29 +0000] "GET /pmmh HTTP/1.1" 500 9777 "https://www.google.com/" "Mozilla/5.0 (Windows NT 10.0; Win64; x64) AppleWebKit/537.36 (KHTML, like Gecko) Chrome/62.0.3202.94 Safari/537.36" "192.168.1.1" 0.1
2001:db8:0:1:0:0:0:d - - [11/Jun/2024:02:38:31 +0000] "GET /aaqcvauyb HTTP/1.1" 400 840 "https://www.google.com/" "Mozilla/5.0 (Windows NT 6.1; WOW64; Trident/7.0; AS; rv:11.0) like Gecko" "192.168.1.3" 0.025
192.168.1.10 - - [11/Jun/2024:02:38:43 +0000] "GET /cuxk HTTP/1.1" 301 1126 "https://www.msn.com/" "Mozilla/5.0 (Windows NT 6.1; WOW64; rv:54.0) Gecko/20100101 Firefox/54.0" "192.168.1.3" 0.002
192.168.1.40 - - [11/Jun/2024:02:38:45 +0000] "DELETE /ehvelrr HTTP/1.1" 403 7781 "https://www.msn.com/" "Mozilla/5.0 (Windows NT 6.1; WOW64; Trident/7.0; AS; rv:11.0) like Gecko" "192.168.1.4" 0.001
192.168.1.43 - - [11/Jun/2024:02:38:54 +0000] "DELETE /bzatxlsnwl HTTP/1.1" 201 1270 "https://www.example.com/" "Mozilla/5.0 (Windows NT 6.1; WOW64; rv:54.0) Gecko/20100101 Firefox/54.0" "192.168.52.1" 0.002
2001:db8:0:1:0:0:0:5 - - [11/Jun/2024:02:38:59 +0000] "POST /as HTTP/1.1" 403 8744 "https://www.msn.com/" "Mozilla/5.0 (Windows NT 10.0; Win64; x64) AppleWebKit/537.36 (KHTML, like Gecko) Chrome/58.0.3029.110 Safari/537.36" "192.168.1.3" 0.025
2001:db8:0:1:0:0:0:a - - [11/Jun/2024:02:39:08 +0000] "GET /eujhd HTTP/1.1" 403 4728 "https://www.ibm.com/" "Mozilla/5.0 (Windows NT 6.1; WOW64; Trident/7.0; AS; rv:11.0) like Gecko" "192.168.56.1" 0.025
192.168.1.1 - - [11/Jun/2024:02:39:11 +0000] "PUT /m HTTP/1.1" 200 7009 "https://www.msn.com/" "Mozilla/5.0 (Windows NT 6.1; WOW64; Trident/7.0; AS; rv:11.0) like Gecko" "192.168.52.1" 0.002
192.168.1.6 - - [11/Jun/2024:02:39:15 +0000] "DELETE /fxharb HTTP/1.1" 302 1164 "https://www.google.com/" "Mozilla/5.0 (Windows NT 6.1; WOW64; rv:54.0) Gecko/20100101 Firefox/54.0" "192.168.1.5" 0.001
192.168.1.17 - - [11/Jun/2024:02:39:20 +0000] "PUT /rpsnmmwwb HTTP/1.1" 400 6264 "https://www.msn.com/" "Mozilla/5.0 (Windows NT 10.0; Win64; x64; rv:54.0) Gecko/20100101 Firefox/54.0" "192.168.1.4" 0.025
192.168.1.23 - - [11/Jun/2024:02:39:22 +0000] "DELETE /qowy HTTP/1.1" 401 6558 "https://www.msn.com/" "Mozilla/5.0 (Windows NT 6.1; WOW64; rv:54.0) Gecko/20100101 Firefox/54.0" "192.168.52.1" 0.001
2001:db8:0:1:0:0:0:e - - [11/Jun/2024:02:39:30 +0000] "DELETE /dl HTTP/1.1" 201 2376 "https://www.ibm.com/" "Mozilla/5.0 (Windows NT 6.1; WOW64; rv:54.0) Gecko/20100101 Firefox/54.0" "192.168.1.3" 0.025
2001:db8:0:1:0:0:0:a - - [11/Jun/2024:02:39:32 +0000] "GET /rpwptxipj HTTP/1.1" 201 9668 "https://www.msn.com/" "Mozilla/5.0 (Windows NT 10.0; Win64; x64; rv:54.0) Gecko/20100101 Firefox/54.0" "192.168.1.2" 0.15
192.168.1.8 - - [11/Jun/2024:02:39:51 +0000] "POST /masigeaql HTTP/1.1" 404 6377 "https://www.ibm.com/" "Mozilla/5.0 (Windows NT 10.0; WOW64) AppleWebKit/537.36 (KHTML, like Gecko) Chrome/58.0.3029.110 Safari/537.36 OPR/45.0.2552.898" "192.168.56.1" 0.001
192.168.1.5 - - [11/Jun/2024:02:40:00 +0000] "GET /lzykkyw HTTP/1.1" 404 4072 "https://www.example.com/" "Mozilla/5.0 (Windows NT 10.0; Win64; x64) AppleWebKit/537.36 (KHTML, like Gecko) Chrome/62.0.3202.94 Safari/537.36" "192.168.52.1" 0.002
192.168.1.35 - - [11/Jun/2024:02:40:07 +0000] "DELETE /yigmobq HTTP/1.1" 204 6345 "https://www.example.com/" "Mozilla/5.0 (Windows NT 10.0; Win64; x64) AppleWebKit/537.36 (KHTML, like Gecko) Chrome/58.0.3029.110 Safari/537.36" "192.168.52.1" 0.002
192.168.1.44 - - [11/Jun/2024:02:40:08 +0000] "PUT /tpkbwuvqq HTTP/1.1" 500 6393 "https://www.msn.com/" "Mozilla/5.0 (Windows NT 10.0; Win64; x64; rv:54.0) Gecko/20100101 Firefox/54.0" "192.168.56.1" 0.15
192.168.1.40 - - [11/Jun/2024:02:40:21 +0000] "GET /nrohenfe HTTP/1.1" 500 3951 "https://www.ibm.com/" "Mozilla/5.0 (Windows NT 6.1; WOW64; rv:54.0) Gecko/20100101 Firefox/54.0" "192.168.1.2" 0.001
2001:db8:0:1:0:0:0:4 - - [11/Jun/2024:02:40:21 +0000] "GET /fcbaoecw HTTP/1.1" 404 9731 "https://www.msn.com/" "Mozilla/5.0 (Windows NT 6.1; WOW64; rv:54.0) Gecko/20100101 Firefox/54.0" "192.168.1.2" 0.001
192.168.1.32 - - [11/Jun/2024:02:40:30 +0000] "GET /dnng HTTP/1.1" 401 8329 "https://www.google.com/" "Mozilla/5.0 (Windows NT 6.1; WOW64; Trident/7.0; AS; rv:11.0) like Gecko" "192.168.52.1" 0.15
192.168.1.4 - - [11/Jun/2024:02:40:32 +0000] "POST /zobrjzmi HTTP/1.1" 403 2138 "https://www.google.com/" "Mozilla/5.0 (Windows NT 6.1; WOW64; rv:54.0) Gecko/20100101 Firefox/54.0" "192.168.1.3" 0.001
192.168.1.1 - - [11/Jun/2024:02:40:32 +0000] "POST /uedkffinu HTTP/1.1" 404 343 "https://www.example.com/" "Mozilla/5.0 (Windows NT 10.0; WOW64) AppleWebKit/537.36 (KHTML, like Gecko) Chrome/58.0.3029.110 Safari/537.36 OPR/45.0.2552.898" "192.168.1.2" 0.09
192.168.1.11 - - [11/Jun/2024:02:40:35 +0000] "PUT /svqa HTTP/1.1" 302 1125 "https://www.ibm.com/" "Mozilla/5.0 (Windows NT 6.1; WOW64; Trident/7.0; AS; rv:11.0) like Gecko" "192.168.1.4" 0.002
192.168.1.29 - - [11/Jun/2024:02:40:43 +0000] "DELETE /neyufuo HTTP/1.1" 301 4951 "https://www.msn.com/" "Mozilla/5.0 (Windows NT 10.0; Win64; x64; rv:54.0) Gecko/20100101 Firefox/54.0" "192.168.1.4" 0.09
192.168.1.3 - - [11/Jun/2024:02:41:04 +0000] "GET /qfffqzfibt HTTP/1.1" 201 281 "https://www.google.com/" "Mozilla/5.0 (Windows NT 6.1; WOW64; Trident/7.0; AS; rv:11.0) like Gecko" "192.168.52.1" 0.15
192.168.1.38 - - [11/Jun/2024:02:41:09 +0000] "PUT /ahkwyjokul HTTP/1.1" 204 7066 "https://www.msn.com/" "Mozilla/5.0 (Windows NT 6.1; WOW64; rv:54.0) Gecko/20100101 Firefox/54.0" "192.168.1.5" 0.002
192.168.1.40 - - [11/Jun/2024:02:41:31 +0000] "PUT /aqjih HTTP/1.1" 301 8015 "https://www.ibm.com/" "Mozilla/5.0 (Windows NT 10.0; Win64; x64; rv:54.0) Gecko/20100101 Firefox/54.0" "192.168.1.5" 0.15
2001:db8:0:1:0:0:0:e - - [11/Jun/2024:02:41:33 +0000] "GET /kjjodunyss HTTP/1.1" 204 5364 "https://www.example.com/" "Mozilla/5.0 (Windows NT 6.1; WOW64; rv:54.0) Gecko/20100101 Firefox/54.0" "192.168.56.1" 0.001
192.168.1.27 - - [11/Jun/2024:02:41:37 +0000] "GET /a HTTP/1.1" 400 2709 "https://www.ibm.com/" "Mozilla/5.0 (Windows NT 6.1; WOW64; rv:54.0) Gecko/20100101 Firefox/54.0" "192.168.56.1" 0.002
192.168.1.46 - - [11/Jun/2024:02:42:04 +0000] "DELETE /rkwpycrhve HTTP/1.1" 301 9483 "https://www.msn.com/" "Mozilla/5.0 (Windows NT 10.0; Win64; x64) AppleWebKit/537.36 (KHTML, like Gecko) Chrome/62.0.3202.94 Safari/537.36" "192.168.1.5" 0.001
192.168.1.35 - - [11/Jun/2024:02:42:08 +0000] "PUT /kqxz HTTP/1.1" 301 2837 "https://www.msn.com/" "Mozilla/5.0 (Windows NT 10.0; Win64; x64) AppleWebKit/537.36 (KHTML, like Gecko) Chrome/58.0.3029.110 Safari/537.36" "192.168.1.2" 0.025
2001:db8:0:1:0:0:0:a - - [11/Jun/2024:02:42:13 +0000] "POST /zhm HTTP/1.1" 301 4213 "https://www.ibm.com/" "Mozilla/5.0 (Windows NT 6.1; WOW64; Trident/7.0; AS; rv:11.0) like Gecko" "192.168.52.1" 0.025
192.168.1.32 - - [11/Jun/2024:02:42:14 +0000] "POST /av HTTP/1.1" 500 2068 "https://www.example.com/" "Mozilla/5.0 (Windows NT 10.0; Win64; x64; rv:54.0) Gecko/20100101 Firefox/54.0" "192.168.1.3" 0.002
192.168.1.25 - - [11/Jun/2024:02:42:27 +0000] "GET /oc HTTP/1.1" 301 6706 "https://www.example.com/" "Mozilla/5.0 (Windows NT 10.0; Win64; x64; rv:54.0) Gecko/20100101 Firefox/54.0" "192.168.52.1" 0.09
192.168.1.27 - - [11/Jun/2024:02:42:29 +0000] "POST /qitsiuazbx HTTP/1.1" 403 7919 "https://www.ibm.com/" "Mozilla/5.0 (Windows NT 10.0; Win64; x64; rv:54.0) Gecko/20100101 Firefox/54.0" "192.168.56.1" 0.09
192.168.1.6 - - [11/Jun/2024:02:42:34 +0000] "GET /knkrfe HTTP/1.1" 500 3199 "https://www.google.com/" "Mozilla/5.0 (Windows NT 6.1; WOW64; rv:54.0) Gecko/20100101 Firefox/54.0" "192.168.1.3" 0.001
192.168.1.19 - - [11/Jun/2024:02:42:45 +0000] "GET /eb HTTP/1.1" 302 1756 "https://www.example.com/" "Mozilla/5.0 (Windows NT 6.1; WOW64; rv:54.0) Gecko/20100101 Firefox/54.0" "192.168.1.3" 0.001
192.168.1.26 - - [11/Jun/2024:02:42:52 +0000] "PUT /li HTTP/1.1" 401 4706 "https://www.msn.com/" "Mozilla/5.0 (Windows NT 10.0; WOW64) AppleWebKit/537.36 (KHTML, like Gecko) Chrome/58.0.3029.110 Safari/537.36 OPR/45.0.2552.898" "192.168.1.2" 0.025
192.168.1.23 - - [11/Jun/2024:02:43:02 +0000] "POST /h HTTP/1.1" 204 155 "https://www.msn.com/" "Mozilla/5.0 (Windows NT 10.0; Win64; x64) AppleWebKit/537.36 (KHTML, like Gecko) Chrome/58.0.3029.110 Safari/537.36" "192.168.56.1" 0.001
192.168.1.48 - - [11/Jun/2024:02:43:07 +0000] "GET /i HTTP/1.1" 404 5422 "https://www.ibm.com/" "Mozilla/5.0 (Windows NT 10.0; Win64; x64) AppleWebKit/537.36 (KHTML, like Gecko) Chrome/62.0.3202.94 Safari/537.36" "192.168.1.5" 0.15
192.168.1.21 - - [11/Jun/2024:02:43:12 +0000] "DELETE /rd HTTP/1.1" 201 601 "https://www.google.com/" "Mozilla/5.0 (Windows NT 10.0; WOW64) AppleWebKit/537.36 (KHTML, like Gecko) Chrome/58.0.3029.110 Safari/537.36 OPR/45.0.2552.898" "192.168.1.3" 0.002
2001:db8:0:1:0:0:0:2 - - [11/Jun/2024:02:43:13 +0000] "POST /zimqz HTTP/1.1" 200 1700 "https://www.msn.com/" "Mozilla/5.0 (Windows NT 6.1; WOW64; Trident/7.0; AS; rv:11.0) like Gecko" "192.168.1.4" 0.002
192.168.1.19 - - [11/Jun/2024:02:43:28 +0000] "POST /gtvgsxbuv HTTP/1.1" 301 1203 "https://www.ibm.com/" "Mozilla/5.0 (Windows NT 10.0; Win64; x64; rv:54.0) Gecko/20100101 Firefox/54.0" "192.168.1.5" 0.15
192.168.1.27 - - [11/Jun/2024:02:43:34 +0000] "GET /caqyxfuu HTTP/1.1" 401 565 "https://www.msn.com/" "Mozilla/5.0 (Windows NT 10.0; WOW64) AppleWebKit/537.36 (KHTML, like Gecko) Chrome/58.0.3029.110 Safari/537.36 OPR/45.0.2552.898" "192.168.1.1" 0.025
192.168.1.5 - - [11/Jun/2024:02:43:48 +0000] "GET /mpkkf HTTP/1.1" 302 3796 "https://www.ibm.com/" "Mozilla/5.0 (Windows NT 10.0; Win64; x64) AppleWebKit/537.36 (KHTML, like Gecko) Chrome/58.0.3029.110 Safari/537.36" "192.168.1.3" 0.15
192.168.1.44 - - [11/Jun/2024:02:43:48 +0000] "GET /pullsba HTTP/1.1" 400 3718 "https://www.msn.com/" "Mozilla/5.0 (Windows NT 10.0; Win64; x64) AppleWebKit/537.36 (KHTML, like Gecko) Chrome/62.0.3202.94 Safari/537.36" "192.168.1.2" 0.002
192.168.1.33 - - [11/Jun/2024:02:43:48 +0000] "PUT /owbffbjt HTTP/1.1" 301 2212 "https://www.google.com/" "Mozilla/5.0 (Windows NT 6.1; WOW64; rv:54.0) Gecko/20100101 Firefox/54.0" "192.168.56.1" 0.025
2001:db8:0:1:0:0:0:6 - - [11/Jun/2024:02:44:03 +0000] "PUT /cxicpfh HTTP/1.1" 500 5948 "https://www.ibm.com/" "Mozilla/5.0 (Windows NT 10.0; Win64; x64) AppleWebKit/537.36 (KHTML, like Gecko) Chrome/58.0.3029.110 Safari/537.36" "192.168.56.1" 0.002
192.168.1.2 - - [11/Jun/2024:02:44:09 +0000] "PUT /kowpmfz HTTP/1.1" 200 9020 "https://www.google.com/" "Mozilla/5.0 (Windows NT 6.1; WOW64; Trident/7.0; AS; rv:11.0) like Gecko" "192.168.56.1" 0.002
192.168.1.7 - - [11/Jun/2024:02:44:27 +0000] "PUT /xjbpxd HTTP/1.1" 201 3337 "https://www.example.com/" "Mozilla/5.0 (Windows NT 10.0; WOW64) AppleWebKit/537.36 (KHTML, like Gecko) Chrome/58.0.3029.110 Safari/537.36 OPR/45.0.2552.898" "192.168.56.1" 0.001
192.168.1.21 - - [11/Jun/2024:02:44:56 +0000] "DELETE /iaurf HTTP/1.1" 404 7548 "https://www.ibm.com/" "Mozilla/5.0 (Windows NT 6.1; WOW64; rv:54.0) Gecko/20100101 Firefox/54.0" "192.168.1.5" 0.002
192.168.1.15 - - [11/Jun/2024:02:45:13 +0000] "GET /gxwf HTTP/1.1" 401 8156 "https://www.google.com/" "Mozilla/5.0 (Windows NT 6.1; WOW64; rv:54.0) Gecko/20100101 Firefox/54.0" "192.168.1.2" 0.1
2001:db8:0:1:0:0:0:4 - - [11/Jun/2024:02:45:14 +0000] "PUT /cry HTTP/1.1" 404 4181 "https://www.ibm.com/" "Mozilla/5.0 (Windows NT 10.0; WOW64) AppleWebKit/537.36 (KHTML, like Gecko) Chrome/58.0.3029.110 Safari/537.36 OPR/45.0.2552.898" "192.168.56.1" 0.002
192.168.1.40 - - [11/Jun/2024:02:45:15 +0000] "DELETE /iviukvl HTTP/1.1" 500 9162 "https://www.example.com/" "Mozilla/5.0 (Windows NT 10.0; Win64; x64) AppleWebKit/537.36 (KHTML, like Gecko) Chrome/62.0.3202.94 Safari/537.36" "192.168.52.1" 0.025
192.168.1.35 - - [11/Jun/2024:02:45:23 +0000] "DELETE /ptlfbvjyxr HTTP/1.1" 401 598 "https://www.example.com/" "Mozilla/5.0 (Windows NT 6.1; WOW64; Trident/7.0; AS; rv:11.0) like Gecko" "192.168.1.3" 0.001
192.168.1.27 - - [11/Jun/2024:02:45:29 +0000] "PUT /ntlp HTTP/1.1" 401 9968 "https://www.ibm.com/" "Mozilla/5.0 (Windows NT 10.0; WOW64) AppleWebKit/537.36 (KHTML, like Gecko) Chrome/58.0.3029.110 Safari/537.36 OPR/45.0.2552.898" "192.168.1.3" 0.1
192.168.1.35 - - [11/Jun/2024:02:45:32 +0000] "POST /emjohsv HTTP/1.1" 400 8697 "https://www.google.com/" "Mozilla/5.0 (Windows NT 10.0; Win64; x64) AppleWebKit/537.36 (KHTML, like Gecko) Chrome/58.0.3029.110 Safari/537.36" "192.168.52.1" 0.001
192.168.1.16 - - [11/Jun/2024:02:45:41 +0000] "POST /fsid HTTP/1.1" 400 9471 "https://www.msn.com/" "Mozilla/5.0 (Windows NT 10.0; Win64; x64) AppleWebKit/537.36 (KHTML, like Gecko) Chrome/58.0.3029.110 Safari/537.36" "192.168.1.1" 0.002
192.168.1.28 - - [11/Jun/2024:02:45:45 +0000] "PUT /slpclgjqxa HTTP/1.1" 204 6271 "https://www.msn.com/" "Mozilla/5.0 (Windows NT 10.0; Win64; x64) AppleWebKit/537.36 (KHTML, like Gecko) Chrome/58.0.3029.110 Safari/537.36" "192.168.1.2" 0.15
192.168.1.38 - - [11/Jun/2024:02:45:49 +0000] "GET /rgsn HTTP/1.1" 401 7276 "https://www.example.com/" "Mozilla/5.0 (Windows NT 10.0; WOW64) AppleWebKit/537.36 (KHTML, like Gecko) Chrome/58.0.3029.110 Safari/537.36 OPR/45.0.2552.898" "192.168.1.3" 0.001
2001:db8:0:1:0:0:0:3 - - [11/Jun/2024:02:46:08 +0000] "DELETE /tyhcopcent HTTP/1.1" 403 9145 "https://www.example.com/" "Mozilla/5.0 (Windows NT 10.0; Win64; x64) AppleWebKit/537.36 (KHTML, like Gecko) Chrome/58.0.3029.110 Safari/537.36" "192.168.1.5" 0.09
192.168.1.19 - - [11/Jun/2024:02:46:12 +0000] "POST /ftziomt HTTP/1.1" 204 7559 "https://www.ibm.com/" "Mozilla/5.0 (Windows NT 10.0; Win64; x64; rv:54.0) Gecko/20100101 Firefox/54.0" "192.168.1.3" 0.002
192.168.1.23 - - [11/Jun/2024:02:46:18 +0000] "GET /shgtmhkm HTTP/1.1" 403 7626 "https://www.msn.com/" "Mozilla/5.0 (Windows NT 10.0; Win64; x64; rv:54.0) Gecko/20100101 Firefox/54.0" "192.168.56.1" 0.09
192.168.1.4 - - [11/Jun/2024:02:46:25 +0000] "GET /jldllmmx HTTP/1.1" 200 4727 "https://www.ibm.com/" "Mozilla/5.0 (Windows NT 6.1; WOW64; Trident/7.0; AS; rv:11.0) like Gecko" "192.168.1.3" 0.002
192.168.1.3 - - [11/Jun/2024:02:46:30 +0000] "GET /jcdth HTTP/1.1" 200 169 "https://www.example.com/" "Mozilla/5.0 (Windows NT 10.0; Win64; x64) AppleWebKit/537.36 (KHTML, like Gecko) Chrome/62.0.3202.94 Safari/537.36" "192.168.1.2" 0.002
2001:db8:0:1:0:0:0:8 - - [11/Jun/2024:02:46:34 +0000] "POST /oyzsq HTTP/1.1" 403 7979 "https://www.msn.com/" "Mozilla/5.0 (Windows NT 10.0; Win64; x64) AppleWebKit/537.36 (KHTML, like Gecko) Chrome/62.0.3202.94 Safari/537.36" "192.168.1.3" 0.1
192.168.1.12 - - [11/Jun/2024:02:46:36 +0000] "PUT /tjpswmgqp HTTP/1.1" 301 1820 "https://www.example.com/" "Mozilla/5.0 (Windows NT 10.0; Win64; x64) AppleWebKit/537.36 (KHTML, like Gecko) Chrome/58.0.3029.110 Safari/537.36" "192.168.1.5" 0.1
192.168.1.22 - - [11/Jun/2024:02:46:38 +0000] "GET /rnbsyreqp HTTP/1.1" 204 8389 "https://www.ibm.com/" "Mozilla/5.0 (Windows NT 10.0; Win64; x64) AppleWebKit/537.36 (KHTML, like Gecko) Chrome/62.0.3202.94 Safari/537.36" "192.168.1.4" 0.001
192.168.1.7 - - [11/Jun/2024:02:47:05 +0000] "GET /jowcufspj HTTP/1.1" 403 6366 "https://www.google.com/" "Mozilla/5.0 (Windows NT 10.0; Win64; x64) AppleWebKit/537.36 (KHTML, like Gecko) Chrome/58.0.3029.110 Safari/537.36" "192.168.1.2" 0.1
192.168.1.34 - - [11/Jun/2024:02:47:17 +0000] "PUT /sm HTTP/1.1" 201 1288 "https://www.example.com/" "Mozilla/5.0 (Windows NT 10.0; Win64; x64) AppleWebKit/537.36 (KHTML, like Gecko) Chrome/58.0.3029.110 Safari/537.36" "192.168.1.3" 0.15
192.168.1.29 - - [11/Jun/2024:02:47:20 +0000] "GET /ej HTTP/1.1" 301 6423 "https://www.ibm.com/" "Mozilla/5.0 (Windows NT 10.0; Win64; x64) AppleWebKit/537.36 (KHTML, like Gecko) Chrome/58.0.3029.110 Safari/537.36" "192.168.1.5" 0.09
192.168.1.50 - - [11/Jun/2024:02:47:32 +0000] "GET /ijabdamlc HTTP/1.1" 301 9671 "https://www.google.com/" "Mozilla/5.0 (Windows NT 10.0; Win64; x64; rv:54.0) Gecko/20100101 Firefox/54.0" "192.168.1.1" 0.09
2001:db8:0:1:0:0:0:a - - [11/Jun/2024:02:47:43 +0000] "GET /kfbkozun HTTP/1.1" 404 6694 "https://www.ibm.com/" "Mozilla/5.0 (Windows NT 6.1; WOW64; rv:54.0) Gecko/20100101 Firefox/54.0" "192.168.52.1" 0.1
192.168.1.34 - - [11/Jun/2024:02:47:44 +0000] "POST /ztjoszuwy HTTP/1.1" 500 5129 "https://www.google.com/" "Mozilla/5.0 (Windows NT 10.0; Win64; x64; rv:54.0) Gecko/20100101 Firefox/54.0" "192.168.1.2" 0.15
192.168.1.20 - - [11/Jun/2024:02:47:52 +0000] "PUT /ptmzaylcv HTTP/1.1" 404 1071 "https://www.example.com/" "Mozilla/5.0 (Windows NT 10.0; Win64; x64) AppleWebKit/537.36 (KHTML, like Gecko) Chrome/58.0.3029.110 Safari/537.36" "192.168.52.1" 0.001
192.168.1.8 - - [11/Jun/2024:02:47:52 +0000] "PUT /c HTTP/1.1" 204 6700 "https://www.msn.com/" "Mozilla/5.0 (Windows NT 10.0; Win64; x64) AppleWebKit/537.36 (KHTML, like Gecko) Chrome/58.0.3029.110 Safari/537.36" "192.168.1.5" 0.15
192.168.1.49 - - [11/Jun/2024:02:48:02 +0000] "PUT /urbiecys HTTP/1.1" 403 7189 "https://www.msn.com/" "Mozilla/5.0 (Windows NT 10.0; Win64; x64) AppleWebKit/537.36 (KHTML, like Gecko) Chrome/58.0.3029.110 Safari/537.36" "192.168.1.5" 0.002
2001:db8:0:1:0:0:0:d - - [11/Jun/2024:02:48:24 +0000] "POST /tgmmxibiuo HTTP/1.1" 201 7010 "https://www.google.com/" "Mozilla/5.0 (Windows NT 10.0; Win64; x64) AppleWebKit/537.36 (KHTML, like Gecko) Chrome/62.0.3202.94 Safari/537.36" "192.168.1.1" 0.002
192.168.1.37 - - [11/Jun/2024:02:48:37 +0000] "PUT /gc HTTP/1.1" 201 685 "https://www.msn.com/" "Mozilla/5.0 (Windows NT 10.0; WOW64) AppleWebKit/537.36 (KHTML, like Gecko) Chrome/58.0.3029.110 Safari/537.36 OPR/45.0.2552.898" "192.168.1.4" 0.002
192.168.1.50 - - [11/Jun/2024:02:48:37 +0000] "GET /hlsld HTTP/1.1" 200 101 "https://www.google.com/" "Mozilla/5.0 (Windows NT 10.0; WOW64) AppleWebKit/537.36 (KHTML, like Gecko) Chrome/58.0.3029.110 Safari/537.36 OPR/45.0.2552.898" "192.168.1.2" 0.1
192.168.1.28 - - [11/Jun/2024:02:48:42 +0000] "DELETE /sav HTTP/1.1" 302 467 "https://www.ibm.com/" "Mozilla/5.0 (Windows NT 10.0; Win64; x64) AppleWebKit/537.36 (KHTML, like Gecko) Chrome/58.0.3029.110 Safari/537.36" "192.168.1.5" 0.002
192.168.1.29 - - [11/Jun/2024:02:48:54 +0000] "POST /wj HTTP/1.1" 500 121 "https://www.google.com/" "Mozilla/5.0 (Windows NT 10.0; Win64; x64) AppleWebKit/537.36 (KHTML, like Gecko) Chrome/58.0.3029.110 Safari/537.36" "192.168.52.1" 0.001
192.168.1.1 - - [11/Jun/2024:02:48:57 +0000] "PUT /ubcqd HTTP/1.1" 204 9985 "https://www.example.com/" "Mozilla/5.0 (Windows NT 6.1; WOW64; Trident/7.0; AS; rv:11.0) like Gecko" "192.168.1.5" 0.1
2001:db8:0:1:0:0:0:d - - [11/Jun/2024:02:48:58 +0000] "POST /kbwhkxm HTTP/1.1" 403 4780 "https://www.example.com/" "Mozilla/5.0 (Windows NT 6.1; WOW64; Trident/7.0; AS; rv:11.0) like Gecko" "192.168.1.2" 0.1
192.168.1.29 - - [11/Jun/2024:02:49:12 +0000] "GET /bvheurpxgs HTTP/1.1" 400 9515 "https://www.google.com/" "Mozilla/5.0 (Windows NT 10.0; Win64; x64) AppleWebKit/537.36 (KHTML, like Gecko) Chrome/62.0.3202.94 Safari/537.36" "192.168.1.1" 0.025
192.168.1.11 - - [11/Jun/2024:02:49:17 +0000] "PUT /ya HTTP/1.1" 200 5984 "https://www.example.com/" "Mozilla/5.0 (Windows NT 10.0; WOW64) AppleWebKit/537.36 (KHTML, like Gecko) Chrome/58.0.3029.110 Safari/537.36 OPR/45.0.2552.898" "192.168.1.2" 0.001
192.168.1.22 - - [11/Jun/2024:02:49:24 +0000] "DELETE /lb HTTP/1.1" 201 7554 "https://www.msn.com/" "Mozilla/5.0 (Windows NT 6.1; WOW64; Trident/7.0; AS; rv:11.0) like Gecko" "192.168.1.1" 0.025
192.168.1.25 - - [11/Jun/2024:02:49:41 +0000] "GET /mabp HTTP/1.1" 200 1984 "https://www.example.com/" "Mozilla/5.0 (Windows NT 6.1; WOW64; Trident/7.0; AS; rv:11.0) like Gecko" "192.168.1.1" 0.002
192.168.1.8 - - [11/Jun/2024:02:49:49 +0000] "POST /afjo HTTP/1.1" 201 124 "https://www.msn.com/" "Mozilla/5.0 (Windows NT 10.0; Win64; x64) AppleWebKit/537.36 (KHTML, like Gecko) Chrome/58.0.3029.110 Safari/537.36" "192.168.1.5" 0.002
192.168.1.16 - - [11/Jun/2024:02:49:50 +0000] "DELETE /dfhu HTTP/1.1" 401 1048 "https://www.ibm.com/" "Mozilla/5.0 (Windows NT 10.0; Win64; x64) AppleWebKit/537.36 (KHTML, like Gecko) Chrome/58.0.3029.110 Safari/537.36" "192.168.1.1" 0.002
2001:db8:0:1:0:0:0:2 - - [11/Jun/2024:02:49:51 +0000] "DELETE /ua HTTP/1.1" 204 1823 "https://www.msn.com/" "Mozilla/5.0 (Windows NT 10.0; Win64; x64) AppleWebKit/537.36 (KHTML, like Gecko) Chrome/58.0.3029.110 Safari/537.36" "192.168.56.1" 0.002
192.168.1.40 - - [11/Jun/2024:02:50:12 +0000] "PUT /cdzaekktv HTTP/1.1" 403 6504 "https://www.msn.com/" "Mozilla/5.0 (Windows NT 6.1; WOW64; rv:54.0) Gecko/20100101 Firefox/54.0" "192.168.1.5" 0.09
2001:db8:0:1:0:0:0:8 - - [11/Jun/2024:02:50:25 +0000] "GET /fejq HTTP/1.1" 404 8481 "https://www.google.com/" "Mozilla/5.0 (Windows NT 10.0; Win64; x64) AppleWebKit/537.36 (KHTML, like Gecko) Chrome/62.0.3202.94 Safari/537.36" "192.168.1.4" 0.002
2001:db8:0:1:0:0:0:b - - [11/Jun/2024:02:50:26 +0000] "POST /d HTTP/1.1" 201 8497 "https://www.example.com/" "Mozilla/5.0 (Windows NT 6.1; WOW64; rv:54.0) Gecko/20100101 Firefox/54.0" "192.168.56.1" 0.15
2001:db8:0:1:0:0:0:9 - - [11/Jun/2024:02:50:31 +0000] "POST /tltlb HTTP/1.1" 400 3744 "https://www.example.com/" "Mozilla/5.0 (Windows NT 6.1; WOW64; Trident/7.0; AS; rv:11.0) like Gecko" "192.168.52.1" 0.002
192.168.1.7 - - [11/Jun/2024:02:50:54 +0000] "POST /ttgzyrg HTTP/1.1" 201 4167 "https://www.ibm.com/" "Mozilla/5.0 (Windows NT 10.0; Win64; x64) AppleWebKit/537.36 (KHTML, like Gecko) Chrome/58.0.3029.110 Safari/537.36" "192.168.52.1" 0.002
192.168.1.10 - - [11/Jun/2024:02:51:05 +0000] "PUT /uuvbozgok HTTP/1.1" 200 5588 "https://www.ibm.com/" "Mozilla/5.0 (Windows NT 10.0; WOW64) AppleWebKit/537.36 (KHTML, like Gecko) Chrome/58.0.3029.110 Safari/537.36 OPR/45.0.2552.898" "192.168.1.4" 0.002
192.168.1.21 - - [11/Jun/2024:02:51:13 +0000] "PUT /tynaznkbvs HTTP/1.1" 200 102 "https://www.ibm.com/" "Mozilla/5.0 (Windows NT 10.0; Win64; x64) AppleWebKit/537.36 (KHTML, like Gecko) Chrome/58.0.3029.110 Safari/537.36" "192.168.52.1" 0.001
192.168.1.37 - - [11/Jun/2024:02:51:13 +0000] "PUT /byjjjxqoj HTTP/1.1" 401 691 "https://www.example.com/" "Mozilla/5.0 (Windows NT 10.0; Win64; x64) AppleWebKit/537.36 (KHTML, like Gecko) Chrome/62.0.3202.94 Safari/537.36" "192.168.52.1" 0.1
2001:db8:0:1:0:0:0:c - - [11/Jun/2024:02:51:13 +0000] "PUT /vdhl HTTP/1.1" 403 9653 "https://www.google.com/" "Mozilla/5.0 (Windows NT 6.1; WOW64; Trident/7.0; AS; rv:11.0) like Gecko" "192.168.56.1" 0.001
192.168.1.21 - - [11/Jun/2024:02:51:19 +0000] "POST /jscndf HTTP/1.1" 301 5746 "https://www.example.com/" "Mozilla/5.0 (Windows NT 10.0; Win64; x64; rv:54.0) Gecko/20100101 Firefox/54.0" "192.168.1.2" 0.1
192.168.1.19 - - [11/Jun/2024:02:51:19 +0000] "PUT /onbnbxqkkm HTTP/1.1" 500 1206 "https://www.example.com/" "Mozilla/5.0 (Windows NT 10.0; Win64; x64; rv:54.0) Gecko/20100101 Firefox/54.0" "192.168.56.1" 0.1
192.168.1.49 - - [11/Jun/2024:02:51:19 +0000] "GET /qojwbt HTTP/1.1" 403 4894 "https://www.example.com/" "Mozilla/5.0 (Windows NT 6.1; WOW64; Trident/7.0; AS; rv:11.0) like Gecko" "192.168.1.2" 0.001
192.168.1.36 - - [11/Jun/2024:02:51:58 +0000] "POST /vfkovd HTTP/1.1" 500 5451 "https://www.example.com/" "Mozilla/5.0 (Windows NT 10.0; Win64; x64; rv:54.0) Gecko/20100101 Firefox/54.0" "192.168.1.2" 0.002
192.168.1.27 - - [11/Jun/2024:02:52:13 +0000] "PUT /lrzpqd HTTP/1.1" 404 5312 "https://www.ibm.com/" "Mozilla/5.0 (Windows NT 10.0; WOW64) AppleWebKit/537.36 (KHTML, like Gecko) Chrome/58.0.3029.110 Safari/537.36 OPR/45.0.2552.898" "192.168.1.3" 0.002
192.168.1.34 - - [11/Jun/2024:02:52:15 +0000] "DELETE /eipcbd HTTP/1.1" 302 2376 "https://www.google.com/" "Mozilla/5.0 (Windows NT 6.1; WOW64; rv:54.0) Gecko/20100101 Firefox/54.0" "192.168.1.2" 0.002
2001:db8:0:1:0:0:0:3 - - [11/Jun/2024:02:52:24 +0000] "GET /s HTTP/1.1" 400 1420 "https://www.msn.com/" "Mozilla/5.0 (Windows NT 10.0; Win64; x64; rv:54.0) Gecko/20100101 Firefox/54.0" "192.168.1.5" 0.002
2001:db8:0:1:0:0:0:d - - [11/Jun/2024:02:52:28 +0000] "POST /gpni HTTP/1.1" 200 1098 "https://www.example.com/" "Mozilla/5.0 (Windows NT 6.1; WOW64; rv:54.0) Gecko/20100101 Firefox/54.0" "192.168.1.1" 0.002
192.168.1.4 - - [11/Jun/2024:02:52:39 +0000] "GET /xuxowij HTTP/1.1" 200 4367 "https://www.google.com/" "Mozilla/5.0 (Windows NT 6.1; WOW64; Trident/7.0; AS; rv:11.0) like Gecko" "192.168.1.2" 0.002
2001:db8:0:1:0:0:0:1 - - [11/Jun/2024:02:52:41 +0000] "GET /oyklqzkns HTTP/1.1" 500 6266 "https://www.google.com/" "Mozilla/5.0 (Windows NT 10.0; WOW64) AppleWebKit/537.36 (KHTML, like Gecko) Chrome/58.0.3029.110 Safari/537.36 OPR/45.0.2552.898" "192.168.1.5" 0.15
192.168.1.21 - - [11/Jun/2024:02:52:42 +0000] "POST /hdjysxll HTTP/1.1" 201 2546 "https://www.google.com/" "Mozilla/5.0 (Windows NT 6.1; WOW64; rv:54.0) Gecko/20100101 Firefox/54.0" "192.168.56.1" 0.002
192.168.1.25 - - [11/Jun/2024:02:52:50 +0000] "DELETE /ndyzfl HTTP/1.1" 302 607 "https://www.google.com/" "Mozilla/5.0 (Windows NT 10.0; Win64; x64; rv:54.0) Gecko/20100101 Firefox/54.0" "192.168.56.1" 0.002
192.168.1.39 - - [11/Jun/2024:02:52:58 +0000] "POST /rrbu HTTP/1.1" 500 8127 "https://www.example.com/" "Mozilla/5.0 (Windows NT 6.1; WOW64; Trident/7.0; AS; rv:11.0) like Gecko" "192.168.1.2" 0.15
192.168.1.6 - - [11/Jun/2024:02:53:10 +0000] "GET /t HTTP/1.1" 401 656 "https://www.msn.com/" "Mozilla/5.0 (Windows NT 6.1; WOW64; Trident/7.0; AS; rv:11.0) like Gecko" "192.168.1.1" 0.09
192.168.1.23 - - [11/Jun/2024:02:53:10 +0000] "PUT /tc HTTP/1.1" 302 1781 "https://www.example.com/" "Mozilla/5.0 (Windows NT 6.1; WOW64; rv:54.0) Gecko/20100101 Firefox/54.0" "192.168.1.3" 0.15
192.168.1.48 - - [11/Jun/2024:02:53:13 +0000] "DELETE /nimvumgqcn HTTP/1.1" 403 4951 "https://www.google.com/" "Mozilla/5.0 (Windows NT 10.0; Win64; x64) AppleWebKit/537.36 (KHTML, like Gecko) Chrome/58.0.3029.110 Safari/537.36" "192.168.1.1" 0.025
192.168.1.1 - - [11/Jun/2024:02:53:18 +0000] "GET /b HTTP/1.1" 400 1043 "https://www.google.com/" "Mozilla/5.0 (Windows NT 10.0; Win64; x64) AppleWebKit/537.36 (KHTML, like Gecko) Chrome/62.0.3202.94 Safari/537.36" "192.168.56.1" 0.1
2001:db8:0:1:0:0:0:1 - - [11/Jun/2024:02:53:19 +0000] "DELETE /qusat HTTP/1.1" 403 2706 "https://www.google.com/" "Mozilla/5.0 (Windows NT 10.0; Win64; x64) AppleWebKit/537.36 (KHTML, like Gecko) Chrome/58.0.3029.110 Safari/537.36" "192.168.1.5" 0.002
2001:db8:0:1:0:0:0:9 - - [11/Jun/2024:02:53:31 +0000] "DELETE /xriqxnneyx HTTP/1.1" 200 6354 "https://www.ibm.com/" "Mozilla/5.0 (Windows NT 6.1; WOW64; Trident/7.0; AS; rv:11.0) like Gecko" "192.168.1.3" 0.1
192.168.1.41 - - [11/Jun/2024:02:53:35 +0000] "DELETE /ot HTTP/1.1" 403 6910 "https://www.google.com/" "Mozilla/5.0 (Windows NT 10.0; Win64; x64) AppleWebKit/537.36 (KHTML, like Gecko) Chrome/62.0.3202.94 Safari/537.36" "192.168.1.5" 0.09
192.168.1.18 - - [11/Jun/2024:02:53:48 +0000] "PUT /cejny HTTP/1.1" 201 9850 "https://www.msn.com/" "Mozilla/5.0 (Windows NT 10.0; Win64; x64; rv:54.0) Gecko/20100101 Firefox/54.0" "192.168.52.1" 0.025
2001:db8:0:1:0:0:0:2 - - [11/Jun/2024:02:53:53 +0000] "POST /xdsaossku HTTP/1.1" 204 7600 "https://www.google.com/" "Mozilla/5.0 (Windows NT 6.1; WOW64; Trident/7.0; AS; rv:11.0) like Gecko" "192.168.1.3" 0.002
192.168.1.27 - - [11/Jun/2024:02:54:08 +0000] "POST /uq HTTP/1.1" 401 111 "https://www.example.com/" "Mozilla/5.0 (Windows NT 10.0; Win64; x64) AppleWebKit/537.36 (KHTML, like Gecko) Chrome/58.0.3029.110 Safari/537.36" "192.168.1.4" 0.001
192.168.1.40 - - [11/Jun/2024:02:54:11 +0000] "DELETE /khhmwti HTTP/1.1" 403 2550 "https://www.example.com/" "Mozilla/5.0 (Windows NT 10.0; Win64; x64; rv:54.0) Gecko/20100101 Firefox/54.0" "192.168.1.3" 0.09
192.168.1.44 - - [11/Jun/2024:02:54:21 +0000] "PUT /ln HTTP/1.1" 302 2709 "https://www.example.com/" "Mozilla/5.0 (Windows NT 10.0; Win64; x64) AppleWebKit/537.36 (KHTML, like Gecko) Chrome/62.0.3202.94 Safari/537.36" "192.168.1.5" 0.002
192.168.1.10 - - [11/Jun/2024:02:54:26 +0000] "DELETE /hucuhj HTTP/1.1" 302 1468 "https://www.ibm.com/" "Mozilla/5.0 (Windows NT 10.0; Win64; x64) AppleWebKit/537.36 (KHTML, like Gecko) Chrome/58.0.3029.110 Safari/537.36" "192.168.1.1" 0.15
192.168.1.35 - - [11/Jun/2024:02:54:27 +0000] "GET /vocmb HTTP/1.1" 401 8010 "https://www.ibm.com/" "Mozilla/5.0 (Windows NT 6.1; WOW64; rv:54.0) Gecko/20100101 Firefox/54.0" "192.168.1.4" 0.025
192.168.1.24 - - [11/Jun/2024:02:54:34 +0000] "POST /aea HTTP/1.1" 401 2405 "https://www.google.com/" "Mozilla/5.0 (Windows NT 10.0; WOW64) AppleWebKit/537.36 (KHTML, like Gecko) Chrome/58.0.3029.110 Safari/537.36 OPR/45.0.2552.898" "192.168.1.2" 0.15
192.168.1.41 - - [11/Jun/2024:02:54:37 +0000] "POST /koq HTTP/1.1" 201 7467 "https://www.ibm.com/" "Mozilla/5.0 (Windows NT 6.1; WOW64; rv:54.0) Gecko/20100101 Firefox/54.0" "192.168.1.3" 0.025
192.168.1.36 - - [11/Jun/2024:02:54:43 +0000] "PUT /u HTTP/1.1" 204 8700 "https://www.ibm.com/" "Mozilla/5.0 (Windows NT 6.1; WOW64; rv:54.0) Gecko/20100101 Firefox/54.0" "192.168.1.1" 0.001
2001:db8:0:1:0:0:0:a - - [11/Jun/2024:02:54:43 +0000] "POST /rbmjw HTTP/1.1" 200 410 "https://www.msn.com/" "Mozilla/5.0 (Windows NT 6.1; WOW64; Trident/7.0; AS; rv:11.0) like Gecko" "192.168.1.3" 0.002
192.168.1.13 - - [11/Jun/2024:02:54:43 +0000] "DELETE /k HTTP/1.1" 301 1469 "https://www.ibm.com/" "Mozilla/5.0 (Windows NT 10.0; Win64; x64; rv:54.0) Gecko/20100101 Firefox/54.0" "192.168.56.1" 0.001
192.168.1.6 - - [11/Jun/2024:02:54:44 +0000] "PUT /kt HTTP/1.1" 500 3088 "https://www.google.com/" "Mozilla/5.0 (Windows NT 6.1; WOW64; Trident/7.0; AS; rv:11.0) like Gecko" "192.168.1.2" 0.15
192.168.1.10 - - [11/Jun/2024:02:54:52 +0000] "GET /oygq HTTP/1.1" 301 9932 "https://www.google.com/" "Mozilla/5.0 (Windows NT 10.0; WOW64) AppleWebKit/537.36 (KHTML, like Gecko) Chrome/58.0.3029.110 Safari/537.36 OPR/45.0.2552.898" "192.168.1.3" 0.002
192.168.1.4 - - [11/Jun/2024:02:54:52 +0000] "DELETE /xk HTTP/1.1" 302 8599 "https://www.example.com/" "Mozilla/5.0 (Windows NT 10.0; Win64; x64) AppleWebKit/537.36 (KHTML, like Gecko) Chrome/62.0.3202.94 Safari/537.36" "192.168.56.1" 0.09
192.168.1.43 - - [11/Jun/2024:02:55:03 +0000] "DELETE /gyii HTTP/1.1" 401 3631 "https://www.msn.com/" "Mozilla/5.0 (Windows NT 6.1; WOW64; rv:54.0) Gecko/20100101 Firefox/54.0" "192.168.1.4" 0.001
192.168.1.46 - - [11/Jun/2024:02:55:09 +0000] "POST /bybmtuxa HTTP/1.1" 403 7391 "https://www.msn.com/" "Mozilla/5.0 (Windows NT 10.0; Win64; x64) AppleWebKit/537.36 (KHTML, like Gecko) Chrome/58.0.3029.110 Safari/537.36" "192.168.52.1" 0.09
192.168.1.1 - - [11/Jun/2024:02:55:18 +0000] "GET /fbmieuwz HTTP/1.1" 201 2392 "https://www.example.com/" "Mozilla/5.0 (Windows NT 10.0; Win64; x64) AppleWebKit/537.36 (KHTML, like Gecko) Chrome/58.0.3029.110 Safari/537.36" "192.168.1.2" 0.002
192.168.1.40 - - [11/Jun/2024:02:55:19 +0000] "PUT /efqlkni HTTP/1.1" 302 1650 "https://www.google.com/" "Mozilla/5.0 (Windows NT 10.0; Win64; x64) AppleWebKit/537.36 (KHTML, like Gecko) Chrome/58.0.3029.110 Safari/537.36" "192.168.1.5" 0.001
192.168.1.16 - - [11/Jun/2024:02:55:24 +0000] "DELETE /kwad HTTP/1.1" 404 3820 "https://www.ibm.com/" "Mozilla/5.0 (Windows NT 10.0; WOW64) AppleWebKit/537.36 (KHTML, like Gecko) Chrome/58.0.3029.110 Safari/537.36 OPR/45.0.2552.898" "192.168.52.1" 0.09
2001:db8:0:1:0:0:0:c - - [11/Jun/2024:02:55:30 +0000] "GET /myqtyvbow HTTP/1.1" 401 8395 "https://www.example.com/" "Mozilla/5.0 (Windows NT 6.1; WOW64; Trident/7.0; AS; rv:11.0) like Gecko" "192.168.1.4" 0.001
192.168.1.2 - - [11/Jun/2024:02:55:32 +0000] "POST /jrmn HTTP/1.1" 400 5416 "https://www.example.com/" "Mozilla/5.0 (Windows NT 6.1; WOW64; Trident/7.0; AS; rv:11.0) like Gecko" "192.168.56.1" 0.025
192.168.1.48 - - [11/Jun/2024:02:55:35 +0000] "POST /wyaib HTTP/1.1" 201 4250 "https://www.google.com/" "Mozilla/5.0 (Windows NT 6.1; WOW64; Trident/7.0; AS; rv:11.0) like Gecko" "192.168.1.3" 0.1
192.168.1.21 - - [11/Jun/2024:02:55:46 +0000] "PUT /pliods HTTP/1.1" 201 621 "https://www.example.com/" "Mozilla/5.0 (Windows NT 10.0; Win64; x64; rv:54.0) Gecko/20100101 Firefox/54.0" "192.168.56.1" 0.002
2001:db8:0:1:0:0:0:a - - [11/Jun/2024:02:55:50 +0000] "GET /chvak HTTP/1.1" 204 5613 "https://www.example.com/" "Mozilla/5.0 (Windows NT 10.0; Win64; x64; rv:54.0) Gecko/20100101 Firefox/54.0" "192.168.1.4" 0.15
192.168.1.4 - - [11/Jun/2024:02:56:01 +0000] "DELETE /x HTTP/1.1" 200 6057 "https://www.example.com/" "Mozilla/5.0 (Windows NT 10.0; Win64; x64; rv:54.0) Gecko/20100101 Firefox/54.0" "192.168.56.1" 0.001
192.168.1.23 - - [11/Jun/2024:02:56:03 +0000] "PUT /aohlba HTTP/1.1" 302 6448 "https://www.ibm.com/" "Mozilla/5.0 (Windows NT 6.1; WOW64; rv:54.0) Gecko/20100101 Firefox/54.0" "192.168.56.1" 0.002
2001:db8:0:1:0:0:0:5 - - [11/Jun/2024:02:56:07 +0000] "GET /dzaepkafyx HTTP/1.1" 403 6577 "https://www.example.com/" "Mozilla/5.0 (Windows NT 6.1; WOW64; Trident/7.0; AS; rv:11.0) like Gecko" "192.168.1.5" 0.002
2001:db8:0:1:0:0:0:6 - - [11/Jun/2024:02:56:14 +0000] "DELETE /vajmnargar HTTP/1.1" 301 2360 "https://www.msn.com/" "Mozilla/5.0 (Windows NT 10.0; Win64; x64; rv:54.0) Gecko/20100101 Firefox/54.0" "192.168.1.5" 0.001
192.168.1.2 - - [11/Jun/2024:02:56:16 +0000] "PUT /zdmzvnpy HTTP/1.1" 201 4041 "https://www.example.com/" "Mozilla/5.0 (Windows NT 10.0; Win64; x64) AppleWebKit/537.36 (KHTML, like Gecko) Chrome/58.0.3029.110 Safari/537.36" "192.168.56.1" 0.025
192.168.1.37 - - [11/Jun/2024:02:56:18 +0000] "GET /tsndqljffm HTTP/1.1" 401 3167 "https://www.google.com/" "Mozilla/5.0 (Windows NT 10.0; WOW64) AppleWebKit/537.36 (KHTML, like Gecko) Chrome/58.0.3029.110 Safari/537.36 OPR/45.0.2552.898" "192.168.1.3" 0.002
192.168.1.7 - - [11/Jun/2024:02:56:20 +0000] "DELETE /snqokyrv HTTP/1.1" 500 8579 "https://www.google.com/" "Mozilla/5.0 (Windows NT 10.0; Win64; x64) AppleWebKit/537.36 (KHTML, like Gecko) Chrome/62.0.3202.94 Safari/537.36" "192.168.52.1" 0.001
192.168.1.6 - - [11/Jun/2024:02:56:29 +0000] "PUT /ej HTTP/1.1" 201 6395 "https://www.example.com/" "Mozilla/5.0 (Windows NT 10.0; Win64; x64) AppleWebKit/537.36 (KHTML, like Gecko) Chrome/62.0.3202.94 Safari/537.36" "192.168.52.1" 0.002
192.168.1.41 - - [11/Jun/2024:02:56:37 +0000] "GET /ydipkce HTTP/1.1" 200 9820 "https://www.msn.com/" "Mozilla/5.0 (Windows NT 10.0; Win64; x64) AppleWebKit/537.36 (KHTML, like Gecko) Chrome/58.0.3029.110 Safari/537.36" "192.168.1.1" 0.002
192.168.1.7 - - [11/Jun/2024:02:56:51 +0000] "POST /em HTTP/1.1" 400 2547 "https://www.ibm.com/" "Mozilla/5.0 (Windows NT 10.0; Win64; x64) AppleWebKit/537.36 (KHTML, like Gecko) Chrome/62.0.3202.94 Safari/537.36" "192.168.1.2" 0.001
192.168.1.42 - - [11/Jun/2024:02:56:53 +0000] "PUT /asxoatvh HTTP/1.1" 500 3985 "https://www.google.com/" "Mozilla/5.0 (Windows NT 10.0; Win64; x64) AppleWebKit/537.36 (KHTML, like Gecko) Chrome/58.0.3029.110 Safari/537.36" "192.168.1.5" 0.15
192.168.1.18 - - [11/Jun/2024:02:56:54 +0000] "POST /slbh HTTP/1.1" 302 3369 "https://www.google.com/" "Mozilla/5.0 (Windows NT 6.1; WOW64; rv:54.0) Gecko/20100101 Firefox/54.0" "192.168.1.3" 0.025
2001:db8:0:1:0:0:0:1 - - [11/Jun/2024:02:56:58 +0000] "PUT /pxndwiw HTTP/1.1" 201 8190 "https://www.example.com/" "Mozilla/5.0 (Windows NT 6.1; WOW64; Trident/7.0; AS; rv:11.0) like Gecko" "192.168.56.1" 0.1
192.168.1.37 - - [11/Jun/2024:02:57:10 +0000] "DELETE /quzer HTTP/1.1" 401 7085 "https://www.example.com/" "Mozilla/5.0 (Windows NT 6.1; WOW64; rv:54.0) Gecko/20100101 Firefox/54.0" "192.168.1.4" 0.002
2001:db8:0:1:0:0:0:a - - [11/Jun/2024:02:57:12 +0000] "PUT /jq HTTP/1.1" 201 5060 "https://www.ibm.com/" "Mozilla/5.0 (Windows NT 10.0; Win64; x64) AppleWebKit/537.36 (KHTML, like Gecko) Chrome/62.0.3202.94 Safari/537.36" "192.168.1.5" 0.025
192.168.1.27 - - [11/Jun/2024:02:57:22 +0000] "POST /tkoor HTTP/1.1" 204 7858 "https://www.ibm.com/" "Mozilla/5.0 (Windows NT 6.1; WOW64; rv:54.0) Gecko/20100101 Firefox/54.0" "192.168.1.3" 0.001
192.168.1.20 - - [11/Jun/2024:02:57:24 +0000] "POST /u HTTP/1.1" 400 2687 "https://www.ibm.com/" "Mozilla/5.0 (Windows NT 10.0; Win64; x64) AppleWebKit/537.36 (KHTML, like Gecko) Chrome/62.0.3202.94 Safari/537.36" "192.168.1.4" 0.002
192.168.1.16 - - [11/Jun/2024:02:57:24 +0000] "DELETE /vzwscduev HTTP/1.1" 403 1083 "https://www.ibm.com/" "Mozilla/5.0 (Windows NT 6.1; WOW64; rv:54.0) Gecko/20100101 Firefox/54.0" "192.168.1.5" 0.1
192.168.1.7 - - [11/Jun/2024:02:57:27 +0000] "GET /fntlhtqxa HTTP/1.1" 301 3667 "https://www.msn.com/" "Mozilla/5.0 (Windows NT 10.0; Win64; x64) AppleWebKit/537.36 (KHTML, like Gecko) Chrome/62.0.3202.94 Safari/537.36" "192.168.52.1" 0.025
192.168.1.35 - - [11/Jun/2024:02:57:30 +0000] "PUT /suakp HTTP/1.1" 201 5149 "https://www.msn.com/" "Mozilla/5.0 (Windows NT 10.0; Win64; x64) AppleWebKit/537.36 (KHTML, like Gecko) Chrome/58.0.3029.110 Safari/537.36" "192.168.1.4" 0.001
192.168.1.37 - - [11/Jun/2024:02:57:35 +0000] "POST /mzjytieun HTTP/1.1" 204 5862 "https://www.example.com/" "Mozilla/5.0 (Windows NT 10.0; Win64; x64) AppleWebKit/537.36 (KHTML, like Gecko) Chrome/62.0.3202.94 Safari/537.36" "192.168.56.1" 0.002
192.168.1.40 - - [11/Jun/2024:02:57:42 +0000] "POST /kup HTTP/1.1" 500 5123 "https://www.msn.com/" "Mozilla/5.0 (Windows NT 10.0; Win64; x64) AppleWebKit/537.36 (KHTML, like Gecko) Chrome/58.0.3029.110 Safari/537.36" "192.168.1.1" 0.001
192.168.1.22 - - [11/Jun/2024:02:57:43 +0000] "POST /c HTTP/1.1" 200 744 "https://www.google.com/" "Mozilla/5.0 (Windows NT 6.1; WOW64; rv:54.0) Gecko/20100101 Firefox/54.0" "192.168.52.1" 0.09
192.168.1.37 - - [11/Jun/2024:02:58:15 +0000] "DELETE /zrcawuz HTTP/1.1" 400 5816 "https://www.example.com/" "Mozilla/5.0 (Windows NT 10.0; WOW64) AppleWebKit/537.36 (KHTML, like Gecko) Chrome/58.0.3029.110 Safari/537.36 OPR/45.0.2552.898" "192.168.56.1" 0.15
192.168.1.46 - - [11/Jun/2024:02:58:18 +0000] "DELETE /ftgkshsn HTTP/1.1" 204 3912 "https://www.ibm.com/" "Mozilla/5.0 (Windows NT 10.0; WOW64) AppleWebKit/537.36 (KHTML, like Gecko) Chrome/58.0.3029.110 Safari/537.36 OPR/45.0.2552.898" "192.168.56.1" 0.002
192.168.1.33 - - [11/Jun/2024:02:58:21 +0000] "PUT /zl HTTP/1.1" 500 1447 "https://www.ibm.com/" "Mozilla/5.0 (Windows NT 10.0; Win64; x64) AppleWebKit/537.36 (KHTML, like Gecko) Chrome/62.0.3202.94 Safari/537.36" "192.168.52.1" 0.09
192.168.1.35 - - [11/Jun/2024:02:58:22 +0000] "PUT /rku HTTP/1.1" 401 350 "https://www.example.com/" "Mozilla/5.0 (Windows NT 10.0; Win64; x64) AppleWebKit/537.36 (KHTML, like Gecko) Chrome/58.0.3029.110 Safari/537.36" "192.168.1.2" 0.001
192.168.1.50 - - [11/Jun/2024:02:58:30 +0000] "DELETE /mzxghn HTTP/1.1" 404 4629 "https://www.ibm.com/" "Mozilla/5.0 (Windows NT 10.0; Win64; x64) AppleWebKit/537.36 (KHTML, like Gecko) Chrome/62.0.3202.94 Safari/537.36" "192.168.1.1" 0.025
2001:db8:0:1:0:0:0:7 - - [11/Jun/2024:02:58:38 +0000] "DELETE /oaoztxypcr HTTP/1.1" 201 5305 "https://www.example.com/" "Mozilla/5.0 (Windows NT 10.0; WOW64) AppleWebKit/537.36 (KHTML, like Gecko) Chrome/58.0.3029.110 Safari/537.36 OPR/45.0.2552.898" "192.168.1.4" 0.1
192.168.1.10 - - [11/Jun/2024:02:58:43 +0000] "POST /slqjtmg HTTP/1.1" 401 4943 "https://www.msn.com/" "Mozilla/5.0 (Windows NT 6.1; WOW64; Trident/7.0; AS; rv:11.0) like Gecko" "192.168.1.3" 0.1
192.168.1.21 - - [11/Jun/2024:02:59:00 +0000] "PUT /jvfnh HTTP/1.1" 200 313 "https://www.example.com/" "Mozilla/5.0 (Windows NT 10.0; WOW64) AppleWebKit/537.36 (KHTML, like Gecko) Chrome/58.0.3029.110 Safari/537.36 OPR/45.0.2552.898" "192.168.1.1" 0.001
192.168.1.34 - - [11/Jun/2024:02:59:06 +0000] "PUT /bn HTTP/1.1" 301 1093 "https://www.msn.com/" "Mozilla/5.0 (Windows NT 6.1; WOW64; Trident/7.0; AS; rv:11.0) like Gecko" "192.168.52.1" 0.001
192.168.1.18 - - [11/Jun/2024:02:59:10 +0000] "POST /mgqcrzidjm HTTP/1.1" 403 7323 "https://www.example.com/" "Mozilla/5.0 (Windows NT 6.1; WOW64; rv:54.0) Gecko/20100101 Firefox/54.0" "192.168.1.1" 0.09
192.168.1.47 - - [11/Jun/2024:02:59:16 +0000] "PUT /tpqgmjles HTTP/1.1" 201 7412 "https://www.ibm.com/" "Mozilla/5.0 (Windows NT 10.0; WOW64) AppleWebKit/537.36 (KHTML, like Gecko) Chrome/58.0.3029.110 Safari/537.36 OPR/45.0.2552.898" "192.168.1.2" 0.001
2001:db8:0:1:0:0:0:3 - - [11/Jun/2024:02:59:17 +0000] "PUT /mmwts HTTP/1.1" 201 794 "https://www.google.com/" "Mozilla/5.0 (Windows NT 10.0; WOW64) AppleWebKit/537.36 (KHTML, like Gecko) Chrome/58.0.3029.110 Safari/537.36 OPR/45.0.2552.898" "192.168.1.1" 0.002
192.168.1.34 - - [11/Jun/2024:02:59:19 +0000] "GET /opjtz HTTP/1.1" 201 5692 "https://www.google.com/" "Mozilla/5.0 (Windows NT 10.0; Win64; x64; rv:54.0) Gecko/20100101 Firefox/54.0" "192.168.1.5" 0.09
192.168.1.38 - - [11/Jun/2024:02:59:29 +0000] "GET /tf HTTP/1.1" 201 1933 "https://www.msn.com/" "Mozilla/5.0 (Windows NT 10.0; Win64; x64) AppleWebKit/537.36 (KHTML, like Gecko) Chrome/62.0.3202.94 Safari/537.36" "192.168.1.5" 0.002
192.168.1.8 - - [11/Jun/2024:02:59:32 +0000] "DELETE /toidazlebl HTTP/1.1" 400 8903 "https://www.msn.com/" "Mozilla/5.0 (Windows NT 10.0; Win64; x64) AppleWebKit/537.36 (KHTML, like Gecko) Chrome/62.0.3202.94 Safari/537.36" "192.168.1.1" 0.09
192.168.1.37 - - [11/Jun/2024:02:59:43 +0000] "POST /qaaj HTTP/1.1" 204 8580 "https://www.google.com/" "Mozilla/5.0 (Windows NT 10.0; WOW64) AppleWebKit/537.36 (KHTML, like Gecko) Chrome/58.0.3029.110 Safari/537.36 OPR/45.0.2552.898" "192.168.1.5" 0.025
192.168.1.47 - - [11/Jun/2024:03:00:07 +0000] "GET /znvsfu HTTP/1.1" 403 5634 "https://www.google.com/" "Mozilla/5.0 (Windows NT 10.0; Win64; x64) AppleWebKit/537.36 (KHTML, like Gecko) Chrome/62.0.3202.94 Safari/537.36" "192.168.1.3" 0.1
192.168.1.37 - - [11/Jun/2024:03:00:11 +0000] "GET /vknyhpba HTTP/1.1" 400 5586 "https://www.msn.com/" "Mozilla/5.0 (Windows NT 6.1; WOW64; rv:54.0) Gecko/20100101 Firefox/54.0" "192.168.56.1" 0.002
192.168.1.30 - - [11/Jun/2024:03:00:25 +0000] "PUT /dhgpfdf HTTP/1.1" 301 1960 "https://www.example.com/" "Mozilla/5.0 (Windows NT 6.1; WOW64; rv:54.0) Gecko/20100101 Firefox/54.0" "192.168.1.4" 0.001
192.168.1.42 - - [11/Jun/2024:03:00:29 +0000] "POST /e HTTP/1.1" 500 1725 "https://www.example.com/" "Mozilla/5.0 (Windows NT 10.0; Win64; x64) AppleWebKit/537.36 (KHTML, like Gecko) Chrome/62.0.3202.94 Safari/537.36" "192.168.1.1" 0.001
2001:db8:0:1:0:0:0:5 - - [11/Jun/2024:03:00:30 +0000] "DELETE /tuxdxtyd HTTP/1.1" 301 6089 "https://www.example.com/" "Mozilla/5.0 (Windows NT 6.1; WOW64; rv:54.0) Gecko/20100101 Firefox/54.0" "192.168.1.4" 0.001
192.168.1.24 - - [11/Jun/2024:03:00:32 +0000] "PUT /sdku HTTP/1.1" 201 6942 "https://www.msn.com/" "Mozilla/5.0 (Windows NT 10.0; Win64; x64) AppleWebKit/537.36 (KHTML, like Gecko) Chrome/58.0.3029.110 Safari/537.36" "192.168.52.1" 0.15
2001:db8:0:1:0:0:0:9 - - [11/Jun/2024:03:00:38 +0000] "PUT /pptxmuboo HTTP/1.1" 400 1178 "https://www.ibm.com/" "Mozilla/5.0 (Windows NT 10.0; Win64; x64) AppleWebKit/537.36 (KHTML, like Gecko) Chrome/62.0.3202.94 Safari/537.36" "192.168.1.1" 0.15
192.168.1.41 - - [11/Jun/2024:03:00:39 +0000] "GET /ne HTTP/1.1" 201 9196 "https://www.google.com/" "Mozilla/5.0 (Windows NT 10.0; Win64; x64) AppleWebKit/537.36 (KHTML, like Gecko) Chrome/58.0.3029.110 Safari/537.36" "192.168.56.1" 0.025
192.168.1.39 - - [11/Jun/2024:03:00:53 +0000] "GET /bkndux HTTP/1.1" 201 4319 "https://www.example.com/" "Mozilla/5.0 (Windows NT 10.0; WOW64) AppleWebKit/537.36 (KHTML, like Gecko) Chrome/58.0.3029.110 Safari/537.36 OPR/45.0.2552.898" "192.168.52.1" 0.09
192.168.1.27 - - [11/Jun/2024:03:00:56 +0000] "PUT /jn HTTP/1.1" 400 9164 "https://www.msn.com/" "Mozilla/5.0 (Windows NT 6.1; WOW64; rv:54.0) Gecko/20100101 Firefox/54.0" "192.168.1.5" 0.002
2001:db8:0:1:0:0:0:e - - [11/Jun/2024:03:00:59 +0000] "PUT /jlfsselc HTTP/1.1" 400 3375 "https://www.msn.com/" "Mozilla/5.0 (Windows NT 6.1; WOW64; rv:54.0) Gecko/20100101 Firefox/54.0" "192.168.1.1" 0.002
2001:db8:0:1:0:0:0:c - - [11/Jun/2024:03:01:02 +0000] "DELETE /hzl HTTP/1.1" 302 935 "https://www.ibm.com/" "Mozilla/5.0 (Windows NT 10.0; WOW64) AppleWebKit/537.36 (KHTML, like Gecko) Chrome/58.0.3029.110 Safari/537.36 OPR/45.0.2552.898" "192.168.1.5" 0.025
2001:db8:0:1:0:0:0:c - - [11/Jun/2024:03:01:30 +0000] "POST /gxpfvhjbl HTTP/1.1" 403 366 "https://www.google.com/" "Mozilla/5.0 (Windows NT 10.0; Win64; x64) AppleWebKit/537.36 (KHTML, like Gecko) Chrome/58.0.3029.110 Safari/537.36" "192.168.1.3" 0.002
192.168.1.47 - - [11/Jun/2024:03:01:45 +0000] "PUT /lblkksah HTTP/1.1" 500 8993 "https://www.google.com/" "Mozilla/5.0 (Windows NT 6.1; WOW64; Trident/7.0; AS; rv:11.0) like Gecko" "192.168.1.3" 0.09
192.168.1.9 - - [11/Jun/2024:03:01:57 +0000] "GET /nzc HTTP/1.1" 204 9623 "https://www.example.com/" "Mozilla/5.0 (Windows NT 10.0; Win64; x64) AppleWebKit/537.36 (KHTML, like Gecko) Chrome/58.0.3029.110 Safari/537.36" "192.168.1.3" 0.1
192.168.1.23 - - [11/Jun/2024:03:01:59 +0000] "POST /proizgb HTTP/1.1" 404 3497 "https://www.msn.com/" "Mozilla/5.0 (Windows NT 10.0; WOW64) AppleWebKit/537.36 (KHTML, like Gecko) Chrome/58.0.3029.110 Safari/537.36 OPR/45.0.2552.898" "192.168.1.1" 0.15
192.168.1.5 - - [11/Jun/2024:03:02:01 +0000] "DELETE /wvigzmve HTTP/1.1" 400 620 "https://www.ibm.com/" "Mozilla/5.0 (Windows NT 10.0; Win64; x64) AppleWebKit/537.36 (KHTML, like Gecko) Chrome/62.0.3202.94 Safari/537.36" "192.168.1.5" 0.025
192.168.1.26 - - [11/Jun/2024:03:02:17 +0000] "PUT /jtoaqoza HTTP/1.1" 500 9020 "https://www.example.com/" "Mozilla/5.0 (Windows NT 6.1; WOW64; Trident/7.0; AS; rv:11.0) like Gecko" "192.168.1.1" 0.15
192.168.1.8 - - [11/Jun/2024:03:02:24 +0000] "PUT /q HTTP/1.1" 204 3180 "https://www.google.com/" "Mozilla/5.0 (Windows NT 10.0; Win64; x64) AppleWebKit/537.36 (KHTML, like Gecko) Chrome/58.0.3029.110 Safari/537.36" "192.168.1.2" 0.002
192.168.1.41 - - [11/Jun/2024:03:02:47 +0000] "DELETE /o HTTP/1.1" 200 4846 "https://www.example.com/" "Mozilla/5.0 (Windows NT 10.0; Win64; x64; rv:54.0) Gecko/20100101 Firefox/54.0" "192.168.1.1" 0.15
192.168.1.41 - - [11/Jun/2024:03:02:47 +0000] "PUT /w HTTP/1.1" 403 1657 "https://www.example.com/" "Mozilla/5.0 (Windows NT 6.1; WOW64; Trident/7.0; AS; rv:11.0) like Gecko" "192.168.1.4" 0.15
192.168.1.42 - - [11/Jun/2024:03:02:49 +0000] "GET /bput HTTP/1.1" 500 9104 "https://www.msn.com/" "Mozilla/5.0 (Windows NT 6.1; WOW64; Trident/7.0; AS; rv:11.0) like Gecko" "192.168.56.1" 0.1
2001:db8:0:1:0:0:0:b - - [11/Jun/2024:03:03:00 +0000] "DELETE /trtjo HTTP/1.1" 400 9823 "https://www.example.com/" "Mozilla/5.0 (Windows NT 10.0; WOW64) AppleWebKit/537.36 (KHTML, like Gecko) Chrome/58.0.3029.110 Safari/537.36 OPR/45.0.2552.898" "192.168.1.4" 0.001
192.168.1.26 - - [11/Jun/2024:03:03:01 +0000] "POST /klebq HTTP/1.1" 404 9326 "https://www.msn.com/" "Mozilla/5.0 (Windows NT 10.0; Win64; x64; rv:54.0) Gecko/20100101 Firefox/54.0" "192.168.1.4" 0.001
192.168.1.40 - - [11/Jun/2024:03:03:19 +0000] "DELETE /cxwo HTTP/1.1" 201 2736 "https://www.example.com/" "Mozilla/5.0 (Windows NT 10.0; Win64; x64) AppleWebKit/537.36 (KHTML, like Gecko) Chrome/58.0.3029.110 Safari/537.36" "192.168.1.4" 0.025
192.168.1.7 - - [11/Jun/2024:03:04:01 +0000] "GET /udhf HTTP/1.1" 404 6038 "https://www.example.com/" "Mozilla/5.0 (Windows NT 6.1; WOW64; rv:54.0) Gecko/20100101 Firefox/54.0" "192.168.56.1" 0.025
192.168.1.33 - - [11/Jun/2024:03:04:10 +0000] "GET /e HTTP/1.1" 400 9032 "https://www.google.com/" "Mozilla/5.0 (Windows NT 6.1; WOW64; Trident/7.0; AS; rv:11.0) like Gecko" "192.168.1.1" 0.09
192.168.1.29 - - [11/Jun/2024:03:04:18 +0000] "GET /yk HTTP/1.1" 200 6957 "https://www.msn.com/" "Mozilla/5.0 (Windows NT 10.0; WOW64) AppleWebKit/537.36 (KHTML, like Gecko) Chrome/58.0.3029.110 Safari/537.36 OPR/45.0.2552.898" "192.168.1.2" 0.001
192.168.1.16 - - [11/Jun/2024:03:04:35 +0000] "POST /xtfvn HTTP/1.1" 302 4001 "https://www.msn.com/" "Mozilla/5.0 (Windows NT 6.1; WOW64; rv:54.0) Gecko/20100101 Firefox/54.0" "192.168.1.3" 0.002
192.168.1.26 - - [11/Jun/2024:03:04:35 +0000] "GET /mszdd HTTP/1.1" 301 6166 "https://www.google.com/" "Mozilla/5.0 (Windows NT 10.0; Win64; x64) AppleWebKit/537.36 (KHTML, like Gecko) Chrome/58.0.3029.110 Safari/537.36" "192.168.56.1" 0.001
192.168.1.22 - - [11/Jun/2024:03:04:37 +0000] "DELETE /qhknrszz HTTP/1.1" 201 878 "https://www.msn.com/" "Mozilla/5.0 (Windows NT 6.1; WOW64; Trident/7.0; AS; rv:11.0) like Gecko" "192.168.1.1" 0.1
192.168.1.44 - - [11/Jun/2024:03:04:40 +0000] "PUT /usbs HTTP/1.1" 201 1432 "https://www.ibm.com/" "Mozilla/5.0 (Windows NT 10.0; WOW64) AppleWebKit/537.36 (KHTML, like Gecko) Chrome/58.0.3029.110 Safari/537.36 OPR/45.0.2552.898" "192.168.1.4" 0.09
2001:db8:0:1:0:0:0:5 - - [11/Jun/2024:03:04:53 +0000] "DELETE /vxdsyhfkn HTTP/1.1" 301 9232 "https://www.example.com/" "Mozilla/5.0 (Windows NT 10.0; WOW64) AppleWebKit/537.36 (KHTML, like Gecko) Chrome/58.0.3029.110 Safari/537.36 OPR/45.0.2552.898" "192.168.1.2" 0.1
192.168.1.39 - - [11/Jun/2024:03:05:01 +0000] "DELETE /izljqvm HTTP/1.1" 403 3117 "https://www.google.com/" "Mozilla/5.0 (Windows NT 10.0; Win64; x64; rv:54.0) Gecko/20100101 Firefox/54.0" "192.168.1.4" 0.002
192.168.1.6 - - [11/Jun/2024:03:05:03 +0000] "POST /jnys HTTP/1.1" 400 2322 "https://www.example.com/" "Mozilla/5.0 (Windows NT 10.0; Win64; x64; rv:54.0) Gecko/20100101 Firefox/54.0" "192.168.1.2" 0.002
192.168.1.27 - - [11/Jun/2024:03:05:15 +0000] "POST /fuuftzbs HTTP/1.1" 500 4009 "https://www.example.com/" "Mozilla/5.0 (Windows NT 6.1; WOW64; rv:54.0) Gecko/20100101 Firefox/54.0" "192.168.1.5" 0.15
192.168.1.35 - - [11/Jun/2024:03:05:18 +0000] "POST /ioaiubryt HTTP/1.1" 204 6012 "https://www.google.com/" "Mozilla/5.0 (Windows NT 6.1; WOW64; rv:54.0) Gecko/20100101 Firefox/54.0" "192.168.1.5" 0.001
