2001:db8:0:1:0:0:0:3 - - [11/Jun/2024:03:05:19 +0000] "POST /fekixdw HTTP/1.1" 400 9245 "https://www.ibm.com/" "Mozilla/5.0 (Windows NT 6.1; WOW64; rv:54.0) Gecko/20100101 Firefox/54.0" "192.168.1.1" 0.09
192.168.1.44 - - [11/Jun/2024:03:05:25 +0000] "GET /pyiggj HTTP/1.1" 200 3760 "https://www.google.com/" "Mozilla/5.0 (Windows NT 10.0; Win64; x64) AppleWebKit/537.36 (KHTML, like Gecko) Chrome/62.0.3202.94 Safari/537.36" "192.168.1.2" 0.1
2001:db8:0:1:0:0:0:8 - - [11/Jun/2024:03:05:32 +0000] "GET /ltbhlt HTTP/1.1" 404 473 "https://www.msn.com/" "Mozilla/5.0 (Windows NT 6.1; WOW64; rv:54.0) Gecko/20100101 Firefox/54.0" "192.168.52.1" 0.002
2001:db8:0:1:0:0:0:8 - - [11/Jun/2024:03:05:40 +0000] "GET /ptvwknrkfp HTTP/1.1" 201 1413 "https://www.example.com/" "Mozilla/5.0 (Windows NT 10.0; WOW64) AppleWebKit/537.36 (KHTML, like Gecko) Chrome/58.0.3029.110 Safari/537.36 OPR/45.0.2552.898" "192.168.52.1" 0.1
192.168.1.3 - - [11/Jun/2024:03:05:41 +0000] "DELETE /om HTTP/1.1" 404 4325 "https://www.google.com/" "Mozilla/5.0 (Windows NT 10.0; Win64; x64) AppleWebKit/537.36 (KHTML, like Gecko) Chrome/58.0.3029.110 Safari/537.36" "192.168.52.1" 0.025
2001:db8:0:1:0:0:0:5 - - [11/Jun/2024:03:05:45 +0000] "DELETE /bhkrl HTTP/1.1" 201 129 "https://www.google.com/" "Mozilla/5.0 (Windows NT 10.0; Win64; x64) AppleWebKit/537.36 (KHTML, like Gecko) Chrome/58.0.3029.110 Safari/537.36" "192.168.52.1" 0.1
2001:db8:0:1:0:0:0:4 - - [11/Jun/2024:03:06:09 +0000] "GET /wlqshkab HTTP/1.1" 204 2914 "https://www.google.com/" "Mozilla/5.0 (Windows NT 10.0; Win64; x64) AppleWebKit/537.36 (KHTML, like Gecko) Chrome/58.0.3029.110 Safari/537.36" "192.168.1.1" 0.001
192.168.1.9 - - [11/Jun/2024:03:06:11 +0000] "POST /mukvem HTTP/1.1" 200 6715 "https://www.example.com/" "Mozilla/5.0 (Windows NT 10.0; Win64; x64) AppleWebKit/537.36 (KHTML, like Gecko) Chrome/58.0.3029.110 Safari/537.36" "192.168.1.1" 0.09
2001:db8:0:1:0:0:0:7 - - [11/Jun/2024:03:06:13 +0000] "GET /nlcjpq HTTP/1.1" 400 8047 "https://www.example.com/" "Mozilla/5.0 (Windows NT 10.0; Win64; x64) AppleWebKit/537.36 (KHTML, like Gecko) Chrome/62.0.3202.94 Safari/537.36" "192.168.52.1" 0.001
192.168.1.11 - - [11/Jun/2024:03:06:16 +0000] "GET /admda HTTP/1.1" 200 3845 "https://www.msn.com/" "Mozilla/5.0 (Windows NT 10.0; Win64; x64; rv:54.0) Gecko/20100101 Firefox/54.0" "192.168.56.1" 0.09
192.168.1.11 - - [11/Jun/2024:03:06:18 +0000] "GET /izlvqw HTTP/1.1" 301 9804 "https://www.example.com/" "Mozilla/5.0 (Windows NT 6.1; WOW64; rv:54.0) Gecko/20100101 Firefox/54.0" "192.168.56.1" 0.15
192.168.1.15 - - [11/Jun/2024:03:06:25 +0000] "DELETE /ssavohsgv HTTP/1.1" 403 7521 "https://www.ibm.com/" "Mozilla/5.0 (Windows NT 10.0; WOW64) AppleWebKit/537.36 (KHTML, like Gecko) Chrome/58.0.3029.110 Safari/537.36 OPR/45.0.2552.898" "192.168.1.2" 0.025
2001:db8:0:1:0:0:0:b - - [11/Jun/2024:03:06:50 +0000] "DELETE /ayqk HTTP/1.1" 201 1010 "https://www.example.com/" "Mozilla/5.0 (Windows NT 10.0; Win64; x64) AppleWebKit/537.36 (KHTML, like Gecko) Chrome/62.0.3202.94 Safari/537.36" "192.168.1.2" 0.1
192.168.1.14 - - [11/Jun/2024:03:06:56 +0000] "PUT /qqsyph HTTP/1.1" 204 520 "https://www.msn.com/" "Mozilla/5.0 (Windows NT 10.0; Win64; x64; rv:54.0) Gecko/20100101 Firefox/54.0" "192.168.56.1" 0.15
192.168.1.33 - - [11/Jun/2024:03:07:02 +0000] "GET /ertgeg HTTP/1.1" 301 8693 "https://www.google.com/" "Mozilla/5.0 (Windows NT 10.0; Win64; x64) AppleWebKit/537.36 (KHTML, like Gecko) Chrome/62.0.3202.94 Safari/537.36" "192.168.1.3" 0.002
192.168.1.7 - - [11/Jun/2024:03:07:06 +0000] "POST /awlijvhzsi HTTP/1.1" 302 5006 "https://www.google.com/" "Mozilla/5.0 (Windows NT 6.1; WOW64; rv:54.0) Gecko/20100101 Firefox/54.0" "192.168.1.5" 0.001
192.168.1.44 - - [11/Jun/2024:03:07:06 +0000] "DELETE /nebefwimes HTTP/1.1" 301 8435 "https://www.msn.com/" "Mozilla/5.0 (Windows NT 6.1; WOW64; rv:54.0) Gecko/20100101 Firefox/54.0" "192.168.1.2" 0.1
192.168.1.7 - - [11/Jun/2024:03:07:09 +0000] "POST /ewucn HTTP/1.1" 404 1716 "https://www.msn.com/" "Mozilla/5.0 (Windows NT 6.1; WOW64; Trident/7.0; AS; rv:11.0) like Gecko" "192.168.1.3" 0.002
192.168.1.7 - - [11/Jun/2024:03:07:18 +0000] "GET /gqulyagxot HTTP/1.1" 204 850 "https://www.ibm.com/" "Mozilla/5.0 (Windows NT 10.0; Win64; x64) AppleWebKit/537.36 (KHTML, like Gecko) Chrome/62.0.3202.94 Safari/537.36" "192.168.56.1" 0.001
2001:db8:0:1:0:0:0:c - - [11/Jun/2024:03:07:21 +0000] "PUT /ukoj HTTP/1.1" 400 3247 "https://www.example.com/" "Mozilla/5.0 (Windows NT 6.1; WOW64; Trident/7.0; AS; rv:11.0) like Gecko" "192.168.1.5" 0.002
192.168.1.38 - - [11/Jun/2024:03:07:21 +0000] "DELETE /ubxdz HTTP/1.1" 302 5827 "https://www.msn.com/" "Mozilla/5.0 (Windows NT 6.1; WOW64; rv:54.0) Gecko/20100101 Firefox/54.0" "192.168.1.3" 0.09
192.168.1.30 - - [11/Jun/2024:03:07:25 +0000] "DELETE /kdwztn HTTP/1.1" 302 7243 "https://www.ibm.com/" "Mozilla/5.0 (Windows NT 10.0; Win64; x64) AppleWebKit/537.36 (KHTML, like Gecko) Chrome/58.0.3029.110 Safari/537.36" "192.168.1.5" 0.025
2001:db8:0:1:0:0:0:2 - - [11/Jun/2024:03:07:38 +0000] "POST /rhbya HTTP/1.1" 201 2344 "https://www.msn.com/" "Mozilla/5.0 (Windows NT 10.0; Win64; x64) AppleWebKit/537.36 (KHTML, like Gecko) Chrome/58.0.3029.110 Safari/537.36" "192.168.1.3" 0.001
192.168.1.42 - - [11/Jun/2024:03:07:42 +0000] "GET /sc HTTP/1.1" 500 8342 "https://www.google.com/" "Mozilla/5.0 (Windows NT 6.1; WOW64; rv:54.0) Gecko/20100101 Firefox/54.0" "192.168.56.1" 0.001
192.168.1.29 - - [11/Jun/2024:03:07:52 +0000] "PUT /sgavrvhtgr HTTP/1.1" 404 4485 "https://www.ibm.com/" "Mozilla/5.0 (Windows NT 6.1; WOW64; Trident/7.0; AS; rv:11.0) like Gecko" "192.168.1.4" 0.002
192.168.1.48 - - [11/Jun/2024:03:07:55 +0000] "GET /ltiwufggug HTTP/1.1" 302 1102 "https://www.google.com/" "Mozilla/5.0 (Windows NT 6.1; WOW64; rv:54.0) Gecko/20100101 Firefox/54.0" "192.168.1.5" 0.001
2001:db8:0:1:0:0:0:7 - - [11/Jun/2024:03:07:56 +0000] "POST /rfjq HTTP/1.1" 200 8454 "https://www.google.com/" "Mozilla/5.0 (Windows NT 10.0; Win64; x64; rv:54.0) Gecko/20100101 Firefox/54.0" "192.168.1.5" 0.001
192.168.1.37 - - [11/Jun/2024:03:07:59 +0000] "DELETE /xchvlzfc HTTP/1.1" 302 3710 "https://www.msn.com/" "Mozilla/5.0 (Windows NT 6.1; WOW64; Trident/7.0; AS; rv:11.0) like Gecko" "192.168.56.1" 0.15
192.168.1.6 - - [11/Jun/2024:03:07:59 +0000] "DELETE /eivwb HTTP/1.1" 401 6667 "https://www.example.com/" "Mozilla/5.0 (Windows NT 10.0; Win64; x64) AppleWebKit/537.36 (KHTML, like Gecko) Chrome/58.0.3029.110 Safari/537.36" "192.168.1.5" 0.09
192.168.1.39 - - [11/Jun/2024:03:08:05 +0000] "PUT /lcjtnqmac HTTP/1.1" 301 894 "https://www.msn.com/" "Mozilla/5.0 (Windows NT 10.0; Win64; x64) AppleWebKit/537.36 (KHTML, like Gecko) Chrome/62.0.3202.94 Safari/537.36" "192.168.1.2" 0.002
192.168.1.44 - - [11/Jun/2024:03:08:11 +0000] "PUT /jd HTTP/1.1" 403 9793 "https://www.example.com/" "Mozilla/5.0 (Windows NT 10.0; WOW64) AppleWebKit/537.36 (KHTML, like Gecko) Chrome/58.0.3029.110 Safari/537.36 OPR/45.0.2552.898" "192.168.1.2" 0.1
192.168.1.41 - - [11/Jun/2024:03:08:12 +0000] "DELETE /fu HTTP/1.1" 301 6964 "https://www.example.com/" "Mozilla/5.0 (Windows NT 10.0; Win64; x64) AppleWebKit/537.36 (KHTML, like Gecko) Chrome/58.0.3029.110 Safari/537.36" "192.168.1.2" 0.002
192.168.1.26 - - [11/Jun/2024:03:08:40 +0000] "POST /apmyevtjkg HTTP/1.1" 200 9695 "https://www.ibm.com/" "Mozilla/5.0 (Windows NT 10.0; Win64; x64) AppleWebKit/537.36 (KHTML, like Gecko) Chrome/62.0.3202.94 Safari/537.36" "192.168.1.5" 0.002
192.168.1.1 - - [11/Jun/2024:03:08:41 +0000] "POST /hnheguzobj HTTP/1.1" 401 2842 "https://www.example.com/" "Mozilla/5.0 (Windows NT 10.0; WOW64) AppleWebKit/537.36 (KHTML, like Gecko) Chrome/58.0.3029.110 Safari/537.36 OPR/45.0.2552.898" "192.168.1.1" 0.1
192.168.1.25 - - [11/Jun/2024:03:09:03 +0000] "DELETE /ye HTTP/1.1" 200 7271 "https://www.msn.com/" "Mozilla/5.0 (Windows NT 10.0; Win64; x64) AppleWebKit/537.36 (KHTML, like Gecko) Chrome/62.0.3202.94 Safari/537.36" "192.168.1.1" 0.001
192.168.1.30 - - [11/Jun/2024:03:09:16 +0000] "POST /wc HTTP/1.1" 404 2210 "https://www.ibm.com/" "Mozilla/5.0 (Windows NT 6.1; WOW64; Trident/7.0; AS; rv:11.0) like Gecko" "192.168.56.1" 0.15
2001:db8:0:1:0:0:0:4 - - [11/Jun/2024:03:09:23 +0000] "DELETE /xyhkext HTTP/1.1" 401 477 "https://www.google.com/" "Mozilla/5.0 (Windows NT 10.0; Win64; x64; rv:54.0) Gecko/20100101 Firefox/54.0" "192.168.1.4" 0.1
2001:db8:0:1:0:0:0:2 - - [11/Jun/2024:03:09:26 +0000] "GET /tbbcu HTTP/1.1" 302 2146 "https://www.msn.com/" "Mozilla/5.0 (Windows NT 6.1; WOW64; rv:54.0) Gecko/20100101 Firefox/54.0" "192.168.1.1" 0.002
192.168.1.47 - - [11/Jun/2024:03:09:31 +0000] "GET /kdqjvf HTTP/1.1" 302 5453 "https://www.msn.com/" "Mozilla/5.0 (Windows NT 6.1; WOW64; Trident/7.0; AS; rv:11.0) like Gecko" "192.168.52.1" 0.15
192.168.1.12 - - [11/Jun/2024:03:09:34 +0000] "PUT /tvrwog HTTP/1.1" 404 5523 "https://www.ibm.com/" "Mozilla/5.0 (Windows NT 6.1; WOW64; Trident/7.0; AS; rv:11.0) like Gecko" "192.168.52.1" 0.025
192.168.1.28 - - [11/Jun/2024:03:09:47 +0000] "DELETE /yajaomg HTTP/1.1" 401 9471 "https://www.ibm.com/" "Mozilla/5.0 (Windows NT 6.1; WOW64; Trident/7.0; AS; rv:11.0) like Gecko" "192.168.52.1" 0.025
2001:db8:0:1:0:0:0:6 - - [11/Jun/2024:03:09:54 +0000] "POST /nfwflutbtq HTTP/1.1" 400 4598 "https://www.google.com/" "Mozilla/5.0 (Windows NT 6.1; WOW64; rv:54.0) Gecko/20100101 Firefox/54.0" "192.168.52.1" 0.15
192.168.1.18 - - [11/Jun/2024:03:09:58 +0000] "DELETE /tjaatja HTTP/1.1" 302 825 "https://www.google.com/" "Mozilla/5.0 (Windows NT 6.1; WOW64; Trident/7.0; AS; rv:11.0) like Gecko" "192.168.1.4" 0.1
192.168.1.2 - - [11/Jun/2024:03:10:02 +0000] "POST /x HTTP/1.1" 200 176 "https://www.example.com/" "Mozilla/5.0 (Windows NT 6.1; WOW64; rv:54.0) Gecko/20100101 Firefox/54.0" "192.168.1.1" 0.001
192.168.1.26 - - [11/Jun/2024:03:10:12 +0000] "PUT /ywsl HTTP/1.1" 400 4420 "https://www.ibm.com/" "Mozilla/5.0 (Windows NT 10.0; Win64; x64) AppleWebKit/537.36 (KHTML, like Gecko) Chrome/58.0.3029.110 Safari/537.36" "192.168.56.1" 0.001
192.168.1.43 - - [11/Jun/2024:03:10:14 +0000] "GET /oqfqgzhii HTTP/1.1" 500 3302 "https://www.msn.com/" "Mozilla/5.0 (Windows NT 6.1; WOW64; Trident/7.0; AS; rv:11.0) like Gecko" "192.168.1.5" 0.002
2001:db8:0:1:0:0:0:8 - - [11/Jun/2024:03:10:21 +0000] "DELETE /tswe HTTP/1.1" 400 9549 "https://www.example.com/" "Mozilla/5.0 (Windows NT 10.0; Win64; x64) AppleWebKit/537.36 (KHTML, like Gecko) Chrome/62.0.3202.94 Safari/537.36" "192.168.1.5" 0.025
192.168.1.23 - - [11/Jun/2024:03:10:22 +0000] "GET /qperxyh HTTP/1.1" 204 9395 "https://www.ibm.com/" "Mozilla/5.0 (Windows NT 10.0; WOW64) AppleWebKit/537.36 (KHTML, like Gecko) Chrome/58.0.3029.110 Safari/537.36 OPR/45.0.2552.898" "192.168.52.1" 0.001
192.168.1.24 - - [11/Jun/2024:03:10:25 +0000] "DELETE /dbanzftxo HTTP/1.1" 500 3701 "https://www.msn.com/" "Mozilla/5.0 (Windows NT 10.0; Win64; x64) AppleWebKit/537.36 (KHTML, like Gecko) Chrome/62.0.3202.94 Safari/537.36" "192.168.1.5" 0.001
192.168.1.39 - - [11/Jun/2024:03:10:26 +0000] "POST /ztkwdnxgtm HTTP/1.1" 500 2510 "https://www.msn.com/" "Mozilla/5.0 (Windows NT 10.0; Win64; x64) AppleWebKit/537.36 (KHTML, like Gecko) Chrome/62.0.3202.94 Safari/537.36" "192.168.1.2" 0.025
2001:db8:0:1:0:0:0:1 - - [11/Jun/2024:03:10:36 +0000] "PUT /mpnvmrj HTTP/1.1" 302 4484 "https://www.ibm.com/" "Mozilla/5.0 (Windows NT 6.1; WOW64; rv:54.0) Gecko/20100101 Firefox/54.0" "192.168.1.1" 0.001
192.168.1.17 - - [11/Jun/2024:03:10:45 +0000] "POST /n HTTP/1.1" 200 9430 "https://www.ibm.com/" "Mozilla/5.0 (Windows NT 10.0; WOW64) AppleWebKit/537.36 (KHTML, like Gecko) Chrome/58.0.3029.110 Safari/537.36 OPR/45.0.2552.898" "192.168.1.1" 0.002
192.168.1.43 - - [11/Jun/2024:03:11:05 +0000] "POST /vlrdw HTTP/1.1" 500 8586 "https://www.google.com/" "Mozilla/5.0 (Windows NT 6.1; WOW64; rv:54.0) Gecko/20100101 Firefox/54.0" "192.168.1.2" 0.15
192.168.1.44 - - [11/Jun/2024:03:11:09 +0000] "POST /bqgeruugof HTTP/1.1" 201 4048 "https://www.google.com/" "Mozilla/5.0 (Windows NT 6.1; WOW64; Trident/7.0; AS; rv:11.0) like Gecko" "192.168.56.1" 0.1
192.168.1.48 - - [11/Jun/2024:03:11:09 +0000] "PUT /idsczy HTTP/1.1" 404 3034 "https://www.msn.com/" "Mozilla/5.0 (Windows NT 10.0; Win64; x64; rv:54.0) Gecko/20100101 Firefox/54.0" "192.168.1.2" 0.002
192.168.1.37 - - [11/Jun/2024:03:11:11 +0000] "GET /xrtua HTTP/1.1" 400 4538 "https://www.example.com/" "Mozilla/5.0 (Windows NT 6.1; WOW64; Trident/7.0; AS; rv:11.0) like Gecko" "192.168.1.1" 0.09
2001:db8:0:1:0:0:0:8 - - [11/Jun/2024:03:11:17 +0000] "POST /gdihjmxtk HTTP/1.1" 403 4006 "https://www.ibm.com/" "Mozilla/5.0 (Windows NT 6.1; WOW64; rv:54.0) Gecko/20100101 Firefox/54.0" "192.168.1.4" 0.1
192.168.1.46 - - [11/Jun/2024:03:11:17 +0000] "PUT /jxpkbmmsxw HTTP/1.1" 301 7444 "https://www.example.com/" "Mozilla/5.0 (Windows NT 10.0; Win64; x64) AppleWebKit/537.36 (KHTML, like Gecko) Chrome/62.0.3202.94 Safari/537.36" "192.168.56.1" 0.09
2001:db8:0:1:0:0:0:5 - - [11/Jun/2024:03:11:28 +0000] "DELETE /gqsph HTTP/1.1" 204 912 "https://www.google.com/" "Mozilla/5.0 (Windows NT 10.0; Win64; x64) AppleWebKit/537.36 (KHTML, like Gecko) Chrome/58.0.3029.110 Safari/537.36" "192.168.1.4" 0.09
192.168.1.9 - - [11/Jun/2024:03:11:34 +0000] "PUT /scungnhm HTTP/1.1" 301 2228 "https://www.google.com/" "Mozilla/5.0 (Windows NT 10.0; Win64; x64) AppleWebKit/537.36 (KHTML, like Gecko) Chrome/58.0.3029.110 Safari/537.36" "192.168.52.1" 0.025
192.168.1.7 - - [11/Jun/2024:03:11:40 +0000] "POST /orejgym HTTP/1.1" 301 9492 "https://www.ibm.com/" "Mozilla/5.0 (Windows NT 10.0; Win64; x64; rv:54.0) Gecko/20100101 Firefox/54.0" "192.168.1.2" 0.002
192.168.1.47 - - [11/Jun/2024:03:11:42 +0000] "POST /ljyjho HTTP/1.1" 301 9162 "https://www.msn.com/" "Mozilla/5.0 (Windows NT 10.0; WOW64) AppleWebKit/537.36 (KHTML, like Gecko) Chrome/58.0.3029.110 Safari/537.36 OPR/45.0.2552.898" "192.168.1.3" 0.025
192.168.1.26 - - [11/Jun/2024:03:11:43 +0000] "POST /cg HTTP/1.1" 204 8925 "https://www.example.com/" "Mozilla/5.0 (Windows NT 10.0; Win64; x64) AppleWebKit/537.36 (KHTML, like Gecko) Chrome/62.0.3202.94 Safari/537.36" "192.168.1.1" 0.025
192.168.1.9 - - [11/Jun/2024:03:11:50 +0000] "POST /xgp HTTP/1.1" 403 4001 "https://www.msn.com/" "Mozilla/5.0 (Windows NT 6.1; WOW64; rv:54.0) Gecko/20100101 Firefox/54.0" "192.168.1.3" 0.002
192.168.1.40 - - [11/Jun/2024:03:11:57 +0000] "POST /sn HTTP/1.1" 301 4848 "https://www.ibm.com/" "Mozilla/5.0 (Windows NT 10.0; WOW64) AppleWebKit/537.36 (KHTML, like Gecko) Chrome/58.0.3029.110 Safari/537.36 OPR/45.0.2552.898" "192.168.1.1" 0.002
192.168.1.9 - - [11/Jun/2024:03:12:03 +0000] "PUT /z HTTP/1.1" 200 7096 "https://www.msn.com/" "Mozilla/5.0 (Windows NT 10.0; Win64; x64) AppleWebKit/537.36 (KHTML, like Gecko) Chrome/62.0.3202.94 Safari/537.36" "192.168.1.5" 0.001
192.168.1.18 - - [11/Jun/2024:03:12:06 +0000] "DELETE /s HTTP/1.1" 200 373 "https://www.google.com/" "Mozilla/5.0 (Windows NT 10.0; Win64; x64) AppleWebKit/537.36 (KHTML, like Gecko) Chrome/58.0.3029.110 Safari/537.36" "192.168.1.1" 0.1
192.168.1.6 - - [11/Jun/2024:03:12:22 +0000] "DELETE /ktgw HTTP/1.1" 404 8789 "https://www.msn.com/" "Mozilla/5.0 (Windows NT 10.0; Win64; x64; rv:54.0) Gecko/20100101 Firefox/54.0" "192.168.1.2" 0.002
2001:db8:0:1:0:0:0:a - - [11/Jun/2024:03:12:27 +0000] "POST /jbpqsdxr HTTP/1.1" 201 6520 "https://www.ibm.com/" "Mozilla/5.0 (Windows NT 10.0; Win64; x64) AppleWebKit/537.36 (KHTML, like Gecko) Chrome/58.0.3029.110 Safari/537.36" "192.168.1.5" 0.002
2001:db8:0:1:0:0:0:4 - - [11/Jun/2024:03:12:29 +0000] "DELETE /leifq HTTP/1.1" 302 927 "https://www.google.com/" "Mozilla/5.0 (Windows NT 6.1; WOW64; rv:54.0) Gecko/20100101 Firefox/54.0" "192.168.1.4" 0.1
192.168.1.46 - - [11/Jun/2024:03:12:44 +0000] "GET /kgvozrn HTTP/1.1" 403 2182 "https://www.ibm.com/" "Mozilla/5.0 (Windows NT 10.0; Win64; x64) AppleWebKit/537.36 (KHTML, like Gecko) Chrome/58.0.3029.110 Safari/537.36" "192.168.1.5" 0.002
2001:db8:0:1:0:0:0:6 - - [11/Jun/2024:03:12:50 +0000] "PUT /vpdzareerb HTTP/1.1" 500 1263 "https://www.ibm.com/" "Mozilla/5.0 (Windows NT 6.1; WOW64; Trident/7.0; AS; rv:11.0) like Gecko" "192.168.1.2" 0.15
192.168.1.7 - - [11/Jun/2024:03:13:13 +0000] "POST /yhvm HTTP/1.1" 404 7105 "https://www.google.com/" "Mozilla/5.0 (Windows NT 10.0; Win64; x64) AppleWebKit/537.36 (KHTML, like Gecko) Chrome/62.0.3202.94 Safari/537.36" "192.168.1.4" 0.001
192.168.1.29 - - [11/Jun/2024:03:13:15 +0000] "DELETE /kxxn HTTP/1.1" 500 6281 "https://www.example.com/" "Mozilla/5.0 (Windows NT 10.0; Win64; x64) AppleWebKit/537.36 (KHTML, like Gecko) Chrome/58.0.3029.110 Safari/537.36" "192.168.1.3" 0.09
192.168.1.37 - - [11/Jun/2024:03:13:16 +0000] "GET /xuq HTTP/1.1" 302 5838 "https://www.google.com/" "Mozilla/5.0 (Windows NT 10.0; Win64; x64; rv:54.0) Gecko/20100101 Firefox/54.0" "192.168.1.4" 0.09
2001:db8:0:1:0:0:0:d - - [11/Jun/2024:03:13:39 +0000] "POST /mdlbv HTTP/1.1" 404 4761 "https://www.example.com/" "Mozilla/5.0 (Windows NT 10.0; WOW64) AppleWebKit/537.36 (KHTML, like Gecko) Chrome/58.0.3029.110 Safari/537.36 OPR/45.0.2552.898" "192.168.1.2" 0.001
192.168.1.17 - - [11/Jun/2024:03:13:41 +0000] "POST /ddpzqndk HTTP/1.1" 401 1297 "https://www.google.com/" "Mozilla/5.0 (Windows NT 6.1; WOW64; Trident/7.0; AS; rv:11.0) like Gecko" "192.168.1.2" 0.001
192.168.1.38 - - [11/Jun/2024:03:13:47 +0000] "POST /qtddftrc HTTP/1.1" 200 8393 "https://www.msn.com/" "Mozilla/5.0 (Windows NT 10.0; Win64; x64; rv:54.0) Gecko/20100101 Firefox/54.0" "192.168.52.1" 0.002
192.168.1.7 - - [11/Jun/2024:03:14:09 +0000] "GET /wpbdom HTTP/1.1" 401 507 "https://www.google.com/" "Mozilla/5.0 (Windows NT 10.0; Win64; x64) AppleWebKit/537.36 (KHTML, like Gecko) Chrome/58.0.3029.110 Safari/537.36" "192.168.52.1" 0.002
2001:db8:0:1:0:0:0:5 - - [11/Jun/2024:03:14:36 +0000] "POST /xpagnj HTTP/1.1" 404 4603 "https://www.google.com/" "Mozilla/5.0 (Windows NT 6.1; WOW64; Trident/7.0; AS; rv:11.0) like Gecko" "192.168.52.1" 0.1
192.168.1.43 - - [11/Jun/2024:03:14:48 +0000] "POST /vxdfbrdfv HTTP/1.1" 301 6931 "https://www.google.com/" "Mozilla/5.0 (Windows NT 10.0; Win64; x64) AppleWebKit/537.36 (KHTML, like Gecko) Chrome/58.0.3029.110 Safari/537.36" "192.168.52.1" 0.09
192.168.1.3 - - [11/Jun/2024:03:14:49 +0000] "GET /wbod HTTP/1.1" 403 4338 "https://www.msn.com/" "Mozilla/5.0 (Windows NT 10.0; Win64; x64; rv:54.0) Gecko/20100101 Firefox/54.0" "192.168.56.1" 0.1
192.168.1.39 - - [11/Jun/2024:03:15:32 +0000] "POST /czi HTTP/1.1" 200 1331 "https://www.ibm.com/" "Mozilla/5.0 (Windows NT 10.0; WOW64) AppleWebKit/537.36 (KHTML, like Gecko) Chrome/58.0.3029.110 Safari/537.36 OPR/45.0.2552.898" "192.168.1.4" 0.002
2001:db8:0:1:0:0:0:5 - - [11/Jun/2024:03:15:33 +0000] "DELETE /pbipyk HTTP/1.1" 301 2618 "https://www.google.com/" "Mozilla/5.0 (Windows NT 10.0; Win64; x64) AppleWebKit/537.36 (KHTML, like Gecko) Chrome/62.0.3202.94 Safari/537.36" "192.168.52.1" 0.025
192.168.1.40 - - [11/Jun/2024:03:15:42 +0000] "PUT /ct HTTP/1.1" 404 4020 "https://www.example.com/" "Mozilla/5.0 (Windows NT 6.1; WOW64; Trident/7.0; AS; rv:11.0) like Gecko" "192.168.1.2" 0.09
192.168.1.46 - - [11/Jun/2024:03:16:11 +0000] "DELETE /afjqg HTTP/1.1" 404 5186 "https://www.msn.com/" "Mozilla/5.0 (Windows NT 10.0; Win64; x64; rv:54.0) Gecko/20100101 Firefox/54.0" "192.168.1.3" 0.1
192.168.1.8 - - [11/Jun/2024:03:16:11 +0000] "PUT /ljmfbpm HTTP/1.1" 500 620 "https://www.ibm.com/" "Mozilla/5.0 (Windows NT 10.0; Win64; x64) AppleWebKit/537.36 (KHTML, like Gecko) Chrome/62.0.3202.94 Safari/537.36" "192.168.52.1" 0.002
2001:db8:0:1:0:0:0:4 - - [11/Jun/2024:03:16:23 +0000] "GET /nmfxf HTTP/1.1" 204 9077 "https://www.example.com/" "Mozilla/5.0 (Windows NT 10.0; Win64; x64) AppleWebKit/537.36 (KHTML, like Gecko) Chrome/62.0.3202.94 Safari/537.36" "192.168.1.1" 0.15
2001:db8:0:1:0:0:0:4 - - [11/Jun/2024:03:16:31 +0000] "GET /fbk HTTP/1.1" 403 8284 "https://www.ibm.com/" "Mozilla/5.0 (Windows NT 10.0; Win64; x64) AppleWebKit/537.36 (KHTML, like Gecko) Chrome/62.0.3202.94 Safari/537.36" "192.168.1.3" 0.001
192.168.1.40 - - [11/Jun/2024:03:16:33 +0000] "GET /qhkls HTTP/1.1" 404 4809 "https://www.ibm.com/" "Mozilla/5.0 (Windows NT 10.0; WOW64) AppleWebKit/537.36 (KHTML, like Gecko) Chrome/58.0.3029.110 Safari/537.36 OPR/45.0.2552.898" "192.168.1.3" 0.1
192.168.1.50 - - [11/Jun/2024:03:16:38 +0000] "PUT /uihqm HTTP/1.1" 403 7525 "https://www.google.com/" "Mozilla/5.0 (Windows NT 10.0; WOW64) AppleWebKit/537.36 (KHTML, like Gecko) Chrome/58.0.3029.110 Safari/537.36 OPR/45.0.2552.898" "192.168.56.1" 0.002
192.168.1.25 - - [11/Jun/2024:03:16:51 +0000] "GET /eqjznaalcw HTTP/1.1" 204 8221 "https://www.example.com/" "Mozilla/5.0 (Windows NT 10.0; Win64; x64) AppleWebKit/537.36 (KHTML, like Gecko) Chrome/62.0.3202.94 Safari/537.36" "192.168.52.1" 0.1
192.168.1.49 - - [11/Jun/2024:03:16:53 +0000] "PUT /kulis HTTP/1.1" 500 8806 "https://www.ibm.com/" "Mozilla/5.0 (Windows NT 10.0; WOW64) AppleWebKit/537.36 (KHTML, like Gecko) Chrome/58.0.3029.110 Safari/537.36 OPR/45.0.2552.898" "192.168.52.1" 0.002
192.168.1.34 - - [11/Jun/2024:03:17:00 +0000] "POST /lgbry HTTP/1.1" 204 2778 "https://www.google.com/" "Mozilla/5.0 (Windows NT 6.1; WOW64; Trident/7.0; AS; rv:11.0) like Gecko" "192.168.1.4" 0.002
192.168.1.27 - - [11/Jun/2024:03:17:28 +0000] "PUT /yderukmrn HTTP/1.1" 400 2256 "https://www.example.com/" "Mozilla/5.0 (Windows NT 6.1; WOW64; Trident/7.0; AS; rv:11.0) like Gecko" "192.168.52.1" 0.002
192.168.1.21 - - [11/Jun/2024:03:17:40 +0000] "GET /igtl HTTP/1.1" 404 8675 "https://www.msn.com/" "Mozilla/5.0 (Windows NT 6.1; WOW64; rv:54.0) Gecko/20100101 Firefox/54.0" "192.168.52.1" 0.15
192.168.1.8 - - [11/Jun/2024:03:17:45 +0000] "POST /frfcbotg HTTP/1.1" 401 7673 "https://www.example.com/" "Mozilla/5.0 (Windows NT 10.0; WOW64) AppleWebKit/537.36 (KHTML, like Gecko) Chrome/58.0.3029.110 Safari/537.36 OPR/45.0.2552.898" "192.168.1.3" 0.002
192.168.1.33 - - [11/Jun/2024:03:18:05 +0000] "DELETE /b HTTP/1.1" 400 1335 "https://www.google.com/" "Mozilla/5.0 (Windows NT 6.1; WOW64; rv:54.0) Gecko/20100101 Firefox/54.0" "192.168.52.1" 0.1
192.168.1.34 - - [11/Jun/2024:03:18:13 +0000] "DELETE /kedjjoater HTTP/1.1" 201 1933 "https://www.ibm.com/" "Mozilla/5.0 (Windows NT 6.1; WOW64; rv:54.0) Gecko/20100101 Firefox/54.0" "192.168.56.1" 0.002
192.168.1.25 - - [11/Jun/2024:03:18:15 +0000] "POST /a HTTP/1.1" 500 7986 "https://www.ibm.com/" "Mozilla/5.0 (Windows NT 6.1; WOW64; Trident/7.0; AS; rv:11.0) like Gecko" "192.168.1.1" 0.1
192.168.1.25 - - [11/Jun/2024:03:18:23 +0000] "GET /yt HTTP/1.1" 204 6967 "https://www.ibm.com/" "Mozilla/5.0 (Windows NT 6.1; WOW64; rv:54.0) Gecko/20100101 Firefox/54.0" "192.168.1.2" 0.09
2001:db8:0:1:0:0:0:2 - - [11/Jun/2024:03:18:23 +0000] "GET /vnwhpf HTTP/1.1" 403 5802 "https://www.google.com/" "Mozilla/5.0 (Windows NT 6.1; WOW64; rv:54.0) Gecko/20100101 Firefox/54.0" "192.168.1.4" 0.001
192.168.1.35 - - [11/Jun/2024:03:18:23 +0000] "DELETE /n HTTP/1.1" 404 9201 "https://www.msn.com/" "Mozilla/5.0 (Windows NT 10.0; Win64; x64) AppleWebKit/537.36 (KHTML, like Gecko) Chrome/62.0.3202.94 Safari/537.36" "192.168.52.1" 0.1
2001:db8:0:1:0:0:0:9 - - [11/Jun/2024:03:18:37 +0000] "POST /rgk HTTP/1.1" 301 5258 "https://www.example.com/" "Mozilla/5.0 (Windows NT 10.0; Win64; x64; rv:54.0) Gecko/20100101 Firefox/54.0" "192.168.1.4" 0.001
192.168.1.37 - - [11/Jun/2024:03:18:42 +0000] "PUT /c HTTP/1.1" 201 8600 "https://www.example.com/" "Mozilla/5.0 (Windows NT 10.0; Win64; x64) AppleWebKit/537.36 (KHTML, like Gecko) Chrome/62.0.3202.94 Safari/537.36" "192.168.1.2" 0.1
192.168.1.14 - - [11/Jun/2024:03:18:49 +0000] "GET /jxtx HTTP/1.1" 201 3953 "https://www.ibm.com/" "Mozilla/5.0 (Windows NT 6.1; WOW64; rv:54.0) Gecko/20100101 Firefox/54.0" "192.168.52.1" 0.1
192.168.1.8 - - [11/Jun/2024:03:18:49 +0000] "PUT /u HTTP/1.1" 404 6201 "https://www.example.com/" "Mozilla/5.0 (Windows NT 10.0; Win64; x64; rv:54.0) Gecko/20100101 Firefox/54.0" "192.168.52.1" 0.002
192.168.1.35 - - [11/Jun/2024:03:18:53 +0000] "POST /fqfkpmjjr HTTP/1.1" 200 3007 "https://www.example.com/" "Mozilla/5.0 (Windows NT 6.1; WOW64; rv:54.0) Gecko/20100101 Firefox/54.0" "192.168.1.3" 0.002
192.168.1.24 - - [11/Jun/2024:03:18:56 +0000] "PUT /uhuat HTTP/1.1" 404 4168 "https://www.example.com/" "Mozilla/5.0 (Windows NT 6.1; WOW64; Trident/7.0; AS; rv:11.0) like Gecko" "192.168.56.1" 0.1
192.168.1.49 - - [11/Jun/2024:03:18:56 +0000] "PUT /q HTTP/1.1" 500 1572 "https://www.ibm.com/" "Mozilla/5.0 (Windows NT 10.0; WOW64) AppleWebKit/537.36 (KHTML, like Gecko) Chrome/58.0.3029.110 Safari/537.36 OPR/45.0.2552.898" "192.168.1.4" 0.002
192.168.1.12 - - [11/Jun/2024:03:18:58 +0000] "POST /nqilus HTTP/1.1" 201 8521 "https://www.ibm.com/" "Mozilla/5.0 (Windows NT 10.0; Win64; x64) AppleWebKit/537.36 (KHTML, like Gecko) Chrome/62.0.3202.94 Safari/537.36" "192.168.1.2" 0.001
2001:db8:0:1:0:0:0:4 - - [11/Jun/2024:03:19:11 +0000] "POST /p HTTP/1.1" 500 1977 "https://www.ibm.com/" "Mozilla/5.0 (Windows NT 10.0; WOW64) AppleWebKit/537.36 (KHTML, like Gecko) Chrome/58.0.3029.110 Safari/537.36 OPR/45.0.2552.898" "192.168.1.5" 0.025
192.168.1.30 - - [11/Jun/2024:03:19:15 +0000] "POST /ahhouuq HTTP/1.1" 204 4360 "https://www.google.com/" "Mozilla/5.0 (Windows NT 10.0; WOW64) AppleWebKit/537.36 (KHTML, like Gecko) Chrome/58.0.3029.110 Safari/537.36 OPR/45.0.2552.898" "192.168.1.3" 0.002
192.168.1.41 - - [11/Jun/2024:03:19:15 +0000] "PUT /sb HTTP/1.1" 200 4857 "https://www.ibm.com/" "Mozilla/5.0 (Windows NT 10.0; Win64; x64) AppleWebKit/537.36 (KHTML, like Gecko) Chrome/58.0.3029.110 Safari/537.36" "192.168.56.1" 0.002
192.168.1.37 - - [11/Jun/2024:03:19:21 +0000] "DELETE /b HTTP/1.1" 301 5492 "https://www.example.com/" "Mozilla/5.0 (Windows NT 10.0; Win64; x64) AppleWebKit/537.36 (KHTML, like Gecko) Chrome/58.0.3029.110 Safari/537.36" "192.168.1.5" 0.002
192.168.1.21 - - [11/Jun/2024:03:19:30 +0000] "DELETE /dk HTTP/1.1" 204 2062 "https://www.ibm.com/" "Mozilla/5.0 (Windows NT 10.0; Win64; x64) AppleWebKit/537.36 (KHTML, like Gecko) Chrome/62.0.3202.94 Safari/537.36" "192.168.1.5" 0.025
192.168.1.32 - - [11/Jun/2024:03:19:31 +0000] "DELETE /fve HTTP/1.1" 401 542 "https://www.ibm.com/" "Mozilla/5.0 (Windows NT 6.1; WOW64; rv:54.0) Gecko/20100101 Firefox/54.0" "192.168.52.1" 0.09
192.168.1.6 - - [11/Jun/2024:03:19:36 +0000] "GET /qusersadiu HTTP/1.1" 400 6048 "https://www.google.com/" "Mozilla/5.0 (Windows NT 6.1; WOW64; Trident/7.0; AS; rv:11.0) like Gecko" "192.168.1.5" 0.002
192.168.1.34 - - [11/Jun/2024:03:19:37 +0000] "POST /qntezw HTTP/1.1" 400 9341 "https://www.msn.com/" "Mozilla/5.0 (Windows NT 10.0; WOW64) AppleWebKit/537.36 (KHTML, like Gecko) Chrome/58.0.3029.110 Safari/537.36 OPR/45.0.2552.898" "192.168.56.1" 0.1
2001:db8:0:1:0:0:0:8 - - [11/Jun/2024:03:19:37 +0000] "GET /xjcu HTTP/1.1" 401 1593 "https://www.google.com/" "Mozilla/5.0 (Windows NT 10.0; WOW64) AppleWebKit/537.36 (KHTML, like Gecko) Chrome/58.0.3029.110 Safari/537.36 OPR/45.0.2552.898" "192.168.1.5" 0.025
192.168.1.37 - - [11/Jun/2024:03:20:10 +0000] "PUT /epxrgfh HTTP/1.1" 301 4468 "https://www.example.com/" "Mozilla/5.0 (Windows NT 10.0; Win64; x64; rv:54.0) Gecko/20100101 Firefox/54.0" "192.168.1.3" 0.15
2001:db8:0:1:0:0:0:5 - - [11/Jun/2024:03:20:14 +0000] "POST /kfupysn HTTP/1.1" 301 296 "https://www.example.com/" "Mozilla/5.0 (Windows NT 10.0; Win64; x64) AppleWebKit/537.36 (KHTML, like Gecko) Chrome/58.0.3029.110 Safari/537.36" "192.168.1.2" 0.002
192.168.1.36 - - [11/Jun/2024:03:20:25 +0000] "DELETE /pnedxdzuqp HTTP/1.1" 403 4296 "https://www.ibm.com/" "Mozilla/5.0 (Windows NT 6.1; WOW64; Trident/7.0; AS; rv:11.0) like Gecko" "192.168.1.1" 0.025
192.168.1.46 - - [11/Jun/2024:03:20:27 +0000] "DELETE /gdokypfp HTTP/1.1" 404 9114 "https://www.example.com/" "Mozilla/5.0 (Windows NT 6.1; WOW64; rv:54.0) Gecko/20100101 Firefox/54.0" "192.168.1.2" 0.09
192.168.1.34 - - [11/Jun/2024:03:20:38 +0000] "GET /ykwobm HTTP/1.1" 401 6758 "https://www.example.com/" "Mozilla/5.0 (Windows NT 10.0; Win64; x64) AppleWebKit/537.36 (KHTML, like Gecko) Chrome/58.0.3029.110 Safari/537.36" "192.168.1.5" 0.001
192.168.1.20 - - [11/Jun/2024:03:20:40 +0000] "GET /irrq HTTP/1.1" 200 1935 "https://www.ibm.com/" "Mozilla/5.0 (Windows NT 10.0; WOW64) AppleWebKit/537.36 (KHTML, like Gecko) Chrome/58.0.3029.110 Safari/537.36 OPR/45.0.2552.898" "192.168.1.5" 0.025
192.168.1.34 - - [11/Jun/2024:03:20:43 +0000] "GET /oinxzno HTTP/1.1" 201 6065 "https://www.example.com/" "Mozilla/5.0 (Windows NT 10.0; Win64; x64) AppleWebKit/537.36 (KHTML, like Gecko) Chrome/58.0.3029.110 Safari/537.36" "192.168.1.4" 0.15
192.168.1.21 - - [11/Jun/2024:03:20:55 +0000] "PUT /qwgsvh HTTP/1.1" 403 1549 "https://www.msn.com/" "Mozilla/5.0 (Windows NT 6.1; WOW64; Trident/7.0; AS; rv:11.0) like Gecko" "192.168.1.2" 0.09
2001:db8:0:1:0:0:0:8 - - [11/Jun/2024:03:20:56 +0000] "GET /tieyne HTTP/1.1" 500 210 "https://www.msn.com/" "Mozilla/5.0 (Windows NT 6.1; WOW64; rv:54.0) Gecko/20100101 Firefox/54.0" "192.168.1.2" 0.001
2001:db8:0:1:0:0:0:2 - - [11/Jun/2024:03:20:58 +0000] "POST /dbh HTTP/1.1" 302 8947 "https://www.msn.com/" "Mozilla/5.0 (Windows NT 6.1; WOW64; rv:54.0) Gecko/20100101 Firefox/54.0" "192.168.1.1" 0.1
192.168.1.39 - - [11/Jun/2024:03:20:59 +0000] "POST /shwucmi HTTP/1.1" 201 2785 "https://www.example.com/" "Mozilla/5.0 (Windows NT 10.0; WOW64) AppleWebKit/537.36 (KHTML, like Gecko) Chrome/58.0.3029.110 Safari/537.36 OPR/45.0.2552.898" "192.168.1.4" 0.15
192.168.1.6 - - [11/Jun/2024:03:21:00 +0000] "DELETE /lolf HTTP/1.1" 403 899 "https://www.msn.com/" "Mozilla/5.0 (Windows NT 6.1; WOW64; Trident/7.0; AS; rv:11.0) like Gecko" "192.168.1.3" 0.001
192.168.1.1 - - [11/Jun/2024:03:21:01 +0000] "POST /hpkufvoga HTTP/1.1" 301 9220 "https://www.example.com/" "Mozilla/5.0 (Windows NT 10.0; Win64; x64; rv:54.0) Gecko/20100101 Firefox/54.0" "192.168.52.1" 0.15
192.168.1.27 - - [11/Jun/2024:03:21:01 +0000] "GET /btbzqvg HTTP/1.1" 500 237 "https://www.ibm.com/" "Mozilla/5.0 (Windows NT 10.0; Win64; x64) AppleWebKit/537.36 (KHTML, like Gecko) Chrome/62.0.3202.94 Safari/537.36" "192.168.52.1" 0.025
2001:db8:0:1:0:0:0:7 - - [11/Jun/2024:03:21:07 +0000] "GET /qbpbsmkbeb HTTP/1.1" 204 422 "https://www.ibm.com/" "Mozilla/5.0 (Windows NT 10.0; WOW64) AppleWebKit/537.36 (KHTML, like Gecko) Chrome/58.0.3029.110 Safari/537.36 OPR/45.0.2552.898" "192.168.1.4" 0.025
192.168.1.10 - - [11/Jun/2024:03:21:08 +0000] "POST /qvlmx HTTP/1.1" 301 5135 "https://www.example.com/" "Mozilla/5.0 (Windows NT 10.0; Win64; x64) AppleWebKit/537.36 (KHTML, like Gecko) Chrome/62.0.3202.94 Safari/537.36" "192.168.1.2" 0.002
192.168.1.8 - - [11/Jun/2024:03:21:13 +0000] "POST /eh HTTP/1.1" 400 1102 "https://www.google.com/" "Mozilla/5.0 (Windows NT 6.1; WOW64; Trident/7.0; AS; rv:11.0) like Gecko" "192.168.1.4" 0.001
192.168.1.32 - - [11/Jun/2024:03:21:19 +0000] "PUT /z HTTP/1.1" 500 9888 "https://www.msn.com/" "Mozilla/5.0 (Windows NT 6.1; WOW64; Trident/7.0; AS; rv:11.0) like Gecko" "192.168.52.1" 0.002
192.168.1.17 - - [11/Jun/2024:03:21:21 +0000] "POST /edajh HTTP/1.1" 204 8018 "https://www.ibm.com/" "Mozilla/5.0 (Windows NT 10.0; Win64; x64) AppleWebKit/537.36 (KHTML, like Gecko) Chrome/58.0.3029.110 Safari/537.36" "192.168.1.5" 0.001
192.168.1.2 - - [11/Jun/2024:03:21:31 +0000] "PUT /zfdeidtuxy HTTP/1.1" 302 6164 "https://www.msn.com/" "Mozilla/5.0 (Windows NT 10.0; Win64; x64; rv:54.0) Gecko/20100101 Firefox/54.0" "192.168.1.3" 0.001
2001:db8:0:1:0:0:0:8 - - [11/Jun/2024:03:21:33 +0000] "GET /eueyfx HTTP/1.1" 204 9018 "https://www.example.com/" "Mozilla/5.0 (Windows NT 6.1; WOW64; rv:54.0) Gecko/20100101 Firefox/54.0" "192.168.1.5" 0.002
192.168.1.15 - - [11/Jun/2024:03:21:43 +0000] "POST /ms HTTP/1.1" 500 7843 "https://www.google.com/" "Mozilla/5.0 (Windows NT 10.0; Win64; x64) AppleWebKit/537.36 (KHTML, like Gecko) Chrome/62.0.3202.94 Safari/537.36" "192.168.56.1" 0.09
192.168.1.44 - - [11/Jun/2024:03:21:46 +0000] "POST /y HTTP/1.1" 301 3940 "https://www.msn.com/" "Mozilla/5.0 (Windows NT 10.0; WOW64) AppleWebKit/537.36 (KHTML, like Gecko) Chrome/58.0.3029.110 Safari/537.36 OPR/45.0.2552.898" "192.168.1.1" 0.1
2001:db8:0:1:0:0:0:3 - - [11/Jun/2024:03:22:02 +0000] "DELETE /eztmftwd HTTP/1.1" 204 4970 "https://www.msn.com/" "Mozilla/5.0 (Windows NT 10.0; WOW64) AppleWebKit/537.36 (KHTML, like Gecko) Chrome/58.0.3029.110 Safari/537.36 OPR/45.0.2552.898" "192.168.1.5" 0.025
192.168.1.38 - - [11/Jun/2024:03:22:14 +0000] "DELETE /ffswsyrrft HTTP/1.1" 403 4895 "https://www.example.com/" "Mozilla/5.0 (Windows NT 10.0; Win64; x64) AppleWebKit/537.36 (KHTML, like Gecko) Chrome/62.0.3202.94 Safari/537.36" "192.168.52.1" 0.001
192.168.1.17 - - [11/Jun/2024:03:22:24 +0000] "DELETE /kcq HTTP/1.1" 301 3376 "https://www.google.com/" "Mozilla/5.0 (Windows NT 6.1; WOW64; rv:54.0) Gecko/20100101 Firefox/54.0" "192.168.1.2" 0.09
192.168.1.27 - - [11/Jun/2024:03:22:31 +0000] "POST /vscbagxwvu HTTP/1.1" 302 5283 "https://www.msn.com/" "Mozilla/5.0 (Windows NT 6.1; WOW64; rv:54.0) Gecko/20100101 Firefox/54.0" "192.168.56.1" 0.09
2001:db8:0:1:0:0:0:7 - - [11/Jun/2024:03:22:38 +0000] "DELETE /h HTTP/1.1" 204 6961 "https://www.google.com/" "Mozilla/5.0 (Windows NT 6.1; WOW64; rv:54.0) Gecko/20100101 Firefox/54.0" "192.168.56.1" 0.002
192.168.1.48 - - [11/Jun/2024:03:22:47 +0000] "GET /udvufpeo HTTP/1.1" 302 5212 "https://www.example.com/" "Mozilla/5.0 (Windows NT 10.0; Win64; x64; rv:54.0) Gecko/20100101 Firefox/54.0" "192.168.1.4" 0.002
192.168.1.43 - - [11/Jun/2024:03:22:52 +0000] "DELETE /rkbux HTTP/1.1" 403 3937 "https://www.msn.com/" "Mozilla/5.0 (Windows NT 6.1; WOW64; rv:54.0) Gecko/20100101 Firefox/54.0" "192.168.1.2" 0.001
192.168.1.10 - - [11/Jun/2024:03:23:02 +0000] "GET /mlgkdnek HTTP/1.1" 404 3539 "https://www.example.com/" "Mozilla/5.0 (Windows NT 6.1; WOW64; Trident/7.0; AS; rv:11.0) like Gecko" "192.168.56.1" 0.15
192.168.1.39 - - [11/Jun/2024:03:23:03 +0000] "POST /zaymjjenad HTTP/1.1" 404 7931 "https://www.google.com/" "Mozilla/5.0 (Windows NT 10.0; Win64; x64) AppleWebKit/537.36 (KHTML, like Gecko) Chrome/58.0.3029.110 Safari/537.36" "192.168.1.5" 0.1
192.168.1.28 - - [11/Jun/2024:03:23:09 +0000] "PUT /lj HTTP/1.1" 302 8458 "https://www.example.com/" "Mozilla/5.0 (Windows NT 10.0; WOW64) AppleWebKit/537.36 (KHTML, like Gecko) Chrome/58.0.3029.110 Safari/537.36 OPR/45.0.2552.898" "192.168.1.5" 0.001
192.168.1.18 - - [11/Jun/2024:03:23:19 +0000] "DELETE /lhrwrjqg HTTP/1.1" 401 3114 "https://www.example.com/" "Mozilla/5.0 (Windows NT 6.1; WOW64; Trident/7.0; AS; rv:11.0) like Gecko" "192.168.1.4" 0.1
192.168.1.37 - - [11/Jun/2024:03:23:47 +0000] "POST /phupa HTTP/1.1" 401 1529 "https://www.google.com/" "Mozilla/5.0 (Windows NT 6.1; WOW64; Trident/7.0; AS; rv:11.0) like Gecko" "192.168.1.1" 0.002
192.168.1.9 - - [11/Jun/2024:03:23:56 +0000] "GET /vinij HTTP/1.1" 200 8426 "https://www.example.com/" "Mozilla/5.0 (Windows NT 10.0; Win64; x64) AppleWebKit/537.36 (KHTML, like Gecko) Chrome/62.0.3202.94 Safari/537.36" "192.168.1.2" 0.001
192.168.1.3 - - [11/Jun/2024:03:24:12 +0000] "DELETE /yqenf HTTP/1.1" 403 555 "https://www.ibm.com/" "Mozilla/5.0 (Windows NT 10.0; Win64; x64) AppleWebKit/537.36 (KHTML, like Gecko) Chrome/62.0.3202.94 Safari/537.36" "192.168.52.1" 0.09
192.168.1.26 - - [11/Jun/2024:03:24:14 +0000] "GET /bctsmblib HTTP/1.1" 302 2390 "https://www.example.com/" "Mozilla/5.0 (Windows NT 10.0; Win64; x64) AppleWebKit/537.36 (KHTML, like Gecko) Chrome/58.0.3029.110 Safari/537.36" "192.168.56.1" 0.15
192.168.1.5 - - [11/Jun/2024:03:24:32 +0000] "PUT /copuu HTTP/1.1" 200 9457 "https://www.google.com/" "Mozilla/5.0 (Windows NT 10.0; WOW64) AppleWebKit/537.36 (KHTML, like Gecko) Chrome/58.0.3029.110 Safari/537.36 OPR/45.0.2552.898" "192.168.1.1" 0.09
192.168.1.29 - - [11/Jun/2024:03:24:42 +0000] "GET /fjo HTTP/1.1" 500 7186 "https://www.msn.com/" "Mozilla/5.0 (Windows NT 6.1; WOW64; Trident/7.0; AS; rv:11.0) like Gecko" "192.168.1.2" 0.002
192.168.1.17 - - [11/Jun/2024:03:24:49 +0000] "DELETE /pm HTTP/1.1" 302 7873 "https://www.ibm.com/" "Mozilla/5.0 (Windows NT 6.1; WOW64; rv:54.0) Gecko/20100101 Firefox/54.0" "192.168.52.1" 0.002
192.168.1.2 - - [11/Jun/2024:03:24:58 +0000] "DELETE /ixw HTTP/1.1" 500 2753 "https://www.ibm.com/" "Mozilla/5.0 (Windows NT 10.0; Win64; x64; rv:54.0) Gecko/20100101 Firefox/54.0" "192.168.1.2" 0.025
192.168.1.40 - - [11/Jun/2024:03:25:02 +0000] "GET /hqxzzfcffl HTTP/1.1" 204 5203 "https://www.example.com/" "Mozilla/5.0 (Windows NT 6.1; WOW64; Trident/7.0; AS; rv:11.0) like Gecko" "192.168.1.4" 0.025
192.168.1.3 - - [11/Jun/2024:03:25:05 +0000] "GET /qtiwgoio HTTP/1.1" 301 8953 "https://www.example.com/" "Mozilla/5.0 (Windows NT 10.0; Win64; x64) AppleWebKit/537.36 (KHTML, like Gecko) Chrome/58.0.3029.110 Safari/537.36" "192.168.52.1" 0.1
2001:db8:0:1:0:0:0:5 - - [11/Jun/2024:03:25:14 +0000] "PUT /chvkmlcptq HTTP/1.1" 500 2855 "https://www.google.com/" "Mozilla/5.0 (Windows NT 6.1; WOW64; rv:54.0) Gecko/20100101 Firefox/54.0" "192.168.56.1" 0.001
192.168.1.39 - - [11/Jun/2024:03:25:15 +0000] "GET /o HTTP/1.1" 302 9055 "https://www.ibm.com/" "Mozilla/5.0 (Windows NT 10.0; Win64; x64; rv:54.0) Gecko/20100101 Firefox/54.0" "192.168.1.1" 0.002
192.168.1.5 - - [11/Jun/2024:03:25:18 +0000] "POST /hn HTTP/1.1" 500 8895 "https://www.google.com/" "Mozilla/5.0 (Windows NT 10.0; Win64; x64; rv:54.0) Gecko/20100101 Firefox/54.0" "192.168.1.5" 0.002
192.168.1.45 - - [11/Jun/2024:03:25:25 +0000] "GET /dy HTTP/1.1" 401 6541 "https://www.example.com/" "Mozilla/5.0 (Windows NT 6.1; WOW64; rv:54.0) Gecko/20100101 Firefox/54.0" "192.168.1.1" 0.002
2001:db8:0:1:0:0:0:7 - - [11/Jun/2024:03:25:26 +0000] "POST /sjrbyldeuk HTTP/1.1" 400 2573 "https://www.example.com/" "Mozilla/5.0 (Windows NT 6.1; WOW64; Trident/7.0; AS; rv:11.0) like Gecko" "192.168.56.1" 0.09
2001:db8:0:1:0:0:0:6 - - [11/Jun/2024:03:25:27 +0000] "DELETE /oohhz HTTP/1.1" 404 2923 "https://www.ibm.com/" "Mozilla/5.0 (Windows NT 6.1; WOW64; Trident/7.0; AS; rv:11.0) like Gecko" "192.168.1.3" 0.1
192.168.1.43 - - [11/Jun/2024:03:25:30 +0000] "DELETE /behlisejvd HTTP/1.1" 204 2200 "https://www.msn.com/" "Mozilla/5.0 (Windows NT 10.0; Win64; x64; rv:54.0) Gecko/20100101 Firefox/54.0" "192.168.1.4" 0.002
192.168.1.9 - - [11/Jun/2024:03:25:32 +0000] "DELETE /nwkhuv HTTP/1.1" 302 905 "https://www.ibm.com/" "Mozilla/5.0 (Windows NT 10.0; Win64; x64; rv:54.0) Gecko/20100101 Firefox/54.0" "192.168.52.1" 0.001
2001:db8:0:1:0:0:0:9 - - [11/Jun/2024:03:25:56 +0000] "DELETE /a HTTP/1.1" 302 9825 "https://www.ibm.com/" "Mozilla/5.0 (Windows NT 10.0; Win64; x64; rv:54.0) Gecko/20100101 Firefox/54.0" "192.168.56.1" 0.002
192.168.1.50 - - [11/Jun/2024:03:26:08 +0000] "DELETE /ja HTTP/1.1" 500 6520 "https://www.ibm.com/" "Mozilla/5.0 (Windows NT 10.0; Win64; x64) AppleWebKit/537.36 (KHTML, like Gecko) Chrome/62.0.3202.94 Safari/537.36" "192.168.1.4" 0.09
192.168.1.40 - - [11/Jun/2024:03:26:10 +0000] "POST /bsmfy HTTP/1.1" 401 6624 "https://www.msn.com/" "Mozilla/5.0 (Windows NT 10.0; Win64; x64) AppleWebKit/537.36 (KHTML, like Gecko) Chrome/62.0.3202.94 Safari/537.36" "192.168.1.3" 0.002
192.168.1.40 - - [11/Jun/2024:03:26:21 +0000] "PUT /cojjkgzl HTTP/1.1" 404 7982 "https://www.example.com/" "Mozilla/5.0 (Windows NT 6.1; WOW64; Trident/7.0; AS; rv:11.0) like Gecko" "192.168.1.5" 0.09
192.168.1.41 - - [11/Jun/2024:03:26:28 +0000] "GET /tuw HTTP/1.1" 500 9740 "https://www.msn.com/" "Mozilla/5.0 (Windows NT 6.1; WOW64; rv:54.0) Gecko/20100101 Firefox/54.0" "192.168.1.1" 0.15
192.168.1.48 - - [11/Jun/2024:03:26:31 +0000] "POST /ooz HTTP/1.1" 500 8467 "https://www.example.com/" "Mozilla/5.0 (Windows NT 10.0; Win64; x64; rv:54.0) Gecko/20100101 Firefox/54.0" "192.168.1.4" 0.001
192.168.1.44 - - [11/Jun/2024:03:26:40 +0000] "PUT /xtblonxft HTTP/1.1" 500 2896 "https://www.example.com/" "Mozilla/5.0 (Windows NT 10.0; Win64; x64; rv:54.0) Gecko/20100101 Firefox/54.0" "192.168.1.4" 0.1
192.168.1.31 - - [11/Jun/2024:03:26:43 +0000] "PUT /rxhpjdblb HTTP/1.1" 200 2046 "https://www.google.com/" "Mozilla/5.0 (Windows NT 10.0; Win64; x64) AppleWebKit/537.36 (KHTML, like Gecko) Chrome/58.0.3029.110 Safari/537.36" "192.168.1.1" 0.025
192.168.1.10 - - [11/Jun/2024:03:26:49 +0000] "POST /oospyqz HTTP/1.1" 403 7424 "https://www.msn.com/" "Mozilla/5.0 (Windows NT 10.0; Win64; x64) AppleWebKit/537.36 (KHTML, like Gecko) Chrome/62.0.3202.94 Safari/537.36" "192.168.1.2" 0.09
192.168.1.24 - - [11/Jun/2024:03:27:12 +0000] "PUT /tpeyqpkx HTTP/1.1" 301 4816 "https://www.ibm.com/" "Mozilla/5.0 (Windows NT 10.0; Win64; x64) AppleWebKit/537.36 (KHTML, like Gecko) Chrome/62.0.3202.94 Safari/537.36" "192.168.1.3" 0.002
2001:db8:0:1:0:0:0:e - - [11/Jun/2024:03:27:15 +0000] "GET /zof HTTP/1.1" 404 6033 "https://www.ibm.com/" "Mozilla/5.0 (Windows NT 10.0; Win64; x64; rv:54.0) Gecko/20100101 Firefox/54.0" "192.168.1.2" 0.001
2001:db8:0:1:0:0:0:1 - - [11/Jun/2024:03:27:30 +0000] "GET /bihlp HTTP/1.1" 200 1888 "https://www.example.com/" "Mozilla/5.0 (Windows NT 10.0; Win64; x64; rv:54.0) Gecko/20100101 Firefox/54.0" "192.168.1.5" 0.002
2001:db8:0:1:0:0:0:c - - [11/Jun/2024:03:27:33 +0000] "PUT /xurmipxq HTTP/1.1" 301 6605 "https://www.ibm.com/" "Mozilla/5.0 (Windows NT 6.1; WOW64; Trident/7.0; AS; rv:11.0) like Gecko" "192.168.1.1" 0.15
192.168.1.13 - - [11/Jun/2024:03:27:33 +0000] "POST /o HTTP/1.1" 403 4887 "https://www.ibm.com/" "Mozilla/5.0 (Windows NT 6.1; WOW64; rv:54.0) Gecko/20100101 Firefox/54.0" "192.168.56.1" 0.15
192.168.1.1 - - [11/Jun/2024:03:27:46 +0000] "POST /blquqcv HTTP/1.1" 400 342 "https://www.ibm.com/" "Mozilla/5.0 (Windows NT 10.0; Win64; x64; rv:54.0) Gecko/20100101 Firefox/54.0" "192.168.1.3" 0.025
192.168.1.20 - - [11/Jun/2024:03:27:54 +0000] "GET /rsiugp HTTP/1.1" 403 6878 "https://www.ibm.com/" "Mozilla/5.0 (Windows NT 10.0; Win64; x64) AppleWebKit/537.36 (KHTML, like Gecko) Chrome/58.0.3029.110 Safari/537.36" "192.168.52.1" 0.09
192.168.1.28 - - [11/Jun/2024:03:27:55 +0000] "POST /nnbrqnkej HTTP/1.1" 500 8375 "https://www.google.com/" "Mozilla/5.0 (Windows NT 10.0; Win64; x64) AppleWebKit/537.36 (KHTML, like Gecko) Chrome/62.0.3202.94 Safari/537.36" "192.168.1.2" 0.001
192.168.1.23 - - [11/Jun/2024:03:28:04 +0000] "POST /slmytvx HTTP/1.1" 302 1960 "https://www.google.com/" "Mozilla/5.0 (Windows NT 10.0; Win64; x64) AppleWebKit/537.36 (KHTML, like Gecko) Chrome/62.0.3202.94 Safari/537.36" "192.168.1.5" 0.15
192.168.1.34 - - [11/Jun/2024:03:28:04 +0000] "POST /jxk HTTP/1.1" 301 1582 "https://www.google.com/" "Mozilla/5.0 (Windows NT 6.1; WOW64; Trident/7.0; AS; rv:11.0) like Gecko" "192.168.1.4" 0.1
192.168.1.49 - - [11/Jun/2024:03:28:16 +0000] "GET /pbjou HTTP/1.1" 400 7136 "https://www.msn.com/" "Mozilla/5.0 (Windows NT 6.1; WOW64; Trident/7.0; AS; rv:11.0) like Gecko" "192.168.1.2" 0.09
2001:db8:0:1:0:0:0:d - - [11/Jun/2024:03:28:26 +0000] "POST /gawbe HTTP/1.1" 500 3723 "https://www.example.com/" "Mozilla/5.0 (Windows NT 6.1; WOW64; Trident/7.0; AS; rv:11.0) like Gecko" "192.168.52.1" 0.001
2001:db8:0:1:0:0:0:6 - - [11/Jun/2024:03:28:27 +0000] "DELETE /p HTTP/1.1" 301 7046 "https://www.ibm.com/" "Mozilla/5.0 (Windows NT 6.1; WOW64; rv:54.0) Gecko/20100101 Firefox/54.0" "192.168.1.4" 0.002
192.168.1.20 - - [11/Jun/2024:03:28:28 +0000] "DELETE /a HTTP/1.1" 400 3354 "https://www.google.com/" "Mozilla/5.0 (Windows NT 6.1; WOW64; rv:54.0) Gecko/20100101 Firefox/54.0" "192.168.1.3" 0.025
192.168.1.49 - - [11/Jun/2024:03:28:46 +0000] "PUT /nm HTTP/1.1" 302 8624 "https://www.google.com/" "Mozilla/5.0 (Windows NT 10.0; Win64; x64) AppleWebKit/537.36 (KHTML, like Gecko) Chrome/62.0.3202.94 Safari/537.36" "192.168.1.5" 0.001
192.168.1.8 - - [11/Jun/2024:03:28:56 +0000] "POST /cjrqulfqsu HTTP/1.1" 403 7046 "https://www.msn.com/" "Mozilla/5.0 (Windows NT 10.0; Win64; x64) AppleWebKit/537.36 (KHTML, like Gecko) Chrome/62.0.3202.94 Safari/537.36" "192.168.52.1" 0.002
192.168.1.6 - - [11/Jun/2024:03:29:01 +0000] "DELETE /kmocobwsj HTTP/1.1" 302 2200 "https://www.msn.com/" "Mozilla/5.0 (Windows NT 6.1; WOW64; Trident/7.0; AS; rv:11.0) like Gecko" "192.168.52.1" 0.002
192.168.1.46 - - [11/Jun/2024:03:29:02 +0000] "PUT /pagzt HTTP/1.1" 404 4071 "https://www.msn.com/" "Mozilla/5.0 (Windows NT 10.0; Win64; x64) AppleWebKit/537.36 (KHTML, like Gecko) Chrome/62.0.3202.94 Safari/537.36" "192.168.1.4" 0.09
192.168.1.48 - - [11/Jun/2024:03:29:06 +0000] "GET /hvwy HTTP/1.1" 200 3943 "https://www.google.com/" "Mozilla/5.0 (Windows NT 10.0; Win64; x64; rv:54.0) Gecko/20100101 Firefox/54.0" "192.168.1.1" 0.025
192.168.1.16 - - [11/Jun/2024:03:29:15 +0000] "POST /uohersf HTTP/1.1" 302 3222 "https://www.google.com/" "Mozilla/5.0 (Windows NT 10.0; WOW64) AppleWebKit/537.36 (KHTML, like Gecko) Chrome/58.0.3029.110 Safari/537.36 OPR/45.0.2552.898" "192.168.1.3" 0.001
192.168.1.41 - - [11/Jun/2024:03:29:20 +0000] "GET /m HTTP/1.1" 404 4177 "https://www.ibm.com/" "Mozilla/5.0 (Windows NT 10.0; Win64; x64) AppleWebKit/537.36 (KHTML, like Gecko) Chrome/62.0.3202.94 Safari/537.36" "192.168.1.4" 0.002
192.168.1.28 - - [11/Jun/2024:03:29:20 +0000] "GET /xlyew HTTP/1.1" 403 1852 "https://www.msn.com/" "Mozilla/5.0 (Windows NT 6.1; WOW64; Trident/7.0; AS; rv:11.0) like Gecko" "192.168.1.3" 0.1
192.168.1.28 - - [11/Jun/2024:03:29:27 +0000] "POST /hcqleff HTTP/1.1" 403 4601 "https://www.ibm.com/" "Mozilla/5.0 (Windows NT 10.0; WOW64) AppleWebKit/537.36 (KHTML, like Gecko) Chrome/58.0.3029.110 Safari/537.36 OPR/45.0.2552.898" "192.168.56.1" 0.09
192.168.1.40 - - [11/Jun/2024:03:29:50 +0000] "GET /sdwb HTTP/1.1" 201 5894 "https://www.google.com/" "Mozilla/5.0 (Windows NT 10.0; WOW64) AppleWebKit/537.36 (KHTML, like Gecko) Chrome/58.0.3029.110 Safari/537.36 OPR/45.0.2552.898" "192.168.1.5" 0.15
192.168.1.17 - - [11/Jun/2024:03:29:52 +0000] "GET /r HTTP/1.1" 200 7747 "https://www.example.com/" "Mozilla/5.0 (Windows NT 10.0; Win64; x64) AppleWebKit/537.36 (KHTML, like Gecko) Chrome/62.0.3202.94 Safari/537.36" "192.168.1.2" 0.1
192.168.1.49 - - [11/Jun/2024:03:30:08 +0000] "GET /lzw HTTP/1.1" 400 3825 "https://www.example.com/" "Mozilla/5.0 (Windows NT 10.0; WOW64) AppleWebKit/537.36 (KHTML, like Gecko) Chrome/58.0.3029.110 Safari/537.36 OPR/45.0.2552.898" "192.168.52.1" 0.15
192.168.1.5 - - [11/Jun/2024:03:30:51 +0000] "GET /l HTTP/1.1" 204 5748 "https://www.msn.com/" "Mozilla/5.0 (Windows NT 10.0; Win64; x64) AppleWebKit/537.36 (KHTML, like Gecko) Chrome/58.0.3029.110 Safari/537.36" "192.168.1.3" 0.002
2001:db8:0:1:0:0:0:a - - [11/Jun/2024:03:31:03 +0000] "GET /re HTTP/1.1" 401 8725 "https://www.google.com/" "Mozilla/5.0 (Windows NT 6.1; WOW64; rv:54.0) Gecko/20100101 Firefox/54.0" "192.168.1.3" 0.002
2001:db8:0:1:0:0:0:2 - - [11/Jun/2024:03:31:05 +0000] "PUT /kkpz HTTP/1.1" 500 4757 "https://www.google.com/" "Mozilla/5.0 (Windows NT 6.1; WOW64; Trident/7.0; AS; rv:11.0) like Gecko" "192.168.1.5" 0.09
192.168.1.39 - - [11/Jun/2024:03:31:11 +0000] "GET /w HTTP/1.1" 404 146 "https://www.ibm.com/" "Mozilla/5.0 (Windows NT 10.0; Win64; x64) AppleWebKit/537.36 (KHTML, like Gecko) Chrome/58.0.3029.110 Safari/537.36" "192.168.52.1" 0.002
192.168.1.34 - - [11/Jun/2024:03:31:13 +0000] "DELETE /m HTTP/1.1" 400 2791 "https://www.example.com/" "Mozilla/5.0 (Windows NT 6.1; WOW64; rv:54.0) Gecko/20100101 Firefox/54.0" "192.168.1.4" 0.15
192.168.1.40 - - [11/Jun/2024:03:31:14 +0000] "POST /tzgmxbjw HTTP/1.1" 500 744 "https://www.msn.com/" "Mozilla/5.0 (Windows NT 6.1; WOW64; Trident/7.0; AS; rv:11.0) like Gecko" "192.168.1.1" 0.025
2001:db8:0:1:0:0:0:9 - - [11/Jun/2024:03:31:18 +0000] "POST /lyesremv HTTP/1.1" 403 7881 "https://www.google.com/" "Mozilla/5.0 (Windows NT 10.0; Win64; x64; rv:54.0) Gecko/20100101 Firefox/54.0" "192.168.52.1" 0.09
2001:db8:0:1:0:0:0:e - - [11/Jun/2024:03:31:22 +0000] "DELETE /xihyn HTTP/1.1" 404 2672 "https://www.google.com/" "Mozilla/5.0 (Windows NT 10.0; Win64; x64; rv:54.0) Gecko/20100101 Firefox/54.0" "192.168.1.2" 0.025
192.168.1.48 - - [11/Jun/2024:03:31:37 +0000] "PUT /hvxrkbzj HTTP/1.1" 204 4062 "https://www.ibm.com/" "Mozilla/5.0 (Windows NT 6.1; WOW64; rv:54.0) Gecko/20100101 Firefox/54.0" "192.168.1.5" 0.09
192.168.1.44 - - [11/Jun/2024:03:31:53 +0000] "GET /le HTTP/1.1" 200 2493 "https://www.example.com/" "Mozilla/5.0 (Windows NT 10.0; WOW64) AppleWebKit/537.36 (KHTML, like Gecko) Chrome/58.0.3029.110 Safari/537.36 OPR/45.0.2552.898" "192.168.52.1" 0.1
192.168.1.47 - - [11/Jun/2024:03:31:53 +0000] "DELETE /xlmzpmsdc HTTP/1.1" 301 7165 "https://www.msn.com/" "Mozilla/5.0 (Windows NT 10.0; Win64; x64) AppleWebKit/537.36 (KHTML, like Gecko) Chrome/58.0.3029.110 Safari/537.36" "192.168.1.5" 0.09
192.168.1.30 - - [11/Jun/2024:03:32:02 +0000] "GET /md HTTP/1.1" 400 4878 "https://www.google.com/" "Mozilla/5.0 (Windows NT 10.0; Win64; x64) AppleWebKit/537.36 (KHTML, like Gecko) Chrome/58.0.3029.110 Safari/537.36" "192.168.1.1" 0.002
192.168.1.3 - - [11/Jun/2024:03:32:04 +0000] "PUT /nwciwxssit HTTP/1.1" 404 8161 "https://www.example.com/" "Mozilla/5.0 (Windows NT 10.0; Win64; x64; rv:54.0) Gecko/20100101 Firefox/54.0" "192.168.1.3" 0.001
192.168.1.46 - - [11/Jun/2024:03:32:10 +0000] "POST /hk HTTP/1.1" 404 9995 "https://www.msn.com/" "Mozilla/5.0 (Windows NT 10.0; WOW64) AppleWebKit/537.36 (KHTML, like Gecko) Chrome/58.0.3029.110 Safari/537.36 OPR/45.0.2552.898" "192.168.1.2" 0.002
2001:db8:0:1:0:0:0:a - - [11/Jun/2024:03:32:11 +0000] "PUT /xzkbrwk HTTP/1.1" 404 6587 "https://www.ibm.com/" "Mozilla/5.0 (Windows NT 10.0; Win64; x64) AppleWebKit/537.36 (KHTML, like Gecko) Chrome/62.0.3202.94 Safari/537.36" "192.168.52.1" 0.002
192.168.1.4 - - [11/Jun/2024:03:32:12 +0000] "PUT /rirzypf HTTP/1.1" 500 126 "https://www.example.com/" "Mozilla/5.0 (Windows NT 10.0; WOW64) AppleWebKit/537.36 (KHTML, like Gecko) Chrome/58.0.3029.110 Safari/537.36 OPR/45.0.2552.898" "192.168.1.1" 0.1
192.168.1.30 - - [11/Jun/2024:03:32:15 +0000] "PUT /eueotrew HTTP/1.1" 400 194 "https://www.ibm.com/" "Mozilla/5.0 (Windows NT 6.1; WOW64; rv:54.0) Gecko/20100101 Firefox/54.0" "192.168.1.1" 0.002
