192.168.1.30 - - [06/Jun/2024:14:08:16 +0000] "POST /jhrvxzcsq HTTP/1.1" 401 1838 "https://www.example.com/" "Mozilla/5.0 (Windows NT 10.0; WOW64) AppleWebKit/537.36 (KHTML, like Gecko) Chrome/58.0.3029.110 Safari/537.36 OPR/45.0.2552.898"
192.168.1.50 - - [06/Jun/2024:14:08:16 +0000] "PUT /fcfra HTTP/1.1" 302 5063 "https://www.msn.com/" "Mozilla/5.0 (Windows NT 10.0; Win64; x64) AppleWebKit/537.36 (KHTML, like Gecko) Chrome/58.0.3029.110 Safari/537.36"
192.168.1.7 - - [06/Jun/2024:14:08:16 +0000] "GET /spifr HTTP/1.1" 301 2765 "https://www.example.com/" "Mozilla/5.0 (Windows NT 10.0; WOW64) AppleWebKit/537.36 (KHTML, like Gecko) Chrome/58.0.3029.110 Safari/537.36 OPR/45.0.2552.898"
192.168.1.20 - - [06/Jun/2024:14:08:16 +0000] "GET /h HTTP/1.1" 302 6676 "https://www.ibm.com/" "Mozilla/5.0 (Windows NT 6.1; WOW64; rv:54.0) Gecko/20100101 Firefox/54.0"
192.168.1.29 - - [06/Jun/2024:14:08:16 +0000] "PUT /yredbf HTTP/1.1" 302 5037 "https://www.google.com/" "Mozilla/5.0 (Windows NT 6.1; WOW64; rv:54.0) Gecko/20100101 Firefox/54.0"
192.168.1.6 - - [06/Jun/2024:14:08:16 +0000] "DELETE /wohzhasx HTTP/1.1" 403 1427 "https://www.msn.com/" "Mozilla/5.0 (Windows NT 6.1; WOW64; Trident/7.0; AS; rv:11.0) like Gecko"
192.168.1.3 - - [06/Jun/2024:14:08:16 +0000] "POST /gdhnxv HTTP/1.1" 404 2703 "https://www.ibm.com/" "Mozilla/5.0 (Windows NT 10.0; Win64; x64) AppleWebKit/537.36 (KHTML, like Gecko) Chrome/62.0.3202.94 Safari/537.36"
192.168.1.25 - - [06/Jun/2024:14:08:16 +0000] "POST /mfn HTTP/1.1" 204 9144 "https://www.ibm.com/" "Mozilla/5.0 (Windows NT 10.0; Win64; x64) AppleWebKit/537.36 (KHTML, like Gecko) Chrome/58.0.3029.110 Safari/537.36"
192.168.1.39 - - [06/Jun/2024:14:08:16 +0000] "PUT /zpmqsxt HTTP/1.1" 204 4619 "https://www.google.com/" "Mozilla/5.0 (Windows NT 10.0; WOW64) AppleWebKit/537.36 (KHTML, like Gecko) Chrome/58.0.3029.110 Safari/537.36 OPR/45.0.2552.898"
192.168.1.40 - - [06/Jun/2024:14:08:16 +0000] "GET /sclbfofwe HTTP/1.1" 200 7560 "https://www.google.com/" "Mozilla/5.0 (Windows NT 10.0; Win64; x64) AppleWebKit/537.36 (KHTML, like Gecko) Chrome/62.0.3202.94 Safari/537.36"
2001:db8:0:1:0:0:0:6 - - [06/Jun/2024:14:08:16 +0000] "GET /exn HTTP/1.1" 401 2791 "https://www.google.com/" "Mozilla/5.0 (Windows NT 10.0; Win64; x64; rv:54.0) Gecko/20100101 Firefox/54.0"
192.168.1.16 - - [06/Jun/2024:14:08:16 +0000] "DELETE /tzym HTTP/1.1" 301 4069 "https://www.google.com/" "Mozilla/5.0 (Windows NT 10.0; Win64; x64; rv:54.0) Gecko/20100101 Firefox/54.0"
192.168.1.24 - - [06/Jun/2024:14:08:16 +0000] "DELETE /vzyktvvb HTTP/1.1" 204 5856 "https://www.google.com/" "Mozilla/5.0 (Windows NT 10.0; Win64; x64) AppleWebKit/537.36 (KHTML, like Gecko) Chrome/62.0.3202.94 Safari/537.36"
192.168.1.12 - - [06/Jun/2024:14:08:16 +0000] "PUT /jopq HTTP/1.1" 200 7975 "https://www.msn.com/" "Mozilla/5.0 (Windows NT 10.0; Win64; x64) AppleWebKit/537.36 (KHTML, like Gecko) Chrome/58.0.3029.110 Safari/537.36"
2001:db8:0:1:0:0:0:d - - [06/Jun/2024:14:08:16 +0000] "DELETE /kcwmfjlswg HTTP/1.1" 301 3081 "https://www.example.com/" "Mozilla/5.0 (Windows NT 10.0; Win64; x64) AppleWebKit/537.36 (KHTML, like Gecko) Chrome/58.0.3029.110 Safari/537.36"
192.168.1.34 - - [06/Jun/2024:14:08:16 +0000] "DELETE /ighbfwtz HTTP/1.1" 403 3551 "https://www.example.com/" "Mozilla/5.0 (Windows NT 6.1; WOW64; Trident/7.0; AS; rv:11.0) like Gecko"
192.168.1.21 - - [06/Jun/2024:14:08:16 +0000] "GET /hymztzdy HTTP/1.1" 403 915 "https://www.google.com/" "Mozilla/5.0 (Windows NT 6.1; WOW64; rv:54.0) Gecko/20100101 Firefox/54.0"
2001:db8:0:1:0:0:0:a - - [06/Jun/2024:14:08:16 +0000] "GET /tnu HTTP/1.1" 301 8328 "https://www.example.com/" "Mozilla/5.0 (Windows NT 10.0; WOW64) AppleWebKit/537.36 (KHTML, like Gecko) Chrome/58.0.3029.110 Safari/537.36 OPR/45.0.2552.898"
192.168.1.41 - - [06/Jun/2024:14:08:16 +0000] "GET /ejqdlk HTTP/1.1" 302 1171 "https://www.ibm.com/" "Mozilla/5.0 (Windows NT 10.0; Win64; x64; rv:54.0) Gecko/20100101 Firefox/54.0"
192.168.1.42 - - [06/Jun/2024:14:08:16 +0000] "GET /luta HTTP/1.1" 200 7021 "https://www.example.com/" "Mozilla/5.0 (Windows NT 10.0; WOW64) AppleWebKit/537.36 (KHTML, like Gecko) Chrome/58.0.3029.110 Safari/537.36 OPR/45.0.2552.898"
192.168.1.6 - - [06/Jun/2024:14:08:16 +0000] "GET /buvhjyhigf HTTP/1.1" 302 4825 "https://www.example.com/" "Mozilla/5.0 (Windows NT 10.0; Win64; x64) AppleWebKit/537.36 (KHTML, like Gecko) Chrome/62.0.3202.94 Safari/537.36"
2001:db8:0:1:0:0:0:4 - - [06/Jun/2024:14:08:16 +0000] "GET /szqv HTTP/1.1" 201 6648 "https://www.google.com/" "Mozilla/5.0 (Windows NT 10.0; Win64; x64) AppleWebKit/537.36 (KHTML, like Gecko) Chrome/58.0.3029.110 Safari/537.36"
2001:db8:0:1:0:0:0:1 - - [06/Jun/2024:14:08:16 +0000] "GET /i HTTP/1.1" 204 281 "https://www.google.com/" "Mozilla/5.0 (Windows NT 10.0; WOW64) AppleWebKit/537.36 (KHTML, like Gecko) Chrome/58.0.3029.110 Safari/537.36 OPR/45.0.2552.898"
192.168.1.34 - - [06/Jun/2024:14:08:16 +0000] "DELETE /seldjtg HTTP/1.1" 404 5835 "https://www.example.com/" "Mozilla/5.0 (Windows NT 6.1; WOW64; rv:54.0) Gecko/20100101 Firefox/54.0"
192.168.1.10 - - [06/Jun/2024:14:08:16 +0000] "PUT /okclyxvoex HTTP/1.1" 302 5982 "https://www.google.com/" "Mozilla/5.0 (Windows NT 6.1; WOW64; rv:54.0) Gecko/20100101 Firefox/54.0"
192.168.1.9 - - [06/Jun/2024:14:08:16 +0000] "GET /geuf HTTP/1.1" 500 1883 "https://www.ibm.com/" "Mozilla/5.0 (Windows NT 10.0; Win64; x64; rv:54.0) Gecko/20100101 Firefox/54.0"
2001:db8:0:1:0:0:0:2 - - [06/Jun/2024:14:08:16 +0000] "GET /mckrtgtx HTTP/1.1" 404 4807 "https://www.google.com/" "Mozilla/5.0 (Windows NT 10.0; Win64; x64) AppleWebKit/537.36 (KHTML, like Gecko) Chrome/62.0.3202.94 Safari/537.36"
192.168.1.35 - - [06/Jun/2024:14:08:16 +0000] "GET /r HTTP/1.1" 301 9545 "https://www.google.com/" "Mozilla/5.0 (Windows NT 6.1; WOW64; rv:54.0) Gecko/20100101 Firefox/54.0"
192.168.1.32 - - [06/Jun/2024:14:08:16 +0000] "POST /oxeifbgdqb HTTP/1.1" 204 3664 "https://www.google.com/" "Mozilla/5.0 (Windows NT 10.0; Win64; x64) AppleWebKit/537.36 (KHTML, like Gecko) Chrome/62.0.3202.94 Safari/537.36"
192.168.1.15 - - [06/Jun/2024:14:08:16 +0000] "POST /t HTTP/1.1" 500 9171 "https://www.google.com/" "Mozilla/5.0 (Windows NT 10.0; Win64; x64) AppleWebKit/537.36 (KHTML, like Gecko) Chrome/62.0.3202.94 Safari/537.36"
192.168.1.27 - - [06/Jun/2024:14:08:16 +0000] "GET /xgrdx HTTP/1.1" 404 2993 "https://www.google.com/" "Mozilla/5.0 (Windows NT 10.0; Win64; x64; rv:54.0) Gecko/20100101 Firefox/54.0"
192.168.1.42 - - [06/Jun/2024:14:08:16 +0000] "DELETE /qdlbg HTTP/1.1" 204 8306 "https://www.msn.com/" "Mozilla/5.0 (Windows NT 10.0; WOW64) AppleWebKit/537.36 (KHTML, like Gecko) Chrome/58.0.3029.110 Safari/537.36 OPR/45.0.2552.898"
192.168.1.21 - - [06/Jun/2024:14:08:16 +0000] "GET /jfvurkbz HTTP/1.1" 400 984 "https://www.example.com/" "Mozilla/5.0 (Windows NT 6.1; WOW64; rv:54.0) Gecko/20100101 Firefox/54.0"
192.168.1.26 - - [06/Jun/2024:14:08:16 +0000] "PUT /doytvfqbal HTTP/1.1" 401 2240 "https://www.google.com/" "Mozilla/5.0 (Windows NT 10.0; Win64; x64) AppleWebKit/537.36 (KHTML, like Gecko) Chrome/58.0.3029.110 Safari/537.36"
192.168.1.34 - - [06/Jun/2024:14:08:16 +0000] "POST /g HTTP/1.1" 201 4893 "https://www.msn.com/" "Mozilla/5.0 (Windows NT 10.0; Win64; x64) AppleWebKit/537.36 (KHTML, like Gecko) Chrome/62.0.3202.94 Safari/537.36"
192.168.1.10 - - [06/Jun/2024:14:08:16 +0000] "DELETE /wrvt HTTP/1.1" 301 5891 "https://www.msn.com/" "Mozilla/5.0 (Windows NT 6.1; WOW64; rv:54.0) Gecko/20100101 Firefox/54.0"
192.168.1.44 - - [06/Jun/2024:14:08:16 +0000] "POST /je HTTP/1.1" 301 5215 "https://www.ibm.com/" "Mozilla/5.0 (Windows NT 10.0; Win64; x64) AppleWebKit/537.36 (KHTML, like Gecko) Chrome/62.0.3202.94 Safari/537.36"
192.168.1.49 - - [06/Jun/2024:14:08:16 +0000] "GET /eoemswj HTTP/1.1" 400 1202 "https://www.example.com/" "Mozilla/5.0 (Windows NT 6.1; WOW64; rv:54.0) Gecko/20100101 Firefox/54.0"
2001:db8:0:1:0:0:0:2 - - [06/Jun/2024:14:08:16 +0000] "GET /kcedywc HTTP/1.1" 302 8055 "https://www.msn.com/" "Mozilla/5.0 (Windows NT 10.0; WOW64) AppleWebKit/537.36 (KHTML, like Gecko) Chrome/58.0.3029.110 Safari/537.36 OPR/45.0.2552.898"
192.168.1.3 - - [06/Jun/2024:14:08:16 +0000] "POST /zinez HTTP/1.1" 404 8881 "https://www.example.com/" "Mozilla/5.0 (Windows NT 10.0; Win64; x64) AppleWebKit/537.36 (KHTML, like Gecko) Chrome/62.0.3202.94 Safari/537.36"
192.168.1.25 - - [06/Jun/2024:14:08:16 +0000] "POST /qkoabm HTTP/1.1" 401 1461 "https://www.ibm.com/" "Mozilla/5.0 (Windows NT 6.1; WOW64; Trident/7.0; AS; rv:11.0) like Gecko"
192.168.1.27 - - [06/Jun/2024:14:08:16 +0000] "POST /lbaai HTTP/1.1" 301 4631 "https://www.example.com/" "Mozilla/5.0 (Windows NT 10.0; WOW64) AppleWebKit/537.36 (KHTML, like Gecko) Chrome/58.0.3029.110 Safari/537.36 OPR/45.0.2552.898"
192.168.1.28 - - [06/Jun/2024:14:08:16 +0000] "GET /evllhx HTTP/1.1" 400 123 "https://www.msn.com/" "Mozilla/5.0 (Windows NT 6.1; WOW64; Trident/7.0; AS; rv:11.0) like Gecko"
192.168.1.6 - - [06/Jun/2024:14:08:16 +0000] "DELETE /ufse HTTP/1.1" 302 4536 "https://www.ibm.com/" "Mozilla/5.0 (Windows NT 10.0; Win64; x64; rv:54.0) Gecko/20100101 Firefox/54.0"
192.168.1.23 - - [06/Jun/2024:14:08:16 +0000] "PUT /ggyhnhxg HTTP/1.1" 400 7312 "https://www.google.com/" "Mozilla/5.0 (Windows NT 10.0; Win64; x64) AppleWebKit/537.36 (KHTML, like Gecko) Chrome/58.0.3029.110 Safari/537.36"
192.168.1.37 - - [06/Jun/2024:14:08:16 +0000] "DELETE /lwdzao HTTP/1.1" 400 161 "https://www.ibm.com/" "Mozilla/5.0 (Windows NT 10.0; WOW64) AppleWebKit/537.36 (KHTML, like Gecko) Chrome/58.0.3029.110 Safari/537.36 OPR/45.0.2552.898"
192.168.1.40 - - [06/Jun/2024:14:08:16 +0000] "PUT /sru HTTP/1.1" 401 3489 "https://www.example.com/" "Mozilla/5.0 (Windows NT 10.0; Win64; x64) AppleWebKit/537.36 (KHTML, like Gecko) Chrome/62.0.3202.94 Safari/537.36"
192.168.1.36 - - [06/Jun/2024:14:08:16 +0000] "GET /djmnacicah HTTP/1.1" 302 3231 "https://www.msn.com/" "Mozilla/5.0 (Windows NT 10.0; Win64; x64) AppleWebKit/537.36 (KHTML, like Gecko) Chrome/58.0.3029.110 Safari/537.36"
192.168.1.45 - - [06/Jun/2024:14:08:16 +0000] "DELETE /urjk HTTP/1.1" 403 2154 "https://www.google.com/" "Mozilla/5.0 (Windows NT 6.1; WOW64; Trident/7.0; AS; rv:11.0) like Gecko"
192.168.1.45 - - [06/Jun/2024:14:08:16 +0000] "GET /mdumi HTTP/1.1" 302 8809 "https://www.ibm.com/" "Mozilla/5.0 (Windows NT 10.0; Win64; x64) AppleWebKit/537.36 (KHTML, like Gecko) Chrome/62.0.3202.94 Safari/537.36"
192.168.1.15 - - [06/Jun/2024:14:08:16 +0000] "PUT /negxch HTTP/1.1" 404 4218 "https://www.google.com/" "Mozilla/5.0 (Windows NT 10.0; Win64; x64) AppleWebKit/537.36 (KHTML, like Gecko) Chrome/58.0.3029.110 Safari/537.36"
2001:db8:0:1:0:0:0:c - - [06/Jun/2024:14:08:16 +0000] "POST /lcrudp HTTP/1.1" 500 7867 "https://www.example.com/" "Mozilla/5.0 (Windows NT 10.0; Win64; x64) AppleWebKit/537.36 (KHTML, like Gecko) Chrome/62.0.3202.94 Safari/537.36"
192.168.1.33 - - [06/Jun/2024:14:08:16 +0000] "PUT /sejksnkyn HTTP/1.1" 204 4195 "https://www.google.com/" "Mozilla/5.0 (Windows NT 10.0; Win64; x64) AppleWebKit/537.36 (KHTML, like Gecko) Chrome/58.0.3029.110 Safari/537.36"
192.168.1.15 - - [06/Jun/2024:14:08:16 +0000] "DELETE /rhiq HTTP/1.1" 400 340 "https://www.msn.com/" "Mozilla/5.0 (Windows NT 10.0; Win64; x64) AppleWebKit/537.36 (KHTML, like Gecko) Chrome/62.0.3202.94 Safari/537.36"
192.168.1.9 - - [06/Jun/2024:14:08:16 +0000] "POST /pfi HTTP/1.1" 404 5122 "https://www.example.com/" "Mozilla/5.0 (Windows NT 6.1; WOW64; Trident/7.0; AS; rv:11.0) like Gecko"
192.168.1.34 - - [06/Jun/2024:14:08:16 +0000] "DELETE /imjpdt HTTP/1.1" 200 3447 "https://www.ibm.com/" "Mozilla/5.0 (Windows NT 6.1; WOW64; Trident/7.0; AS; rv:11.0) like Gecko"
192.168.1.17 - - [06/Jun/2024:14:08:16 +0000] "POST /xyxjv HTTP/1.1" 404 4657 "https://www.google.com/" "Mozilla/5.0 (Windows NT 6.1; WOW64; Trident/7.0; AS; rv:11.0) like Gecko"
192.168.1.32 - - [06/Jun/2024:14:08:16 +0000] "POST /r HTTP/1.1" 204 4406 "https://www.msn.com/" "Mozilla/5.0 (Windows NT 10.0; WOW64) AppleWebKit/537.36 (KHTML, like Gecko) Chrome/58.0.3029.110 Safari/537.36 OPR/45.0.2552.898"
192.168.1.12 - - [06/Jun/2024:14:08:16 +0000] "PUT /iuyzpx HTTP/1.1" 400 7756 "https://www.google.com/" "Mozilla/5.0 (Windows NT 10.0; Win64; x64) AppleWebKit/537.36 (KHTML, like Gecko) Chrome/58.0.3029.110 Safari/537.36"
192.168.1.42 - - [06/Jun/2024:14:08:16 +0000] "PUT /jhaetf HTTP/1.1" 301 6046 "https://www.example.com/" "Mozilla/5.0 (Windows NT 6.1; WOW64; Trident/7.0; AS; rv:11.0) like Gecko"
2001:db8:0:1:0:0:0:6 - - [06/Jun/2024:14:08:16 +0000] "GET /wdtt HTTP/1.1" 302 6942 "https://www.ibm.com/" "Mozilla/5.0 (Windows NT 6.1; WOW64; Trident/7.0; AS; rv:11.0) like Gecko"
192.168.1.25 - - [06/Jun/2024:14:08:16 +0000] "POST /xdvicwrrdf HTTP/1.1" 200 2222 "https://www.google.com/" "Mozilla/5.0 (Windows NT 6.1; WOW64; Trident/7.0; AS; rv:11.0) like Gecko"
192.168.1.20 - - [06/Jun/2024:14:08:16 +0000] "POST /yr HTTP/1.1" 500 1852 "https://www.ibm.com/" "Mozilla/5.0 (Windows NT 10.0; Win64; x64) AppleWebKit/537.36 (KHTML, like Gecko) Chrome/58.0.3029.110 Safari/537.36"
2001:db8:0:1:0:0:0:8 - - [06/Jun/2024:14:08:16 +0000] "GET /natvq HTTP/1.1" 204 7835 "https://www.example.com/" "Mozilla/5.0 (Windows NT 10.0; Win64; x64; rv:54.0) Gecko/20100101 Firefox/54.0"
2001:db8:0:1:0:0:0:3 - - [06/Jun/2024:14:08:16 +0000] "POST /gc HTTP/1.1" 200 2295 "https://www.google.com/" "Mozilla/5.0 (Windows NT 6.1; WOW64; Trident/7.0; AS; rv:11.0) like Gecko"
192.168.1.22 - - [06/Jun/2024:14:08:16 +0000] "GET /ktmfxofn HTTP/1.1" 401 6386 "https://www.example.com/" "Mozilla/5.0 (Windows NT 6.1; WOW64; Trident/7.0; AS; rv:11.0) like Gecko"
192.168.1.21 - - [06/Jun/2024:14:08:16 +0000] "GET /ihyuptkcb HTTP/1.1" 200 3151 "https://www.example.com/" "Mozilla/5.0 (Windows NT 10.0; Win64; x64) AppleWebKit/537.36 (KHTML, like Gecko) Chrome/58.0.3029.110 Safari/537.36"
192.168.1.11 - - [06/Jun/2024:14:08:16 +0000] "GET /osajzdpk HTTP/1.1" 401 5265 "https://www.example.com/" "Mozilla/5.0 (Windows NT 10.0; Win64; x64; rv:54.0) Gecko/20100101 Firefox/54.0"
192.168.1.32 - - [06/Jun/2024:14:08:16 +0000] "DELETE /i HTTP/1.1" 404 3484 "https://www.msn.com/" "Mozilla/5.0 (Windows NT 10.0; WOW64) AppleWebKit/537.36 (KHTML, like Gecko) Chrome/58.0.3029.110 Safari/537.36 OPR/45.0.2552.898"
192.168.1.18 - - [06/Jun/2024:14:08:16 +0000] "PUT /fuz HTTP/1.1" 400 8123 "https://www.ibm.com/" "Mozilla/5.0 (Windows NT 10.0; Win64; x64) AppleWebKit/537.36 (KHTML, like Gecko) Chrome/58.0.3029.110 Safari/537.36"
192.168.1.36 - - [06/Jun/2024:14:08:16 +0000] "POST /syscb HTTP/1.1" 201 5188 "https://www.google.com/" "Mozilla/5.0 (Windows NT 10.0; Win64; x64) AppleWebKit/537.36 (KHTML, like Gecko) Chrome/62.0.3202.94 Safari/537.36"
2001:db8:0:1:0:0:0:4 - - [06/Jun/2024:14:08:16 +0000] "DELETE /xaoztkw HTTP/1.1" 401 3662 "https://www.google.com/" "Mozilla/5.0 (Windows NT 10.0; Win64; x64) AppleWebKit/537.36 (KHTML, like Gecko) Chrome/62.0.3202.94 Safari/537.36"
2001:db8:0:1:0:0:0:5 - - [06/Jun/2024:14:08:16 +0000] "GET /ecdp HTTP/1.1" 201 9840 "https://www.example.com/" "Mozilla/5.0 (Windows NT 10.0; WOW64) AppleWebKit/537.36 (KHTML, like Gecko) Chrome/58.0.3029.110 Safari/537.36 OPR/45.0.2552.898"
192.168.1.7 - - [06/Jun/2024:14:08:16 +0000] "GET /ydu HTTP/1.1" 400 7572 "https://www.msn.com/" "Mozilla/5.0 (Windows NT 10.0; Win64; x64; rv:54.0) Gecko/20100101 Firefox/54.0"
192.168.1.38 - - [06/Jun/2024:14:08:16 +0000] "POST /pjveqigjr HTTP/1.1" 500 9329 "https://www.ibm.com/" "Mozilla/5.0 (Windows NT 10.0; WOW64) AppleWebKit/537.36 (KHTML, like Gecko) Chrome/58.0.3029.110 Safari/537.36 OPR/45.0.2552.898"
2001:db8:0:1:0:0:0:a - - [06/Jun/2024:14:08:16 +0000] "GET /hu HTTP/1.1" 201 8532 "https://www.google.com/" "Mozilla/5.0 (Windows NT 6.1; WOW64; rv:54.0) Gecko/20100101 Firefox/54.0"
2001:db8:0:1:0:0:0:c - - [06/Jun/2024:14:08:16 +0000] "DELETE /bpab HTTP/1.1" 400 7325 "https://www.ibm.com/" "Mozilla/5.0 (Windows NT 10.0; Win64; x64) AppleWebKit/537.36 (KHTML, like Gecko) Chrome/58.0.3029.110 Safari/537.36"
192.168.1.27 - - [06/Jun/2024:14:08:16 +0000] "POST /mtmubrmvqt HTTP/1.1" 403 9867 "https://www.google.com/" "Mozilla/5.0 (Windows NT 6.1; WOW64; Trident/7.0; AS; rv:11.0) like Gecko"
192.168.1.23 - - [06/Jun/2024:14:08:16 +0000] "PUT /aswd HTTP/1.1" 301 7617 "https://www.example.com/" "Mozilla/5.0 (Windows NT 10.0; Win64; x64; rv:54.0) Gecko/20100101 Firefox/54.0"
192.168.1.4 - - [06/Jun/2024:14:08:16 +0000] "GET /smxr HTTP/1.1" 403 3355 "https://www.msn.com/" "Mozilla/5.0 (Windows NT 6.1; WOW64; rv:54.0) Gecko/20100101 Firefox/54.0"
192.168.1.15 - - [06/Jun/2024:14:08:16 +0000] "DELETE /xfbcbwlugz HTTP/1.1" 301 4328 "https://www.msn.com/" "Mozilla/5.0 (Windows NT 6.1; WOW64; rv:54.0) Gecko/20100101 Firefox/54.0"
192.168.1.34 - - [06/Jun/2024:14:08:16 +0000] "POST /jej HTTP/1.1" 200 2924 "https://www.example.com/" "Mozilla/5.0 (Windows NT 6.1; WOW64; Trident/7.0; AS; rv:11.0) like Gecko"
192.168.1.13 - - [06/Jun/2024:14:08:16 +0000] "POST /xohgsav HTTP/1.1" 500 4210 "https://www.google.com/" "Mozilla/5.0 (Windows NT 10.0; Win64; x64) AppleWebKit/537.36 (KHTML, like Gecko) Chrome/58.0.3029.110 Safari/537.36"
192.168.1.43 - - [06/Jun/2024:14:08:16 +0000] "GET /lztktdzlsp HTTP/1.1" 500 5995 "https://www.ibm.com/" "Mozilla/5.0 (Windows NT 10.0; Win64; x64) AppleWebKit/537.36 (KHTML, like Gecko) Chrome/58.0.3029.110 Safari/537.36"
192.168.1.10 - - [06/Jun/2024:14:08:16 +0000] "POST /jqthgoggnz HTTP/1.1" 301 1742 "https://www.ibm.com/" "Mozilla/5.0 (Windows NT 6.1; WOW64; Trident/7.0; AS; rv:11.0) like Gecko"
192.168.1.27 - - [06/Jun/2024:14:08:16 +0000] "DELETE /cgdol HTTP/1.1" 500 3713 "https://www.ibm.com/" "Mozilla/5.0 (Windows NT 10.0; Win64; x64) AppleWebKit/537.36 (KHTML, like Gecko) Chrome/58.0.3029.110 Safari/537.36"
192.168.1.11 - - [06/Jun/2024:14:08:16 +0000] "GET /ioqrrleiyf HTTP/1.1" 302 4754 "https://www.google.com/" "Mozilla/5.0 (Windows NT 10.0; Win64; x64) AppleWebKit/537.36 (KHTML, like Gecko) Chrome/58.0.3029.110 Safari/537.36"
2001:db8:0:1:0:0:0:5 - - [06/Jun/2024:14:08:16 +0000] "PUT /e HTTP/1.1" 401 6670 "https://www.google.com/" "Mozilla/5.0 (Windows NT 6.1; WOW64; rv:54.0) Gecko/20100101 Firefox/54.0"
2001:db8:0:1:0:0:0:9 - - [06/Jun/2024:14:08:16 +0000] "PUT /v HTTP/1.1" 403 4043 "https://www.example.com/" "Mozilla/5.0 (Windows NT 6.1; WOW64; rv:54.0) Gecko/20100101 Firefox/54.0"
192.168.1.44 - - [06/Jun/2024:14:08:16 +0000] "GET /aqnda HTTP/1.1" 302 9323 "https://www.msn.com/" "Mozilla/5.0 (Windows NT 10.0; Win64; x64) AppleWebKit/537.36 (KHTML, like Gecko) Chrome/62.0.3202.94 Safari/537.36"
192.168.1.14 - - [06/Jun/2024:14:08:16 +0000] "GET /miooavdjrv HTTP/1.1" 201 1008 "https://www.msn.com/" "Mozilla/5.0 (Windows NT 10.0; WOW64) AppleWebKit/537.36 (KHTML, like Gecko) Chrome/58.0.3029.110 Safari/537.36 OPR/45.0.2552.898"
192.168.1.39 - - [06/Jun/2024:14:08:16 +0000] "POST /np HTTP/1.1" 400 2563 "https://www.example.com/" "Mozilla/5.0 (Windows NT 10.0; Win64; x64) AppleWebKit/537.36 (KHTML, like Gecko) Chrome/62.0.3202.94 Safari/537.36"
192.168.1.41 - - [06/Jun/2024:14:08:16 +0000] "GET /nyilghowe HTTP/1.1" 204 8660 "https://www.example.com/" "Mozilla/5.0 (Windows NT 6.1; WOW64; Trident/7.0; AS; rv:11.0) like Gecko"
192.168.1.34 - - [06/Jun/2024:14:08:16 +0000] "DELETE /ftag HTTP/1.1" 302 6216 "https://www.example.com/" "Mozilla/5.0 (Windows NT 10.0; Win64; x64) AppleWebKit/537.36 (KHTML, like Gecko) Chrome/62.0.3202.94 Safari/537.36"
2001:db8:0:1:0:0:0:7 - - [06/Jun/2024:14:08:16 +0000] "POST /lbhkmacja HTTP/1.1" 500 3273 "https://www.msn.com/" "Mozilla/5.0 (Windows NT 10.0; WOW64) AppleWebKit/537.36 (KHTML, like Gecko) Chrome/58.0.3029.110 Safari/537.36 OPR/45.0.2552.898"
192.168.1.36 - - [06/Jun/2024:14:08:16 +0000] "DELETE /nfz HTTP/1.1" 401 3455 "https://www.google.com/" "Mozilla/5.0 (Windows NT 6.1; WOW64; Trident/7.0; AS; rv:11.0) like Gecko"
192.168.1.20 - - [06/Jun/2024:14:08:16 +0000] "GET /jdcab HTTP/1.1" 204 8665 "https://www.msn.com/" "Mozilla/5.0 (Windows NT 10.0; WOW64) AppleWebKit/537.36 (KHTML, like Gecko) Chrome/58.0.3029.110 Safari/537.36 OPR/45.0.2552.898"
192.168.1.33 - - [06/Jun/2024:14:08:16 +0000] "PUT /zl HTTP/1.1" 200 7743 "https://www.google.com/" "Mozilla/5.0 (Windows NT 6.1; WOW64; Trident/7.0; AS; rv:11.0) like Gecko"
192.168.1.7 - - [06/Jun/2024:14:08:16 +0000] "PUT /axdbt HTTP/1.1" 500 9736 "https://www.ibm.com/" "Mozilla/5.0 (Windows NT 10.0; Win64; x64) AppleWebKit/537.36 (KHTML, like Gecko) Chrome/58.0.3029.110 Safari/537.36"
2001:db8:0:1:0:0:0:6 - - [06/Jun/2024:14:08:16 +0000] "POST /aht HTTP/1.1" 403 2790 "https://www.ibm.com/" "Mozilla/5.0 (Windows NT 10.0; Win64; x64; rv:54.0) Gecko/20100101 Firefox/54.0"
2001:db8:0:1:0:0:0:a - - [06/Jun/2024:14:08:16 +0000] "PUT /b HTTP/1.1" 500 9693 "https://www.google.com/" "Mozilla/5.0 (Windows NT 10.0; Win64; x64) AppleWebKit/537.36 (KHTML, like Gecko) Chrome/58.0.3029.110 Safari/537.36"
192.168.1.10 - - [06/Jun/2024:14:08:16 +0000] "PUT /uakuzmjl HTTP/1.1" 400 3374 "https://www.example.com/" "Mozilla/5.0 (Windows NT 10.0; WOW64) AppleWebKit/537.36 (KHTML, like Gecko) Chrome/58.0.3029.110 Safari/537.36 OPR/45.0.2552.898"
192.168.1.41 - - [06/Jun/2024:14:08:16 +0000] "POST /epyo HTTP/1.1" 301 897 "https://www.msn.com/" "Mozilla/5.0 (Windows NT 10.0; Win64; x64) AppleWebKit/537.36 (KHTML, like Gecko) Chrome/62.0.3202.94 Safari/537.36"
192.168.1.36 - - [06/Jun/2024:14:08:16 +0000] "PUT /rqr HTTP/1.1" 401 4676 "https://www.google.com/" "Mozilla/5.0 (Windows NT 10.0; Win64; x64; rv:54.0) Gecko/20100101 Firefox/54.0"
192.168.1.1 - - [06/Jun/2024:14:08:16 +0000] "GET /muqxgj HTTP/1.1" 201 4209 "https://www.example.com/" "Mozilla/5.0 (Windows NT 10.0; Win64; x64) AppleWebKit/537.36 (KHTML, like Gecko) Chrome/62.0.3202.94 Safari/537.36"
192.168.1.3 - - [06/Jun/2024:14:08:16 +0000] "POST /m HTTP/1.1" 400 6339 "https://www.google.com/" "Mozilla/5.0 (Windows NT 6.1; WOW64; rv:54.0) Gecko/20100101 Firefox/54.0"
192.168.1.12 - - [06/Jun/2024:14:08:16 +0000] "GET /nzrinr HTTP/1.1" 404 4244 "https://www.google.com/" "Mozilla/5.0 (Windows NT 10.0; Win64; x64) AppleWebKit/537.36 (KHTML, like Gecko) Chrome/62.0.3202.94 Safari/537.36"
192.168.1.40 - - [06/Jun/2024:14:08:16 +0000] "DELETE /ocdk HTTP/1.1" 400 1477 "https://www.ibm.com/" "Mozilla/5.0 (Windows NT 6.1; WOW64; Trident/7.0; AS; rv:11.0) like Gecko"
192.168.1.45 - - [06/Jun/2024:14:08:16 +0000] "POST /x HTTP/1.1" 500 7772 "https://www.msn.com/" "Mozilla/5.0 (Windows NT 6.1; WOW64; Trident/7.0; AS; rv:11.0) like Gecko"
192.168.1.13 - - [06/Jun/2024:14:08:16 +0000] "DELETE /xozpsmpgxe HTTP/1.1" 401 991 "https://www.example.com/" "Mozilla/5.0 (Windows NT 10.0; Win64; x64) AppleWebKit/537.36 (KHTML, like Gecko) Chrome/58.0.3029.110 Safari/537.36"
192.168.1.13 - - [06/Jun/2024:14:08:16 +0000] "DELETE /fsqrz HTTP/1.1" 401 4904 "https://www.msn.com/" "Mozilla/5.0 (Windows NT 10.0; Win64; x64; rv:54.0) Gecko/20100101 Firefox/54.0"
192.168.1.25 - - [06/Jun/2024:14:08:16 +0000] "GET /cslgnxozre HTTP/1.1" 500 1810 "https://www.google.com/" "Mozilla/5.0 (Windows NT 10.0; Win64; x64) AppleWebKit/537.36 (KHTML, like Gecko) Chrome/58.0.3029.110 Safari/537.36"
192.168.1.16 - - [06/Jun/2024:14:08:16 +0000] "DELETE /qtzkgord HTTP/1.1" 201 1633 "https://www.example.com/" "Mozilla/5.0 (Windows NT 10.0; WOW64) AppleWebKit/537.36 (KHTML, like Gecko) Chrome/58.0.3029.110 Safari/537.36 OPR/45.0.2552.898"
192.168.1.11 - - [06/Jun/2024:14:08:16 +0000] "PUT /xiirxldg HTTP/1.1" 403 5203 "https://www.ibm.com/" "Mozilla/5.0 (Windows NT 6.1; WOW64; rv:54.0) Gecko/20100101 Firefox/54.0"
192.168.1.33 - - [06/Jun/2024:14:08:16 +0000] "PUT /ykkvf HTTP/1.1" 201 4047 "https://www.google.com/" "Mozilla/5.0 (Windows NT 10.0; Win64; x64) AppleWebKit/537.36 (KHTML, like Gecko) Chrome/58.0.3029.110 Safari/537.36"
192.168.1.25 - - [06/Jun/2024:14:08:16 +0000] "POST /ekapeut HTTP/1.1" 401 1957 "https://www.ibm.com/" "Mozilla/5.0 (Windows NT 10.0; WOW64) AppleWebKit/537.36 (KHTML, like Gecko) Chrome/58.0.3029.110 Safari/537.36 OPR/45.0.2552.898"
2001:db8:0:1:0:0:0:5 - - [06/Jun/2024:14:08:16 +0000] "POST /pknzf HTTP/1.1" 204 3362 "https://www.example.com/" "Mozilla/5.0 (Windows NT 6.1; WOW64; rv:54.0) Gecko/20100101 Firefox/54.0"
192.168.1.49 - - [06/Jun/2024:14:08:16 +0000] "PUT /tviavn HTTP/1.1" 201 9918 "https://www.msn.com/" "Mozilla/5.0 (Windows NT 10.0; Win64; x64) AppleWebKit/537.36 (KHTML, like Gecko) Chrome/62.0.3202.94 Safari/537.36"
192.168.1.48 - - [06/Jun/2024:14:08:16 +0000] "POST /b HTTP/1.1" 201 2552 "https://www.ibm.com/" "Mozilla/5.0 (Windows NT 10.0; WOW64) AppleWebKit/537.36 (KHTML, like Gecko) Chrome/58.0.3029.110 Safari/537.36 OPR/45.0.2552.898"
192.168.1.49 - - [06/Jun/2024:14:08:16 +0000] "PUT /perp HTTP/1.1" 201 3400 "https://www.example.com/" "Mozilla/5.0 (Windows NT 10.0; Win64; x64) AppleWebKit/537.36 (KHTML, like Gecko) Chrome/58.0.3029.110 Safari/537.36"
2001:db8:0:1:0:0:0:4 - - [06/Jun/2024:14:08:16 +0000] "POST /ji HTTP/1.1" 500 3651 "https://www.example.com/" "Mozilla/5.0 (Windows NT 10.0; Win64; x64; rv:54.0) Gecko/20100101 Firefox/54.0"
192.168.1.18 - - [06/Jun/2024:14:08:16 +0000] "GET /yaplwsx HTTP/1.1" 403 6489 "https://www.ibm.com/" "Mozilla/5.0 (Windows NT 10.0; Win64; x64; rv:54.0) Gecko/20100101 Firefox/54.0"
192.168.1.16 - - [06/Jun/2024:14:08:16 +0000] "POST /ijinkocj HTTP/1.1" 401 4140 "https://www.google.com/" "Mozilla/5.0 (Windows NT 6.1; WOW64; Trident/7.0; AS; rv:11.0) like Gecko"
192.168.1.2 - - [06/Jun/2024:14:08:16 +0000] "PUT /hmbkx HTTP/1.1" 500 8730 "https://www.example.com/" "Mozilla/5.0 (Windows NT 10.0; Win64; x64; rv:54.0) Gecko/20100101 Firefox/54.0"
2001:db8:0:1:0:0:0:9 - - [06/Jun/2024:14:08:16 +0000] "GET /w HTTP/1.1" 400 1767 "https://www.google.com/" "Mozilla/5.0 (Windows NT 6.1; WOW64; rv:54.0) Gecko/20100101 Firefox/54.0"
192.168.1.31 - - [06/Jun/2024:14:08:16 +0000] "PUT /dchrddzbt HTTP/1.1" 201 8156 "https://www.example.com/" "Mozilla/5.0 (Windows NT 10.0; Win64; x64) AppleWebKit/537.36 (KHTML, like Gecko) Chrome/58.0.3029.110 Safari/537.36"
192.168.1.4 - - [06/Jun/2024:14:08:16 +0000] "GET /qvlc HTTP/1.1" 500 4993 "https://www.ibm.com/" "Mozilla/5.0 (Windows NT 10.0; Win64; x64) AppleWebKit/537.36 (KHTML, like Gecko) Chrome/62.0.3202.94 Safari/537.36"
2001:db8:0:1:0:0:0:9 - - [06/Jun/2024:14:08:16 +0000] "POST /xbf HTTP/1.1" 301 2351 "https://www.ibm.com/" "Mozilla/5.0 (Windows NT 10.0; Win64; x64) AppleWebKit/537.36 (KHTML, like Gecko) Chrome/58.0.3029.110 Safari/537.36"
192.168.1.45 - - [06/Jun/2024:14:08:16 +0000] "DELETE /odqfljj HTTP/1.1" 204 1448 "https://www.example.com/" "Mozilla/5.0 (Windows NT 10.0; WOW64) AppleWebKit/537.36 (KHTML, like Gecko) Chrome/58.0.3029.110 Safari/537.36 OPR/45.0.2552.898"
2001:db8:0:1:0:0:0:7 - - [06/Jun/2024:14:08:16 +0000] "GET /ouobbwlnoj HTTP/1.1" 401 2961 "https://www.ibm.com/" "Mozilla/5.0 (Windows NT 10.0; WOW64) AppleWebKit/537.36 (KHTML, like Gecko) Chrome/58.0.3029.110 Safari/537.36 OPR/45.0.2552.898"
192.168.1.30 - - [06/Jun/2024:14:08:16 +0000] "DELETE /gvgbukms HTTP/1.1" 401 8844 "https://www.google.com/" "Mozilla/5.0 (Windows NT 10.0; Win64; x64) AppleWebKit/537.36 (KHTML, like Gecko) Chrome/62.0.3202.94 Safari/537.36"
2001:db8:0:1:0:0:0:9 - - [06/Jun/2024:14:08:16 +0000] "PUT /ut HTTP/1.1" 400 4515 "https://www.ibm.com/" "Mozilla/5.0 (Windows NT 10.0; WOW64) AppleWebKit/537.36 (KHTML, like Gecko) Chrome/58.0.3029.110 Safari/537.36 OPR/45.0.2552.898"
192.168.1.5 - - [06/Jun/2024:14:08:16 +0000] "PUT /ndndic HTTP/1.1" 200 4178 "https://www.example.com/" "Mozilla/5.0 (Windows NT 10.0; Win64; x64) AppleWebKit/537.36 (KHTML, like Gecko) Chrome/58.0.3029.110 Safari/537.36"
192.168.1.42 - - [06/Jun/2024:14:08:16 +0000] "PUT /y HTTP/1.1" 301 1212 "https://www.google.com/" "Mozilla/5.0 (Windows NT 10.0; Win64; x64) AppleWebKit/537.36 (KHTML, like Gecko) Chrome/62.0.3202.94 Safari/537.36"
192.168.1.33 - - [06/Jun/2024:14:08:16 +0000] "PUT /uy HTTP/1.1" 200 230 "https://www.google.com/" "Mozilla/5.0 (Windows NT 10.0; Win64; x64) AppleWebKit/537.36 (KHTML, like Gecko) Chrome/58.0.3029.110 Safari/537.36"
192.168.1.48 - - [06/Jun/2024:14:08:16 +0000] "GET /ythckho HTTP/1.1" 201 8927 "https://www.google.com/" "Mozilla/5.0 (Windows NT 6.1; WOW64; Trident/7.0; AS; rv:11.0) like Gecko"
192.168.1.21 - - [06/Jun/2024:14:08:16 +0000] "GET /mfpdazyncs HTTP/1.1" 204 2326 "https://www.msn.com/" "Mozilla/5.0 (Windows NT 6.1; WOW64; rv:54.0) Gecko/20100101 Firefox/54.0"
192.168.1.9 - - [06/Jun/2024:14:08:16 +0000] "DELETE /rhstoyy HTTP/1.1" 500 6497 "https://www.msn.com/" "Mozilla/5.0 (Windows NT 10.0; WOW64) AppleWebKit/537.36 (KHTML, like Gecko) Chrome/58.0.3029.110 Safari/537.36 OPR/45.0.2552.898"
2001:db8:0:1:0:0:0:7 - - [06/Jun/2024:14:08:16 +0000] "GET /bey HTTP/1.1" 302 2587 "https://www.ibm.com/" "Mozilla/5.0 (Windows NT 10.0; Win64; x64) AppleWebKit/537.36 (KHTML, like Gecko) Chrome/58.0.3029.110 Safari/537.36"
192.168.1.4 - - [06/Jun/2024:14:08:16 +0000] "DELETE /xlec HTTP/1.1" 403 3141 "https://www.msn.com/" "Mozilla/5.0 (Windows NT 10.0; Win64; x64; rv:54.0) Gecko/20100101 Firefox/54.0"
2001:db8:0:1:0:0:0:c - - [06/Jun/2024:14:08:16 +0000] "GET /vpiuvgpow HTTP/1.1" 400 2977 "https://www.google.com/" "Mozilla/5.0 (Windows NT 10.0; Win64; x64) AppleWebKit/537.36 (KHTML, like Gecko) Chrome/58.0.3029.110 Safari/537.36"
192.168.1.12 - - [06/Jun/2024:14:08:16 +0000] "GET /mzgnwmufx HTTP/1.1" 201 6517 "https://www.msn.com/" "Mozilla/5.0 (Windows NT 6.1; WOW64; rv:54.0) Gecko/20100101 Firefox/54.0"
192.168.1.27 - - [06/Jun/2024:14:08:16 +0000] "POST /pej HTTP/1.1" 403 5287 "https://www.example.com/" "Mozilla/5.0 (Windows NT 10.0; Win64; x64) AppleWebKit/537.36 (KHTML, like Gecko) Chrome/62.0.3202.94 Safari/537.36"
192.168.1.48 - - [06/Jun/2024:14:08:16 +0000] "POST /snbyv HTTP/1.1" 500 1103 "https://www.msn.com/" "Mozilla/5.0 (Windows NT 10.0; Win64; x64; rv:54.0) Gecko/20100101 Firefox/54.0"
192.168.1.39 - - [06/Jun/2024:14:08:16 +0000] "DELETE /z HTTP/1.1" 201 7511 "https://www.example.com/" "Mozilla/5.0 (Windows NT 6.1; WOW64; rv:54.0) Gecko/20100101 Firefox/54.0"
192.168.1.11 - - [06/Jun/2024:14:08:16 +0000] "POST /e HTTP/1.1" 302 7521 "https://www.google.com/" "Mozilla/5.0 (Windows NT 10.0; WOW64) AppleWebKit/537.36 (KHTML, like Gecko) Chrome/58.0.3029.110 Safari/537.36 OPR/45.0.2552.898"
192.168.1.43 - - [06/Jun/2024:14:08:16 +0000] "DELETE /hqvjfllrcl HTTP/1.1" 403 6008 "https://www.ibm.com/" "Mozilla/5.0 (Windows NT 10.0; Win64; x64; rv:54.0) Gecko/20100101 Firefox/54.0"
192.168.1.44 - - [06/Jun/2024:14:08:16 +0000] "POST /ngrntziajp HTTP/1.1" 500 5553 "https://www.ibm.com/" "Mozilla/5.0 (Windows NT 6.1; WOW64; rv:54.0) Gecko/20100101 Firefox/54.0"
2001:db8:0:1:0:0:0:9 - - [06/Jun/2024:14:08:16 +0000] "POST /buahf HTTP/1.1" 204 6499 "https://www.ibm.com/" "Mozilla/5.0 (Windows NT 10.0; Win64; x64; rv:54.0) Gecko/20100101 Firefox/54.0"
2001:db8:0:1:0:0:0:7 - - [06/Jun/2024:14:08:16 +0000] "PUT /k HTTP/1.1" 204 5836 "https://www.google.com/" "Mozilla/5.0 (Windows NT 6.1; WOW64; rv:54.0) Gecko/20100101 Firefox/54.0"
2001:db8:0:1:0:0:0:8 - - [06/Jun/2024:14:08:16 +0000] "DELETE /m HTTP/1.1" 404 4970 "https://www.ibm.com/" "Mozilla/5.0 (Windows NT 6.1; WOW64; Trident/7.0; AS; rv:11.0) like Gecko"
2001:db8:0:1:0:0:0:4 - - [06/Jun/2024:14:08:16 +0000] "GET /j HTTP/1.1" 301 4826 "https://www.ibm.com/" "Mozilla/5.0 (Windows NT 10.0; WOW64) AppleWebKit/537.36 (KHTML, like Gecko) Chrome/58.0.3029.110 Safari/537.36 OPR/45.0.2552.898"
192.168.1.10 - - [06/Jun/2024:14:08:16 +0000] "PUT /clma HTTP/1.1" 200 8194 "https://www.example.com/" "Mozilla/5.0 (Windows NT 10.0; Win64; x64) AppleWebKit/537.36 (KHTML, like Gecko) Chrome/58.0.3029.110 Safari/537.36"
192.168.1.14 - - [06/Jun/2024:14:08:16 +0000] "DELETE /aejf HTTP/1.1" 400 260 "https://www.example.com/" "Mozilla/5.0 (Windows NT 10.0; Win64; x64; rv:54.0) Gecko/20100101 Firefox/54.0"
192.168.1.41 - - [06/Jun/2024:14:08:16 +0000] "GET /qgufpor HTTP/1.1" 404 1306 "https://www.example.com/" "Mozilla/5.0 (Windows NT 6.1; WOW64; Trident/7.0; AS; rv:11.0) like Gecko"
192.168.1.30 - - [06/Jun/2024:14:08:16 +0000] "PUT /z HTTP/1.1" 301 3912 "https://www.google.com/" "Mozilla/5.0 (Windows NT 10.0; Win64; x64) AppleWebKit/537.36 (KHTML, like Gecko) Chrome/58.0.3029.110 Safari/537.36"
192.168.1.42 - - [06/Jun/2024:14:08:16 +0000] "GET /nee HTTP/1.1" 404 9642 "https://www.msn.com/" "Mozilla/5.0 (Windows NT 10.0; Win64; x64) AppleWebKit/537.36 (KHTML, like Gecko) Chrome/58.0.3029.110 Safari/537.36"
192.168.1.36 - - [06/Jun/2024:14:08:16 +0000] "PUT /kxoc HTTP/1.1" 400 3722 "https://www.google.com/" "Mozilla/5.0 (Windows NT 10.0; Win64; x64) AppleWebKit/537.36 (KHTML, like Gecko) Chrome/62.0.3202.94 Safari/537.36"
192.168.1.49 - - [06/Jun/2024:14:08:16 +0000] "DELETE /lfkvxdkqcj HTTP/1.1" 401 9153 "https://www.msn.com/" "Mozilla/5.0 (Windows NT 10.0; WOW64) AppleWebKit/537.36 (KHTML, like Gecko) Chrome/58.0.3029.110 Safari/537.36 OPR/45.0.2552.898"
192.168.1.11 - - [06/Jun/2024:14:08:16 +0000] "POST /gmksxaph HTTP/1.1" 201 8554 "https://www.msn.com/" "Mozilla/5.0 (Windows NT 6.1; WOW64; Trident/7.0; AS; rv:11.0) like Gecko"
192.168.1.2 - - [06/Jun/2024:14:08:16 +0000] "GET /jmaapnzl HTTP/1.1" 404 6299 "https://www.ibm.com/" "Mozilla/5.0 (Windows NT 6.1; WOW64; Trident/7.0; AS; rv:11.0) like Gecko"
2001:db8:0:1:0:0:0:d - - [06/Jun/2024:14:08:16 +0000] "DELETE /uqxxmxqo HTTP/1.1" 302 1120 "https://www.example.com/" "Mozilla/5.0 (Windows NT 6.1; WOW64; rv:54.0) Gecko/20100101 Firefox/54.0"
192.168.1.16 - - [06/Jun/2024:14:08:16 +0000] "PUT /zgydo HTTP/1.1" 403 4828 "https://www.google.com/" "Mozilla/5.0 (Windows NT 10.0; Win64; x64) AppleWebKit/537.36 (KHTML, like Gecko) Chrome/62.0.3202.94 Safari/537.36"
192.168.1.37 - - [06/Jun/2024:14:08:16 +0000] "GET /gkmj HTTP/1.1" 401 1943 "https://www.msn.com/" "Mozilla/5.0 (Windows NT 10.0; Win64; x64) AppleWebKit/537.36 (KHTML, like Gecko) Chrome/62.0.3202.94 Safari/537.36"
192.168.1.39 - - [06/Jun/2024:14:08:16 +0000] "DELETE /oyx HTTP/1.1" 403 4513 "https://www.example.com/" "Mozilla/5.0 (Windows NT 6.1; WOW64; Trident/7.0; AS; rv:11.0) like Gecko"
192.168.1.29 - - [06/Jun/2024:14:08:16 +0000] "POST /tpyrou HTTP/1.1" 403 7304 "https://www.example.com/" "Mozilla/5.0 (Windows NT 6.1; WOW64; rv:54.0) Gecko/20100101 Firefox/54.0"
192.168.1.10 - - [06/Jun/2024:14:08:16 +0000] "POST /vjposplzqx HTTP/1.1" 204 5215 "https://www.ibm.com/" "Mozilla/5.0 (Windows NT 10.0; Win64; x64; rv:54.0) Gecko/20100101 Firefox/54.0"
192.168.1.19 - - [06/Jun/2024:14:08:16 +0000] "PUT /ckzping HTTP/1.1" 200 7956 "https://www.msn.com/" "Mozilla/5.0 (Windows NT 10.0; Win64; x64) AppleWebKit/537.36 (KHTML, like Gecko) Chrome/58.0.3029.110 Safari/537.36"
192.168.1.24 - - [06/Jun/2024:14:08:16 +0000] "DELETE /a HTTP/1.1" 401 9321 "https://www.example.com/" "Mozilla/5.0 (Windows NT 10.0; WOW64) AppleWebKit/537.36 (KHTML, like Gecko) Chrome/58.0.3029.110 Safari/537.36 OPR/45.0.2552.898"
192.168.1.45 - - [06/Jun/2024:14:08:16 +0000] "PUT /djdojcber HTTP/1.1" 404 4914 "https://www.msn.com/" "Mozilla/5.0 (Windows NT 10.0; WOW64) AppleWebKit/537.36 (KHTML, like Gecko) Chrome/58.0.3029.110 Safari/537.36 OPR/45.0.2552.898"
192.168.1.35 - - [06/Jun/2024:14:08:16 +0000] "POST /awsha HTTP/1.1" 401 9656 "https://www.example.com/" "Mozilla/5.0 (Windows NT 10.0; Win64; x64) AppleWebKit/537.36 (KHTML, like Gecko) Chrome/62.0.3202.94 Safari/537.36"
192.168.1.8 - - [06/Jun/2024:14:08:16 +0000] "DELETE /iaqjkw HTTP/1.1" 301 2635 "https://www.example.com/" "Mozilla/5.0 (Windows NT 6.1; WOW64; rv:54.0) Gecko/20100101 Firefox/54.0"
192.168.1.25 - - [06/Jun/2024:14:08:16 +0000] "PUT /yjxqnvgs HTTP/1.1" 200 9071 "https://www.msn.com/" "Mozilla/5.0 (Windows NT 6.1; WOW64; Trident/7.0; AS; rv:11.0) like Gecko"
192.168.1.35 - - [06/Jun/2024:14:08:16 +0000] "POST /cwfflbjqgp HTTP/1.1" 301 1852 "https://www.ibm.com/" "Mozilla/5.0 (Windows NT 10.0; Win64; x64) AppleWebKit/537.36 (KHTML, like Gecko) Chrome/62.0.3202.94 Safari/537.36"
2001:db8:0:1:0:0:0:d - - [06/Jun/2024:14:08:16 +0000] "DELETE /msje HTTP/1.1" 403 6347 "https://www.msn.com/" "Mozilla/5.0 (Windows NT 10.0; WOW64) AppleWebKit/537.36 (KHTML, like Gecko) Chrome/58.0.3029.110 Safari/537.36 OPR/45.0.2552.898"
2001:db8:0:1:0:0:0:d - - [06/Jun/2024:14:08:16 +0000] "DELETE /rqk HTTP/1.1" 500 4536 "https://www.google.com/" "Mozilla/5.0 (Windows NT 10.0; Win64; x64) AppleWebKit/537.36 (KHTML, like Gecko) Chrome/62.0.3202.94 Safari/537.36"
192.168.1.27 - - [06/Jun/2024:14:08:16 +0000] "DELETE /ajs HTTP/1.1" 401 2919 "https://www.ibm.com/" "Mozilla/5.0 (Windows NT 10.0; WOW64) AppleWebKit/537.36 (KHTML, like Gecko) Chrome/58.0.3029.110 Safari/537.36 OPR/45.0.2552.898"
192.168.1.27 - - [06/Jun/2024:14:08:16 +0000] "DELETE /dlbjj HTTP/1.1" 204 5268 "https://www.msn.com/" "Mozilla/5.0 (Windows NT 10.0; Win64; x64) AppleWebKit/537.36 (KHTML, like Gecko) Chrome/62.0.3202.94 Safari/537.36"
2001:db8:0:1:0:0:0:7 - - [06/Jun/2024:14:08:16 +0000] "PUT /sulqmgh HTTP/1.1" 403 8544 "https://www.msn.com/" "Mozilla/5.0 (Windows NT 10.0; WOW64) AppleWebKit/537.36 (KHTML, like Gecko) Chrome/58.0.3029.110 Safari/537.36 OPR/45.0.2552.898"
192.168.1.41 - - [06/Jun/2024:14:08:16 +0000] "POST /yxexgm HTTP/1.1" 403 7886 "https://www.msn.com/" "Mozilla/5.0 (Windows NT 10.0; Win64; x64) AppleWebKit/537.36 (KHTML, like Gecko) Chrome/62.0.3202.94 Safari/537.36"
192.168.1.17 - - [06/Jun/2024:14:08:16 +0000] "POST /kifypufqp HTTP/1.1" 500 8794 "https://www.example.com/" "Mozilla/5.0 (Windows NT 6.1; WOW64; rv:54.0) Gecko/20100101 Firefox/54.0"
2001:db8:0:1:0:0:0:6 - - [06/Jun/2024:14:08:16 +0000] "GET /q HTTP/1.1" 201 1104 "https://www.msn.com/" "Mozilla/5.0 (Windows NT 10.0; Win64; x64) AppleWebKit/537.36 (KHTML, like Gecko) Chrome/62.0.3202.94 Safari/537.36"
192.168.1.24 - - [06/Jun/2024:14:08:16 +0000] "GET /les HTTP/1.1" 200 9720 "https://www.example.com/" "Mozilla/5.0 (Windows NT 10.0; Win64; x64) AppleWebKit/537.36 (KHTML, like Gecko) Chrome/58.0.3029.110 Safari/537.36"
192.168.1.8 - - [06/Jun/2024:14:08:16 +0000] "POST /ga HTTP/1.1" 403 5263 "https://www.example.com/" "Mozilla/5.0 (Windows NT 10.0; Win64; x64) AppleWebKit/537.36 (KHTML, like Gecko) Chrome/62.0.3202.94 Safari/537.36"
192.168.1.37 - - [06/Jun/2024:14:08:16 +0000] "GET /jwug HTTP/1.1" 500 4781 "https://www.ibm.com/" "Mozilla/5.0 (Windows NT 10.0; Win64; x64; rv:54.0) Gecko/20100101 Firefox/54.0"
192.168.1.8 - - [06/Jun/2024:14:08:16 +0000] "DELETE /wbzth HTTP/1.1" 204 3004 "https://www.example.com/" "Mozilla/5.0 (Windows NT 6.1; WOW64; Trident/7.0; AS; rv:11.0) like Gecko"
2001:db8:0:1:0:0:0:4 - - [06/Jun/2024:14:08:16 +0000] "POST /x HTTP/1.1" 204 3169 "https://www.example.com/" "Mozilla/5.0 (Windows NT 10.0; WOW64) AppleWebKit/537.36 (KHTML, like Gecko) Chrome/58.0.3029.110 Safari/537.36 OPR/45.0.2552.898"
192.168.1.44 - - [06/Jun/2024:14:08:16 +0000] "GET /mmnlvjh HTTP/1.1" 204 6796 "https://www.msn.com/" "Mozilla/5.0 (Windows NT 10.0; Win64; x64) AppleWebKit/537.36 (KHTML, like Gecko) Chrome/62.0.3202.94 Safari/537.36"
2001:db8:0:1:0:0:0:a - - [06/Jun/2024:14:08:16 +0000] "PUT /texuxlh HTTP/1.1" 500 581 "https://www.example.com/" "Mozilla/5.0 (Windows NT 6.1; WOW64; Trident/7.0; AS; rv:11.0) like Gecko"
192.168.1.35 - - [06/Jun/2024:14:08:16 +0000] "POST /kcj HTTP/1.1" 403 6729 "https://www.msn.com/" "Mozilla/5.0 (Windows NT 10.0; Win64; x64) AppleWebKit/537.36 (KHTML, like Gecko) Chrome/58.0.3029.110 Safari/537.36"
2001:db8:0:1:0:0:0:c - - [06/Jun/2024:14:08:16 +0000] "PUT /vakvm HTTP/1.1" 401 9063 "https://www.example.com/" "Mozilla/5.0 (Windows NT 10.0; WOW64) AppleWebKit/537.36 (KHTML, like Gecko) Chrome/58.0.3029.110 Safari/537.36 OPR/45.0.2552.898"
192.168.1.31 - - [06/Jun/2024:14:08:16 +0000] "PUT /nerhvypgsc HTTP/1.1" 301 8828 "https://www.example.com/" "Mozilla/5.0 (Windows NT 10.0; WOW64) AppleWebKit/537.36 (KHTML, like Gecko) Chrome/58.0.3029.110 Safari/537.36 OPR/45.0.2552.898"
192.168.1.7 - - [06/Jun/2024:14:08:16 +0000] "GET /uz HTTP/1.1" 401 7257 "https://www.google.com/" "Mozilla/5.0 (Windows NT 6.1; WOW64; rv:54.0) Gecko/20100101 Firefox/54.0"
192.168.1.29 - - [06/Jun/2024:14:08:16 +0000] "POST /xu HTTP/1.1" 301 5338 "https://www.ibm.com/" "Mozilla/5.0 (Windows NT 6.1; WOW64; rv:54.0) Gecko/20100101 Firefox/54.0"
192.168.1.46 - - [06/Jun/2024:14:08:16 +0000] "DELETE /gwimo HTTP/1.1" 401 8570 "https://www.google.com/" "Mozilla/5.0 (Windows NT 10.0; WOW64) AppleWebKit/537.36 (KHTML, like Gecko) Chrome/58.0.3029.110 Safari/537.36 OPR/45.0.2552.898"
192.168.1.6 - - [06/Jun/2024:14:08:16 +0000] "DELETE /hibbqquoyu HTTP/1.1" 204 5112 "https://www.ibm.com/" "Mozilla/5.0 (Windows NT 10.0; Win64; x64) AppleWebKit/537.36 (KHTML, like Gecko) Chrome/58.0.3029.110 Safari/537.36"
192.168.1.18 - - [06/Jun/2024:14:08:16 +0000] "POST /ngytwjv HTTP/1.1" 201 7888 "https://www.msn.com/" "Mozilla/5.0 (Windows NT 10.0; Win64; x64; rv:54.0) Gecko/20100101 Firefox/54.0"
192.168.1.29 - - [06/Jun/2024:14:08:16 +0000] "PUT /ktkkaonjt HTTP/1.1" 401 5198 "https://www.example.com/" "Mozilla/5.0 (Windows NT 6.1; WOW64; Trident/7.0; AS; rv:11.0) like Gecko"
192.168.1.8 - - [06/Jun/2024:14:08:16 +0000] "POST /dbcwqk HTTP/1.1" 302 1304 "https://www.ibm.com/" "Mozilla/5.0 (Windows NT 6.1; WOW64; rv:54.0) Gecko/20100101 Firefox/54.0"
192.168.1.43 - - [06/Jun/2024:14:08:16 +0000] "DELETE /iodc HTTP/1.1" 200 527 "https://www.google.com/" "Mozilla/5.0 (Windows NT 6.1; WOW64; Trident/7.0; AS; rv:11.0) like Gecko"
192.168.1.1 - - [06/Jun/2024:14:08:16 +0000] "POST /bitnbwlk HTTP/1.1" 400 889 "https://www.ibm.com/" "Mozilla/5.0 (Windows NT 6.1; WOW64; Trident/7.0; AS; rv:11.0) like Gecko"
2001:db8:0:1:0:0:0:6 - - [06/Jun/2024:14:08:16 +0000] "GET /ubvfafl HTTP/1.1" 302 3135 "https://www.msn.com/" "Mozilla/5.0 (Windows NT 10.0; Win64; x64; rv:54.0) Gecko/20100101 Firefox/54.0"
192.168.1.8 - - [06/Jun/2024:14:08:16 +0000] "DELETE /snclzo HTTP/1.1" 200 1591 "https://www.msn.com/" "Mozilla/5.0 (Windows NT 6.1; WOW64; Trident/7.0; AS; rv:11.0) like Gecko"
192.168.1.22 - - [06/Jun/2024:14:08:16 +0000] "POST /pldrmi HTTP/1.1" 404 3483 "https://www.msn.com/" "Mozilla/5.0 (Windows NT 10.0; Win64; x64) AppleWebKit/537.36 (KHTML, like Gecko) Chrome/58.0.3029.110 Safari/537.36"
192.168.1.28 - - [06/Jun/2024:14:08:16 +0000] "POST /aaivl HTTP/1.1" 404 2202 "https://www.msn.com/" "Mozilla/5.0 (Windows NT 10.0; Win64; x64; rv:54.0) Gecko/20100101 Firefox/54.0"
2001:db8:0:1:0:0:0:5 - - [06/Jun/2024:14:08:16 +0000] "POST /ldalwrtmn HTTP/1.1" 204 5487 "https://www.example.com/" "Mozilla/5.0 (Windows NT 6.1; WOW64; Trident/7.0; AS; rv:11.0) like Gecko"
192.168.1.17 - - [06/Jun/2024:14:08:16 +0000] "DELETE /kad HTTP/1.1" 204 7650 "https://www.msn.com/" "Mozilla/5.0 (Windows NT 6.1; WOW64; Trident/7.0; AS; rv:11.0) like Gecko"
2001:db8:0:1:0:0:0:7 - - [06/Jun/2024:14:08:16 +0000] "POST /hfosp HTTP/1.1" 200 1903 "https://www.msn.com/" "Mozilla/5.0 (Windows NT 10.0; WOW64) AppleWebKit/537.36 (KHTML, like Gecko) Chrome/58.0.3029.110 Safari/537.36 OPR/45.0.2552.898"
2001:db8:0:1:0:0:0:b - - [06/Jun/2024:14:08:16 +0000] "PUT /ymniwymh HTTP/1.1" 401 2105 "https://www.example.com/" "Mozilla/5.0 (Windows NT 10.0; Win64; x64; rv:54.0) Gecko/20100101 Firefox/54.0"
192.168.1.15 - - [06/Jun/2024:14:08:16 +0000] "GET /hzvs HTTP/1.1" 200 3369 "https://www.google.com/" "Mozilla/5.0 (Windows NT 10.0; Win64; x64) AppleWebKit/537.36 (KHTML, like Gecko) Chrome/62.0.3202.94 Safari/537.36"
192.168.1.43 - - [06/Jun/2024:14:08:16 +0000] "PUT /a HTTP/1.1" 403 7500 "https://www.example.com/" "Mozilla/5.0 (Windows NT 10.0; Win64; x64) AppleWebKit/537.36 (KHTML, like Gecko) Chrome/62.0.3202.94 Safari/537.36"
192.168.1.17 - - [06/Jun/2024:14:08:16 +0000] "GET /eawri HTTP/1.1" 404 3977 "https://www.msn.com/" "Mozilla/5.0 (Windows NT 10.0; WOW64) AppleWebKit/537.36 (KHTML, like Gecko) Chrome/58.0.3029.110 Safari/537.36 OPR/45.0.2552.898"
192.168.1.2 - - [06/Jun/2024:14:08:16 +0000] "DELETE /hhvqmmuvj HTTP/1.1" 200 766 "https://www.ibm.com/" "Mozilla/5.0 (Windows NT 10.0; Win64; x64; rv:54.0) Gecko/20100101 Firefox/54.0"
2001:db8:0:1:0:0:0:3 - - [06/Jun/2024:14:08:16 +0000] "DELETE /zchwchwqol HTTP/1.1" 404 1691 "https://www.google.com/" "Mozilla/5.0 (Windows NT 10.0; Win64; x64; rv:54.0) Gecko/20100101 Firefox/54.0"
192.168.1.48 - - [06/Jun/2024:14:08:16 +0000] "POST /pgewvorpp HTTP/1.1" 401 1883 "https://www.ibm.com/" "Mozilla/5.0 (Windows NT 10.0; Win64; x64) AppleWebKit/537.36 (KHTML, like Gecko) Chrome/58.0.3029.110 Safari/537.36"
192.168.1.21 - - [06/Jun/2024:14:08:16 +0000] "GET /rfqya HTTP/1.1" 201 5159 "https://www.example.com/" "Mozilla/5.0 (Windows NT 6.1; WOW64; Trident/7.0; AS; rv:11.0) like Gecko"
192.168.1.47 - - [06/Jun/2024:14:08:16 +0000] "DELETE /zbzwhens HTTP/1.1" 302 6223 "https://www.msn.com/" "Mozilla/5.0 (Windows NT 6.1; WOW64; rv:54.0) Gecko/20100101 Firefox/54.0"
2001:db8:0:1:0:0:0:5 - - [06/Jun/2024:14:08:16 +0000] "GET /if HTTP/1.1" 403 422 "https://www.msn.com/" "Mozilla/5.0 (Windows NT 10.0; Win64; x64) AppleWebKit/537.36 (KHTML, like Gecko) Chrome/58.0.3029.110 Safari/537.36"
192.168.1.3 - - [06/Jun/2024:14:08:16 +0000] "DELETE /wrypxu HTTP/1.1" 404 5526 "https://www.google.com/" "Mozilla/5.0 (Windows NT 6.1; WOW64; rv:54.0) Gecko/20100101 Firefox/54.0"
192.168.1.9 - - [06/Jun/2024:14:08:16 +0000] "GET /atkaoej HTTP/1.1" 400 7585 "https://www.msn.com/" "Mozilla/5.0 (Windows NT 10.0; Win64; x64; rv:54.0) Gecko/20100101 Firefox/54.0"
2001:db8:0:1:0:0:0:6 - - [06/Jun/2024:14:08:16 +0000] "POST /nmolfu HTTP/1.1" 204 844 "https://www.ibm.com/" "Mozilla/5.0 (Windows NT 10.0; Win64; x64) AppleWebKit/537.36 (KHTML, like Gecko) Chrome/58.0.3029.110 Safari/537.36"
192.168.1.3 - - [06/Jun/2024:14:08:16 +0000] "GET /umitis HTTP/1.1" 404 555 "https://www.google.com/" "Mozilla/5.0 (Windows NT 10.0; Win64; x64) AppleWebKit/537.36 (KHTML, like Gecko) Chrome/62.0.3202.94 Safari/537.36"
2001:db8:0:1:0:0:0:b - - [06/Jun/2024:14:08:16 +0000] "PUT /yk HTTP/1.1" 301 7088 "https://www.ibm.com/" "Mozilla/5.0 (Windows NT 10.0; WOW64) AppleWebKit/537.36 (KHTML, like Gecko) Chrome/58.0.3029.110 Safari/537.36 OPR/45.0.2552.898"
192.168.1.41 - - [06/Jun/2024:14:08:16 +0000] "PUT /ajnbtrokx HTTP/1.1" 400 6536 "https://www.ibm.com/" "Mozilla/5.0 (Windows NT 10.0; Win64; x64; rv:54.0) Gecko/20100101 Firefox/54.0"
192.168.1.45 - - [06/Jun/2024:14:08:16 +0000] "GET /kibkv HTTP/1.1" 403 7636 "https://www.example.com/" "Mozilla/5.0 (Windows NT 10.0; Win64; x64; rv:54.0) Gecko/20100101 Firefox/54.0"
192.168.1.27 - - [06/Jun/2024:14:08:16 +0000] "PUT /ftfklu HTTP/1.1" 401 6014 "https://www.ibm.com/" "Mozilla/5.0 (Windows NT 10.0; Win64; x64) AppleWebKit/537.36 (KHTML, like Gecko) Chrome/62.0.3202.94 Safari/537.36"
192.168.1.20 - - [06/Jun/2024:14:08:16 +0000] "DELETE /twdgla HTTP/1.1" 404 6212 "https://www.msn.com/" "Mozilla/5.0 (Windows NT 10.0; Win64; x64; rv:54.0) Gecko/20100101 Firefox/54.0"
2001:db8:0:1:0:0:0:b - - [06/Jun/2024:14:08:16 +0000] "GET /z HTTP/1.1" 400 7993 "https://www.example.com/" "Mozilla/5.0 (Windows NT 6.1; WOW64; rv:54.0) Gecko/20100101 Firefox/54.0"
192.168.1.1 - - [06/Jun/2024:14:08:16 +0000] "PUT /px HTTP/1.1" 201 5178 "https://www.msn.com/" "Mozilla/5.0 (Windows NT 10.0; WOW64) AppleWebKit/537.36 (KHTML, like Gecko) Chrome/58.0.3029.110 Safari/537.36 OPR/45.0.2552.898"
192.168.1.29 - - [06/Jun/2024:14:08:16 +0000] "POST /hqb HTTP/1.1" 401 4454 "https://www.ibm.com/" "Mozilla/5.0 (Windows NT 10.0; Win64; x64) AppleWebKit/537.36 (KHTML, like Gecko) Chrome/62.0.3202.94 Safari/537.36"
2001:db8:0:1:0:0:0:5 - - [06/Jun/2024:14:08:16 +0000] "POST /emmzlzir HTTP/1.1" 403 7854 "https://www.google.com/" "Mozilla/5.0 (Windows NT 10.0; Win64; x64) AppleWebKit/537.36 (KHTML, like Gecko) Chrome/58.0.3029.110 Safari/537.36"
192.168.1.47 - - [06/Jun/2024:14:08:16 +0000] "GET /kucdrfld HTTP/1.1" 403 4811 "https://www.example.com/" "Mozilla/5.0 (Windows NT 10.0; Win64; x64) AppleWebKit/537.36 (KHTML, like Gecko) Chrome/58.0.3029.110 Safari/537.36"
192.168.1.34 - - [06/Jun/2024:14:08:16 +0000] "GET /xncbhnraya HTTP/1.1" 400 565 "https://www.msn.com/" "Mozilla/5.0 (Windows NT 6.1; WOW64; Trident/7.0; AS; rv:11.0) like Gecko"
192.168.1.25 - - [06/Jun/2024:14:08:16 +0000] "POST /g HTTP/1.1" 200 6618 "https://www.msn.com/" "Mozilla/5.0 (Windows NT 10.0; Win64; x64; rv:54.0) Gecko/20100101 Firefox/54.0"
192.168.1.37 - - [06/Jun/2024:14:08:16 +0000] "GET /epx HTTP/1.1" 204 8694 "https://www.ibm.com/" "Mozilla/5.0 (Windows NT 10.0; Win64; x64) AppleWebKit/537.36 (KHTML, like Gecko) Chrome/58.0.3029.110 Safari/537.36"
2001:db8:0:1:0:0:0:9 - - [06/Jun/2024:14:08:16 +0000] "DELETE /zxw HTTP/1.1" 401 280 "https://www.google.com/" "Mozilla/5.0 (Windows NT 6.1; WOW64; rv:54.0) Gecko/20100101 Firefox/54.0"
192.168.1.30 - - [06/Jun/2024:14:08:16 +0000] "GET /ozugbii HTTP/1.1" 200 2797 "https://www.ibm.com/" "Mozilla/5.0 (Windows NT 10.0; Win64; x64) AppleWebKit/537.36 (KHTML, like Gecko) Chrome/62.0.3202.94 Safari/537.36"
192.168.1.36 - - [06/Jun/2024:14:08:16 +0000] "GET /nxidjnc HTTP/1.1" 403 8686 "https://www.google.com/" "Mozilla/5.0 (Windows NT 10.0; Win64; x64) AppleWebKit/537.36 (KHTML, like Gecko) Chrome/58.0.3029.110 Safari/537.36"
2001:db8:0:1:0:0:0:8 - - [06/Jun/2024:14:08:16 +0000] "PUT /om HTTP/1.1" 201 4655 "https://www.msn.com/" "Mozilla/5.0 (Windows NT 10.0; Win64; x64) AppleWebKit/537.36 (KHTML, like Gecko) Chrome/58.0.3029.110 Safari/537.36"
192.168.1.49 - - [06/Jun/2024:14:08:16 +0000] "GET /pluim HTTP/1.1" 201 4749 "https://www.ibm.com/" "Mozilla/5.0 (Windows NT 10.0; Win64; x64; rv:54.0) Gecko/20100101 Firefox/54.0"
192.168.1.42 - - [06/Jun/2024:14:08:16 +0000] "PUT /zwizxkisk HTTP/1.1" 401 1680 "https://www.msn.com/" "Mozilla/5.0 (Windows NT 10.0; WOW64) AppleWebKit/537.36 (KHTML, like Gecko) Chrome/58.0.3029.110 Safari/537.36 OPR/45.0.2552.898"
192.168.1.27 - - [06/Jun/2024:14:08:16 +0000] "DELETE /bedpazdnvn HTTP/1.1" 401 2817 "https://www.example.com/" "Mozilla/5.0 (Windows NT 10.0; Win64; x64) AppleWebKit/537.36 (KHTML, like Gecko) Chrome/58.0.3029.110 Safari/537.36"
