192.168.1.43 - - [10/Jun/2024:01:16:47 +0000] "GET /gl HTTP/1.1" 400 3136 "https://www.msn.com/" "Mozilla/5.0 (Windows NT 6.1; WOW64; rv:54.0) Gecko/20100101 Firefox/54.0" "192.168.1.5" 0.002
192.168.1.31 - - [10/Jun/2024:01:16:47 +0000] "GET /wa HTTP/1.1" 403 7285 "https://www.example.com/" "Mozilla/5.0 (Windows NT 10.0; WOW64) AppleWebKit/537.36 (KHTML, like Gecko) Chrome/58.0.3029.110 Safari/537.36 OPR/45.0.2552.898" "192.168.1.5" 0.002
192.168.1.27 - - [10/Jun/2024:01:16:47 +0000] "POST /rkmf HTTP/1.1" 301 1619 "https://www.google.com/" "Mozilla/5.0 (Windows NT 10.0; WOW64) AppleWebKit/537.36 (KHTML, like Gecko) Chrome/58.0.3029.110 Safari/537.36 OPR/45.0.2552.898" "192.168.1.2" 0.0015
192.168.1.16 - - [10/Jun/2024:01:16:47 +0000] "GET /rsmwxboc HTTP/1.1" 400 9269 "https://www.example.com/" "Mozilla/5.0 (Windows NT 10.0; Win64; x64) AppleWebKit/537.36 (KHTML, like Gecko) Chrome/62.0.3202.94 Safari/537.36" "192.168.1.3" 0.005
192.168.1.7 - - [10/Jun/2024:01:16:47 +0000] "POST /jyzqkfobtd HTTP/1.1" 302 4641 "https://www.example.com/" "Mozilla/5.0 (Windows NT 6.1; WOW64; Trident/7.0; AS; rv:11.0) like Gecko" "192.168.1.4" 0.002
192.168.1.9 - - [10/Jun/2024:01:16:47 +0000] "DELETE /qxktjcxgt HTTP/1.1" 500 9607 "https://www.msn.com/" "Mozilla/5.0 (Windows NT 6.1; WOW64; rv:54.0) Gecko/20100101 Firefox/54.0" "192.168.1.3" 0.001
192.168.1.40 - - [10/Jun/2024:01:16:47 +0000] "PUT /ummhywnte HTTP/1.1" 401 7113 "https://www.ibm.com/" "Mozilla/5.0 (Windows NT 10.0; WOW64) AppleWebKit/537.36 (KHTML, like Gecko) Chrome/58.0.3029.110 Safari/537.36 OPR/45.0.2552.898" "192.168.1.3" 0.001
2001:db8:0:1:0:0:0:6 - - [10/Jun/2024:01:16:47 +0000] "DELETE /oupc HTTP/1.1" 404 8456 "https://www.example.com/" "Mozilla/5.0 (Windows NT 10.0; Win64; x64) AppleWebKit/537.36 (KHTML, like Gecko) Chrome/62.0.3202.94 Safari/537.36" "192.168.1.3" 0.005
2001:db8:0:1:0:0:0:7 - - [10/Jun/2024:01:16:47 +0000] "DELETE /vltpai HTTP/1.1" 401 6030 "https://www.google.com/" "Mozilla/5.0 (Windows NT 10.0; WOW64) AppleWebKit/537.36 (KHTML, like Gecko) Chrome/58.0.3029.110 Safari/537.36 OPR/45.0.2552.898" "192.168.1.5" 0.002
192.168.1.1 - - [10/Jun/2024:01:16:47 +0000] "DELETE /ejehbrvqnq HTTP/1.1" 204 3475 "https://www.ibm.com/" "Mozilla/5.0 (Windows NT 10.0; WOW64) AppleWebKit/537.36 (KHTML, like Gecko) Chrome/58.0.3029.110 Safari/537.36 OPR/45.0.2552.898" "192.168.56.1" 0.002
192.168.1.10 - - [10/Jun/2024:01:16:47 +0000] "GET /oe HTTP/1.1" 400 5042 "https://www.ibm.com/" "Mozilla/5.0 (Windows NT 10.0; Win64; x64) AppleWebKit/537.36 (KHTML, like Gecko) Chrome/62.0.3202.94 Safari/537.36" "192.168.1.1" 0.0015
192.168.1.49 - - [10/Jun/2024:01:16:47 +0000] "PUT /he HTTP/1.1" 400 9133 "https://www.example.com/" "Mozilla/5.0 (Windows NT 10.0; WOW64) AppleWebKit/537.36 (KHTML, like Gecko) Chrome/58.0.3029.110 Safari/537.36 OPR/45.0.2552.898" "192.168.1.3" 0.002
192.168.1.35 - - [10/Jun/2024:01:16:47 +0000] "POST /ccqz HTTP/1.1" 404 1846 "https://www.example.com/" "Mozilla/5.0 (Windows NT 10.0; WOW64) AppleWebKit/537.36 (KHTML, like Gecko) Chrome/58.0.3029.110 Safari/537.36 OPR/45.0.2552.898" "192.168.1.3" 0.001
192.168.1.1 - - [10/Jun/2024:01:16:47 +0000] "GET /v HTTP/1.1" 403 7736 "https://www.google.com/" "Mozilla/5.0 (Windows NT 10.0; WOW64) AppleWebKit/537.36 (KHTML, like Gecko) Chrome/58.0.3029.110 Safari/537.36 OPR/45.0.2552.898" "192.168.1.4" 0.002
192.168.1.5 - - [10/Jun/2024:01:16:47 +0000] "GET /wawilj HTTP/1.1" 401 2600 "https://www.google.com/" "Mozilla/5.0 (Windows NT 10.0; Win64; x64) AppleWebKit/537.36 (KHTML, like Gecko) Chrome/62.0.3202.94 Safari/537.36" "192.168.1.5" 0.005
192.168.1.25 - - [10/Jun/2024:01:16:47 +0000] "PUT /qukzuvcbnj HTTP/1.1" 201 6218 "https://www.msn.com/" "Mozilla/5.0 (Windows NT 10.0; Win64; x64) AppleWebKit/537.36 (KHTML, like Gecko) Chrome/62.0.3202.94 Safari/537.36" "192.168.1.3" 0.001
192.168.1.38 - - [10/Jun/2024:01:16:47 +0000] "GET /avxnop HTTP/1.1" 404 1545 "https://www.google.com/" "Mozilla/5.0 (Windows NT 10.0; Win64; x64) AppleWebKit/537.36 (KHTML, like Gecko) Chrome/58.0.3029.110 Safari/537.36" "192.168.1.3" 0.001
2001:db8:0:1:0:0:0:3 - - [10/Jun/2024:01:16:47 +0000] "GET /wqsexgbjj HTTP/1.1" 204 3467 "https://www.example.com/" "Mozilla/5.0 (Windows NT 6.1; WOW64; Trident/7.0; AS; rv:11.0) like Gecko" "192.168.1.4" 0.005
192.168.1.33 - - [10/Jun/2024:01:16:47 +0000] "POST /vfj HTTP/1.1" 404 408 "https://www.ibm.com/" "Mozilla/5.0 (Windows NT 10.0; Win64; x64) AppleWebKit/537.36 (KHTML, like Gecko) Chrome/58.0.3029.110 Safari/537.36" "192.168.56.1" 0.001
192.168.1.38 - - [10/Jun/2024:01:16:47 +0000] "PUT /b HTTP/1.1" 302 5912 "https://www.google.com/" "Mozilla/5.0 (Windows NT 10.0; Win64; x64) AppleWebKit/537.36 (KHTML, like Gecko) Chrome/58.0.3029.110 Safari/537.36" "192.168.52.1" 0.002
192.168.1.46 - - [10/Jun/2024:01:16:47 +0000] "DELETE /n HTTP/1.1" 201 469 "https://www.google.com/" "Mozilla/5.0 (Windows NT 6.1; WOW64; Trident/7.0; AS; rv:11.0) like Gecko" "192.168.52.1" 0.005
192.168.1.22 - - [10/Jun/2024:01:16:47 +0000] "GET /ikhbqyrxt HTTP/1.1" 401 9793 "https://www.google.com/" "Mozilla/5.0 (Windows NT 10.0; Win64; x64) AppleWebKit/537.36 (KHTML, like Gecko) Chrome/62.0.3202.94 Safari/537.36" "192.168.1.2" 0.002
192.168.1.27 - - [10/Jun/2024:01:16:47 +0000] "POST /blrxurak HTTP/1.1" 404 1685 "https://www.msn.com/" "Mozilla/5.0 (Windows NT 6.1; WOW64; rv:54.0) Gecko/20100101 Firefox/54.0" "192.168.1.4" 0.005
192.168.1.43 - - [10/Jun/2024:01:16:47 +0000] "GET /hrfkveazn HTTP/1.1" 302 5499 "https://www.ibm.com/" "Mozilla/5.0 (Windows NT 10.0; WOW64) AppleWebKit/537.36 (KHTML, like Gecko) Chrome/58.0.3029.110 Safari/537.36 OPR/45.0.2552.898" "192.168.1.2" 0.005
192.168.1.16 - - [10/Jun/2024:01:16:47 +0000] "POST /fcwpywgwy HTTP/1.1" 500 492 "https://www.msn.com/" "Mozilla/5.0 (Windows NT 10.0; Win64; x64) AppleWebKit/537.36 (KHTML, like Gecko) Chrome/58.0.3029.110 Safari/537.36" "192.168.1.1" 0.001
2001:db8:0:1:0:0:0:9 - - [10/Jun/2024:01:16:47 +0000] "DELETE /hkpnczpncw HTTP/1.1" 201 1417 "https://www.example.com/" "Mozilla/5.0 (Windows NT 6.1; WOW64; Trident/7.0; AS; rv:11.0) like Gecko" "192.168.1.2" 0.005
192.168.1.36 - - [10/Jun/2024:01:16:47 +0000] "GET /xmbjl HTTP/1.1" 403 2758 "https://www.google.com/" "Mozilla/5.0 (Windows NT 10.0; Win64; x64) AppleWebKit/537.36 (KHTML, like Gecko) Chrome/62.0.3202.94 Safari/537.36" "192.168.56.1" 0.001
192.168.1.38 - - [10/Jun/2024:01:16:47 +0000] "GET /rpvvgjvdqh HTTP/1.1" 201 4851 "https://www.google.com/" "Mozilla/5.0 (Windows NT 6.1; WOW64; rv:54.0) Gecko/20100101 Firefox/54.0" "192.168.1.2" 0.001
192.168.1.41 - - [10/Jun/2024:01:16:47 +0000] "POST /v HTTP/1.1" 200 2090 "https://www.google.com/" "Mozilla/5.0 (Windows NT 6.1; WOW64; Trident/7.0; AS; rv:11.0) like Gecko" "192.168.1.3" 0.005
192.168.1.35 - - [10/Jun/2024:01:16:47 +0000] "POST /lzyskkra HTTP/1.1" 302 6049 "https://www.ibm.com/" "Mozilla/5.0 (Windows NT 10.0; Win64; x64; rv:54.0) Gecko/20100101 Firefox/54.0" "192.168.1.4" 0.001
192.168.1.8 - - [10/Jun/2024:01:16:47 +0000] "PUT /psypl HTTP/1.1" 200 2943 "https://www.example.com/" "Mozilla/5.0 (Windows NT 10.0; WOW64) AppleWebKit/537.36 (KHTML, like Gecko) Chrome/58.0.3029.110 Safari/537.36 OPR/45.0.2552.898" "192.168.1.3" 0.001
2001:db8:0:1:0:0:0:b - - [10/Jun/2024:01:16:47 +0000] "GET /zfrhnxmm HTTP/1.1" 201 6460 "https://www.msn.com/" "Mozilla/5.0 (Windows NT 10.0; Win64; x64) AppleWebKit/537.36 (KHTML, like Gecko) Chrome/62.0.3202.94 Safari/537.36" "192.168.1.3" 0.002
192.168.1.31 - - [10/Jun/2024:01:16:47 +0000] "POST /twtdsp HTTP/1.1" 302 7190 "https://www.example.com/" "Mozilla/5.0 (Windows NT 10.0; Win64; x64) AppleWebKit/537.36 (KHTML, like Gecko) Chrome/62.0.3202.94 Safari/537.36" "192.168.1.5" 0.002
192.168.1.25 - - [10/Jun/2024:01:16:47 +0000] "PUT /ftzc HTTP/1.1" 404 9888 "https://www.google.com/" "Mozilla/5.0 (Windows NT 6.1; WOW64; rv:54.0) Gecko/20100101 Firefox/54.0" "192.168.1.1" 0.002
192.168.1.49 - - [10/Jun/2024:01:16:47 +0000] "PUT /d HTTP/1.1" 201 6122 "https://www.example.com/" "Mozilla/5.0 (Windows NT 10.0; Win64; x64; rv:54.0) Gecko/20100101 Firefox/54.0" "192.168.1.4" 0.0015
192.168.1.13 - - [10/Jun/2024:01:16:47 +0000] "GET /y HTTP/1.1" 201 7045 "https://www.msn.com/" "Mozilla/5.0 (Windows NT 10.0; Win64; x64) AppleWebKit/537.36 (KHTML, like Gecko) Chrome/62.0.3202.94 Safari/537.36" "192.168.1.2" 0.0015
192.168.1.13 - - [10/Jun/2024:01:16:47 +0000] "DELETE /ku HTTP/1.1" 404 5690 "https://www.example.com/" "Mozilla/5.0 (Windows NT 10.0; Win64; x64) AppleWebKit/537.36 (KHTML, like Gecko) Chrome/62.0.3202.94 Safari/537.36" "192.168.52.1" 0.002
192.168.1.20 - - [10/Jun/2024:01:16:47 +0000] "PUT /boahpga HTTP/1.1" 200 6423 "https://www.google.com/" "Mozilla/5.0 (Windows NT 6.1; WOW64; rv:54.0) Gecko/20100101 Firefox/54.0" "192.168.1.5" 0.002
192.168.1.21 - - [10/Jun/2024:01:16:47 +0000] "GET /zihowsjh HTTP/1.1" 404 9841 "https://www.ibm.com/" "Mozilla/5.0 (Windows NT 10.0; WOW64) AppleWebKit/537.36 (KHTML, like Gecko) Chrome/58.0.3029.110 Safari/537.36 OPR/45.0.2552.898" "192.168.52.1" 0.002
192.168.1.20 - - [10/Jun/2024:01:16:47 +0000] "PUT /htdjbt HTTP/1.1" 403 6663 "https://www.google.com/" "Mozilla/5.0 (Windows NT 10.0; WOW64) AppleWebKit/537.36 (KHTML, like Gecko) Chrome/58.0.3029.110 Safari/537.36 OPR/45.0.2552.898" "192.168.1.2" 0.005
192.168.1.20 - - [10/Jun/2024:01:16:47 +0000] "POST /pgjedqydj HTTP/1.1" 400 9594 "https://www.google.com/" "Mozilla/5.0 (Windows NT 10.0; WOW64) AppleWebKit/537.36 (KHTML, like Gecko) Chrome/58.0.3029.110 Safari/537.36 OPR/45.0.2552.898" "192.168.1.2" 0.001
192.168.1.37 - - [10/Jun/2024:01:16:47 +0000] "DELETE /dpludvomfl HTTP/1.1" 200 3279 "https://www.example.com/" "Mozilla/5.0 (Windows NT 6.1; WOW64; rv:54.0) Gecko/20100101 Firefox/54.0" "192.168.1.5" 0.002
192.168.1.18 - - [10/Jun/2024:01:16:47 +0000] "DELETE /dvnn HTTP/1.1" 201 2407 "https://www.google.com/" "Mozilla/5.0 (Windows NT 6.1; WOW64; Trident/7.0; AS; rv:11.0) like Gecko" "192.168.1.1" 0.001
192.168.1.18 - - [10/Jun/2024:01:16:47 +0000] "GET /cxpykl HTTP/1.1" 500 4556 "https://www.ibm.com/" "Mozilla/5.0 (Windows NT 10.0; WOW64) AppleWebKit/537.36 (KHTML, like Gecko) Chrome/58.0.3029.110 Safari/537.36 OPR/45.0.2552.898" "192.168.1.5" 0.001
192.168.1.30 - - [10/Jun/2024:01:16:47 +0000] "PUT /lqteivl HTTP/1.1" 500 8334 "https://www.msn.com/" "Mozilla/5.0 (Windows NT 10.0; Win64; x64) AppleWebKit/537.36 (KHTML, like Gecko) Chrome/58.0.3029.110 Safari/537.36" "192.168.52.1" 0.001
192.168.1.34 - - [10/Jun/2024:01:16:47 +0000] "POST /ipawrzqxos HTTP/1.1" 403 9307 "https://www.msn.com/" "Mozilla/5.0 (Windows NT 10.0; Win64; x64; rv:54.0) Gecko/20100101 Firefox/54.0" "192.168.1.4" 0.001
192.168.1.22 - - [10/Jun/2024:01:16:47 +0000] "GET /wodwro HTTP/1.1" 200 5488 "https://www.ibm.com/" "Mozilla/5.0 (Windows NT 10.0; Win64; x64) AppleWebKit/537.36 (KHTML, like Gecko) Chrome/58.0.3029.110 Safari/537.36" "192.168.56.1" 0.005
2001:db8:0:1:0:0:0:d - - [10/Jun/2024:01:16:47 +0000] "POST /cvjtf HTTP/1.1" 200 3970 "https://www.example.com/" "Mozilla/5.0 (Windows NT 6.1; WOW64; Trident/7.0; AS; rv:11.0) like Gecko" "192.168.52.1" 0.002
192.168.1.5 - - [10/Jun/2024:01:16:47 +0000] "DELETE /tzoa HTTP/1.1" 403 1723 "https://www.msn.com/" "Mozilla/5.0 (Windows NT 10.0; WOW64) AppleWebKit/537.36 (KHTML, like Gecko) Chrome/58.0.3029.110 Safari/537.36 OPR/45.0.2552.898" "192.168.1.4" 0.002
192.168.1.43 - - [10/Jun/2024:01:16:47 +0000] "POST /dgsnsilhq HTTP/1.1" 201 8801 "https://www.msn.com/" "Mozilla/5.0 (Windows NT 6.1; WOW64; rv:54.0) Gecko/20100101 Firefox/54.0" "192.168.1.4" 0.005
192.168.1.23 - - [10/Jun/2024:01:16:47 +0000] "GET /olapqaonm HTTP/1.1" 400 4736 "https://www.example.com/" "Mozilla/5.0 (Windows NT 6.1; WOW64; Trident/7.0; AS; rv:11.0) like Gecko" "192.168.56.1" 0.001
192.168.1.18 - - [10/Jun/2024:01:16:47 +0000] "POST /ddjkp HTTP/1.1" 404 5892 "https://www.example.com/" "Mozilla/5.0 (Windows NT 10.0; WOW64) AppleWebKit/537.36 (KHTML, like Gecko) Chrome/58.0.3029.110 Safari/537.36 OPR/45.0.2552.898" "192.168.1.5" 0.001
192.168.1.22 - - [10/Jun/2024:01:16:47 +0000] "PUT /y HTTP/1.1" 403 4027 "https://www.ibm.com/" "Mozilla/5.0 (Windows NT 6.1; WOW64; Trident/7.0; AS; rv:11.0) like Gecko" "192.168.1.2" 0.001
192.168.1.8 - - [10/Jun/2024:01:16:47 +0000] "POST /wq HTTP/1.1" 400 2700 "https://www.msn.com/" "Mozilla/5.0 (Windows NT 10.0; WOW64) AppleWebKit/537.36 (KHTML, like Gecko) Chrome/58.0.3029.110 Safari/537.36 OPR/45.0.2552.898" "192.168.1.3" 0.001
192.168.1.27 - - [10/Jun/2024:01:16:47 +0000] "DELETE /ncxbk HTTP/1.1" 302 5669 "https://www.ibm.com/" "Mozilla/5.0 (Windows NT 6.1; WOW64; Trident/7.0; AS; rv:11.0) like Gecko" "192.168.1.3" 0.001
192.168.1.32 - - [10/Jun/2024:01:16:47 +0000] "GET /ewdnja HTTP/1.1" 301 7710 "https://www.msn.com/" "Mozilla/5.0 (Windows NT 10.0; Win64; x64) AppleWebKit/537.36 (KHTML, like Gecko) Chrome/62.0.3202.94 Safari/537.36" "192.168.52.1" 0.001
192.168.1.43 - - [10/Jun/2024:01:16:47 +0000] "DELETE /gxnonrg HTTP/1.1" 200 8544 "https://www.msn.com/" "Mozilla/5.0 (Windows NT 10.0; Win64; x64) AppleWebKit/537.36 (KHTML, like Gecko) Chrome/62.0.3202.94 Safari/537.36" "192.168.1.1" 0.001
2001:db8:0:1:0:0:0:7 - - [10/Jun/2024:01:16:47 +0000] "DELETE /eppl HTTP/1.1" 400 9208 "https://www.example.com/" "Mozilla/5.0 (Windows NT 10.0; WOW64) AppleWebKit/537.36 (KHTML, like Gecko) Chrome/58.0.3029.110 Safari/537.36 OPR/45.0.2552.898" "192.168.1.1" 0.005
192.168.1.39 - - [10/Jun/2024:01:16:47 +0000] "GET /gyatenhdkk HTTP/1.1" 403 2954 "https://www.ibm.com/" "Mozilla/5.0 (Windows NT 10.0; Win64; x64) AppleWebKit/537.36 (KHTML, like Gecko) Chrome/58.0.3029.110 Safari/537.36" "192.168.1.4" 0.002
192.168.1.13 - - [10/Jun/2024:01:16:47 +0000] "POST /rglzevy HTTP/1.1" 404 4724 "https://www.ibm.com/" "Mozilla/5.0 (Windows NT 6.1; WOW64; Trident/7.0; AS; rv:11.0) like Gecko" "192.168.52.1" 0.001
192.168.1.38 - - [10/Jun/2024:01:16:47 +0000] "GET /qtiwj HTTP/1.1" 302 5213 "https://www.msn.com/" "Mozilla/5.0 (Windows NT 10.0; WOW64) AppleWebKit/537.36 (KHTML, like Gecko) Chrome/58.0.3029.110 Safari/537.36 OPR/45.0.2552.898" "192.168.56.1" 0.002
192.168.1.20 - - [10/Jun/2024:01:16:47 +0000] "PUT /knrirgg HTTP/1.1" 301 743 "https://www.google.com/" "Mozilla/5.0 (Windows NT 10.0; WOW64) AppleWebKit/537.36 (KHTML, like Gecko) Chrome/58.0.3029.110 Safari/537.36 OPR/45.0.2552.898" "192.168.56.1" 0.005
192.168.1.13 - - [10/Jun/2024:01:16:47 +0000] "GET /yj HTTP/1.1" 301 4220 "https://www.google.com/" "Mozilla/5.0 (Windows NT 6.1; WOW64; Trident/7.0; AS; rv:11.0) like Gecko" "192.168.1.1" 0.002
192.168.1.2 - - [10/Jun/2024:01:16:47 +0000] "GET /j HTTP/1.1" 403 5299 "https://www.ibm.com/" "Mozilla/5.0 (Windows NT 10.0; Win64; x64; rv:54.0) Gecko/20100101 Firefox/54.0" "192.168.52.1" 0.001
2001:db8:0:1:0:0:0:8 - - [10/Jun/2024:01:16:47 +0000] "PUT /bkrselick HTTP/1.1" 404 2479 "https://www.ibm.com/" "Mozilla/5.0 (Windows NT 10.0; Win64; x64; rv:54.0) Gecko/20100101 Firefox/54.0" "192.168.56.1" 0.001
192.168.1.3 - - [10/Jun/2024:01:16:47 +0000] "GET /ki HTTP/1.1" 400 1162 "https://www.ibm.com/" "Mozilla/5.0 (Windows NT 10.0; Win64; x64; rv:54.0) Gecko/20100101 Firefox/54.0" "192.168.56.1" 0.002
2001:db8:0:1:0:0:0:8 - - [10/Jun/2024:01:16:47 +0000] "GET /riiow HTTP/1.1" 201 2530 "https://www.google.com/" "Mozilla/5.0 (Windows NT 10.0; WOW64) AppleWebKit/537.36 (KHTML, like Gecko) Chrome/58.0.3029.110 Safari/537.36 OPR/45.0.2552.898" "192.168.56.1" 0.002
192.168.1.33 - - [10/Jun/2024:01:16:47 +0000] "PUT /koqcnj HTTP/1.1" 200 6279 "https://www.msn.com/" "Mozilla/5.0 (Windows NT 10.0; Win64; x64) AppleWebKit/537.36 (KHTML, like Gecko) Chrome/62.0.3202.94 Safari/537.36" "192.168.1.3" 0.0015
192.168.1.2 - - [10/Jun/2024:01:16:47 +0000] "GET /ua HTTP/1.1" 403 9830 "https://www.ibm.com/" "Mozilla/5.0 (Windows NT 10.0; Win64; x64) AppleWebKit/537.36 (KHTML, like Gecko) Chrome/58.0.3029.110 Safari/537.36" "192.168.52.1" 0.0015
2001:db8:0:1:0:0:0:3 - - [10/Jun/2024:01:16:47 +0000] "GET /i HTTP/1.1" 301 4541 "https://www.ibm.com/" "Mozilla/5.0 (Windows NT 10.0; Win64; x64) AppleWebKit/537.36 (KHTML, like Gecko) Chrome/62.0.3202.94 Safari/537.36" "192.168.1.5" 0.002
192.168.1.42 - - [10/Jun/2024:01:16:47 +0000] "GET /hp HTTP/1.1" 404 4888 "https://www.msn.com/" "Mozilla/5.0 (Windows NT 10.0; Win64; x64) AppleWebKit/537.36 (KHTML, like Gecko) Chrome/58.0.3029.110 Safari/537.36" "192.168.1.4" 0.002
192.168.1.16 - - [10/Jun/2024:01:16:47 +0000] "DELETE /fjewxy HTTP/1.1" 403 1134 "https://www.example.com/" "Mozilla/5.0 (Windows NT 10.0; Win64; x64; rv:54.0) Gecko/20100101 Firefox/54.0" "192.168.1.5" 0.001
192.168.1.10 - - [10/Jun/2024:01:16:47 +0000] "POST /t HTTP/1.1" 302 3245 "https://www.msn.com/" "Mozilla/5.0 (Windows NT 10.0; Win64; x64) AppleWebKit/537.36 (KHTML, like Gecko) Chrome/62.0.3202.94 Safari/537.36" "192.168.1.1" 0.002
2001:db8:0:1:0:0:0:1 - - [10/Jun/2024:01:16:47 +0000] "DELETE /aekshpzvwx HTTP/1.1" 404 3661 "https://www.msn.com/" "Mozilla/5.0 (Windows NT 10.0; Win64; x64) AppleWebKit/537.36 (KHTML, like Gecko) Chrome/62.0.3202.94 Safari/537.36" "192.168.1.2" 0.002
192.168.1.14 - - [10/Jun/2024:01:16:47 +0000] "DELETE /esjperv HTTP/1.1" 401 1942 "https://www.google.com/" "Mozilla/5.0 (Windows NT 10.0; Win64; x64) AppleWebKit/537.36 (KHTML, like Gecko) Chrome/58.0.3029.110 Safari/537.36" "192.168.1.1" 0.001
2001:db8:0:1:0:0:0:1 - - [10/Jun/2024:01:16:47 +0000] "GET /fd HTTP/1.1" 403 4096 "https://www.ibm.com/" "Mozilla/5.0 (Windows NT 10.0; Win64; x64) AppleWebKit/537.36 (KHTML, like Gecko) Chrome/62.0.3202.94 Safari/537.36" "192.168.1.3" 0.001
192.168.1.39 - - [10/Jun/2024:01:16:47 +0000] "POST /xvsfvw HTTP/1.1" 301 2791 "https://www.ibm.com/" "Mozilla/5.0 (Windows NT 6.1; WOW64; rv:54.0) Gecko/20100101 Firefox/54.0" "192.168.56.1" 0.001
192.168.1.44 - - [10/Jun/2024:01:16:47 +0000] "GET /a HTTP/1.1" 200 5005 "https://www.msn.com/" "Mozilla/5.0 (Windows NT 10.0; WOW64) AppleWebKit/537.36 (KHTML, like Gecko) Chrome/58.0.3029.110 Safari/537.36 OPR/45.0.2552.898" "192.168.1.3" 0.002
192.168.1.40 - - [10/Jun/2024:01:16:47 +0000] "DELETE /sblygct HTTP/1.1" 403 3185 "https://www.example.com/" "Mozilla/5.0 (Windows NT 10.0; Win64; x64) AppleWebKit/537.36 (KHTML, like Gecko) Chrome/58.0.3029.110 Safari/537.36" "192.168.1.1" 0.002
2001:db8:0:1:0:0:0:5 - - [10/Jun/2024:01:16:47 +0000] "GET /mhmxtw HTTP/1.1" 201 2484 "https://www.example.com/" "Mozilla/5.0 (Windows NT 10.0; Win64; x64) AppleWebKit/537.36 (KHTML, like Gecko) Chrome/62.0.3202.94 Safari/537.36" "192.168.56.1" 0.001
192.168.1.29 - - [10/Jun/2024:01:16:47 +0000] "GET /mbkuv HTTP/1.1" 302 1157 "https://www.google.com/" "Mozilla/5.0 (Windows NT 10.0; WOW64) AppleWebKit/537.36 (KHTML, like Gecko) Chrome/58.0.3029.110 Safari/537.36 OPR/45.0.2552.898" "192.168.1.5" 0.002
192.168.1.4 - - [10/Jun/2024:01:16:47 +0000] "DELETE /tsxgmpiki HTTP/1.1" 404 5939 "https://www.google.com/" "Mozilla/5.0 (Windows NT 10.0; WOW64) AppleWebKit/537.36 (KHTML, like Gecko) Chrome/58.0.3029.110 Safari/537.36 OPR/45.0.2552.898" "192.168.1.2" 0.002
192.168.1.27 - - [10/Jun/2024:01:16:47 +0000] "PUT /pvupqzle HTTP/1.1" 200 335 "https://www.example.com/" "Mozilla/5.0 (Windows NT 6.1; WOW64; rv:54.0) Gecko/20100101 Firefox/54.0" "192.168.1.4" 0.0015
192.168.1.41 - - [10/Jun/2024:01:16:47 +0000] "GET /ovlcm HTTP/1.1" 200 7686 "https://www.ibm.com/" "Mozilla/5.0 (Windows NT 6.1; WOW64; rv:54.0) Gecko/20100101 Firefox/54.0" "192.168.1.2" 0.005
2001:db8:0:1:0:0:0:6 - - [10/Jun/2024:01:16:47 +0000] "PUT /rhspi HTTP/1.1" 302 4955 "https://www.google.com/" "Mozilla/5.0 (Windows NT 10.0; WOW64) AppleWebKit/537.36 (KHTML, like Gecko) Chrome/58.0.3029.110 Safari/537.36 OPR/45.0.2552.898" "192.168.1.3" 0.005
192.168.1.10 - - [10/Jun/2024:01:16:47 +0000] "GET /nqe HTTP/1.1" 400 448 "https://www.ibm.com/" "Mozilla/5.0 (Windows NT 10.0; WOW64) AppleWebKit/537.36 (KHTML, like Gecko) Chrome/58.0.3029.110 Safari/537.36 OPR/45.0.2552.898" "192.168.52.1" 0.002
192.168.1.20 - - [10/Jun/2024:01:16:47 +0000] "POST /kjiti HTTP/1.1" 400 3729 "https://www.google.com/" "Mozilla/5.0 (Windows NT 10.0; Win64; x64; rv:54.0) Gecko/20100101 Firefox/54.0" "192.168.1.4" 0.005
2001:db8:0:1:0:0:0:8 - - [10/Jun/2024:01:16:47 +0000] "GET /e HTTP/1.1" 400 1035 "https://www.example.com/" "Mozilla/5.0 (Windows NT 10.0; Win64; x64) AppleWebKit/537.36 (KHTML, like Gecko) Chrome/58.0.3029.110 Safari/537.36" "192.168.1.1" 0.005
192.168.1.16 - - [10/Jun/2024:01:16:47 +0000] "DELETE /agorbe HTTP/1.1" 200 1450 "https://www.ibm.com/" "Mozilla/5.0 (Windows NT 10.0; Win64; x64) AppleWebKit/537.36 (KHTML, like Gecko) Chrome/62.0.3202.94 Safari/537.36" "192.168.1.1" 0.002
192.168.1.35 - - [10/Jun/2024:01:16:47 +0000] "GET /fisnelpbd HTTP/1.1" 204 2099 "https://www.ibm.com/" "Mozilla/5.0 (Windows NT 10.0; Win64; x64) AppleWebKit/537.36 (KHTML, like Gecko) Chrome/58.0.3029.110 Safari/537.36" "192.168.1.3" 0.001
2001:db8:0:1:0:0:0:c - - [10/Jun/2024:01:16:47 +0000] "POST /aiwd HTTP/1.1" 404 7470 "https://www.msn.com/" "Mozilla/5.0 (Windows NT 10.0; Win64; x64) AppleWebKit/537.36 (KHTML, like Gecko) Chrome/62.0.3202.94 Safari/537.36" "192.168.56.1" 0.001
192.168.1.37 - - [10/Jun/2024:01:16:47 +0000] "GET /vp HTTP/1.1" 201 4736 "https://www.google.com/" "Mozilla/5.0 (Windows NT 6.1; WOW64; rv:54.0) Gecko/20100101 Firefox/54.0" "192.168.1.4" 0.002
2001:db8:0:1:0:0:0:8 - - [10/Jun/2024:01:16:47 +0000] "GET /bdje HTTP/1.1" 204 1944 "https://www.google.com/" "Mozilla/5.0 (Windows NT 6.1; WOW64; rv:54.0) Gecko/20100101 Firefox/54.0" "192.168.56.1" 0.002
192.168.1.32 - - [10/Jun/2024:01:16:47 +0000] "POST /jcqpgeo HTTP/1.1" 204 231 "https://www.google.com/" "Mozilla/5.0 (Windows NT 6.1; WOW64; rv:54.0) Gecko/20100101 Firefox/54.0" "192.168.1.4" 0.002
2001:db8:0:1:0:0:0:3 - - [10/Jun/2024:01:16:47 +0000] "DELETE /sopvsdciw HTTP/1.1" 302 6889 "https://www.google.com/" "Mozilla/5.0 (Windows NT 10.0; Win64; x64) AppleWebKit/537.36 (KHTML, like Gecko) Chrome/58.0.3029.110 Safari/537.36" "192.168.52.1" 0.001
192.168.1.42 - - [10/Jun/2024:01:16:47 +0000] "PUT /vnxnqi HTTP/1.1" 401 8602 "https://www.msn.com/" "Mozilla/5.0 (Windows NT 10.0; Win64; x64) AppleWebKit/537.36 (KHTML, like Gecko) Chrome/58.0.3029.110 Safari/537.36" "192.168.1.1" 0.002
192.168.1.28 - - [10/Jun/2024:01:16:47 +0000] "DELETE /fjdflxlk HTTP/1.1" 400 2392 "https://www.msn.com/" "Mozilla/5.0 (Windows NT 10.0; Win64; x64; rv:54.0) Gecko/20100101 Firefox/54.0" "192.168.52.1" 0.002
2001:db8:0:1:0:0:0:3 - - [10/Jun/2024:01:16:47 +0000] "DELETE /ytchpggjhx HTTP/1.1" 302 9765 "https://www.example.com/" "Mozilla/5.0 (Windows NT 6.1; WOW64; rv:54.0) Gecko/20100101 Firefox/54.0" "192.168.1.3" 0.002
2001:db8:0:1:0:0:0:8 - - [10/Jun/2024:01:16:47 +0000] "DELETE /zjhseoehi HTTP/1.1" 200 7816 "https://www.msn.com/" "Mozilla/5.0 (Windows NT 10.0; Win64; x64) AppleWebKit/537.36 (KHTML, like Gecko) Chrome/58.0.3029.110 Safari/537.36" "192.168.1.4" 0.002
192.168.1.19 - - [10/Jun/2024:01:16:47 +0000] "GET /pq HTTP/1.1" 200 3351 "https://www.google.com/" "Mozilla/5.0 (Windows NT 10.0; WOW64) AppleWebKit/537.36 (KHTML, like Gecko) Chrome/58.0.3029.110 Safari/537.36 OPR/45.0.2552.898" "192.168.1.4" 0.001
192.168.1.15 - - [10/Jun/2024:01:16:47 +0000] "POST /kfkpb HTTP/1.1" 403 8949 "https://www.example.com/" "Mozilla/5.0 (Windows NT 6.1; WOW64; Trident/7.0; AS; rv:11.0) like Gecko" "192.168.52.1" 0.002
192.168.1.30 - - [10/Jun/2024:01:16:47 +0000] "POST /pzfslpxcft HTTP/1.1" 401 8828 "https://www.msn.com/" "Mozilla/5.0 (Windows NT 6.1; WOW64; Trident/7.0; AS; rv:11.0) like Gecko" "192.168.1.4" 0.0015
192.168.1.32 - - [10/Jun/2024:01:16:47 +0000] "POST /pbuiwjnomt HTTP/1.1" 302 5544 "https://www.example.com/" "Mozilla/5.0 (Windows NT 10.0; Win64; x64) AppleWebKit/537.36 (KHTML, like Gecko) Chrome/58.0.3029.110 Safari/537.36" "192.168.56.1" 0.002
192.168.1.12 - - [10/Jun/2024:01:16:47 +0000] "PUT /lw HTTP/1.1" 401 6700 "https://www.google.com/" "Mozilla/5.0 (Windows NT 6.1; WOW64; Trident/7.0; AS; rv:11.0) like Gecko" "192.168.52.1" 0.002
192.168.1.10 - - [10/Jun/2024:01:16:47 +0000] "DELETE /twbgauwtz HTTP/1.1" 201 9866 "https://www.example.com/" "Mozilla/5.0 (Windows NT 10.0; Win64; x64) AppleWebKit/537.36 (KHTML, like Gecko) Chrome/58.0.3029.110 Safari/537.36" "192.168.52.1" 0.001
192.168.1.50 - - [10/Jun/2024:01:16:47 +0000] "PUT /mgrouqxt HTTP/1.1" 404 5450 "https://www.google.com/" "Mozilla/5.0 (Windows NT 10.0; Win64; x64; rv:54.0) Gecko/20100101 Firefox/54.0" "192.168.1.4" 0.002
2001:db8:0:1:0:0:0:a - - [10/Jun/2024:01:16:47 +0000] "POST /zecbdhtgh HTTP/1.1" 401 4575 "https://www.google.com/" "Mozilla/5.0 (Windows NT 6.1; WOW64; rv:54.0) Gecko/20100101 Firefox/54.0" "192.168.52.1" 0.005
192.168.1.24 - - [10/Jun/2024:01:16:47 +0000] "POST /yrzumfvc HTTP/1.1" 403 6739 "https://www.example.com/" "Mozilla/5.0 (Windows NT 10.0; WOW64) AppleWebKit/537.36 (KHTML, like Gecko) Chrome/58.0.3029.110 Safari/537.36 OPR/45.0.2552.898" "192.168.1.2" 0.0015
192.168.1.8 - - [10/Jun/2024:01:16:47 +0000] "POST /sbru HTTP/1.1" 404 927 "https://www.example.com/" "Mozilla/5.0 (Windows NT 6.1; WOW64; Trident/7.0; AS; rv:11.0) like Gecko" "192.168.1.1" 0.002
192.168.1.38 - - [10/Jun/2024:01:16:47 +0000] "GET /f HTTP/1.1" 401 2109 "https://www.ibm.com/" "Mozilla/5.0 (Windows NT 10.0; Win64; x64; rv:54.0) Gecko/20100101 Firefox/54.0" "192.168.52.1" 0.002
192.168.1.23 - - [10/Jun/2024:01:16:47 +0000] "GET /rblothig HTTP/1.1" 500 5023 "https://www.example.com/" "Mozilla/5.0 (Windows NT 10.0; Win64; x64; rv:54.0) Gecko/20100101 Firefox/54.0" "192.168.1.5" 0.001
192.168.1.39 - - [10/Jun/2024:01:16:47 +0000] "POST /zidz HTTP/1.1" 201 6291 "https://www.msn.com/" "Mozilla/5.0 (Windows NT 10.0; Win64; x64; rv:54.0) Gecko/20100101 Firefox/54.0" "192.168.1.1" 0.002
192.168.1.26 - - [10/Jun/2024:01:16:47 +0000] "POST /imhxfft HTTP/1.1" 204 9169 "https://www.ibm.com/" "Mozilla/5.0 (Windows NT 6.1; WOW64; Trident/7.0; AS; rv:11.0) like Gecko" "192.168.1.1" 0.001
192.168.1.6 - - [10/Jun/2024:01:16:47 +0000] "PUT /yygboveb HTTP/1.1" 404 8132 "https://www.google.com/" "Mozilla/5.0 (Windows NT 10.0; Win64; x64) AppleWebKit/537.36 (KHTML, like Gecko) Chrome/62.0.3202.94 Safari/537.36" "192.168.1.4" 0.001
2001:db8:0:1:0:0:0:8 - - [10/Jun/2024:01:16:47 +0000] "GET /qylkkelzo HTTP/1.1" 401 337 "https://www.google.com/" "Mozilla/5.0 (Windows NT 10.0; Win64; x64; rv:54.0) Gecko/20100101 Firefox/54.0" "192.168.1.1" 0.005
192.168.1.27 - - [10/Jun/2024:01:16:47 +0000] "POST /pngyarne HTTP/1.1" 404 5859 "https://www.example.com/" "Mozilla/5.0 (Windows NT 10.0; Win64; x64) AppleWebKit/537.36 (KHTML, like Gecko) Chrome/62.0.3202.94 Safari/537.36" "192.168.1.2" 0.001
192.168.1.29 - - [10/Jun/2024:01:16:47 +0000] "POST /vzioyovie HTTP/1.1" 301 3361 "https://www.google.com/" "Mozilla/5.0 (Windows NT 10.0; Win64; x64) AppleWebKit/537.36 (KHTML, like Gecko) Chrome/62.0.3202.94 Safari/537.36" "192.168.56.1" 0.0015
2001:db8:0:1:0:0:0:e - - [10/Jun/2024:01:16:47 +0000] "DELETE /j HTTP/1.1" 301 4772 "https://www.google.com/" "Mozilla/5.0 (Windows NT 10.0; WOW64) AppleWebKit/537.36 (KHTML, like Gecko) Chrome/58.0.3029.110 Safari/537.36 OPR/45.0.2552.898" "192.168.1.1" 0.005
192.168.1.29 - - [10/Jun/2024:01:16:47 +0000] "POST /rcalvxth HTTP/1.1" 404 4020 "https://www.ibm.com/" "Mozilla/5.0 (Windows NT 10.0; Win64; x64) AppleWebKit/537.36 (KHTML, like Gecko) Chrome/62.0.3202.94 Safari/537.36" "192.168.52.1" 0.001
192.168.1.25 - - [10/Jun/2024:01:16:47 +0000] "GET /vrlxbywpp HTTP/1.1" 500 9672 "https://www.msn.com/" "Mozilla/5.0 (Windows NT 10.0; Win64; x64; rv:54.0) Gecko/20100101 Firefox/54.0" "192.168.1.3" 0.001
2001:db8:0:1:0:0:0:a - - [10/Jun/2024:01:16:47 +0000] "DELETE /kpblaeh HTTP/1.1" 204 7439 "https://www.google.com/" "Mozilla/5.0 (Windows NT 10.0; Win64; x64) AppleWebKit/537.36 (KHTML, like Gecko) Chrome/62.0.3202.94 Safari/537.36" "192.168.1.1" 0.002
2001:db8:0:1:0:0:0:c - - [10/Jun/2024:01:16:47 +0000] "DELETE /zbjasyxupp HTTP/1.1" 201 608 "https://www.example.com/" "Mozilla/5.0 (Windows NT 6.1; WOW64; Trident/7.0; AS; rv:11.0) like Gecko" "192.168.52.1" 0.005
192.168.1.37 - - [10/Jun/2024:01:16:47 +0000] "POST /j HTTP/1.1" 403 2676 "https://www.example.com/" "Mozilla/5.0 (Windows NT 10.0; Win64; x64) AppleWebKit/537.36 (KHTML, like Gecko) Chrome/62.0.3202.94 Safari/537.36" "192.168.1.4" 0.005
192.168.1.49 - - [10/Jun/2024:01:16:47 +0000] "POST /gczk HTTP/1.1" 302 5704 "https://www.google.com/" "Mozilla/5.0 (Windows NT 6.1; WOW64; Trident/7.0; AS; rv:11.0) like Gecko" "192.168.52.1" 0.001
192.168.1.38 - - [10/Jun/2024:01:16:47 +0000] "GET /cgnumnyszc HTTP/1.1" 200 8190 "https://www.msn.com/" "Mozilla/5.0 (Windows NT 6.1; WOW64; Trident/7.0; AS; rv:11.0) like Gecko" "192.168.56.1" 0.002
2001:db8:0:1:0:0:0:1 - - [10/Jun/2024:01:16:47 +0000] "GET /te HTTP/1.1" 403 7255 "https://www.google.com/" "Mozilla/5.0 (Windows NT 6.1; WOW64; rv:54.0) Gecko/20100101 Firefox/54.0" "192.168.1.1" 0.005
192.168.1.36 - - [10/Jun/2024:01:16:47 +0000] "POST /l HTTP/1.1" 201 1598 "https://www.example.com/" "Mozilla/5.0 (Windows NT 10.0; Win64; x64; rv:54.0) Gecko/20100101 Firefox/54.0" "192.168.1.5" 0.0015
192.168.1.8 - - [10/Jun/2024:01:16:47 +0000] "PUT /phet HTTP/1.1" 404 267 "https://www.ibm.com/" "Mozilla/5.0 (Windows NT 10.0; Win64; x64) AppleWebKit/537.36 (KHTML, like Gecko) Chrome/62.0.3202.94 Safari/537.36" "192.168.56.1" 0.001
192.168.1.23 - - [10/Jun/2024:01:16:47 +0000] "POST /ukza HTTP/1.1" 204 626 "https://www.ibm.com/" "Mozilla/5.0 (Windows NT 6.1; WOW64; rv:54.0) Gecko/20100101 Firefox/54.0" "192.168.1.4" 0.005
192.168.1.5 - - [10/Jun/2024:01:16:47 +0000] "PUT /tscigxnbp HTTP/1.1" 500 4114 "https://www.ibm.com/" "Mozilla/5.0 (Windows NT 10.0; Win64; x64) AppleWebKit/537.36 (KHTML, like Gecko) Chrome/62.0.3202.94 Safari/537.36" "192.168.1.1" 0.002
192.168.1.24 - - [10/Jun/2024:01:16:47 +0000] "GET /qwnmylup HTTP/1.1" 200 8327 "https://www.example.com/" "Mozilla/5.0 (Windows NT 10.0; Win64; x64) AppleWebKit/537.36 (KHTML, like Gecko) Chrome/58.0.3029.110 Safari/537.36" "192.168.1.1" 0.005
192.168.1.5 - - [10/Jun/2024:01:16:47 +0000] "DELETE /aus HTTP/1.1" 404 2868 "https://www.example.com/" "Mozilla/5.0 (Windows NT 10.0; Win64; x64) AppleWebKit/537.36 (KHTML, like Gecko) Chrome/62.0.3202.94 Safari/537.36" "192.168.1.5" 0.0015
192.168.1.50 - - [10/Jun/2024:01:16:47 +0000] "PUT /hw HTTP/1.1" 302 3684 "https://www.example.com/" "Mozilla/5.0 (Windows NT 10.0; Win64; x64; rv:54.0) Gecko/20100101 Firefox/54.0" "192.168.1.1" 0.005
2001:db8:0:1:0:0:0:7 - - [10/Jun/2024:01:16:47 +0000] "DELETE /n HTTP/1.1" 200 5570 "https://www.ibm.com/" "Mozilla/5.0 (Windows NT 10.0; Win64; x64) AppleWebKit/537.36 (KHTML, like Gecko) Chrome/58.0.3029.110 Safari/537.36" "192.168.1.2" 0.0015
192.168.1.15 - - [10/Jun/2024:01:16:47 +0000] "PUT /cb HTTP/1.1" 302 2363 "https://www.example.com/" "Mozilla/5.0 (Windows NT 10.0; Win64; x64) AppleWebKit/537.36 (KHTML, like Gecko) Chrome/58.0.3029.110 Safari/537.36" "192.168.1.5" 0.0015
192.168.1.30 - - [10/Jun/2024:01:16:47 +0000] "DELETE /xrrkfblkdz HTTP/1.1" 302 5306 "https://www.msn.com/" "Mozilla/5.0 (Windows NT 6.1; WOW64; Trident/7.0; AS; rv:11.0) like Gecko" "192.168.56.1" 0.002
2001:db8:0:1:0:0:0:3 - - [10/Jun/2024:01:16:47 +0000] "PUT /jabvj HTTP/1.1" 400 5818 "https://www.ibm.com/" "Mozilla/5.0 (Windows NT 10.0; Win64; x64; rv:54.0) Gecko/20100101 Firefox/54.0" "192.168.1.1" 0.0015
192.168.1.48 - - [10/Jun/2024:01:16:47 +0000] "DELETE /hkpydv HTTP/1.1" 400 7897 "https://www.example.com/" "Mozilla/5.0 (Windows NT 6.1; WOW64; Trident/7.0; AS; rv:11.0) like Gecko" "192.168.52.1" 0.001
192.168.1.43 - - [10/Jun/2024:01:16:47 +0000] "GET /by HTTP/1.1" 301 4789 "https://www.ibm.com/" "Mozilla/5.0 (Windows NT 10.0; Win64; x64) AppleWebKit/537.36 (KHTML, like Gecko) Chrome/58.0.3029.110 Safari/537.36" "192.168.1.2" 0.001
2001:db8:0:1:0:0:0:5 - - [10/Jun/2024:01:16:47 +0000] "GET /yajpfveemn HTTP/1.1" 301 2590 "https://www.google.com/" "Mozilla/5.0 (Windows NT 10.0; Win64; x64; rv:54.0) Gecko/20100101 Firefox/54.0" "192.168.1.5" 0.002
192.168.1.8 - - [10/Jun/2024:01:16:47 +0000] "PUT /xekep HTTP/1.1" 403 6803 "https://www.google.com/" "Mozilla/5.0 (Windows NT 10.0; Win64; x64) AppleWebKit/537.36 (KHTML, like Gecko) Chrome/62.0.3202.94 Safari/537.36" "192.168.1.2" 0.002
192.168.1.8 - - [10/Jun/2024:01:16:47 +0000] "DELETE /boayf HTTP/1.1" 200 906 "https://www.example.com/" "Mozilla/5.0 (Windows NT 10.0; Win64; x64) AppleWebKit/537.36 (KHTML, like Gecko) Chrome/58.0.3029.110 Safari/537.36" "192.168.1.5" 0.005
192.168.1.1 - - [10/Jun/2024:01:16:47 +0000] "PUT /lrjhhni HTTP/1.1" 200 4286 "https://www.ibm.com/" "Mozilla/5.0 (Windows NT 10.0; Win64; x64) AppleWebKit/537.36 (KHTML, like Gecko) Chrome/62.0.3202.94 Safari/537.36" "192.168.56.1" 0.005
192.168.1.50 - - [10/Jun/2024:01:16:47 +0000] "POST /daysxs HTTP/1.1" 404 5737 "https://www.ibm.com/" "Mozilla/5.0 (Windows NT 6.1; WOW64; Trident/7.0; AS; rv:11.0) like Gecko" "192.168.1.3" 0.001
192.168.1.3 - - [10/Jun/2024:01:16:47 +0000] "PUT /adooowiwqp HTTP/1.1" 200 3391 "https://www.google.com/" "Mozilla/5.0 (Windows NT 10.0; Win64; x64; rv:54.0) Gecko/20100101 Firefox/54.0" "192.168.1.1" 0.001
192.168.1.42 - - [10/Jun/2024:01:16:47 +0000] "GET /nadhhlkl HTTP/1.1" 302 1057 "https://www.example.com/" "Mozilla/5.0 (Windows NT 10.0; Win64; x64; rv:54.0) Gecko/20100101 Firefox/54.0" "192.168.52.1" 0.001
192.168.1.26 - - [10/Jun/2024:01:16:47 +0000] "GET /kzgylfq HTTP/1.1" 401 8588 "https://www.ibm.com/" "Mozilla/5.0 (Windows NT 10.0; Win64; x64; rv:54.0) Gecko/20100101 Firefox/54.0" "192.168.56.1" 0.002
192.168.1.19 - - [10/Jun/2024:01:16:47 +0000] "GET /smot HTTP/1.1" 301 8767 "https://www.ibm.com/" "Mozilla/5.0 (Windows NT 6.1; WOW64; rv:54.0) Gecko/20100101 Firefox/54.0" "192.168.1.2" 0.002
192.168.1.7 - - [10/Jun/2024:01:16:47 +0000] "PUT /fecjop HTTP/1.1" 301 9354 "https://www.example.com/" "Mozilla/5.0 (Windows NT 6.1; WOW64; rv:54.0) Gecko/20100101 Firefox/54.0" "192.168.1.3" 0.001
192.168.1.32 - - [10/Jun/2024:01:16:47 +0000] "GET /zhwh HTTP/1.1" 500 7980 "https://www.msn.com/" "Mozilla/5.0 (Windows NT 10.0; Win64; x64; rv:54.0) Gecko/20100101 Firefox/54.0" "192.168.1.5" 0.005
192.168.1.34 - - [10/Jun/2024:01:16:47 +0000] "GET /seiga HTTP/1.1" 200 8492 "https://www.example.com/" "Mozilla/5.0 (Windows NT 6.1; WOW64; Trident/7.0; AS; rv:11.0) like Gecko" "192.168.1.2" 0.002
192.168.1.8 - - [10/Jun/2024:01:16:47 +0000] "DELETE /sddif HTTP/1.1" 302 1031 "https://www.msn.com/" "Mozilla/5.0 (Windows NT 10.0; WOW64) AppleWebKit/537.36 (KHTML, like Gecko) Chrome/58.0.3029.110 Safari/537.36 OPR/45.0.2552.898" "192.168.52.1" 0.0015
192.168.1.39 - - [10/Jun/2024:01:16:47 +0000] "POST /fqejx HTTP/1.1" 301 3546 "https://www.msn.com/" "Mozilla/5.0 (Windows NT 10.0; Win64; x64; rv:54.0) Gecko/20100101 Firefox/54.0" "192.168.1.2" 0.005
192.168.1.43 - - [10/Jun/2024:01:16:47 +0000] "DELETE /xqyqsphvpc HTTP/1.1" 404 8623 "https://www.msn.com/" "Mozilla/5.0 (Windows NT 6.1; WOW64; rv:54.0) Gecko/20100101 Firefox/54.0" "192.168.52.1" 0.002
192.168.1.10 - - [10/Jun/2024:01:16:47 +0000] "POST /cjgx HTTP/1.1" 301 4392 "https://www.msn.com/" "Mozilla/5.0 (Windows NT 6.1; WOW64; Trident/7.0; AS; rv:11.0) like Gecko" "192.168.1.3" 0.001
192.168.1.12 - - [10/Jun/2024:01:16:47 +0000] "POST /wclykfks HTTP/1.1" 204 6908 "https://www.example.com/" "Mozilla/5.0 (Windows NT 10.0; WOW64) AppleWebKit/537.36 (KHTML, like Gecko) Chrome/58.0.3029.110 Safari/537.36 OPR/45.0.2552.898" "192.168.52.1" 0.005
192.168.1.9 - - [10/Jun/2024:01:16:47 +0000] "DELETE /fk HTTP/1.1" 404 3356 "https://www.example.com/" "Mozilla/5.0 (Windows NT 6.1; WOW64; Trident/7.0; AS; rv:11.0) like Gecko" "192.168.1.5" 0.001
192.168.1.18 - - [10/Jun/2024:01:16:47 +0000] "GET /g HTTP/1.1" 200 2904 "https://www.msn.com/" "Mozilla/5.0 (Windows NT 10.0; WOW64) AppleWebKit/537.36 (KHTML, like Gecko) Chrome/58.0.3029.110 Safari/537.36 OPR/45.0.2552.898" "192.168.1.5" 0.001
192.168.1.19 - - [10/Jun/2024:01:16:47 +0000] "POST /ppgrdkfp HTTP/1.1" 400 6472 "https://www.example.com/" "Mozilla/5.0 (Windows NT 6.1; WOW64; rv:54.0) Gecko/20100101 Firefox/54.0" "192.168.52.1" 0.001
2001:db8:0:1:0:0:0:e - - [10/Jun/2024:01:16:47 +0000] "POST /jcmnemkqs HTTP/1.1" 200 7438 "https://www.msn.com/" "Mozilla/5.0 (Windows NT 6.1; WOW64; rv:54.0) Gecko/20100101 Firefox/54.0" "192.168.52.1" 0.005
192.168.1.10 - - [10/Jun/2024:01:16:47 +0000] "PUT /h HTTP/1.1" 404 5361 "https://www.msn.com/" "Mozilla/5.0 (Windows NT 10.0; Win64; x64) AppleWebKit/537.36 (KHTML, like Gecko) Chrome/62.0.3202.94 Safari/537.36" "192.168.1.5" 0.002
192.168.1.21 - - [10/Jun/2024:01:16:47 +0000] "PUT /fbjdlortvu HTTP/1.1" 301 1298 "https://www.google.com/" "Mozilla/5.0 (Windows NT 6.1; WOW64; rv:54.0) Gecko/20100101 Firefox/54.0" "192.168.1.5" 0.001
192.168.1.28 - - [10/Jun/2024:01:16:47 +0000] "PUT /svlhakgbfa HTTP/1.1" 204 4105 "https://www.ibm.com/" "Mozilla/5.0 (Windows NT 10.0; Win64; x64; rv:54.0) Gecko/20100101 Firefox/54.0" "192.168.1.2" 0.005
192.168.1.29 - - [10/Jun/2024:01:16:47 +0000] "DELETE /eazmvgv HTTP/1.1" 403 5198 "https://www.msn.com/" "Mozilla/5.0 (Windows NT 10.0; Win64; x64; rv:54.0) Gecko/20100101 Firefox/54.0" "192.168.1.4" 0.005
192.168.1.3 - - [10/Jun/2024:01:16:47 +0000] "GET /leqez HTTP/1.1" 204 6288 "https://www.example.com/" "Mozilla/5.0 (Windows NT 10.0; Win64; x64; rv:54.0) Gecko/20100101 Firefox/54.0" "192.168.1.5" 0.001
192.168.1.44 - - [10/Jun/2024:01:16:47 +0000] "DELETE /eeprpu HTTP/1.1" 204 6689 "https://www.ibm.com/" "Mozilla/5.0 (Windows NT 6.1; WOW64; Trident/7.0; AS; rv:11.0) like Gecko" "192.168.1.5" 0.0015
2001:db8:0:1:0:0:0:c - - [10/Jun/2024:01:16:47 +0000] "GET /ecsupmohy HTTP/1.1" 400 5156 "https://www.ibm.com/" "Mozilla/5.0 (Windows NT 10.0; Win64; x64; rv:54.0) Gecko/20100101 Firefox/54.0" "192.168.52.1" 0.001
2001:db8:0:1:0:0:0:2 - - [10/Jun/2024:01:16:47 +0000] "DELETE /airicgjyul HTTP/1.1" 200 4661 "https://www.ibm.com/" "Mozilla/5.0 (Windows NT 6.1; WOW64; rv:54.0) Gecko/20100101 Firefox/54.0" "192.168.1.4" 0.001
192.168.1.29 - - [10/Jun/2024:01:16:47 +0000] "GET /wh HTTP/1.1" 302 5261 "https://www.ibm.com/" "Mozilla/5.0 (Windows NT 10.0; Win64; x64) AppleWebKit/537.36 (KHTML, like Gecko) Chrome/58.0.3029.110 Safari/537.36" "192.168.1.3" 0.0015
2001:db8:0:1:0:0:0:a - - [10/Jun/2024:01:16:47 +0000] "PUT /htmogjj HTTP/1.1" 500 5900 "https://www.example.com/" "Mozilla/5.0 (Windows NT 10.0; Win64; x64) AppleWebKit/537.36 (KHTML, like Gecko) Chrome/62.0.3202.94 Safari/537.36" "192.168.1.4" 0.005
192.168.1.13 - - [10/Jun/2024:01:16:47 +0000] "GET /txjtx HTTP/1.1" 400 2963 "https://www.google.com/" "Mozilla/5.0 (Windows NT 10.0; Win64; x64) AppleWebKit/537.36 (KHTML, like Gecko) Chrome/58.0.3029.110 Safari/537.36" "192.168.52.1" 0.005
192.168.1.34 - - [10/Jun/2024:01:16:47 +0000] "POST /lrgusaq HTTP/1.1" 301 1088 "https://www.google.com/" "Mozilla/5.0 (Windows NT 10.0; WOW64) AppleWebKit/537.36 (KHTML, like Gecko) Chrome/58.0.3029.110 Safari/537.36 OPR/45.0.2552.898" "192.168.1.3" 0.0015
192.168.1.25 - - [10/Jun/2024:01:16:47 +0000] "GET /i HTTP/1.1" 204 2234 "https://www.example.com/" "Mozilla/5.0 (Windows NT 6.1; WOW64; rv:54.0) Gecko/20100101 Firefox/54.0" "192.168.1.2" 0.005
192.168.1.6 - - [10/Jun/2024:01:16:47 +0000] "GET /tc HTTP/1.1" 400 8636 "https://www.msn.com/" "Mozilla/5.0 (Windows NT 6.1; WOW64; Trident/7.0; AS; rv:11.0) like Gecko" "192.168.1.5" 0.0015
192.168.1.6 - - [10/Jun/2024:01:16:47 +0000] "GET /twxva HTTP/1.1" 301 4592 "https://www.google.com/" "Mozilla/5.0 (Windows NT 6.1; WOW64; rv:54.0) Gecko/20100101 Firefox/54.0" "192.168.56.1" 0.001
192.168.1.43 - - [10/Jun/2024:01:16:47 +0000] "GET /il HTTP/1.1" 400 5864 "https://www.ibm.com/" "Mozilla/5.0 (Windows NT 10.0; Win64; x64; rv:54.0) Gecko/20100101 Firefox/54.0" "192.168.56.1" 0.002
192.168.1.24 - - [10/Jun/2024:01:16:47 +0000] "DELETE /fidhbl HTTP/1.1" 204 8185 "https://www.google.com/" "Mozilla/5.0 (Windows NT 10.0; Win64; x64; rv:54.0) Gecko/20100101 Firefox/54.0" "192.168.56.1" 0.002
192.168.1.12 - - [10/Jun/2024:01:16:47 +0000] "POST /zveifd HTTP/1.1" 302 6005 "https://www.google.com/" "Mozilla/5.0 (Windows NT 10.0; Win64; x64; rv:54.0) Gecko/20100101 Firefox/54.0" "192.168.1.3" 0.001
192.168.1.8 - - [10/Jun/2024:01:16:47 +0000] "POST /hio HTTP/1.1" 401 8971 "https://www.ibm.com/" "Mozilla/5.0 (Windows NT 6.1; WOW64; rv:54.0) Gecko/20100101 Firefox/54.0" "192.168.1.1" 0.002
192.168.1.43 - - [10/Jun/2024:01:16:47 +0000] "POST /gm HTTP/1.1" 404 4968 "https://www.msn.com/" "Mozilla/5.0 (Windows NT 10.0; WOW64) AppleWebKit/537.36 (KHTML, like Gecko) Chrome/58.0.3029.110 Safari/537.36 OPR/45.0.2552.898" "192.168.1.2" 0.0015
2001:db8:0:1:0:0:0:2 - - [10/Jun/2024:01:16:47 +0000] "PUT /mbfybk HTTP/1.1" 201 1882 "https://www.google.com/" "Mozilla/5.0 (Windows NT 10.0; Win64; x64) AppleWebKit/537.36 (KHTML, like Gecko) Chrome/58.0.3029.110 Safari/537.36" "192.168.1.1" 0.002
192.168.1.36 - - [10/Jun/2024:01:16:47 +0000] "GET /prtfqd HTTP/1.1" 403 3048 "https://www.google.com/" "Mozilla/5.0 (Windows NT 6.1; WOW64; rv:54.0) Gecko/20100101 Firefox/54.0" "192.168.1.3" 0.001
192.168.1.39 - - [10/Jun/2024:01:16:47 +0000] "PUT /vyhl HTTP/1.1" 404 7935 "https://www.google.com/" "Mozilla/5.0 (Windows NT 6.1; WOW64; Trident/7.0; AS; rv:11.0) like Gecko" "192.168.52.1" 0.002
192.168.1.26 - - [10/Jun/2024:01:16:47 +0000] "GET /wvpbwq HTTP/1.1" 401 1111 "https://www.google.com/" "Mozilla/5.0 (Windows NT 10.0; WOW64) AppleWebKit/537.36 (KHTML, like Gecko) Chrome/58.0.3029.110 Safari/537.36 OPR/45.0.2552.898" "192.168.1.3" 0.005
192.168.1.36 - - [10/Jun/2024:01:16:47 +0000] "PUT /vqxyieubjr HTTP/1.1" 401 6154 "https://www.ibm.com/" "Mozilla/5.0 (Windows NT 10.0; Win64; x64) AppleWebKit/537.36 (KHTML, like Gecko) Chrome/62.0.3202.94 Safari/537.36" "192.168.1.4" 0.001
2001:db8:0:1:0:0:0:1 - - [10/Jun/2024:01:16:47 +0000] "PUT /f HTTP/1.1" 200 3259 "https://www.msn.com/" "Mozilla/5.0 (Windows NT 10.0; Win64; x64) AppleWebKit/537.36 (KHTML, like Gecko) Chrome/58.0.3029.110 Safari/537.36" "192.168.1.4" 0.005
192.168.1.29 - - [10/Jun/2024:01:16:47 +0000] "GET /xwonfuvin HTTP/1.1" 500 8798 "https://www.ibm.com/" "Mozilla/5.0 (Windows NT 10.0; Win64; x64) AppleWebKit/537.36 (KHTML, like Gecko) Chrome/62.0.3202.94 Safari/537.36" "192.168.52.1" 0.002
192.168.1.11 - - [10/Jun/2024:01:16:47 +0000] "DELETE /h HTTP/1.1" 401 4476 "https://www.ibm.com/" "Mozilla/5.0 (Windows NT 10.0; WOW64) AppleWebKit/537.36 (KHTML, like Gecko) Chrome/58.0.3029.110 Safari/537.36 OPR/45.0.2552.898" "192.168.1.4" 0.001
192.168.1.50 - - [10/Jun/2024:01:16:47 +0000] "POST /prknyurnbq HTTP/1.1" 404 1247 "https://www.ibm.com/" "Mozilla/5.0 (Windows NT 6.1; WOW64; rv:54.0) Gecko/20100101 Firefox/54.0" "192.168.1.1" 0.002
2001:db8:0:1:0:0:0:3 - - [10/Jun/2024:01:16:47 +0000] "PUT /prifxmqpb HTTP/1.1" 200 6898 "https://www.example.com/" "Mozilla/5.0 (Windows NT 10.0; Win64; x64; rv:54.0) Gecko/20100101 Firefox/54.0" "192.168.1.5" 0.001
2001:db8:0:1:0:0:0:6 - - [10/Jun/2024:01:16:47 +0000] "GET /fezftddx HTTP/1.1" 302 9486 "https://www.msn.com/" "Mozilla/5.0 (Windows NT 6.1; WOW64; Trident/7.0; AS; rv:11.0) like Gecko" "192.168.1.4" 0.002
192.168.1.3 - - [10/Jun/2024:01:16:47 +0000] "DELETE /aoprti HTTP/1.1" 500 4614 "https://www.google.com/" "Mozilla/5.0 (Windows NT 10.0; WOW64) AppleWebKit/537.36 (KHTML, like Gecko) Chrome/58.0.3029.110 Safari/537.36 OPR/45.0.2552.898" "192.168.52.1" 0.0015
192.168.1.35 - - [10/Jun/2024:01:16:47 +0000] "POST /ribvbg HTTP/1.1" 201 4296 "https://www.example.com/" "Mozilla/5.0 (Windows NT 10.0; WOW64) AppleWebKit/537.36 (KHTML, like Gecko) Chrome/58.0.3029.110 Safari/537.36 OPR/45.0.2552.898" "192.168.1.4" 0.001
192.168.1.12 - - [10/Jun/2024:01:16:47 +0000] "GET /nspejqkrl HTTP/1.1" 301 615 "https://www.msn.com/" "Mozilla/5.0 (Windows NT 6.1; WOW64; rv:54.0) Gecko/20100101 Firefox/54.0" "192.168.1.3" 0.005
2001:db8:0:1:0:0:0:c - - [10/Jun/2024:01:16:47 +0000] "PUT /fgedxq HTTP/1.1" 403 4679 "https://www.example.com/" "Mozilla/5.0 (Windows NT 10.0; Win64; x64) AppleWebKit/537.36 (KHTML, like Gecko) Chrome/62.0.3202.94 Safari/537.36" "192.168.1.5" 0.005
192.168.1.25 - - [10/Jun/2024:01:16:47 +0000] "POST /bq HTTP/1.1" 301 290 "https://www.google.com/" "Mozilla/5.0 (Windows NT 6.1; WOW64; rv:54.0) Gecko/20100101 Firefox/54.0" "192.168.1.5" 0.002
192.168.1.50 - - [10/Jun/2024:01:16:47 +0000] "GET /kqrucpfis HTTP/1.1" 201 4408 "https://www.ibm.com/" "Mozilla/5.0 (Windows NT 10.0; Win64; x64; rv:54.0) Gecko/20100101 Firefox/54.0" "192.168.1.2" 0.002
192.168.1.6 - - [10/Jun/2024:01:16:47 +0000] "POST /hwuxwb HTTP/1.1" 201 1854 "https://www.msn.com/" "Mozilla/5.0 (Windows NT 6.1; WOW64; Trident/7.0; AS; rv:11.0) like Gecko" "192.168.52.1" 0.002
192.168.1.31 - - [10/Jun/2024:01:16:47 +0000] "PUT /siuvvovg HTTP/1.1" 201 7013 "https://www.google.com/" "Mozilla/5.0 (Windows NT 10.0; Win64; x64; rv:54.0) Gecko/20100101 Firefox/54.0" "192.168.1.1" 0.002
192.168.1.15 - - [10/Jun/2024:01:16:47 +0000] "DELETE /qnm HTTP/1.1" 400 6216 "https://www.example.com/" "Mozilla/5.0 (Windows NT 10.0; WOW64) AppleWebKit/537.36 (KHTML, like Gecko) Chrome/58.0.3029.110 Safari/537.36 OPR/45.0.2552.898" "192.168.52.1" 0.0015
192.168.1.27 - - [10/Jun/2024:01:16:47 +0000] "PUT /pgqguhepw HTTP/1.1" 200 1157 "https://www.example.com/" "Mozilla/5.0 (Windows NT 10.0; Win64; x64) AppleWebKit/537.36 (KHTML, like Gecko) Chrome/62.0.3202.94 Safari/537.36" "192.168.56.1" 0.002
2001:db8:0:1:0:0:0:1 - - [10/Jun/2024:01:16:47 +0000] "PUT /ykkwrl HTTP/1.1" 400 7039 "https://www.msn.com/" "Mozilla/5.0 (Windows NT 10.0; Win64; x64) AppleWebKit/537.36 (KHTML, like Gecko) Chrome/58.0.3029.110 Safari/537.36" "192.168.1.4" 0.002
192.168.1.4 - - [10/Jun/2024:01:16:47 +0000] "GET /gikl HTTP/1.1" 204 2578 "https://www.msn.com/" "Mozilla/5.0 (Windows NT 6.1; WOW64; Trident/7.0; AS; rv:11.0) like Gecko" "192.168.1.1" 0.001
192.168.1.23 - - [10/Jun/2024:01:16:47 +0000] "GET /rajlpwdsxa HTTP/1.1" 201 4899 "https://www.ibm.com/" "Mozilla/5.0 (Windows NT 10.0; Win64; x64; rv:54.0) Gecko/20100101 Firefox/54.0" "192.168.1.5" 0.001
192.168.1.19 - - [10/Jun/2024:01:16:47 +0000] "POST /acecmsoh HTTP/1.1" 400 6373 "https://www.example.com/" "Mozilla/5.0 (Windows NT 10.0; WOW64) AppleWebKit/537.36 (KHTML, like Gecko) Chrome/58.0.3029.110 Safari/537.36 OPR/45.0.2552.898" "192.168.52.1" 0.001
192.168.1.8 - - [10/Jun/2024:01:16:47 +0000] "POST /tpkwwwdp HTTP/1.1" 302 6869 "https://www.ibm.com/" "Mozilla/5.0 (Windows NT 10.0; WOW64) AppleWebKit/537.36 (KHTML, like Gecko) Chrome/58.0.3029.110 Safari/537.36 OPR/45.0.2552.898" "192.168.1.1" 0.002
192.168.1.13 - - [10/Jun/2024:01:16:47 +0000] "PUT /fzftw HTTP/1.1" 400 6882 "https://www.example.com/" "Mozilla/5.0 (Windows NT 10.0; Win64; x64) AppleWebKit/537.36 (KHTML, like Gecko) Chrome/58.0.3029.110 Safari/537.36" "192.168.1.4" 0.002
192.168.1.42 - - [10/Jun/2024:01:16:47 +0000] "GET /zwhgrevx HTTP/1.1" 404 1453 "https://www.example.com/" "Mozilla/5.0 (Windows NT 10.0; WOW64) AppleWebKit/537.36 (KHTML, like Gecko) Chrome/58.0.3029.110 Safari/537.36 OPR/45.0.2552.898" "192.168.1.1" 0.005
192.168.1.14 - - [10/Jun/2024:01:16:47 +0000] "DELETE /t HTTP/1.1" 301 9819 "https://www.google.com/" "Mozilla/5.0 (Windows NT 10.0; Win64; x64; rv:54.0) Gecko/20100101 Firefox/54.0" "192.168.52.1" 0.0015
192.168.1.13 - - [10/Jun/2024:01:16:47 +0000] "GET /mowjqku HTTP/1.1" 401 3587 "https://www.example.com/" "Mozilla/5.0 (Windows NT 10.0; Win64; x64; rv:54.0) Gecko/20100101 Firefox/54.0" "192.168.1.5" 0.005
192.168.1.18 - - [10/Jun/2024:01:16:47 +0000] "PUT /tnslt HTTP/1.1" 500 2889 "https://www.msn.com/" "Mozilla/5.0 (Windows NT 10.0; WOW64) AppleWebKit/537.36 (KHTML, like Gecko) Chrome/58.0.3029.110 Safari/537.36 OPR/45.0.2552.898" "192.168.52.1" 0.002
2001:db8:0:1:0:0:0:7 - - [10/Jun/2024:01:16:47 +0000] "GET /blubfdit HTTP/1.1" 403 2042 "https://www.google.com/" "Mozilla/5.0 (Windows NT 6.1; WOW64; rv:54.0) Gecko/20100101 Firefox/54.0" "192.168.1.2" 0.001
192.168.1.22 - - [10/Jun/2024:01:16:47 +0000] "DELETE /st HTTP/1.1" 500 9625 "https://www.ibm.com/" "Mozilla/5.0 (Windows NT 10.0; Win64; x64) AppleWebKit/537.36 (KHTML, like Gecko) Chrome/62.0.3202.94 Safari/537.36" "192.168.56.1" 0.005
192.168.1.6 - - [10/Jun/2024:01:16:47 +0000] "POST /vnfrr HTTP/1.1" 200 2599 "https://www.example.com/" "Mozilla/5.0 (Windows NT 10.0; Win64; x64) AppleWebKit/537.36 (KHTML, like Gecko) Chrome/62.0.3202.94 Safari/537.36" "192.168.1.3" 0.002
192.168.1.14 - - [10/Jun/2024:01:16:47 +0000] "GET /xqfgb HTTP/1.1" 401 1998 "https://www.ibm.com/" "Mozilla/5.0 (Windows NT 10.0; Win64; x64) AppleWebKit/537.36 (KHTML, like Gecko) Chrome/62.0.3202.94 Safari/537.36" "192.168.1.2" 0.002
192.168.1.23 - - [10/Jun/2024:01:16:47 +0000] "PUT /ohe HTTP/1.1" 401 4308 "https://www.ibm.com/" "Mozilla/5.0 (Windows NT 10.0; Win64; x64; rv:54.0) Gecko/20100101 Firefox/54.0" "192.168.1.2" 0.001
192.168.1.12 - - [10/Jun/2024:01:16:47 +0000] "POST /kengqd HTTP/1.1" 403 8325 "https://www.example.com/" "Mozilla/5.0 (Windows NT 10.0; Win64; x64) AppleWebKit/537.36 (KHTML, like Gecko) Chrome/58.0.3029.110 Safari/537.36" "192.168.56.1" 0.005
192.168.1.1 - - [10/Jun/2024:01:16:47 +0000] "PUT /pui HTTP/1.1" 302 5246 "https://www.msn.com/" "Mozilla/5.0 (Windows NT 10.0; Win64; x64; rv:54.0) Gecko/20100101 Firefox/54.0" "192.168.1.2" 0.001
192.168.1.49 - - [10/Jun/2024:01:16:47 +0000] "GET /q HTTP/1.1" 403 3790 "https://www.example.com/" "Mozilla/5.0 (Windows NT 6.1; WOW64; Trident/7.0; AS; rv:11.0) like Gecko" "192.168.1.1" 0.001
192.168.1.28 - - [10/Jun/2024:01:16:47 +0000] "DELETE /pgoix HTTP/1.1" 500 8313 "https://www.google.com/" "Mozilla/5.0 (Windows NT 10.0; Win64; x64) AppleWebKit/537.36 (KHTML, like Gecko) Chrome/62.0.3202.94 Safari/537.36" "192.168.1.4" 0.005
192.168.1.32 - - [10/Jun/2024:01:16:47 +0000] "POST /z HTTP/1.1" 201 1413 "https://www.ibm.com/" "Mozilla/5.0 (Windows NT 10.0; Win64; x64) AppleWebKit/537.36 (KHTML, like Gecko) Chrome/58.0.3029.110 Safari/537.36" "192.168.1.2" 0.002
