192.168.1.45 - - [12/Jun/2024:06:52:57 +0000] "PUT /obdh HTTP/1.1" 302 6959 "https://www.google.com/" "Mozilla/5.0 (Windows NT 6.1; WOW64; Trident/7.0; AS; rv:11.0) like Gecko" "192.168.1.3" 0.001
192.168.1.10 - - [12/Jun/2024:06:53:08 +0000] "DELETE /guieox HTTP/1.1" 400 9990 "https://www.example.com/" "Mozilla/5.0 (Windows NT 10.0; Win64; x64) AppleWebKit/537.36 (KHTML, like Gecko) Chrome/62.0.3202.94 Safari/537.36" "192.168.56.1" 0.002
192.168.1.37 - - [12/Jun/2024:06:53:10 +0000] "POST /jik HTTP/1.1" 301 5388 "https://www.example.com/" "Mozilla/5.0 (Windows NT 6.1; WOW64; Trident/7.0; AS; rv:11.0) like Gecko" "192.168.56.1" 0.09
192.168.1.49 - - [12/Jun/2024:06:53:10 +0000] "GET /eccczberlf HTTP/1.1" 302 3549 "https://www.example.com/" "Mozilla/5.0 (Windows NT 10.0; Win64; x64) AppleWebKit/537.36 (KHTML, like Gecko) Chrome/58.0.3029.110 Safari/537.36" "192.168.1.4" 0.09
2001:db8:0:1:0:0:0:9 - - [12/Jun/2024:06:53:11 +0000] "POST /jsrsdj HTTP/1.1" 201 5091 "https://www.google.com/" "Mozilla/5.0 (Windows NT 10.0; Win64; x64) AppleWebKit/537.36 (KHTML, like Gecko) Chrome/58.0.3029.110 Safari/537.36" "192.168.1.5" 0.001
2001:db8:0:1:0:0:0:3 - - [12/Jun/2024:06:53:13 +0000] "DELETE /oarph HTTP/1.1" 401 4844 "https://www.example.com/" "Mozilla/5.0 (Windows NT 10.0; WOW64) AppleWebKit/537.36 (KHTML, like Gecko) Chrome/58.0.3029.110 Safari/537.36 OPR/45.0.2552.898" "192.168.1.2" 0.002
2001:db8:0:1:0:0:0:5 - - [12/Jun/2024:06:53:14 +0000] "POST /xpwpfygck HTTP/1.1" 401 4616 "https://www.example.com/" "Mozilla/5.0 (Windows NT 6.1; WOW64; rv:54.0) Gecko/20100101 Firefox/54.0" "192.168.1.4" 0.001
192.168.1.31 - - [12/Jun/2024:06:53:15 +0000] "POST /o HTTP/1.1" 204 3895 "https://www.google.com/" "Mozilla/5.0 (Windows NT 10.0; Win64; x64) AppleWebKit/537.36 (KHTML, like Gecko) Chrome/62.0.3202.94 Safari/537.36" "192.168.1.2" 0.001
192.168.1.6 - - [12/Jun/2024:06:53:19 +0000] "PUT /zyktpf HTTP/1.1" 401 5387 "https://www.google.com/" "Mozilla/5.0 (Windows NT 10.0; WOW64) AppleWebKit/537.36 (KHTML, like Gecko) Chrome/58.0.3029.110 Safari/537.36 OPR/45.0.2552.898" "192.168.52.1" 0.025
192.168.1.14 - - [12/Jun/2024:06:53:22 +0000] "PUT /b HTTP/1.1" 204 2013 "https://www.example.com/" "Mozilla/5.0 (Windows NT 10.0; Win64; x64; rv:54.0) Gecko/20100101 Firefox/54.0" "192.168.52.1" 0.001
192.168.1.45 - - [12/Jun/2024:06:53:25 +0000] "POST /gigcw HTTP/1.1" 404 6268 "https://www.example.com/" "Mozilla/5.0 (Windows NT 6.1; WOW64; rv:54.0) Gecko/20100101 Firefox/54.0" "192.168.1.1" 0.002
192.168.1.2 - - [12/Jun/2024:06:53:33 +0000] "POST /slvc HTTP/1.1" 204 277 "https://www.google.com/" "Mozilla/5.0 (Windows NT 6.1; WOW64; rv:54.0) Gecko/20100101 Firefox/54.0" "192.168.1.4" 0.001
192.168.1.31 - - [12/Jun/2024:06:53:35 +0000] "DELETE /pvlgvsips HTTP/1.1" 200 3078 "https://www.ibm.com/" "Mozilla/5.0 (Windows NT 6.1; WOW64; rv:54.0) Gecko/20100101 Firefox/54.0" "192.168.52.1" 0.002
192.168.1.50 - - [12/Jun/2024:06:53:47 +0000] "PUT /tddqmfxco HTTP/1.1" 403 5294 "https://www.google.com/" "Mozilla/5.0 (Windows NT 10.0; WOW64) AppleWebKit/537.36 (KHTML, like Gecko) Chrome/58.0.3029.110 Safari/537.36 OPR/45.0.2552.898" "192.168.1.1" 0.15
192.168.1.12 - - [12/Jun/2024:06:53:48 +0000] "PUT /tqbyeldq HTTP/1.1" 302 5368 "https://www.msn.com/" "Mozilla/5.0 (Windows NT 10.0; Win64; x64) AppleWebKit/537.36 (KHTML, like Gecko) Chrome/58.0.3029.110 Safari/537.36" "192.168.1.2" 0.001
192.168.1.1 - - [12/Jun/2024:06:54:02 +0000] "POST /cirstuoer HTTP/1.1" 201 7909 "https://www.example.com/" "Mozilla/5.0 (Windows NT 10.0; Win64; x64) AppleWebKit/537.36 (KHTML, like Gecko) Chrome/62.0.3202.94 Safari/537.36" "192.168.1.3" 0.025
2001:db8:0:1:0:0:0:6 - - [12/Jun/2024:06:54:07 +0000] "DELETE /hqgzl HTTP/1.1" 401 9008 "https://www.google.com/" "Mozilla/5.0 (Windows NT 10.0; Win64; x64) AppleWebKit/537.36 (KHTML, like Gecko) Chrome/58.0.3029.110 Safari/537.36" "192.168.52.1" 0.001
192.168.1.47 - - [12/Jun/2024:06:54:18 +0000] "GET /pi HTTP/1.1" 403 1237 "https://www.msn.com/" "Mozilla/5.0 (Windows NT 10.0; Win64; x64) AppleWebKit/537.36 (KHTML, like Gecko) Chrome/58.0.3029.110 Safari/537.36" "192.168.1.1" 0.15
192.168.1.19 - - [12/Jun/2024:06:54:18 +0000] "DELETE /zyy HTTP/1.1" 400 381 "https://www.ibm.com/" "Mozilla/5.0 (Windows NT 10.0; WOW64) AppleWebKit/537.36 (KHTML, like Gecko) Chrome/58.0.3029.110 Safari/537.36 OPR/45.0.2552.898" "192.168.1.2" 0.025
192.168.1.18 - - [12/Jun/2024:06:54:23 +0000] "POST /xgwfqlbn HTTP/1.1" 201 8444 "https://www.msn.com/" "Mozilla/5.0 (Windows NT 10.0; WOW64) AppleWebKit/537.36 (KHTML, like Gecko) Chrome/58.0.3029.110 Safari/537.36 OPR/45.0.2552.898" "192.168.56.1" 0.001
192.168.1.42 - - [12/Jun/2024:06:54:39 +0000] "DELETE /aopqt HTTP/1.1" 204 3012 "https://www.msn.com/" "Mozilla/5.0 (Windows NT 10.0; WOW64) AppleWebKit/537.36 (KHTML, like Gecko) Chrome/58.0.3029.110 Safari/537.36 OPR/45.0.2552.898" "192.168.1.2" 0.002
192.168.1.40 - - [12/Jun/2024:06:54:42 +0000] "POST /oin HTTP/1.1" 400 1672 "https://www.google.com/" "Mozilla/5.0 (Windows NT 10.0; Win64; x64) AppleWebKit/537.36 (KHTML, like Gecko) Chrome/58.0.3029.110 Safari/537.36" "192.168.1.2" 0.002
192.168.1.4 - - [12/Jun/2024:06:54:43 +0000] "PUT /i HTTP/1.1" 404 5986 "https://www.ibm.com/" "Mozilla/5.0 (Windows NT 10.0; Win64; x64; rv:54.0) Gecko/20100101 Firefox/54.0" "192.168.1.3" 0.09
192.168.1.36 - - [12/Jun/2024:06:54:51 +0000] "POST /vniaa HTTP/1.1" 204 8853 "https://www.google.com/" "Mozilla/5.0 (Windows NT 6.1; WOW64; Trident/7.0; AS; rv:11.0) like Gecko" "192.168.1.4" 0.001
192.168.1.13 - - [12/Jun/2024:06:55:03 +0000] "GET /ovdl HTTP/1.1" 204 1819 "https://www.google.com/" "Mozilla/5.0 (Windows NT 10.0; Win64; x64; rv:54.0) Gecko/20100101 Firefox/54.0" "192.168.56.1" 0.001
192.168.1.38 - - [12/Jun/2024:06:55:04 +0000] "POST /y HTTP/1.1" 301 4771 "https://www.google.com/" "Mozilla/5.0 (Windows NT 6.1; WOW64; Trident/7.0; AS; rv:11.0) like Gecko" "192.168.56.1" 0.09
192.168.1.27 - - [12/Jun/2024:06:55:06 +0000] "POST /mftdf HTTP/1.1" 204 6595 "https://www.ibm.com/" "Mozilla/5.0 (Windows NT 10.0; Win64; x64) AppleWebKit/537.36 (KHTML, like Gecko) Chrome/58.0.3029.110 Safari/537.36" "192.168.56.1" 0.001
2001:db8:0:1:0:0:0:6 - - [12/Jun/2024:06:55:07 +0000] "GET /ncmn HTTP/1.1" 201 8298 "https://www.example.com/" "Mozilla/5.0 (Windows NT 10.0; WOW64) AppleWebKit/537.36 (KHTML, like Gecko) Chrome/58.0.3029.110 Safari/537.36 OPR/45.0.2552.898" "192.168.1.3" 0.001
2001:db8:0:1:0:0:0:c - - [12/Jun/2024:06:55:08 +0000] "DELETE /olxax HTTP/1.1" 400 3918 "https://www.ibm.com/" "Mozilla/5.0 (Windows NT 6.1; WOW64; rv:54.0) Gecko/20100101 Firefox/54.0" "192.168.56.1" 0.002
2001:db8:0:1:0:0:0:9 - - [12/Jun/2024:06:55:10 +0000] "POST /wqsnnze HTTP/1.1" 200 1339 "https://www.google.com/" "Mozilla/5.0 (Windows NT 10.0; WOW64) AppleWebKit/537.36 (KHTML, like Gecko) Chrome/58.0.3029.110 Safari/537.36 OPR/45.0.2552.898" "192.168.1.4" 0.15
192.168.1.36 - - [12/Jun/2024:06:55:17 +0000] "DELETE /yvpyvalaff HTTP/1.1" 302 9400 "https://www.ibm.com/" "Mozilla/5.0 (Windows NT 6.1; WOW64; rv:54.0) Gecko/20100101 Firefox/54.0" "192.168.56.1" 0.002
192.168.1.17 - - [12/Jun/2024:06:55:19 +0000] "DELETE /dxqpqvmm HTTP/1.1" 404 8984 "https://www.ibm.com/" "Mozilla/5.0 (Windows NT 10.0; WOW64) AppleWebKit/537.36 (KHTML, like Gecko) Chrome/58.0.3029.110 Safari/537.36 OPR/45.0.2552.898" "192.168.1.3" 0.09
192.168.1.11 - - [12/Jun/2024:06:55:31 +0000] "POST /dohahthk HTTP/1.1" 500 9190 "https://www.google.com/" "Mozilla/5.0 (Windows NT 10.0; Win64; x64; rv:54.0) Gecko/20100101 Firefox/54.0" "192.168.1.3" 0.001
192.168.1.3 - - [12/Jun/2024:06:55:35 +0000] "PUT /obtaqkl HTTP/1.1" 302 6836 "https://www.msn.com/" "Mozilla/5.0 (Windows NT 10.0; Win64; x64) AppleWebKit/537.36 (KHTML, like Gecko) Chrome/58.0.3029.110 Safari/537.36" "192.168.1.3" 0.025
192.168.1.5 - - [12/Jun/2024:06:55:38 +0000] "POST /gsvyejif HTTP/1.1" 403 2906 "https://www.google.com/" "Mozilla/5.0 (Windows NT 6.1; WOW64; Trident/7.0; AS; rv:11.0) like Gecko" "192.168.52.1" 0.002
192.168.1.4 - - [12/Jun/2024:06:55:40 +0000] "DELETE /vvcpo HTTP/1.1" 500 8686 "https://www.ibm.com/" "Mozilla/5.0 (Windows NT 10.0; Win64; x64; rv:54.0) Gecko/20100101 Firefox/54.0" "192.168.1.3" 0.09
192.168.1.24 - - [12/Jun/2024:06:55:41 +0000] "POST /sipgytdny HTTP/1.1" 204 5062 "https://www.msn.com/" "Mozilla/5.0 (Windows NT 6.1; WOW64; Trident/7.0; AS; rv:11.0) like Gecko" "192.168.1.3" 0.025
192.168.1.40 - - [12/Jun/2024:06:55:43 +0000] "DELETE /czyrfw HTTP/1.1" 200 9546 "https://www.msn.com/" "Mozilla/5.0 (Windows NT 10.0; Win64; x64) AppleWebKit/537.36 (KHTML, like Gecko) Chrome/62.0.3202.94 Safari/537.36" "192.168.1.2" 0.09
2001:db8:0:1:0:0:0:6 - - [12/Jun/2024:06:55:51 +0000] "GET /jfso HTTP/1.1" 302 5940 "https://www.google.com/" "Mozilla/5.0 (Windows NT 10.0; Win64; x64) AppleWebKit/537.36 (KHTML, like Gecko) Chrome/58.0.3029.110 Safari/537.36" "192.168.1.4" 0.1
2001:db8:0:1:0:0:0:a - - [12/Jun/2024:06:55:55 +0000] "GET /wkvgq HTTP/1.1" 201 9814 "https://www.google.com/" "Mozilla/5.0 (Windows NT 10.0; Win64; x64) AppleWebKit/537.36 (KHTML, like Gecko) Chrome/62.0.3202.94 Safari/537.36" "192.168.52.1" 0.15
192.168.1.38 - - [12/Jun/2024:06:55:57 +0000] "POST /mfazbuj HTTP/1.1" 201 7129 "https://www.example.com/" "Mozilla/5.0 (Windows NT 6.1; WOW64; Trident/7.0; AS; rv:11.0) like Gecko" "192.168.1.1" 0.001
192.168.1.38 - - [12/Jun/2024:06:55:58 +0000] "POST /ddloywdjxi HTTP/1.1" 400 889 "https://www.ibm.com/" "Mozilla/5.0 (Windows NT 10.0; Win64; x64) AppleWebKit/537.36 (KHTML, like Gecko) Chrome/58.0.3029.110 Safari/537.36" "192.168.1.4" 0.15
192.168.1.25 - - [12/Jun/2024:06:56:08 +0000] "GET /wgyt HTTP/1.1" 404 749 "https://www.google.com/" "Mozilla/5.0 (Windows NT 10.0; Win64; x64; rv:54.0) Gecko/20100101 Firefox/54.0" "192.168.1.1" 0.001
2001:db8:0:1:0:0:0:c - - [12/Jun/2024:06:56:09 +0000] "GET /vtizkccyxc HTTP/1.1" 200 6642 "https://www.example.com/" "Mozilla/5.0 (Windows NT 10.0; Win64; x64) AppleWebKit/537.36 (KHTML, like Gecko) Chrome/58.0.3029.110 Safari/537.36" "192.168.1.5" 0.001
192.168.1.24 - - [12/Jun/2024:06:56:09 +0000] "POST /bftqhrqc HTTP/1.1" 201 2130 "https://www.msn.com/" "Mozilla/5.0 (Windows NT 6.1; WOW64; rv:54.0) Gecko/20100101 Firefox/54.0" "192.168.56.1" 0.002
192.168.1.7 - - [12/Jun/2024:06:56:14 +0000] "POST /qcgbzuh HTTP/1.1" 200 8362 "https://www.msn.com/" "Mozilla/5.0 (Windows NT 10.0; Win64; x64) AppleWebKit/537.36 (KHTML, like Gecko) Chrome/58.0.3029.110 Safari/537.36" "192.168.1.5" 0.09
192.168.1.41 - - [12/Jun/2024:06:56:21 +0000] "DELETE /loyj HTTP/1.1" 302 7510 "https://www.google.com/" "Mozilla/5.0 (Windows NT 10.0; Win64; x64) AppleWebKit/537.36 (KHTML, like Gecko) Chrome/62.0.3202.94 Safari/537.36" "192.168.52.1" 0.025
192.168.1.26 - - [12/Jun/2024:06:56:22 +0000] "DELETE /ktisly HTTP/1.1" 404 7188 "https://www.example.com/" "Mozilla/5.0 (Windows NT 10.0; WOW64) AppleWebKit/537.36 (KHTML, like Gecko) Chrome/58.0.3029.110 Safari/537.36 OPR/45.0.2552.898" "192.168.56.1" 0.001
192.168.1.34 - - [12/Jun/2024:06:56:28 +0000] "DELETE /btkk HTTP/1.1" 401 5277 "https://www.google.com/" "Mozilla/5.0 (Windows NT 10.0; WOW64) AppleWebKit/537.36 (KHTML, like Gecko) Chrome/58.0.3029.110 Safari/537.36 OPR/45.0.2552.898" "192.168.1.2" 0.025
192.168.1.4 - - [12/Jun/2024:06:56:35 +0000] "DELETE /tl HTTP/1.1" 404 5002 "https://www.msn.com/" "Mozilla/5.0 (Windows NT 10.0; Win64; x64; rv:54.0) Gecko/20100101 Firefox/54.0" "192.168.56.1" 0.002
2001:db8:0:1:0:0:0:6 - - [12/Jun/2024:06:56:54 +0000] "DELETE /ahn HTTP/1.1" 500 9435 "https://www.ibm.com/" "Mozilla/5.0 (Windows NT 10.0; Win64; x64) AppleWebKit/537.36 (KHTML, like Gecko) Chrome/58.0.3029.110 Safari/537.36" "192.168.52.1" 0.002
192.168.1.8 - - [12/Jun/2024:06:56:55 +0000] "DELETE /mdpamag HTTP/1.1" 200 6777 "https://www.ibm.com/" "Mozilla/5.0 (Windows NT 10.0; Win64; x64; rv:54.0) Gecko/20100101 Firefox/54.0" "192.168.52.1" 0.025
192.168.1.34 - - [12/Jun/2024:06:56:58 +0000] "DELETE /izqpxnsm HTTP/1.1" 302 2606 "https://www.ibm.com/" "Mozilla/5.0 (Windows NT 10.0; Win64; x64) AppleWebKit/537.36 (KHTML, like Gecko) Chrome/62.0.3202.94 Safari/537.36" "192.168.1.4" 0.002
192.168.1.26 - - [12/Jun/2024:06:57:04 +0000] "POST /soxqzvogpt HTTP/1.1" 201 7168 "https://www.ibm.com/" "Mozilla/5.0 (Windows NT 10.0; Win64; x64) AppleWebKit/537.36 (KHTML, like Gecko) Chrome/58.0.3029.110 Safari/537.36" "192.168.52.1" 0.1
192.168.1.19 - - [12/Jun/2024:06:57:05 +0000] "PUT /oorsph HTTP/1.1" 200 4241 "https://www.ibm.com/" "Mozilla/5.0 (Windows NT 6.1; WOW64; Trident/7.0; AS; rv:11.0) like Gecko" "192.168.1.3" 0.09
192.168.1.23 - - [12/Jun/2024:06:57:14 +0000] "PUT /bzuu HTTP/1.1" 302 1789 "https://www.msn.com/" "Mozilla/5.0 (Windows NT 10.0; WOW64) AppleWebKit/537.36 (KHTML, like Gecko) Chrome/58.0.3029.110 Safari/537.36 OPR/45.0.2552.898" "192.168.1.4" 0.001
192.168.1.37 - - [12/Jun/2024:06:57:24 +0000] "POST /eeqxq HTTP/1.1" 401 1755 "https://www.ibm.com/" "Mozilla/5.0 (Windows NT 6.1; WOW64; rv:54.0) Gecko/20100101 Firefox/54.0" "192.168.52.1" 0.1
192.168.1.23 - - [12/Jun/2024:06:57:27 +0000] "POST /xjlvrkwtx HTTP/1.1" 204 3153 "https://www.google.com/" "Mozilla/5.0 (Windows NT 10.0; Win64; x64; rv:54.0) Gecko/20100101 Firefox/54.0" "192.168.1.2" 0.1
192.168.1.46 - - [12/Jun/2024:06:57:32 +0000] "PUT /sbauzd HTTP/1.1" 302 7548 "https://www.ibm.com/" "Mozilla/5.0 (Windows NT 10.0; WOW64) AppleWebKit/537.36 (KHTML, like Gecko) Chrome/58.0.3029.110 Safari/537.36 OPR/45.0.2552.898" "192.168.56.1" 0.002
192.168.1.24 - - [12/Jun/2024:06:57:36 +0000] "PUT /urcqaarz HTTP/1.1" 201 8732 "https://www.msn.com/" "Mozilla/5.0 (Windows NT 10.0; Win64; x64) AppleWebKit/537.36 (KHTML, like Gecko) Chrome/62.0.3202.94 Safari/537.36" "192.168.1.5" 0.002
192.168.1.19 - - [12/Jun/2024:06:57:40 +0000] "DELETE /luzjm HTTP/1.1" 200 8462 "https://www.msn.com/" "Mozilla/5.0 (Windows NT 6.1; WOW64; rv:54.0) Gecko/20100101 Firefox/54.0" "192.168.56.1" 0.002
192.168.1.13 - - [12/Jun/2024:06:57:40 +0000] "GET /vgmf HTTP/1.1" 204 5298 "https://www.google.com/" "Mozilla/5.0 (Windows NT 10.0; Win64; x64) AppleWebKit/537.36 (KHTML, like Gecko) Chrome/58.0.3029.110 Safari/537.36" "192.168.52.1" 0.002
192.168.1.26 - - [12/Jun/2024:06:57:40 +0000] "PUT /zmqnidlfrm HTTP/1.1" 204 2848 "https://www.ibm.com/" "Mozilla/5.0 (Windows NT 10.0; Win64; x64) AppleWebKit/537.36 (KHTML, like Gecko) Chrome/62.0.3202.94 Safari/537.36" "192.168.56.1" 0.025
2001:db8:0:1:0:0:0:8 - - [12/Jun/2024:06:57:43 +0000] "POST /jqc HTTP/1.1" 201 541 "https://www.msn.com/" "Mozilla/5.0 (Windows NT 10.0; WOW64) AppleWebKit/537.36 (KHTML, like Gecko) Chrome/58.0.3029.110 Safari/537.36 OPR/45.0.2552.898" "192.168.1.1" 0.002
2001:db8:0:1:0:0:0:7 - - [12/Jun/2024:06:57:43 +0000] "PUT /mg HTTP/1.1" 200 9124 "https://www.ibm.com/" "Mozilla/5.0 (Windows NT 10.0; WOW64) AppleWebKit/537.36 (KHTML, like Gecko) Chrome/58.0.3029.110 Safari/537.36 OPR/45.0.2552.898" "192.168.1.3" 0.025
192.168.1.30 - - [12/Jun/2024:06:57:43 +0000] "POST /ohwniasri HTTP/1.1" 401 3046 "https://www.google.com/" "Mozilla/5.0 (Windows NT 10.0; Win64; x64) AppleWebKit/537.36 (KHTML, like Gecko) Chrome/62.0.3202.94 Safari/537.36" "192.168.1.2" 0.1
192.168.1.11 - - [12/Jun/2024:06:57:43 +0000] "DELETE /k HTTP/1.1" 404 7106 "https://www.ibm.com/" "Mozilla/5.0 (Windows NT 6.1; WOW64; rv:54.0) Gecko/20100101 Firefox/54.0" "192.168.1.3" 0.001
192.168.1.12 - - [12/Jun/2024:06:57:48 +0000] "PUT /l HTTP/1.1" 301 8613 "https://www.ibm.com/" "Mozilla/5.0 (Windows NT 6.1; WOW64; Trident/7.0; AS; rv:11.0) like Gecko" "192.168.1.2" 0.025
192.168.1.12 - - [12/Jun/2024:06:57:53 +0000] "POST /uhnzuc HTTP/1.1" 204 6252 "https://www.google.com/" "Mozilla/5.0 (Windows NT 10.0; Win64; x64) AppleWebKit/537.36 (KHTML, like Gecko) Chrome/58.0.3029.110 Safari/537.36" "192.168.1.3" 0.15
192.168.1.20 - - [12/Jun/2024:06:57:54 +0000] "DELETE /uxugizi HTTP/1.1" 403 9122 "https://www.google.com/" "Mozilla/5.0 (Windows NT 6.1; WOW64; Trident/7.0; AS; rv:11.0) like Gecko" "192.168.52.1" 0.09
192.168.1.32 - - [12/Jun/2024:06:57:58 +0000] "POST /eljxhy HTTP/1.1" 403 1902 "https://www.ibm.com/" "Mozilla/5.0 (Windows NT 10.0; Win64; x64) AppleWebKit/537.36 (KHTML, like Gecko) Chrome/62.0.3202.94 Safari/537.36" "192.168.1.4" 0.15
2001:db8:0:1:0:0:0:b - - [12/Jun/2024:06:58:06 +0000] "PUT /xewgmbjb HTTP/1.1" 204 3505 "https://www.msn.com/" "Mozilla/5.0 (Windows NT 6.1; WOW64; Trident/7.0; AS; rv:11.0) like Gecko" "192.168.1.3" 0.15
192.168.1.42 - - [12/Jun/2024:06:58:11 +0000] "DELETE /fuowyebzlj HTTP/1.1" 401 4397 "https://www.google.com/" "Mozilla/5.0 (Windows NT 6.1; WOW64; rv:54.0) Gecko/20100101 Firefox/54.0" "192.168.1.3" 0.15
192.168.1.8 - - [12/Jun/2024:06:58:11 +0000] "GET /urtfbzpen HTTP/1.1" 400 4392 "https://www.msn.com/" "Mozilla/5.0 (Windows NT 6.1; WOW64; Trident/7.0; AS; rv:11.0) like Gecko" "192.168.1.1" 0.002
192.168.1.36 - - [12/Jun/2024:06:58:20 +0000] "POST /b HTTP/1.1" 200 6671 "https://www.example.com/" "Mozilla/5.0 (Windows NT 10.0; Win64; x64; rv:54.0) Gecko/20100101 Firefox/54.0" "192.168.1.3" 0.002
192.168.1.16 - - [12/Jun/2024:06:58:35 +0000] "POST /drn HTTP/1.1" 404 1967 "https://www.msn.com/" "Mozilla/5.0 (Windows NT 10.0; Win64; x64; rv:54.0) Gecko/20100101 Firefox/54.0" "192.168.56.1" 0.002
192.168.1.40 - - [12/Jun/2024:06:58:40 +0000] "GET /ebyhezwy HTTP/1.1" 301 6585 "https://www.google.com/" "Mozilla/5.0 (Windows NT 10.0; WOW64) AppleWebKit/537.36 (KHTML, like Gecko) Chrome/58.0.3029.110 Safari/537.36 OPR/45.0.2552.898" "192.168.1.1" 0.09
192.168.1.27 - - [12/Jun/2024:06:58:53 +0000] "POST /fpof HTTP/1.1" 200 9092 "https://www.ibm.com/" "Mozilla/5.0 (Windows NT 10.0; Win64; x64; rv:54.0) Gecko/20100101 Firefox/54.0" "192.168.1.2" 0.09
192.168.1.45 - - [12/Jun/2024:06:58:59 +0000] "PUT /fywy HTTP/1.1" 403 9016 "https://www.msn.com/" "Mozilla/5.0 (Windows NT 6.1; WOW64; rv:54.0) Gecko/20100101 Firefox/54.0" "192.168.1.2" 0.09
2001:db8:0:1:0:0:0:1 - - [12/Jun/2024:06:58:59 +0000] "GET /wfsozbhe HTTP/1.1" 404 5737 "https://www.example.com/" "Mozilla/5.0 (Windows NT 10.0; Win64; x64; rv:54.0) Gecko/20100101 Firefox/54.0" "192.168.1.4" 0.1
192.168.1.34 - - [12/Jun/2024:06:59:11 +0000] "POST /m HTTP/1.1" 500 1598 "https://www.msn.com/" "Mozilla/5.0 (Windows NT 10.0; WOW64) AppleWebKit/537.36 (KHTML, like Gecko) Chrome/58.0.3029.110 Safari/537.36 OPR/45.0.2552.898" "192.168.1.1" 0.002
192.168.1.45 - - [12/Jun/2024:06:59:11 +0000] "DELETE /c HTTP/1.1" 400 9743 "https://www.google.com/" "Mozilla/5.0 (Windows NT 10.0; Win64; x64; rv:54.0) Gecko/20100101 Firefox/54.0" "192.168.56.1" 0.025
192.168.1.37 - - [12/Jun/2024:06:59:14 +0000] "POST /wmcbtux HTTP/1.1" 500 7614 "https://www.ibm.com/" "Mozilla/5.0 (Windows NT 10.0; Win64; x64) AppleWebKit/537.36 (KHTML, like Gecko) Chrome/58.0.3029.110 Safari/537.36" "192.168.1.5" 0.002
192.168.1.31 - - [12/Jun/2024:06:59:17 +0000] "GET /zzhoubxbp HTTP/1.1" 302 7213 "https://www.example.com/" "Mozilla/5.0 (Windows NT 10.0; Win64; x64) AppleWebKit/537.36 (KHTML, like Gecko) Chrome/58.0.3029.110 Safari/537.36" "192.168.1.4" 0.001
192.168.1.44 - - [12/Jun/2024:06:59:18 +0000] "DELETE /ooxuyn HTTP/1.1" 500 2040 "https://www.example.com/" "Mozilla/5.0 (Windows NT 6.1; WOW64; rv:54.0) Gecko/20100101 Firefox/54.0" "192.168.1.5" 0.002
192.168.1.39 - - [12/Jun/2024:06:59:20 +0000] "DELETE /kgdsictt HTTP/1.1" 500 350 "https://www.example.com/" "Mozilla/5.0 (Windows NT 6.1; WOW64; rv:54.0) Gecko/20100101 Firefox/54.0" "192.168.1.5" 0.001
192.168.1.1 - - [12/Jun/2024:06:59:21 +0000] "POST /iotpzbaze HTTP/1.1" 301 2354 "https://www.ibm.com/" "Mozilla/5.0 (Windows NT 10.0; Win64; x64) AppleWebKit/537.36 (KHTML, like Gecko) Chrome/58.0.3029.110 Safari/537.36" "192.168.1.4" 0.15
192.168.1.26 - - [12/Jun/2024:06:59:29 +0000] "DELETE /bektwnyet HTTP/1.1" 401 137 "https://www.msn.com/" "Mozilla/5.0 (Windows NT 10.0; Win64; x64) AppleWebKit/537.36 (KHTML, like Gecko) Chrome/58.0.3029.110 Safari/537.36" "192.168.1.5" 0.15
192.168.1.28 - - [12/Jun/2024:06:59:31 +0000] "DELETE /konpicey HTTP/1.1" 301 3694 "https://www.msn.com/" "Mozilla/5.0 (Windows NT 10.0; WOW64) AppleWebKit/537.36 (KHTML, like Gecko) Chrome/58.0.3029.110 Safari/537.36 OPR/45.0.2552.898" "192.168.52.1" 0.15
192.168.1.13 - - [12/Jun/2024:06:59:48 +0000] "GET /be HTTP/1.1" 204 5912 "https://www.ibm.com/" "Mozilla/5.0 (Windows NT 10.0; WOW64) AppleWebKit/537.36 (KHTML, like Gecko) Chrome/58.0.3029.110 Safari/537.36 OPR/45.0.2552.898" "192.168.1.2" 0.09
2001:db8:0:1:0:0:0:9 - - [12/Jun/2024:06:59:50 +0000] "DELETE /ckwhwrj HTTP/1.1" 500 9199 "https://www.ibm.com/" "Mozilla/5.0 (Windows NT 10.0; Win64; x64) AppleWebKit/537.36 (KHTML, like Gecko) Chrome/58.0.3029.110 Safari/537.36" "192.168.1.1" 0.025
192.168.1.9 - - [12/Jun/2024:06:59:51 +0000] "PUT /qoufbxkk HTTP/1.1" 302 3244 "https://www.msn.com/" "Mozilla/5.0 (Windows NT 10.0; Win64; x64) AppleWebKit/537.36 (KHTML, like Gecko) Chrome/62.0.3202.94 Safari/537.36" "192.168.1.3" 0.001
192.168.1.20 - - [12/Jun/2024:06:59:51 +0000] "GET /q HTTP/1.1" 403 645 "https://www.example.com/" "Mozilla/5.0 (Windows NT 10.0; Win64; x64; rv:54.0) Gecko/20100101 Firefox/54.0" "192.168.1.2" 0.001
192.168.1.36 - - [12/Jun/2024:06:59:55 +0000] "POST /aowiarr HTTP/1.1" 204 7494 "https://www.google.com/" "Mozilla/5.0 (Windows NT 10.0; WOW64) AppleWebKit/537.36 (KHTML, like Gecko) Chrome/58.0.3029.110 Safari/537.36 OPR/45.0.2552.898" "192.168.1.4" 0.002
192.168.1.43 - - [12/Jun/2024:06:59:56 +0000] "PUT /vixqjvkae HTTP/1.1" 404 7970 "https://www.example.com/" "Mozilla/5.0 (Windows NT 10.0; Win64; x64) AppleWebKit/537.36 (KHTML, like Gecko) Chrome/58.0.3029.110 Safari/537.36" "192.168.56.1" 0.002
192.168.1.1 - - [12/Jun/2024:06:59:57 +0000] "PUT /gffywpy HTTP/1.1" 401 5760 "https://www.ibm.com/" "Mozilla/5.0 (Windows NT 10.0; WOW64) AppleWebKit/537.36 (KHTML, like Gecko) Chrome/58.0.3029.110 Safari/537.36 OPR/45.0.2552.898" "192.168.56.1" 0.1
2001:db8:0:1:0:0:0:2 - - [12/Jun/2024:07:00:01 +0000] "POST /ua HTTP/1.1" 302 6045 "https://www.msn.com/" "Mozilla/5.0 (Windows NT 6.1; WOW64; rv:54.0) Gecko/20100101 Firefox/54.0" "192.168.1.1" 0.001
192.168.1.43 - - [12/Jun/2024:07:00:02 +0000] "POST /ariv HTTP/1.1" 401 4923 "https://www.ibm.com/" "Mozilla/5.0 (Windows NT 6.1; WOW64; rv:54.0) Gecko/20100101 Firefox/54.0" "192.168.1.5" 0.001
192.168.1.17 - - [12/Jun/2024:07:00:03 +0000] "GET /gq HTTP/1.1" 404 8917 "https://www.google.com/" "Mozilla/5.0 (Windows NT 10.0; Win64; x64) AppleWebKit/537.36 (KHTML, like Gecko) Chrome/62.0.3202.94 Safari/537.36" "192.168.52.1" 0.09
192.168.1.17 - - [12/Jun/2024:07:00:07 +0000] "GET /vhdtrzo HTTP/1.1" 500 7956 "https://www.google.com/" "Mozilla/5.0 (Windows NT 6.1; WOW64; rv:54.0) Gecko/20100101 Firefox/54.0" "192.168.1.4" 0.001
192.168.1.26 - - [12/Jun/2024:07:00:08 +0000] "DELETE /pdv HTTP/1.1" 400 2934 "https://www.google.com/" "Mozilla/5.0 (Windows NT 10.0; WOW64) AppleWebKit/537.36 (KHTML, like Gecko) Chrome/58.0.3029.110 Safari/537.36 OPR/45.0.2552.898" "192.168.1.1" 0.09
192.168.1.17 - - [12/Jun/2024:07:00:09 +0000] "POST /npmwkclxpo HTTP/1.1" 401 5082 "https://www.google.com/" "Mozilla/5.0 (Windows NT 10.0; WOW64) AppleWebKit/537.36 (KHTML, like Gecko) Chrome/58.0.3029.110 Safari/537.36 OPR/45.0.2552.898" "192.168.1.5" 0.002
192.168.1.48 - - [12/Jun/2024:07:00:14 +0000] "PUT /oxufs HTTP/1.1" 400 2396 "https://www.ibm.com/" "Mozilla/5.0 (Windows NT 10.0; WOW64) AppleWebKit/537.36 (KHTML, like Gecko) Chrome/58.0.3029.110 Safari/537.36 OPR/45.0.2552.898" "192.168.1.5" 0.15
192.168.1.44 - - [12/Jun/2024:07:00:17 +0000] "PUT /rrlxkix HTTP/1.1" 404 6679 "https://www.example.com/" "Mozilla/5.0 (Windows NT 10.0; WOW64) AppleWebKit/537.36 (KHTML, like Gecko) Chrome/58.0.3029.110 Safari/537.36 OPR/45.0.2552.898" "192.168.1.2" 0.15
192.168.1.19 - - [12/Jun/2024:07:00:23 +0000] "DELETE /tizkrmqd HTTP/1.1" 404 4540 "https://www.msn.com/" "Mozilla/5.0 (Windows NT 6.1; WOW64; rv:54.0) Gecko/20100101 Firefox/54.0" "192.168.1.4" 0.002
192.168.1.48 - - [12/Jun/2024:07:00:24 +0000] "GET /w HTTP/1.1" 400 2695 "https://www.msn.com/" "Mozilla/5.0 (Windows NT 10.0; WOW64) AppleWebKit/537.36 (KHTML, like Gecko) Chrome/58.0.3029.110 Safari/537.36 OPR/45.0.2552.898" "192.168.56.1" 0.002
192.168.1.4 - - [12/Jun/2024:07:00:27 +0000] "PUT /zylwsr HTTP/1.1" 204 5051 "https://www.ibm.com/" "Mozilla/5.0 (Windows NT 10.0; Win64; x64) AppleWebKit/537.36 (KHTML, like Gecko) Chrome/58.0.3029.110 Safari/537.36" "192.168.1.2" 0.025
192.168.1.41 - - [12/Jun/2024:07:00:32 +0000] "PUT /axjjxhse HTTP/1.1" 403 9388 "https://www.example.com/" "Mozilla/5.0 (Windows NT 10.0; Win64; x64) AppleWebKit/537.36 (KHTML, like Gecko) Chrome/62.0.3202.94 Safari/537.36" "192.168.1.3" 0.002
192.168.1.14 - - [12/Jun/2024:07:00:32 +0000] "PUT /ita HTTP/1.1" 201 9870 "https://www.ibm.com/" "Mozilla/5.0 (Windows NT 6.1; WOW64; rv:54.0) Gecko/20100101 Firefox/54.0" "192.168.1.3" 0.001
192.168.1.21 - - [12/Jun/2024:07:00:35 +0000] "PUT /ctzblt HTTP/1.1" 401 6309 "https://www.msn.com/" "Mozilla/5.0 (Windows NT 10.0; Win64; x64; rv:54.0) Gecko/20100101 Firefox/54.0" "192.168.1.1" 0.002
192.168.1.20 - - [12/Jun/2024:07:00:36 +0000] "POST /aessof HTTP/1.1" 500 9061 "https://www.google.com/" "Mozilla/5.0 (Windows NT 6.1; WOW64; rv:54.0) Gecko/20100101 Firefox/54.0" "192.168.1.1" 0.001
192.168.1.32 - - [12/Jun/2024:07:00:36 +0000] "POST /pyragxxgoa HTTP/1.1" 400 6962 "https://www.example.com/" "Mozilla/5.0 (Windows NT 10.0; Win64; x64) AppleWebKit/537.36 (KHTML, like Gecko) Chrome/62.0.3202.94 Safari/537.36" "192.168.1.4" 0.001
192.168.1.22 - - [12/Jun/2024:07:00:39 +0000] "DELETE /j HTTP/1.1" 200 3818 "https://www.google.com/" "Mozilla/5.0 (Windows NT 10.0; Win64; x64) AppleWebKit/537.36 (KHTML, like Gecko) Chrome/62.0.3202.94 Safari/537.36" "192.168.52.1" 0.025
192.168.1.6 - - [12/Jun/2024:07:00:41 +0000] "DELETE /agbr HTTP/1.1" 301 6464 "https://www.example.com/" "Mozilla/5.0 (Windows NT 6.1; WOW64; Trident/7.0; AS; rv:11.0) like Gecko" "192.168.1.5" 0.002
2001:db8:0:1:0:0:0:a - - [12/Jun/2024:07:00:41 +0000] "DELETE /ccbwykr HTTP/1.1" 500 6753 "https://www.ibm.com/" "Mozilla/5.0 (Windows NT 10.0; Win64; x64; rv:54.0) Gecko/20100101 Firefox/54.0" "192.168.56.1" 0.025
192.168.1.40 - - [12/Jun/2024:07:00:46 +0000] "DELETE /qhbitaprb HTTP/1.1" 400 2314 "https://www.example.com/" "Mozilla/5.0 (Windows NT 6.1; WOW64; Trident/7.0; AS; rv:11.0) like Gecko" "192.168.1.3" 0.002
192.168.1.4 - - [12/Jun/2024:07:00:46 +0000] "PUT /rk HTTP/1.1" 302 7831 "https://www.msn.com/" "Mozilla/5.0 (Windows NT 10.0; WOW64) AppleWebKit/537.36 (KHTML, like Gecko) Chrome/58.0.3029.110 Safari/537.36 OPR/45.0.2552.898" "192.168.1.3" 0.001
192.168.1.6 - - [12/Jun/2024:07:00:47 +0000] "POST /kvyxyvphn HTTP/1.1" 200 1243 "https://www.ibm.com/" "Mozilla/5.0 (Windows NT 6.1; WOW64; rv:54.0) Gecko/20100101 Firefox/54.0" "192.168.52.1" 0.1
192.168.1.32 - - [12/Jun/2024:07:00:50 +0000] "PUT /tsiwsr HTTP/1.1" 400 432 "https://www.google.com/" "Mozilla/5.0 (Windows NT 10.0; Win64; x64) AppleWebKit/537.36 (KHTML, like Gecko) Chrome/62.0.3202.94 Safari/537.36" "192.168.1.2" 0.09
192.168.1.43 - - [12/Jun/2024:07:00:50 +0000] "DELETE /jhtffszxk HTTP/1.1" 404 3394 "https://www.google.com/" "Mozilla/5.0 (Windows NT 10.0; Win64; x64; rv:54.0) Gecko/20100101 Firefox/54.0" "192.168.1.1" 0.002
192.168.1.45 - - [12/Jun/2024:07:00:51 +0000] "GET /du HTTP/1.1" 400 7572 "https://www.google.com/" "Mozilla/5.0 (Windows NT 10.0; Win64; x64) AppleWebKit/537.36 (KHTML, like Gecko) Chrome/62.0.3202.94 Safari/537.36" "192.168.1.1" 0.001
192.168.1.23 - - [12/Jun/2024:07:00:57 +0000] "PUT /bwsjh HTTP/1.1" 401 9215 "https://www.google.com/" "Mozilla/5.0 (Windows NT 6.1; WOW64; Trident/7.0; AS; rv:11.0) like Gecko" "192.168.56.1" 0.09
2001:db8:0:1:0:0:0:6 - - [12/Jun/2024:07:01:00 +0000] "GET /hbq HTTP/1.1" 204 5295 "https://www.msn.com/" "Mozilla/5.0 (Windows NT 6.1; WOW64; Trident/7.0; AS; rv:11.0) like Gecko" "192.168.56.1" 0.001
192.168.1.30 - - [12/Jun/2024:07:01:02 +0000] "DELETE /kh HTTP/1.1" 400 6945 "https://www.example.com/" "Mozilla/5.0 (Windows NT 10.0; Win64; x64; rv:54.0) Gecko/20100101 Firefox/54.0" "192.168.56.1" 0.09
192.168.1.44 - - [12/Jun/2024:07:01:05 +0000] "DELETE /bjqinm HTTP/1.1" 201 7709 "https://www.ibm.com/" "Mozilla/5.0 (Windows NT 10.0; WOW64) AppleWebKit/537.36 (KHTML, like Gecko) Chrome/58.0.3029.110 Safari/537.36 OPR/45.0.2552.898" "192.168.1.5" 0.09
192.168.1.16 - - [12/Jun/2024:07:01:06 +0000] "PUT /jkzu HTTP/1.1" 500 4242 "https://www.google.com/" "Mozilla/5.0 (Windows NT 10.0; WOW64) AppleWebKit/537.36 (KHTML, like Gecko) Chrome/58.0.3029.110 Safari/537.36 OPR/45.0.2552.898" "192.168.52.1" 0.09
192.168.1.23 - - [12/Jun/2024:07:01:08 +0000] "DELETE /zuagswc HTTP/1.1" 201 3137 "https://www.example.com/" "Mozilla/5.0 (Windows NT 10.0; Win64; x64; rv:54.0) Gecko/20100101 Firefox/54.0" "192.168.1.3" 0.09
192.168.1.7 - - [12/Jun/2024:07:01:14 +0000] "POST /owt HTTP/1.1" 200 2377 "https://www.ibm.com/" "Mozilla/5.0 (Windows NT 6.1; WOW64; Trident/7.0; AS; rv:11.0) like Gecko" "192.168.1.5" 0.002
192.168.1.49 - - [12/Jun/2024:07:01:22 +0000] "GET /gguzet HTTP/1.1" 403 9243 "https://www.google.com/" "Mozilla/5.0 (Windows NT 6.1; WOW64; rv:54.0) Gecko/20100101 Firefox/54.0" "192.168.1.5" 0.002
192.168.1.14 - - [12/Jun/2024:07:01:25 +0000] "PUT /mvoqnjaxc HTTP/1.1" 403 8962 "https://www.msn.com/" "Mozilla/5.0 (Windows NT 10.0; WOW64) AppleWebKit/537.36 (KHTML, like Gecko) Chrome/58.0.3029.110 Safari/537.36 OPR/45.0.2552.898" "192.168.56.1" 0.1
2001:db8:0:1:0:0:0:1 - - [12/Jun/2024:07:01:31 +0000] "GET /jygtt HTTP/1.1" 401 2172 "https://www.ibm.com/" "Mozilla/5.0 (Windows NT 6.1; WOW64; Trident/7.0; AS; rv:11.0) like Gecko" "192.168.56.1" 0.09
192.168.1.43 - - [12/Jun/2024:07:01:44 +0000] "DELETE /jxbcp HTTP/1.1" 403 1042 "https://www.google.com/" "Mozilla/5.0 (Windows NT 10.0; Win64; x64; rv:54.0) Gecko/20100101 Firefox/54.0" "192.168.1.2" 0.001
192.168.1.29 - - [12/Jun/2024:07:01:47 +0000] "POST /eg HTTP/1.1" 500 9821 "https://www.google.com/" "Mozilla/5.0 (Windows NT 10.0; Win64; x64) AppleWebKit/537.36 (KHTML, like Gecko) Chrome/62.0.3202.94 Safari/537.36" "192.168.1.3" 0.1
192.168.1.50 - - [12/Jun/2024:07:01:50 +0000] "DELETE /nylnyt HTTP/1.1" 200 2248 "https://www.ibm.com/" "Mozilla/5.0 (Windows NT 10.0; Win64; x64; rv:54.0) Gecko/20100101 Firefox/54.0" "192.168.52.1" 0.001
192.168.1.7 - - [12/Jun/2024:07:01:50 +0000] "POST /oecvvb HTTP/1.1" 301 1823 "https://www.example.com/" "Mozilla/5.0 (Windows NT 10.0; WOW64) AppleWebKit/537.36 (KHTML, like Gecko) Chrome/58.0.3029.110 Safari/537.36 OPR/45.0.2552.898" "192.168.1.4" 0.002
192.168.1.6 - - [12/Jun/2024:07:01:54 +0000] "DELETE /nfts HTTP/1.1" 401 8831 "https://www.example.com/" "Mozilla/5.0 (Windows NT 6.1; WOW64; rv:54.0) Gecko/20100101 Firefox/54.0" "192.168.1.1" 0.001
192.168.1.17 - - [12/Jun/2024:07:01:56 +0000] "PUT /iczgncf HTTP/1.1" 301 8328 "https://www.google.com/" "Mozilla/5.0 (Windows NT 6.1; WOW64; Trident/7.0; AS; rv:11.0) like Gecko" "192.168.52.1" 0.15
2001:db8:0:1:0:0:0:e - - [12/Jun/2024:07:02:01 +0000] "GET /sgl HTTP/1.1" 204 5699 "https://www.ibm.com/" "Mozilla/5.0 (Windows NT 10.0; Win64; x64; rv:54.0) Gecko/20100101 Firefox/54.0" "192.168.56.1" 0.002
192.168.1.49 - - [12/Jun/2024:07:02:02 +0000] "POST /h HTTP/1.1" 400 7098 "https://www.msn.com/" "Mozilla/5.0 (Windows NT 10.0; Win64; x64) AppleWebKit/537.36 (KHTML, like Gecko) Chrome/62.0.3202.94 Safari/537.36" "192.168.1.2" 0.002
2001:db8:0:1:0:0:0:3 - - [12/Jun/2024:07:02:02 +0000] "POST /hqzsyejrk HTTP/1.1" 301 4429 "https://www.google.com/" "Mozilla/5.0 (Windows NT 6.1; WOW64; rv:54.0) Gecko/20100101 Firefox/54.0" "192.168.1.3" 0.002
192.168.1.10 - - [12/Jun/2024:07:02:05 +0000] "POST /bma HTTP/1.1" 404 1388 "https://www.google.com/" "Mozilla/5.0 (Windows NT 10.0; Win64; x64; rv:54.0) Gecko/20100101 Firefox/54.0" "192.168.1.2" 0.15
192.168.1.48 - - [12/Jun/2024:07:02:09 +0000] "GET /rctvbwtcni HTTP/1.1" 204 3505 "https://www.example.com/" "Mozilla/5.0 (Windows NT 10.0; Win64; x64) AppleWebKit/537.36 (KHTML, like Gecko) Chrome/62.0.3202.94 Safari/537.36" "192.168.1.4" 0.001
192.168.1.25 - - [12/Jun/2024:07:02:11 +0000] "PUT /olmugkxdte HTTP/1.1" 403 1112 "https://www.google.com/" "Mozilla/5.0 (Windows NT 10.0; Win64; x64) AppleWebKit/537.36 (KHTML, like Gecko) Chrome/62.0.3202.94 Safari/537.36" "192.168.52.1" 0.09
192.168.1.19 - - [12/Jun/2024:07:02:14 +0000] "POST /rjyls HTTP/1.1" 401 8496 "https://www.google.com/" "Mozilla/5.0 (Windows NT 6.1; WOW64; Trident/7.0; AS; rv:11.0) like Gecko" "192.168.1.1" 0.09
192.168.1.19 - - [12/Jun/2024:07:02:14 +0000] "PUT /xxgpfddyz HTTP/1.1" 204 3865 "https://www.msn.com/" "Mozilla/5.0 (Windows NT 10.0; Win64; x64) AppleWebKit/537.36 (KHTML, like Gecko) Chrome/58.0.3029.110 Safari/537.36" "192.168.52.1" 0.09
192.168.1.50 - - [12/Jun/2024:07:02:15 +0000] "PUT /sgg HTTP/1.1" 403 3071 "https://www.google.com/" "Mozilla/5.0 (Windows NT 6.1; WOW64; Trident/7.0; AS; rv:11.0) like Gecko" "192.168.1.2" 0.15
192.168.1.16 - - [12/Jun/2024:07:02:17 +0000] "GET /cyex HTTP/1.1" 404 8459 "https://www.msn.com/" "Mozilla/5.0 (Windows NT 10.0; Win64; x64; rv:54.0) Gecko/20100101 Firefox/54.0" "192.168.1.2" 0.15
2001:db8:0:1:0:0:0:7 - - [12/Jun/2024:07:02:20 +0000] "GET /bsu HTTP/1.1" 204 3464 "https://www.msn.com/" "Mozilla/5.0 (Windows NT 10.0; Win64; x64; rv:54.0) Gecko/20100101 Firefox/54.0" "192.168.56.1" 0.025
2001:db8:0:1:0:0:0:1 - - [12/Jun/2024:07:02:22 +0000] "POST /eei HTTP/1.1" 201 982 "https://www.example.com/" "Mozilla/5.0 (Windows NT 6.1; WOW64; Trident/7.0; AS; rv:11.0) like Gecko" "192.168.56.1" 0.15
192.168.1.46 - - [12/Jun/2024:07:02:27 +0000] "PUT /q HTTP/1.1" 200 4945 "https://www.example.com/" "Mozilla/5.0 (Windows NT 10.0; Win64; x64) AppleWebKit/537.36 (KHTML, like Gecko) Chrome/58.0.3029.110 Safari/537.36" "192.168.56.1" 0.1
192.168.1.8 - - [12/Jun/2024:07:02:32 +0000] "PUT /nbbntccu HTTP/1.1" 201 4734 "https://www.msn.com/" "Mozilla/5.0 (Windows NT 6.1; WOW64; rv:54.0) Gecko/20100101 Firefox/54.0" "192.168.1.1" 0.025
192.168.1.40 - - [12/Jun/2024:07:02:37 +0000] "GET /dwo HTTP/1.1" 200 574 "https://www.ibm.com/" "Mozilla/5.0 (Windows NT 10.0; Win64; x64) AppleWebKit/537.36 (KHTML, like Gecko) Chrome/58.0.3029.110 Safari/537.36" "192.168.1.2" 0.025
192.168.1.24 - - [12/Jun/2024:07:02:44 +0000] "PUT /kmc HTTP/1.1" 403 1860 "https://www.example.com/" "Mozilla/5.0 (Windows NT 10.0; Win64; x64; rv:54.0) Gecko/20100101 Firefox/54.0" "192.168.1.2" 0.002
192.168.1.46 - - [12/Jun/2024:07:02:50 +0000] "GET /tbaqza HTTP/1.1" 302 510 "https://www.ibm.com/" "Mozilla/5.0 (Windows NT 10.0; Win64; x64; rv:54.0) Gecko/20100101 Firefox/54.0" "192.168.56.1" 0.001
2001:db8:0:1:0:0:0:b - - [12/Jun/2024:07:02:54 +0000] "PUT /fmmvhpzlef HTTP/1.1" 204 5626 "https://www.google.com/" "Mozilla/5.0 (Windows NT 10.0; Win64; x64; rv:54.0) Gecko/20100101 Firefox/54.0" "192.168.1.5" 0.001
192.168.1.15 - - [12/Jun/2024:07:02:54 +0000] "GET /kinyqwo HTTP/1.1" 302 6561 "https://www.google.com/" "Mozilla/5.0 (Windows NT 6.1; WOW64; Trident/7.0; AS; rv:11.0) like Gecko" "192.168.56.1" 0.15
192.168.1.48 - - [12/Jun/2024:07:02:58 +0000] "PUT /owuuwlissf HTTP/1.1" 401 5396 "https://www.msn.com/" "Mozilla/5.0 (Windows NT 10.0; Win64; x64) AppleWebKit/537.36 (KHTML, like Gecko) Chrome/62.0.3202.94 Safari/537.36" "192.168.1.3" 0.1
192.168.1.20 - - [12/Jun/2024:07:03:06 +0000] "PUT /lky HTTP/1.1" 204 453 "https://www.google.com/" "Mozilla/5.0 (Windows NT 6.1; WOW64; Trident/7.0; AS; rv:11.0) like Gecko" "192.168.1.3" 0.001
2001:db8:0:1:0:0:0:9 - - [12/Jun/2024:07:03:13 +0000] "PUT /hasrf HTTP/1.1" 201 3792 "https://www.ibm.com/" "Mozilla/5.0 (Windows NT 6.1; WOW64; rv:54.0) Gecko/20100101 Firefox/54.0" "192.168.56.1" 0.002
192.168.1.22 - - [12/Jun/2024:07:03:22 +0000] "PUT /zouhnwnw HTTP/1.1" 200 3084 "https://www.google.com/" "Mozilla/5.0 (Windows NT 10.0; Win64; x64; rv:54.0) Gecko/20100101 Firefox/54.0" "192.168.56.1" 0.15
192.168.1.47 - - [12/Jun/2024:07:03:34 +0000] "DELETE /k HTTP/1.1" 201 8469 "https://www.google.com/" "Mozilla/5.0 (Windows NT 6.1; WOW64; Trident/7.0; AS; rv:11.0) like Gecko" "192.168.1.4" 0.15
192.168.1.42 - - [12/Jun/2024:07:03:44 +0000] "GET /dzt HTTP/1.1" 400 8515 "https://www.msn.com/" "Mozilla/5.0 (Windows NT 10.0; Win64; x64; rv:54.0) Gecko/20100101 Firefox/54.0" "192.168.1.4" 0.1
2001:db8:0:1:0:0:0:3 - - [12/Jun/2024:07:03:49 +0000] "DELETE /bahrv HTTP/1.1" 204 2490 "https://www.ibm.com/" "Mozilla/5.0 (Windows NT 10.0; WOW64) AppleWebKit/537.36 (KHTML, like Gecko) Chrome/58.0.3029.110 Safari/537.36 OPR/45.0.2552.898" "192.168.1.5" 0.002
2001:db8:0:1:0:0:0:e - - [12/Jun/2024:07:03:56 +0000] "DELETE /pwxjo HTTP/1.1" 201 1238 "https://www.example.com/" "Mozilla/5.0 (Windows NT 6.1; WOW64; Trident/7.0; AS; rv:11.0) like Gecko" "192.168.1.4" 0.002
192.168.1.36 - - [12/Jun/2024:07:03:56 +0000] "GET /zbkmuwbzd HTTP/1.1" 401 4365 "https://www.example.com/" "Mozilla/5.0 (Windows NT 10.0; WOW64) AppleWebKit/537.36 (KHTML, like Gecko) Chrome/58.0.3029.110 Safari/537.36 OPR/45.0.2552.898" "192.168.52.1" 0.002
192.168.1.16 - - [12/Jun/2024:07:03:56 +0000] "POST /lga HTTP/1.1" 400 5601 "https://www.msn.com/" "Mozilla/5.0 (Windows NT 6.1; WOW64; Trident/7.0; AS; rv:11.0) like Gecko" "192.168.1.2" 0.002
2001:db8:0:1:0:0:0:c - - [12/Jun/2024:07:03:59 +0000] "GET /xtgamevouw HTTP/1.1" 404 6538 "https://www.google.com/" "Mozilla/5.0 (Windows NT 10.0; Win64; x64; rv:54.0) Gecko/20100101 Firefox/54.0" "192.168.1.2" 0.001
192.168.1.32 - - [12/Jun/2024:07:04:01 +0000] "GET /ep HTTP/1.1" 302 1495 "https://www.google.com/" "Mozilla/5.0 (Windows NT 10.0; Win64; x64) AppleWebKit/537.36 (KHTML, like Gecko) Chrome/62.0.3202.94 Safari/537.36" "192.168.1.3" 0.15
192.168.1.43 - - [12/Jun/2024:07:04:07 +0000] "POST /axvkgb HTTP/1.1" 301 7053 "https://www.google.com/" "Mozilla/5.0 (Windows NT 10.0; Win64; x64; rv:54.0) Gecko/20100101 Firefox/54.0" "192.168.1.2" 0.15
192.168.1.28 - - [12/Jun/2024:07:04:08 +0000] "PUT /n HTTP/1.1" 200 1357 "https://www.example.com/" "Mozilla/5.0 (Windows NT 6.1; WOW64; Trident/7.0; AS; rv:11.0) like Gecko" "192.168.1.1" 0.002
192.168.1.20 - - [12/Jun/2024:07:04:14 +0000] "PUT /ijornllvk HTTP/1.1" 500 5829 "https://www.msn.com/" "Mozilla/5.0 (Windows NT 10.0; Win64; x64) AppleWebKit/537.36 (KHTML, like Gecko) Chrome/62.0.3202.94 Safari/537.36" "192.168.52.1" 0.001
192.168.1.31 - - [12/Jun/2024:07:04:21 +0000] "PUT /kirbbbih HTTP/1.1" 301 7422 "https://www.google.com/" "Mozilla/5.0 (Windows NT 6.1; WOW64; Trident/7.0; AS; rv:11.0) like Gecko" "192.168.1.1" 0.002
192.168.1.39 - - [12/Jun/2024:07:04:27 +0000] "PUT /htzdut HTTP/1.1" 301 2720 "https://www.msn.com/" "Mozilla/5.0 (Windows NT 10.0; Win64; x64; rv:54.0) Gecko/20100101 Firefox/54.0" "192.168.52.1" 0.002
192.168.1.4 - - [12/Jun/2024:07:04:28 +0000] "DELETE /lhgwwbrjp HTTP/1.1" 500 4307 "https://www.msn.com/" "Mozilla/5.0 (Windows NT 10.0; Win64; x64) AppleWebKit/537.36 (KHTML, like Gecko) Chrome/62.0.3202.94 Safari/537.36" "192.168.56.1" 0.002
2001:db8:0:1:0:0:0:1 - - [12/Jun/2024:07:04:29 +0000] "POST /iytrcgs HTTP/1.1" 201 6357 "https://www.msn.com/" "Mozilla/5.0 (Windows NT 10.0; Win64; x64) AppleWebKit/537.36 (KHTML, like Gecko) Chrome/62.0.3202.94 Safari/537.36" "192.168.56.1" 0.09
192.168.1.49 - - [12/Jun/2024:07:04:30 +0000] "POST /rvezeyzwm HTTP/1.1" 404 3541 "https://www.msn.com/" "Mozilla/5.0 (Windows NT 6.1; WOW64; rv:54.0) Gecko/20100101 Firefox/54.0" "192.168.1.2" 0.15
192.168.1.37 - - [12/Jun/2024:07:04:36 +0000] "GET /am HTTP/1.1" 400 3938 "https://www.msn.com/" "Mozilla/5.0 (Windows NT 10.0; WOW64) AppleWebKit/537.36 (KHTML, like Gecko) Chrome/58.0.3029.110 Safari/537.36 OPR/45.0.2552.898" "192.168.1.4" 0.09
192.168.1.47 - - [12/Jun/2024:07:04:36 +0000] "PUT /fkj HTTP/1.1" 204 9263 "https://www.google.com/" "Mozilla/5.0 (Windows NT 10.0; Win64; x64) AppleWebKit/537.36 (KHTML, like Gecko) Chrome/62.0.3202.94 Safari/537.36" "192.168.1.4" 0.002
192.168.1.46 - - [12/Jun/2024:07:04:40 +0000] "DELETE /zgsq HTTP/1.1" 404 7674 "https://www.example.com/" "Mozilla/5.0 (Windows NT 10.0; Win64; x64) AppleWebKit/537.36 (KHTML, like Gecko) Chrome/58.0.3029.110 Safari/537.36" "192.168.1.1" 0.025
192.168.1.13 - - [12/Jun/2024:07:04:47 +0000] "POST /bddyzcq HTTP/1.1" 403 3287 "https://www.example.com/" "Mozilla/5.0 (Windows NT 6.1; WOW64; Trident/7.0; AS; rv:11.0) like Gecko" "192.168.56.1" 0.09
192.168.1.36 - - [12/Jun/2024:07:04:49 +0000] "POST /xidf HTTP/1.1" 301 4832 "https://www.ibm.com/" "Mozilla/5.0 (Windows NT 10.0; Win64; x64) AppleWebKit/537.36 (KHTML, like Gecko) Chrome/62.0.3202.94 Safari/537.36" "192.168.56.1" 0.1
192.168.1.28 - - [12/Jun/2024:07:04:51 +0000] "PUT /e HTTP/1.1" 204 6015 "https://www.example.com/" "Mozilla/5.0 (Windows NT 6.1; WOW64; rv:54.0) Gecko/20100101 Firefox/54.0" "192.168.1.4" 0.025
2001:db8:0:1:0:0:0:9 - - [12/Jun/2024:07:04:51 +0000] "PUT /a HTTP/1.1" 500 168 "https://www.ibm.com/" "Mozilla/5.0 (Windows NT 10.0; Win64; x64) AppleWebKit/537.36 (KHTML, like Gecko) Chrome/62.0.3202.94 Safari/537.36" "192.168.1.5" 0.1
192.168.1.41 - - [12/Jun/2024:07:04:52 +0000] "DELETE /ix HTTP/1.1" 401 8978 "https://www.example.com/" "Mozilla/5.0 (Windows NT 10.0; Win64; x64) AppleWebKit/537.36 (KHTML, like Gecko) Chrome/62.0.3202.94 Safari/537.36" "192.168.52.1" 0.001
2001:db8:0:1:0:0:0:7 - - [12/Jun/2024:07:04:52 +0000] "POST /cwihlzid HTTP/1.1" 500 3677 "https://www.msn.com/" "Mozilla/5.0 (Windows NT 10.0; Win64; x64; rv:54.0) Gecko/20100101 Firefox/54.0" "192.168.1.5" 0.002
192.168.1.26 - - [12/Jun/2024:07:04:52 +0000] "PUT /bgmtrqcj HTTP/1.1" 500 490 "https://www.msn.com/" "Mozilla/5.0 (Windows NT 6.1; WOW64; Trident/7.0; AS; rv:11.0) like Gecko" "192.168.1.5" 0.002
2001:db8:0:1:0:0:0:5 - - [12/Jun/2024:07:04:53 +0000] "DELETE /mdvscbg HTTP/1.1" 401 5550 "https://www.google.com/" "Mozilla/5.0 (Windows NT 6.1; WOW64; rv:54.0) Gecko/20100101 Firefox/54.0" "192.168.1.2" 0.001
192.168.1.36 - - [12/Jun/2024:07:04:55 +0000] "DELETE /rgtez HTTP/1.1" 301 4198 "https://www.example.com/" "Mozilla/5.0 (Windows NT 6.1; WOW64; Trident/7.0; AS; rv:11.0) like Gecko" "192.168.1.5" 0.002
192.168.1.27 - - [12/Jun/2024:07:05:00 +0000] "DELETE /qzokempyq HTTP/1.1" 403 8586 "https://www.example.com/" "Mozilla/5.0 (Windows NT 10.0; Win64; x64) AppleWebKit/537.36 (KHTML, like Gecko) Chrome/62.0.3202.94 Safari/537.36" "192.168.1.2" 0.002
192.168.1.23 - - [12/Jun/2024:07:05:03 +0000] "POST /frixpzjeut HTTP/1.1" 500 3922 "https://www.example.com/" "Mozilla/5.0 (Windows NT 6.1; WOW64; rv:54.0) Gecko/20100101 Firefox/54.0" "192.168.56.1" 0.002
2001:db8:0:1:0:0:0:2 - - [12/Jun/2024:07:05:07 +0000] "PUT /b HTTP/1.1" 500 8005 "https://www.google.com/" "Mozilla/5.0 (Windows NT 10.0; Win64; x64) AppleWebKit/537.36 (KHTML, like Gecko) Chrome/58.0.3029.110 Safari/537.36" "192.168.1.5" 0.15
192.168.1.44 - - [12/Jun/2024:07:05:08 +0000] "GET /c HTTP/1.1" 301 2028 "https://www.example.com/" "Mozilla/5.0 (Windows NT 10.0; Win64; x64) AppleWebKit/537.36 (KHTML, like Gecko) Chrome/58.0.3029.110 Safari/537.36" "192.168.56.1" 0.1
192.168.1.3 - - [12/Jun/2024:07:05:12 +0000] "POST /cmvzgghokz HTTP/1.1" 401 9155 "https://www.msn.com/" "Mozilla/5.0 (Windows NT 10.0; Win64; x64) AppleWebKit/537.36 (KHTML, like Gecko) Chrome/58.0.3029.110 Safari/537.36" "192.168.1.4" 0.001
192.168.1.7 - - [12/Jun/2024:07:05:13 +0000] "GET /qnppr HTTP/1.1" 204 7464 "https://www.ibm.com/" "Mozilla/5.0 (Windows NT 10.0; WOW64) AppleWebKit/537.36 (KHTML, like Gecko) Chrome/58.0.3029.110 Safari/537.36 OPR/45.0.2552.898" "192.168.52.1" 0.002
192.168.1.45 - - [12/Jun/2024:07:05:18 +0000] "POST /yjby HTTP/1.1" 403 9732 "https://www.google.com/" "Mozilla/5.0 (Windows NT 6.1; WOW64; Trident/7.0; AS; rv:11.0) like Gecko" "192.168.1.4" 0.002
192.168.1.26 - - [12/Jun/2024:07:05:23 +0000] "DELETE /qhcuoj HTTP/1.1" 301 7706 "https://www.msn.com/" "Mozilla/5.0 (Windows NT 10.0; Win64; x64; rv:54.0) Gecko/20100101 Firefox/54.0" "192.168.1.2" 0.001
192.168.1.10 - - [12/Jun/2024:07:05:25 +0000] "DELETE /iwxrfqlt HTTP/1.1" 201 5825 "https://www.google.com/" "Mozilla/5.0 (Windows NT 10.0; WOW64) AppleWebKit/537.36 (KHTML, like Gecko) Chrome/58.0.3029.110 Safari/537.36 OPR/45.0.2552.898" "192.168.1.4" 0.09
2001:db8:0:1:0:0:0:b - - [12/Jun/2024:07:05:26 +0000] "PUT /ltr HTTP/1.1" 400 2965 "https://www.example.com/" "Mozilla/5.0 (Windows NT 6.1; WOW64; Trident/7.0; AS; rv:11.0) like Gecko" "192.168.1.5" 0.002
192.168.1.20 - - [12/Jun/2024:07:05:26 +0000] "POST /yy HTTP/1.1" 403 2820 "https://www.ibm.com/" "Mozilla/5.0 (Windows NT 10.0; Win64; x64; rv:54.0) Gecko/20100101 Firefox/54.0" "192.168.52.1" 0.025
192.168.1.18 - - [12/Jun/2024:07:05:27 +0000] "DELETE /picbjvh HTTP/1.1" 301 4431 "https://www.msn.com/" "Mozilla/5.0 (Windows NT 10.0; Win64; x64; rv:54.0) Gecko/20100101 Firefox/54.0" "192.168.52.1" 0.1
192.168.1.23 - - [12/Jun/2024:07:05:28 +0000] "DELETE /rtdkoi HTTP/1.1" 201 1991 "https://www.msn.com/" "Mozilla/5.0 (Windows NT 10.0; Win64; x64) AppleWebKit/537.36 (KHTML, like Gecko) Chrome/58.0.3029.110 Safari/537.36" "192.168.1.2" 0.001
192.168.1.41 - - [12/Jun/2024:07:05:30 +0000] "POST /ffuu HTTP/1.1" 401 1279 "https://www.example.com/" "Mozilla/5.0 (Windows NT 6.1; WOW64; rv:54.0) Gecko/20100101 Firefox/54.0" "192.168.1.4" 0.002
192.168.1.25 - - [12/Jun/2024:07:05:32 +0000] "PUT /fm HTTP/1.1" 500 9115 "https://www.ibm.com/" "Mozilla/5.0 (Windows NT 6.1; WOW64; rv:54.0) Gecko/20100101 Firefox/54.0" "192.168.1.3" 0.002
192.168.1.21 - - [12/Jun/2024:07:05:35 +0000] "PUT /bhdskah HTTP/1.1" 400 1425 "https://www.msn.com/" "Mozilla/5.0 (Windows NT 10.0; Win64; x64) AppleWebKit/537.36 (KHTML, like Gecko) Chrome/62.0.3202.94 Safari/537.36" "192.168.1.5" 0.1
192.168.1.8 - - [12/Jun/2024:07:05:38 +0000] "PUT /i HTTP/1.1" 200 4190 "https://www.ibm.com/" "Mozilla/5.0 (Windows NT 10.0; Win64; x64; rv:54.0) Gecko/20100101 Firefox/54.0" "192.168.1.4" 0.002
2001:db8:0:1:0:0:0:8 - - [12/Jun/2024:07:05:40 +0000] "DELETE /uuzgudliic HTTP/1.1" 204 3996 "https://www.msn.com/" "Mozilla/5.0 (Windows NT 10.0; Win64; x64; rv:54.0) Gecko/20100101 Firefox/54.0" "192.168.1.1" 0.002
192.168.1.48 - - [12/Jun/2024:07:05:43 +0000] "POST /g HTTP/1.1" 401 2633 "https://www.google.com/" "Mozilla/5.0 (Windows NT 6.1; WOW64; Trident/7.0; AS; rv:11.0) like Gecko" "192.168.56.1" 0.002
2001:db8:0:1:0:0:0:6 - - [12/Jun/2024:07:06:01 +0000] "DELETE /xubkr HTTP/1.1" 301 4575 "https://www.msn.com/" "Mozilla/5.0 (Windows NT 10.0; WOW64) AppleWebKit/537.36 (KHTML, like Gecko) Chrome/58.0.3029.110 Safari/537.36 OPR/45.0.2552.898" "192.168.1.2" 0.025
192.168.1.26 - - [12/Jun/2024:07:06:02 +0000] "PUT /bbpntozvj HTTP/1.1" 200 4736 "https://www.example.com/" "Mozilla/5.0 (Windows NT 10.0; WOW64) AppleWebKit/537.36 (KHTML, like Gecko) Chrome/58.0.3029.110 Safari/537.36 OPR/45.0.2552.898" "192.168.1.3" 0.001
192.168.1.40 - - [12/Jun/2024:07:06:03 +0000] "PUT /mtqelizuif HTTP/1.1" 200 122 "https://www.msn.com/" "Mozilla/5.0 (Windows NT 10.0; Win64; x64) AppleWebKit/537.36 (KHTML, like Gecko) Chrome/58.0.3029.110 Safari/537.36" "192.168.1.3" 0.001
192.168.1.42 - - [12/Jun/2024:07:06:06 +0000] "POST /agg HTTP/1.1" 302 8808 "https://www.ibm.com/" "Mozilla/5.0 (Windows NT 10.0; Win64; x64; rv:54.0) Gecko/20100101 Firefox/54.0" "192.168.56.1" 0.002
192.168.1.34 - - [12/Jun/2024:07:06:08 +0000] "POST /ldzdj HTTP/1.1" 302 9247 "https://www.example.com/" "Mozilla/5.0 (Windows NT 10.0; Win64; x64) AppleWebKit/537.36 (KHTML, like Gecko) Chrome/58.0.3029.110 Safari/537.36" "192.168.1.5" 0.1
2001:db8:0:1:0:0:0:9 - - [12/Jun/2024:07:06:11 +0000] "DELETE /pcts HTTP/1.1" 201 6119 "https://www.msn.com/" "Mozilla/5.0 (Windows NT 10.0; WOW64) AppleWebKit/537.36 (KHTML, like Gecko) Chrome/58.0.3029.110 Safari/537.36 OPR/45.0.2552.898" "192.168.1.1" 0.1
192.168.1.13 - - [12/Jun/2024:07:06:16 +0000] "PUT /rzzkgkdmc HTTP/1.1" 204 4829 "https://www.google.com/" "Mozilla/5.0 (Windows NT 6.1; WOW64; Trident/7.0; AS; rv:11.0) like Gecko" "192.168.1.4" 0.001
192.168.1.37 - - [12/Jun/2024:07:06:16 +0000] "DELETE /s HTTP/1.1" 301 6127 "https://www.ibm.com/" "Mozilla/5.0 (Windows NT 10.0; Win64; x64) AppleWebKit/537.36 (KHTML, like Gecko) Chrome/62.0.3202.94 Safari/537.36" "192.168.1.4" 0.1
2001:db8:0:1:0:0:0:a - - [12/Jun/2024:07:06:27 +0000] "POST /ap HTTP/1.1" 201 9940 "https://www.google.com/" "Mozilla/5.0 (Windows NT 6.1; WOW64; rv:54.0) Gecko/20100101 Firefox/54.0" "192.168.52.1" 0.1
2001:db8:0:1:0:0:0:4 - - [12/Jun/2024:07:06:27 +0000] "POST /t HTTP/1.1" 400 9479 "https://www.msn.com/" "Mozilla/5.0 (Windows NT 6.1; WOW64; rv:54.0) Gecko/20100101 Firefox/54.0" "192.168.56.1" 0.002
192.168.1.18 - - [12/Jun/2024:07:06:30 +0000] "DELETE /bwwuika HTTP/1.1" 400 1373 "https://www.ibm.com/" "Mozilla/5.0 (Windows NT 10.0; WOW64) AppleWebKit/537.36 (KHTML, like Gecko) Chrome/58.0.3029.110 Safari/537.36 OPR/45.0.2552.898" "192.168.1.2" 0.001
192.168.1.31 - - [12/Jun/2024:07:06:32 +0000] "PUT /bgodzc HTTP/1.1" 500 5223 "https://www.ibm.com/" "Mozilla/5.0 (Windows NT 10.0; Win64; x64) AppleWebKit/537.36 (KHTML, like Gecko) Chrome/58.0.3029.110 Safari/537.36" "192.168.1.3" 0.15
2001:db8:0:1:0:0:0:c - - [12/Jun/2024:07:06:47 +0000] "DELETE /irkj HTTP/1.1" 204 5504 "https://www.example.com/" "Mozilla/5.0 (Windows NT 10.0; Win64; x64) AppleWebKit/537.36 (KHTML, like Gecko) Chrome/58.0.3029.110 Safari/537.36" "192.168.1.3" 0.09
192.168.1.49 - - [12/Jun/2024:07:06:47 +0000] "DELETE /ma HTTP/1.1" 500 4898 "https://www.ibm.com/" "Mozilla/5.0 (Windows NT 10.0; Win64; x64) AppleWebKit/537.36 (KHTML, like Gecko) Chrome/62.0.3202.94 Safari/537.36" "192.168.1.4" 0.002
192.168.1.29 - - [12/Jun/2024:07:06:48 +0000] "POST /xmdijck HTTP/1.1" 403 2499 "https://www.ibm.com/" "Mozilla/5.0 (Windows NT 10.0; Win64; x64) AppleWebKit/537.36 (KHTML, like Gecko) Chrome/58.0.3029.110 Safari/537.36" "192.168.52.1" 0.025
