192.168.1.34 - - [11/Jun/2024:12:29:40 +0000] "PUT /aun HTTP/1.1" 201 3171 "https://www.google.com/" "Mozilla/5.0 (Windows NT 10.0; WOW64) AppleWebKit/537.36 (KHTML, like Gecko) Chrome/58.0.3029.110 Safari/537.36 OPR/45.0.2552.898" "192.168.52.1" 0.025
192.168.1.4 - - [11/Jun/2024:12:29:50 +0000] "PUT /fgqdzijrdt HTTP/1.1" 301 7301 "https://www.msn.com/" "Mozilla/5.0 (Windows NT 10.0; Win64; x64; rv:54.0) Gecko/20100101 Firefox/54.0" "192.168.52.1" 0.025
2001:db8:0:1:0:0:0:8 - - [11/Jun/2024:12:29:50 +0000] "GET /vclrvygq HTTP/1.1" 400 1836 "https://www.example.com/" "Mozilla/5.0 (Windows NT 6.1; WOW64; rv:54.0) Gecko/20100101 Firefox/54.0" "192.168.1.2" 0.1
192.168.1.29 - - [11/Jun/2024:12:29:52 +0000] "POST /njeif HTTP/1.1" 201 5397 "https://www.msn.com/" "Mozilla/5.0 (Windows NT 10.0; Win64; x64) AppleWebKit/537.36 (KHTML, like Gecko) Chrome/58.0.3029.110 Safari/537.36" "192.168.1.4" 0.025
2001:db8:0:1:0:0:0:4 - - [11/Jun/2024:12:29:52 +0000] "GET /rarinplqxg HTTP/1.1" 500 4778 "https://www.ibm.com/" "Mozilla/5.0 (Windows NT 6.1; WOW64; Trident/7.0; AS; rv:11.0) like Gecko" "192.168.56.1" 0.001
192.168.1.8 - - [11/Jun/2024:12:29:53 +0000] "DELETE /tgsnirwflc HTTP/1.1" 301 7559 "https://www.google.com/" "Mozilla/5.0 (Windows NT 6.1; WOW64; rv:54.0) Gecko/20100101 Firefox/54.0" "192.168.1.5" 0.002
192.168.1.1 - - [11/Jun/2024:12:29:53 +0000] "GET /sr HTTP/1.1" 201 2831 "https://www.ibm.com/" "Mozilla/5.0 (Windows NT 6.1; WOW64; Trident/7.0; AS; rv:11.0) like Gecko" "192.168.1.2" 0.025
192.168.1.45 - - [11/Jun/2024:12:29:59 +0000] "DELETE /kpcmtgxg HTTP/1.1" 204 4623 "https://www.google.com/" "Mozilla/5.0 (Windows NT 10.0; Win64; x64; rv:54.0) Gecko/20100101 Firefox/54.0" "192.168.52.1" 0.1
192.168.1.31 - - [11/Jun/2024:12:30:03 +0000] "POST /anrfdaw HTTP/1.1" 301 5024 "https://www.msn.com/" "Mozilla/5.0 (Windows NT 10.0; WOW64) AppleWebKit/537.36 (KHTML, like Gecko) Chrome/58.0.3029.110 Safari/537.36 OPR/45.0.2552.898" "192.168.1.2" 0.002
192.168.1.44 - - [11/Jun/2024:12:30:09 +0000] "POST /gvccuclc HTTP/1.1" 401 6823 "https://www.google.com/" "Mozilla/5.0 (Windows NT 10.0; Win64; x64; rv:54.0) Gecko/20100101 Firefox/54.0" "192.168.1.5" 0.09
192.168.1.48 - - [11/Jun/2024:12:30:13 +0000] "POST /pl HTTP/1.1" 400 4318 "https://www.example.com/" "Mozilla/5.0 (Windows NT 10.0; Win64; x64; rv:54.0) Gecko/20100101 Firefox/54.0" "192.168.1.1" 0.15
192.168.1.33 - - [11/Jun/2024:12:30:19 +0000] "PUT /r HTTP/1.1" 200 1685 "https://www.msn.com/" "Mozilla/5.0 (Windows NT 10.0; WOW64) AppleWebKit/537.36 (KHTML, like Gecko) Chrome/58.0.3029.110 Safari/537.36 OPR/45.0.2552.898" "192.168.1.5" 0.15
192.168.1.28 - - [11/Jun/2024:12:30:19 +0000] "GET /vfimsjb HTTP/1.1" 401 5639 "https://www.ibm.com/" "Mozilla/5.0 (Windows NT 10.0; Win64; x64) AppleWebKit/537.36 (KHTML, like Gecko) Chrome/62.0.3202.94 Safari/537.36" "192.168.1.3" 0.025
192.168.1.34 - - [11/Jun/2024:12:30:43 +0000] "GET /wwttnzrp HTTP/1.1" 301 8534 "https://www.google.com/" "Mozilla/5.0 (Windows NT 6.1; WOW64; Trident/7.0; AS; rv:11.0) like Gecko" "192.168.1.4" 0.15
192.168.1.21 - - [11/Jun/2024:12:30:47 +0000] "PUT /bgzpltjkm HTTP/1.1" 201 1894 "https://www.example.com/" "Mozilla/5.0 (Windows NT 6.1; WOW64; rv:54.0) Gecko/20100101 Firefox/54.0" "192.168.1.3" 0.15
192.168.1.34 - - [11/Jun/2024:12:31:06 +0000] "PUT /yuyxvb HTTP/1.1" 201 2734 "https://www.example.com/" "Mozilla/5.0 (Windows NT 6.1; WOW64; rv:54.0) Gecko/20100101 Firefox/54.0" "192.168.1.5" 0.001
192.168.1.8 - - [11/Jun/2024:12:31:08 +0000] "PUT /fx HTTP/1.1" 301 348 "https://www.msn.com/" "Mozilla/5.0 (Windows NT 10.0; Win64; x64; rv:54.0) Gecko/20100101 Firefox/54.0" "192.168.56.1" 0.002
192.168.1.13 - - [11/Jun/2024:12:31:09 +0000] "DELETE /iqcyaitdc HTTP/1.1" 200 5824 "https://www.ibm.com/" "Mozilla/5.0 (Windows NT 10.0; Win64; x64) AppleWebKit/537.36 (KHTML, like Gecko) Chrome/62.0.3202.94 Safari/537.36" "192.168.56.1" 0.025
2001:db8:0:1:0:0:0:c - - [11/Jun/2024:12:31:14 +0000] "POST /gsspddblfg HTTP/1.1" 201 7729 "https://www.msn.com/" "Mozilla/5.0 (Windows NT 6.1; WOW64; rv:54.0) Gecko/20100101 Firefox/54.0" "192.168.52.1" 0.002
2001:db8:0:1:0:0:0:5 - - [11/Jun/2024:12:31:15 +0000] "GET /nstcc HTTP/1.1" 404 8210 "https://www.google.com/" "Mozilla/5.0 (Windows NT 6.1; WOW64; Trident/7.0; AS; rv:11.0) like Gecko" "192.168.1.3" 0.025
2001:db8:0:1:0:0:0:a - - [11/Jun/2024:12:31:15 +0000] "PUT /qsusbketrs HTTP/1.1" 500 2729 "https://www.example.com/" "Mozilla/5.0 (Windows NT 10.0; Win64; x64) AppleWebKit/537.36 (KHTML, like Gecko) Chrome/62.0.3202.94 Safari/537.36" "192.168.56.1" 0.025
192.168.1.44 - - [11/Jun/2024:12:31:25 +0000] "GET /z HTTP/1.1" 302 4153 "https://www.example.com/" "Mozilla/5.0 (Windows NT 10.0; Win64; x64; rv:54.0) Gecko/20100101 Firefox/54.0" "192.168.1.2" 0.15
192.168.1.41 - - [11/Jun/2024:12:31:27 +0000] "GET /hducqocs HTTP/1.1" 302 6620 "https://www.example.com/" "Mozilla/5.0 (Windows NT 10.0; Win64; x64) AppleWebKit/537.36 (KHTML, like Gecko) Chrome/58.0.3029.110 Safari/537.36" "192.168.1.5" 0.025
192.168.1.13 - - [11/Jun/2024:12:31:29 +0000] "GET /zawjcikue HTTP/1.1" 200 7626 "https://www.google.com/" "Mozilla/5.0 (Windows NT 10.0; Win64; x64) AppleWebKit/537.36 (KHTML, like Gecko) Chrome/58.0.3029.110 Safari/537.36" "192.168.1.5" 0.15
192.168.1.42 - - [11/Jun/2024:12:31:30 +0000] "POST /dlun HTTP/1.1" 401 4775 "https://www.ibm.com/" "Mozilla/5.0 (Windows NT 10.0; Win64; x64; rv:54.0) Gecko/20100101 Firefox/54.0" "192.168.1.3" 0.025
192.168.1.22 - - [11/Jun/2024:12:31:35 +0000] "GET /ciitz HTTP/1.1" 201 5297 "https://www.example.com/" "Mozilla/5.0 (Windows NT 6.1; WOW64; Trident/7.0; AS; rv:11.0) like Gecko" "192.168.1.3" 0.025
2001:db8:0:1:0:0:0:a - - [11/Jun/2024:12:31:41 +0000] "DELETE /gpy HTTP/1.1" 301 7905 "https://www.google.com/" "Mozilla/5.0 (Windows NT 10.0; WOW64) AppleWebKit/537.36 (KHTML, like Gecko) Chrome/58.0.3029.110 Safari/537.36 OPR/45.0.2552.898" "192.168.1.2" 0.001
192.168.1.27 - - [11/Jun/2024:12:31:44 +0000] "PUT /ucjj HTTP/1.1" 200 2704 "https://www.msn.com/" "Mozilla/5.0 (Windows NT 10.0; Win64; x64) AppleWebKit/537.36 (KHTML, like Gecko) Chrome/58.0.3029.110 Safari/537.36" "192.168.1.1" 0.002
2001:db8:0:1:0:0:0:6 - - [11/Jun/2024:12:31:50 +0000] "GET /ckinivsx HTTP/1.1" 401 1508 "https://www.example.com/" "Mozilla/5.0 (Windows NT 6.1; WOW64; Trident/7.0; AS; rv:11.0) like Gecko" "192.168.52.1" 0.001
2001:db8:0:1:0:0:0:2 - - [11/Jun/2024:12:31:54 +0000] "POST /z HTTP/1.1" 403 5180 "https://www.ibm.com/" "Mozilla/5.0 (Windows NT 10.0; Win64; x64) AppleWebKit/537.36 (KHTML, like Gecko) Chrome/62.0.3202.94 Safari/537.36" "192.168.56.1" 0.001
192.168.1.5 - - [11/Jun/2024:12:31:57 +0000] "PUT /ywgklxjh HTTP/1.1" 301 1939 "https://www.msn.com/" "Mozilla/5.0 (Windows NT 10.0; Win64; x64) AppleWebKit/537.36 (KHTML, like Gecko) Chrome/58.0.3029.110 Safari/537.36" "192.168.56.1" 0.025
192.168.1.47 - - [11/Jun/2024:12:31:59 +0000] "GET /syrfm HTTP/1.1" 301 6903 "https://www.ibm.com/" "Mozilla/5.0 (Windows NT 6.1; WOW64; Trident/7.0; AS; rv:11.0) like Gecko" "192.168.1.3" 0.1
192.168.1.10 - - [11/Jun/2024:12:32:03 +0000] "DELETE /jjpfyqzg HTTP/1.1" 302 4333 "https://www.example.com/" "Mozilla/5.0 (Windows NT 10.0; WOW64) AppleWebKit/537.36 (KHTML, like Gecko) Chrome/58.0.3029.110 Safari/537.36 OPR/45.0.2552.898" "192.168.1.5" 0.001
192.168.1.15 - - [11/Jun/2024:12:32:13 +0000] "DELETE /yvmirr HTTP/1.1" 401 258 "https://www.msn.com/" "Mozilla/5.0 (Windows NT 10.0; Win64; x64; rv:54.0) Gecko/20100101 Firefox/54.0" "192.168.1.1" 0.025
192.168.1.26 - - [11/Jun/2024:12:32:13 +0000] "GET /adap HTTP/1.1" 302 6060 "https://www.ibm.com/" "Mozilla/5.0 (Windows NT 10.0; Win64; x64; rv:54.0) Gecko/20100101 Firefox/54.0" "192.168.1.2" 0.15
2001:db8:0:1:0:0:0:3 - - [11/Jun/2024:12:32:17 +0000] "DELETE /wh HTTP/1.1" 204 7956 "https://www.ibm.com/" "Mozilla/5.0 (Windows NT 10.0; Win64; x64) AppleWebKit/537.36 (KHTML, like Gecko) Chrome/62.0.3202.94 Safari/537.36" "192.168.1.2" 0.001
192.168.1.31 - - [11/Jun/2024:12:32:22 +0000] "POST /wmphy HTTP/1.1" 500 5614 "https://www.example.com/" "Mozilla/5.0 (Windows NT 10.0; WOW64) AppleWebKit/537.36 (KHTML, like Gecko) Chrome/58.0.3029.110 Safari/537.36 OPR/45.0.2552.898" "192.168.1.4" 0.002
192.168.1.43 - - [11/Jun/2024:12:32:23 +0000] "POST /luhkidwpg HTTP/1.1" 403 7722 "https://www.msn.com/" "Mozilla/5.0 (Windows NT 10.0; WOW64) AppleWebKit/537.36 (KHTML, like Gecko) Chrome/58.0.3029.110 Safari/537.36 OPR/45.0.2552.898" "192.168.1.3" 0.1
2001:db8:0:1:0:0:0:5 - - [11/Jun/2024:12:32:30 +0000] "POST /p HTTP/1.1" 201 3466 "https://www.ibm.com/" "Mozilla/5.0 (Windows NT 10.0; WOW64) AppleWebKit/537.36 (KHTML, like Gecko) Chrome/58.0.3029.110 Safari/537.36 OPR/45.0.2552.898" "192.168.1.3" 0.15
192.168.1.13 - - [11/Jun/2024:12:32:42 +0000] "POST /hpfhdfqy HTTP/1.1" 301 9402 "https://www.msn.com/" "Mozilla/5.0 (Windows NT 10.0; WOW64) AppleWebKit/537.36 (KHTML, like Gecko) Chrome/58.0.3029.110 Safari/537.36 OPR/45.0.2552.898" "192.168.1.1" 0.09
192.168.1.36 - - [11/Jun/2024:12:32:45 +0000] "POST /dqbyma HTTP/1.1" 204 8750 "https://www.google.com/" "Mozilla/5.0 (Windows NT 6.1; WOW64; Trident/7.0; AS; rv:11.0) like Gecko" "192.168.1.2" 0.001
192.168.1.42 - - [11/Jun/2024:12:32:48 +0000] "PUT /zbachfbugc HTTP/1.1" 401 5270 "https://www.google.com/" "Mozilla/5.0 (Windows NT 10.0; Win64; x64) AppleWebKit/537.36 (KHTML, like Gecko) Chrome/62.0.3202.94 Safari/537.36" "192.168.1.2" 0.002
192.168.1.50 - - [11/Jun/2024:12:32:51 +0000] "POST /sdsrjaak HTTP/1.1" 200 3966 "https://www.google.com/" "Mozilla/5.0 (Windows NT 6.1; WOW64; rv:54.0) Gecko/20100101 Firefox/54.0" "192.168.1.1" 0.002
192.168.1.44 - - [11/Jun/2024:12:32:52 +0000] "DELETE /ii HTTP/1.1" 204 1763 "https://www.google.com/" "Mozilla/5.0 (Windows NT 10.0; Win64; x64; rv:54.0) Gecko/20100101 Firefox/54.0" "192.168.1.1" 0.09
192.168.1.2 - - [11/Jun/2024:12:32:53 +0000] "DELETE /jgrqgiufjm HTTP/1.1" 400 6156 "https://www.msn.com/" "Mozilla/5.0 (Windows NT 10.0; Win64; x64) AppleWebKit/537.36 (KHTML, like Gecko) Chrome/58.0.3029.110 Safari/537.36" "192.168.1.2" 0.002
192.168.1.7 - - [11/Jun/2024:12:33:03 +0000] "GET /zvkldol HTTP/1.1" 500 8603 "https://www.ibm.com/" "Mozilla/5.0 (Windows NT 10.0; WOW64) AppleWebKit/537.36 (KHTML, like Gecko) Chrome/58.0.3029.110 Safari/537.36 OPR/45.0.2552.898" "192.168.1.5" 0.1
192.168.1.16 - - [11/Jun/2024:12:33:06 +0000] "POST /qcqpqaaos HTTP/1.1" 201 463 "https://www.example.com/" "Mozilla/5.0 (Windows NT 6.1; WOW64; Trident/7.0; AS; rv:11.0) like Gecko" "192.168.1.3" 0.15
192.168.1.28 - - [11/Jun/2024:12:33:17 +0000] "DELETE /wpwgwqyo HTTP/1.1" 401 9443 "https://www.example.com/" "Mozilla/5.0 (Windows NT 10.0; Win64; x64; rv:54.0) Gecko/20100101 Firefox/54.0" "192.168.52.1" 0.001
192.168.1.7 - - [11/Jun/2024:12:33:23 +0000] "DELETE /ehnmytqscq HTTP/1.1" 201 6252 "https://www.example.com/" "Mozilla/5.0 (Windows NT 6.1; WOW64; rv:54.0) Gecko/20100101 Firefox/54.0" "192.168.1.1" 0.025
192.168.1.18 - - [11/Jun/2024:12:33:25 +0000] "POST /tkzxheiah HTTP/1.1" 302 4153 "https://www.google.com/" "Mozilla/5.0 (Windows NT 10.0; Win64; x64) AppleWebKit/537.36 (KHTML, like Gecko) Chrome/62.0.3202.94 Safari/537.36" "192.168.1.4" 0.09
192.168.1.40 - - [11/Jun/2024:12:33:32 +0000] "POST /rgmyyiv HTTP/1.1" 401 8360 "https://www.example.com/" "Mozilla/5.0 (Windows NT 6.1; WOW64; rv:54.0) Gecko/20100101 Firefox/54.0" "192.168.52.1" 0.09
192.168.1.39 - - [11/Jun/2024:12:33:42 +0000] "DELETE /gzisl HTTP/1.1" 401 9103 "https://www.ibm.com/" "Mozilla/5.0 (Windows NT 10.0; WOW64) AppleWebKit/537.36 (KHTML, like Gecko) Chrome/58.0.3029.110 Safari/537.36 OPR/45.0.2552.898" "192.168.1.1" 0.002
192.168.1.15 - - [11/Jun/2024:12:33:47 +0000] "PUT /qa HTTP/1.1" 401 7736 "https://www.example.com/" "Mozilla/5.0 (Windows NT 10.0; WOW64) AppleWebKit/537.36 (KHTML, like Gecko) Chrome/58.0.3029.110 Safari/537.36 OPR/45.0.2552.898" "192.168.52.1" 0.15
192.168.1.30 - - [11/Jun/2024:12:33:48 +0000] "PUT /shmm HTTP/1.1" 301 3335 "https://www.msn.com/" "Mozilla/5.0 (Windows NT 10.0; Win64; x64) AppleWebKit/537.36 (KHTML, like Gecko) Chrome/62.0.3202.94 Safari/537.36" "192.168.1.3" 0.1
192.168.1.4 - - [11/Jun/2024:12:33:49 +0000] "DELETE /glunpmg HTTP/1.1" 302 2602 "https://www.msn.com/" "Mozilla/5.0 (Windows NT 6.1; WOW64; rv:54.0) Gecko/20100101 Firefox/54.0" "192.168.1.2" 0.002
192.168.1.33 - - [11/Jun/2024:12:33:52 +0000] "DELETE /xlvppfyg HTTP/1.1" 404 2035 "https://www.msn.com/" "Mozilla/5.0 (Windows NT 10.0; Win64; x64; rv:54.0) Gecko/20100101 Firefox/54.0" "192.168.1.4" 0.001
2001:db8:0:1:0:0:0:9 - - [11/Jun/2024:12:33:54 +0000] "GET /yxiwo HTTP/1.1" 404 8710 "https://www.msn.com/" "Mozilla/5.0 (Windows NT 6.1; WOW64; rv:54.0) Gecko/20100101 Firefox/54.0" "192.168.1.1" 0.002
192.168.1.8 - - [11/Jun/2024:12:34:09 +0000] "POST /vuxvsszqs HTTP/1.1" 403 7397 "https://www.msn.com/" "Mozilla/5.0 (Windows NT 6.1; WOW64; Trident/7.0; AS; rv:11.0) like Gecko" "192.168.1.2" 0.001
2001:db8:0:1:0:0:0:e - - [11/Jun/2024:12:34:09 +0000] "PUT /gcjwebh HTTP/1.1" 500 5313 "https://www.msn.com/" "Mozilla/5.0 (Windows NT 6.1; WOW64; Trident/7.0; AS; rv:11.0) like Gecko" "192.168.1.2" 0.001
192.168.1.9 - - [11/Jun/2024:12:34:16 +0000] "POST /raojxnkl HTTP/1.1" 404 2871 "https://www.msn.com/" "Mozilla/5.0 (Windows NT 10.0; Win64; x64) AppleWebKit/537.36 (KHTML, like Gecko) Chrome/58.0.3029.110 Safari/537.36" "192.168.56.1" 0.002
192.168.1.42 - - [11/Jun/2024:12:34:18 +0000] "PUT /b HTTP/1.1" 403 1588 "https://www.example.com/" "Mozilla/5.0 (Windows NT 6.1; WOW64; rv:54.0) Gecko/20100101 Firefox/54.0" "192.168.1.2" 0.09
192.168.1.15 - - [11/Jun/2024:12:34:18 +0000] "DELETE /wrcfn HTTP/1.1" 401 2567 "https://www.example.com/" "Mozilla/5.0 (Windows NT 10.0; Win64; x64) AppleWebKit/537.36 (KHTML, like Gecko) Chrome/58.0.3029.110 Safari/537.36" "192.168.1.2" 0.025
192.168.1.31 - - [11/Jun/2024:12:34:21 +0000] "PUT /fhmceu HTTP/1.1" 403 4482 "https://www.example.com/" "Mozilla/5.0 (Windows NT 6.1; WOW64; Trident/7.0; AS; rv:11.0) like Gecko" "192.168.56.1" 0.002
192.168.1.12 - - [11/Jun/2024:12:34:27 +0000] "POST /i HTTP/1.1" 400 5127 "https://www.example.com/" "Mozilla/5.0 (Windows NT 10.0; WOW64) AppleWebKit/537.36 (KHTML, like Gecko) Chrome/58.0.3029.110 Safari/537.36 OPR/45.0.2552.898" "192.168.1.4" 0.001
192.168.1.28 - - [11/Jun/2024:12:34:28 +0000] "PUT /cruxcxnxi HTTP/1.1" 500 4970 "https://www.ibm.com/" "Mozilla/5.0 (Windows NT 6.1; WOW64; rv:54.0) Gecko/20100101 Firefox/54.0" "192.168.1.3" 0.025
192.168.1.49 - - [11/Jun/2024:12:34:29 +0000] "POST /rihvfmpble HTTP/1.1" 200 3515 "https://www.msn.com/" "Mozilla/5.0 (Windows NT 10.0; Win64; x64; rv:54.0) Gecko/20100101 Firefox/54.0" "192.168.1.5" 0.09
192.168.1.11 - - [11/Jun/2024:12:34:34 +0000] "GET /zkwqcst HTTP/1.1" 301 4964 "https://www.msn.com/" "Mozilla/5.0 (Windows NT 10.0; Win64; x64) AppleWebKit/537.36 (KHTML, like Gecko) Chrome/58.0.3029.110 Safari/537.36" "192.168.1.1" 0.002
192.168.1.12 - - [11/Jun/2024:12:34:40 +0000] "POST /byfe HTTP/1.1" 404 2096 "https://www.ibm.com/" "Mozilla/5.0 (Windows NT 10.0; Win64; x64) AppleWebKit/537.36 (KHTML, like Gecko) Chrome/62.0.3202.94 Safari/537.36" "192.168.1.2" 0.001
192.168.1.18 - - [11/Jun/2024:12:34:41 +0000] "GET /q HTTP/1.1" 204 1545 "https://www.google.com/" "Mozilla/5.0 (Windows NT 10.0; Win64; x64; rv:54.0) Gecko/20100101 Firefox/54.0" "192.168.1.1" 0.1
192.168.1.3 - - [11/Jun/2024:12:34:43 +0000] "POST /g HTTP/1.1" 200 3708 "https://www.msn.com/" "Mozilla/5.0 (Windows NT 10.0; Win64; x64) AppleWebKit/537.36 (KHTML, like Gecko) Chrome/62.0.3202.94 Safari/537.36" "192.168.1.1" 0.15
192.168.1.23 - - [11/Jun/2024:12:34:44 +0000] "PUT /jjfnsy HTTP/1.1" 400 4952 "https://www.msn.com/" "Mozilla/5.0 (Windows NT 6.1; WOW64; Trident/7.0; AS; rv:11.0) like Gecko" "192.168.1.1" 0.15
192.168.1.35 - - [11/Jun/2024:12:34:46 +0000] "POST /b HTTP/1.1" 204 3056 "https://www.ibm.com/" "Mozilla/5.0 (Windows NT 6.1; WOW64; Trident/7.0; AS; rv:11.0) like Gecko" "192.168.1.1" 0.025
192.168.1.47 - - [11/Jun/2024:12:34:49 +0000] "GET /hqazwfn HTTP/1.1" 200 5139 "https://www.google.com/" "Mozilla/5.0 (Windows NT 6.1; WOW64; Trident/7.0; AS; rv:11.0) like Gecko" "192.168.1.1" 0.002
192.168.1.47 - - [11/Jun/2024:12:34:57 +0000] "DELETE /rhkrq HTTP/1.1" 201 7235 "https://www.google.com/" "Mozilla/5.0 (Windows NT 10.0; WOW64) AppleWebKit/537.36 (KHTML, like Gecko) Chrome/58.0.3029.110 Safari/537.36 OPR/45.0.2552.898" "192.168.1.4" 0.002
192.168.1.2 - - [11/Jun/2024:12:35:07 +0000] "PUT /vz HTTP/1.1" 500 1143 "https://www.msn.com/" "Mozilla/5.0 (Windows NT 10.0; Win64; x64) AppleWebKit/537.36 (KHTML, like Gecko) Chrome/62.0.3202.94 Safari/537.36" "192.168.1.1" 0.002
192.168.1.49 - - [11/Jun/2024:12:35:07 +0000] "GET /qp HTTP/1.1" 302 5624 "https://www.example.com/" "Mozilla/5.0 (Windows NT 6.1; WOW64; rv:54.0) Gecko/20100101 Firefox/54.0" "192.168.52.1" 0.002
192.168.1.1 - - [11/Jun/2024:12:35:12 +0000] "DELETE /rogqcuhg HTTP/1.1" 201 4112 "https://www.google.com/" "Mozilla/5.0 (Windows NT 6.1; WOW64; Trident/7.0; AS; rv:11.0) like Gecko" "192.168.56.1" 0.002
2001:db8:0:1:0:0:0:2 - - [11/Jun/2024:12:35:19 +0000] "POST /qcmwslhn HTTP/1.1" 302 1003 "https://www.ibm.com/" "Mozilla/5.0 (Windows NT 6.1; WOW64; Trident/7.0; AS; rv:11.0) like Gecko" "192.168.1.5" 0.025
192.168.1.19 - - [11/Jun/2024:12:35:20 +0000] "GET /rxfxnvshzx HTTP/1.1" 404 2369 "https://www.ibm.com/" "Mozilla/5.0 (Windows NT 6.1; WOW64; rv:54.0) Gecko/20100101 Firefox/54.0" "192.168.1.4" 0.002
192.168.1.11 - - [11/Jun/2024:12:35:21 +0000] "PUT /wvdxxbgnf HTTP/1.1" 500 2691 "https://www.google.com/" "Mozilla/5.0 (Windows NT 10.0; Win64; x64) AppleWebKit/537.36 (KHTML, like Gecko) Chrome/62.0.3202.94 Safari/537.36" "192.168.1.5" 0.15
192.168.1.6 - - [11/Jun/2024:12:35:29 +0000] "PUT /cxb HTTP/1.1" 500 7657 "https://www.example.com/" "Mozilla/5.0 (Windows NT 10.0; Win64; x64; rv:54.0) Gecko/20100101 Firefox/54.0" "192.168.1.1" 0.15
192.168.1.20 - - [11/Jun/2024:12:35:35 +0000] "PUT /umxo HTTP/1.1" 401 5321 "https://www.google.com/" "Mozilla/5.0 (Windows NT 10.0; Win64; x64) AppleWebKit/537.36 (KHTML, like Gecko) Chrome/62.0.3202.94 Safari/537.36" "192.168.52.1" 0.001
192.168.1.13 - - [11/Jun/2024:12:35:38 +0000] "PUT /q HTTP/1.1" 301 1248 "https://www.msn.com/" "Mozilla/5.0 (Windows NT 10.0; WOW64) AppleWebKit/537.36 (KHTML, like Gecko) Chrome/58.0.3029.110 Safari/537.36 OPR/45.0.2552.898" "192.168.56.1" 0.002
192.168.1.48 - - [11/Jun/2024:12:35:40 +0000] "DELETE /e HTTP/1.1" 200 3303 "https://www.example.com/" "Mozilla/5.0 (Windows NT 6.1; WOW64; rv:54.0) Gecko/20100101 Firefox/54.0" "192.168.1.2" 0.1
192.168.1.9 - - [11/Jun/2024:12:35:51 +0000] "DELETE /qubtkkk HTTP/1.1" 404 7969 "https://www.google.com/" "Mozilla/5.0 (Windows NT 6.1; WOW64; rv:54.0) Gecko/20100101 Firefox/54.0" "192.168.52.1" 0.002
192.168.1.1 - - [11/Jun/2024:12:35:51 +0000] "POST /finjqzqndx HTTP/1.1" 500 8525 "https://www.google.com/" "Mozilla/5.0 (Windows NT 10.0; Win64; x64) AppleWebKit/537.36 (KHTML, like Gecko) Chrome/62.0.3202.94 Safari/537.36" "192.168.1.4" 0.09
192.168.1.50 - - [11/Jun/2024:12:35:54 +0000] "DELETE /ffvpp HTTP/1.1" 403 539 "https://www.ibm.com/" "Mozilla/5.0 (Windows NT 10.0; Win64; x64) AppleWebKit/537.36 (KHTML, like Gecko) Chrome/58.0.3029.110 Safari/537.36" "192.168.1.4" 0.09
2001:db8:0:1:0:0:0:a - - [11/Jun/2024:12:36:05 +0000] "PUT /s HTTP/1.1" 403 326 "https://www.msn.com/" "Mozilla/5.0 (Windows NT 10.0; WOW64) AppleWebKit/537.36 (KHTML, like Gecko) Chrome/58.0.3029.110 Safari/537.36 OPR/45.0.2552.898" "192.168.1.5" 0.001
2001:db8:0:1:0:0:0:2 - - [11/Jun/2024:12:36:05 +0000] "DELETE /drvjnapse HTTP/1.1" 404 6950 "https://www.ibm.com/" "Mozilla/5.0 (Windows NT 10.0; Win64; x64) AppleWebKit/537.36 (KHTML, like Gecko) Chrome/62.0.3202.94 Safari/537.36" "192.168.1.4" 0.1
192.168.1.43 - - [11/Jun/2024:12:36:11 +0000] "POST /dgl HTTP/1.1" 201 3739 "https://www.msn.com/" "Mozilla/5.0 (Windows NT 10.0; Win64; x64) AppleWebKit/537.36 (KHTML, like Gecko) Chrome/62.0.3202.94 Safari/537.36" "192.168.1.2" 0.1
192.168.1.12 - - [11/Jun/2024:12:36:11 +0000] "POST /lhxaorolf HTTP/1.1" 500 7562 "https://www.google.com/" "Mozilla/5.0 (Windows NT 10.0; Win64; x64) AppleWebKit/537.36 (KHTML, like Gecko) Chrome/58.0.3029.110 Safari/537.36" "192.168.56.1" 0.002
2001:db8:0:1:0:0:0:d - - [11/Jun/2024:12:36:13 +0000] "DELETE /jstqw HTTP/1.1" 204 3206 "https://www.example.com/" "Mozilla/5.0 (Windows NT 6.1; WOW64; rv:54.0) Gecko/20100101 Firefox/54.0" "192.168.1.2" 0.002
192.168.1.43 - - [11/Jun/2024:12:36:16 +0000] "PUT /rk HTTP/1.1" 204 2658 "https://www.msn.com/" "Mozilla/5.0 (Windows NT 10.0; Win64; x64) AppleWebKit/537.36 (KHTML, like Gecko) Chrome/62.0.3202.94 Safari/537.36" "192.168.1.4" 0.1
192.168.1.24 - - [11/Jun/2024:12:36:18 +0000] "DELETE /nnj HTTP/1.1" 301 9382 "https://www.example.com/" "Mozilla/5.0 (Windows NT 10.0; WOW64) AppleWebKit/537.36 (KHTML, like Gecko) Chrome/58.0.3029.110 Safari/537.36 OPR/45.0.2552.898" "192.168.56.1" 0.15
2001:db8:0:1:0:0:0:6 - - [11/Jun/2024:12:36:23 +0000] "POST /zopimt HTTP/1.1" 201 8259 "https://www.ibm.com/" "Mozilla/5.0 (Windows NT 6.1; WOW64; rv:54.0) Gecko/20100101 Firefox/54.0" "192.168.1.1" 0.1
2001:db8:0:1:0:0:0:7 - - [11/Jun/2024:12:36:26 +0000] "PUT /akdujf HTTP/1.1" 201 5452 "https://www.ibm.com/" "Mozilla/5.0 (Windows NT 6.1; WOW64; rv:54.0) Gecko/20100101 Firefox/54.0" "192.168.1.1" 0.09
192.168.1.28 - - [11/Jun/2024:12:36:31 +0000] "POST /rgmnpyrvv HTTP/1.1" 201 2321 "https://www.msn.com/" "Mozilla/5.0 (Windows NT 10.0; Win64; x64) AppleWebKit/537.36 (KHTML, like Gecko) Chrome/58.0.3029.110 Safari/537.36" "192.168.1.1" 0.15
2001:db8:0:1:0:0:0:9 - - [11/Jun/2024:12:36:31 +0000] "POST /yuudnlpau HTTP/1.1" 302 5865 "https://www.ibm.com/" "Mozilla/5.0 (Windows NT 6.1; WOW64; Trident/7.0; AS; rv:11.0) like Gecko" "192.168.56.1" 0.1
2001:db8:0:1:0:0:0:4 - - [11/Jun/2024:12:36:32 +0000] "PUT /x HTTP/1.1" 400 2522 "https://www.example.com/" "Mozilla/5.0 (Windows NT 10.0; WOW64) AppleWebKit/537.36 (KHTML, like Gecko) Chrome/58.0.3029.110 Safari/537.36 OPR/45.0.2552.898" "192.168.1.3" 0.002
192.168.1.12 - - [11/Jun/2024:12:36:34 +0000] "DELETE /wqz HTTP/1.1" 500 3119 "https://www.google.com/" "Mozilla/5.0 (Windows NT 6.1; WOW64; Trident/7.0; AS; rv:11.0) like Gecko" "192.168.1.3" 0.002
192.168.1.15 - - [11/Jun/2024:12:36:34 +0000] "GET /uvk HTTP/1.1" 204 5773 "https://www.google.com/" "Mozilla/5.0 (Windows NT 6.1; WOW64; rv:54.0) Gecko/20100101 Firefox/54.0" "192.168.1.5" 0.002
192.168.1.21 - - [11/Jun/2024:12:36:34 +0000] "GET /iazck HTTP/1.1" 500 5989 "https://www.ibm.com/" "Mozilla/5.0 (Windows NT 10.0; WOW64) AppleWebKit/537.36 (KHTML, like Gecko) Chrome/58.0.3029.110 Safari/537.36 OPR/45.0.2552.898" "192.168.1.1" 0.002
2001:db8:0:1:0:0:0:8 - - [11/Jun/2024:12:36:40 +0000] "POST /zxquyo HTTP/1.1" 301 4901 "https://www.ibm.com/" "Mozilla/5.0 (Windows NT 6.1; WOW64; rv:54.0) Gecko/20100101 Firefox/54.0" "192.168.1.5" 0.09
192.168.1.45 - - [11/Jun/2024:12:36:45 +0000] "POST /rrzgh HTTP/1.1" 400 7233 "https://www.example.com/" "Mozilla/5.0 (Windows NT 10.0; WOW64) AppleWebKit/537.36 (KHTML, like Gecko) Chrome/58.0.3029.110 Safari/537.36 OPR/45.0.2552.898" "192.168.1.3" 0.15
192.168.1.43 - - [11/Jun/2024:12:36:51 +0000] "PUT /snog HTTP/1.1" 200 1351 "https://www.msn.com/" "Mozilla/5.0 (Windows NT 6.1; WOW64; rv:54.0) Gecko/20100101 Firefox/54.0" "192.168.52.1" 0.09
192.168.1.47 - - [11/Jun/2024:12:36:54 +0000] "PUT /d HTTP/1.1" 401 7229 "https://www.example.com/" "Mozilla/5.0 (Windows NT 10.0; Win64; x64; rv:54.0) Gecko/20100101 Firefox/54.0" "192.168.1.2" 0.025
192.168.1.19 - - [11/Jun/2024:12:36:57 +0000] "GET /unyq HTTP/1.1" 302 7225 "https://www.msn.com/" "Mozilla/5.0 (Windows NT 6.1; WOW64; rv:54.0) Gecko/20100101 Firefox/54.0" "192.168.1.4" 0.002
192.168.1.5 - - [11/Jun/2024:12:36:59 +0000] "PUT /juipdjz HTTP/1.1" 204 2404 "https://www.ibm.com/" "Mozilla/5.0 (Windows NT 10.0; WOW64) AppleWebKit/537.36 (KHTML, like Gecko) Chrome/58.0.3029.110 Safari/537.36 OPR/45.0.2552.898" "192.168.1.2" 0.002
192.168.1.32 - - [11/Jun/2024:12:37:01 +0000] "PUT /bpgm HTTP/1.1" 201 798 "https://www.ibm.com/" "Mozilla/5.0 (Windows NT 6.1; WOW64; Trident/7.0; AS; rv:11.0) like Gecko" "192.168.1.4" 0.002
2001:db8:0:1:0:0:0:7 - - [11/Jun/2024:12:37:01 +0000] "DELETE /pgb HTTP/1.1" 403 8949 "https://www.ibm.com/" "Mozilla/5.0 (Windows NT 10.0; WOW64) AppleWebKit/537.36 (KHTML, like Gecko) Chrome/58.0.3029.110 Safari/537.36 OPR/45.0.2552.898" "192.168.1.3" 0.002
192.168.1.50 - - [11/Jun/2024:12:37:01 +0000] "PUT /urypasguw HTTP/1.1" 204 1571 "https://www.msn.com/" "Mozilla/5.0 (Windows NT 10.0; Win64; x64; rv:54.0) Gecko/20100101 Firefox/54.0" "192.168.1.4" 0.002
192.168.1.36 - - [11/Jun/2024:12:37:05 +0000] "GET /lqjahhox HTTP/1.1" 403 1371 "https://www.msn.com/" "Mozilla/5.0 (Windows NT 10.0; WOW64) AppleWebKit/537.36 (KHTML, like Gecko) Chrome/58.0.3029.110 Safari/537.36 OPR/45.0.2552.898" "192.168.1.1" 0.002
192.168.1.9 - - [11/Jun/2024:12:37:06 +0000] "GET /brmfvfhv HTTP/1.1" 401 3803 "https://www.ibm.com/" "Mozilla/5.0 (Windows NT 6.1; WOW64; Trident/7.0; AS; rv:11.0) like Gecko" "192.168.1.1" 0.001
2001:db8:0:1:0:0:0:d - - [11/Jun/2024:12:37:08 +0000] "PUT /syffxhfix HTTP/1.1" 403 1525 "https://www.example.com/" "Mozilla/5.0 (Windows NT 10.0; WOW64) AppleWebKit/537.36 (KHTML, like Gecko) Chrome/58.0.3029.110 Safari/537.36 OPR/45.0.2552.898" "192.168.1.5" 0.09
192.168.1.14 - - [11/Jun/2024:12:37:10 +0000] "PUT /xgvglsxvr HTTP/1.1" 302 329 "https://www.ibm.com/" "Mozilla/5.0 (Windows NT 10.0; WOW64) AppleWebKit/537.36 (KHTML, like Gecko) Chrome/58.0.3029.110 Safari/537.36 OPR/45.0.2552.898" "192.168.1.1" 0.002
192.168.1.37 - - [11/Jun/2024:12:37:11 +0000] "DELETE /hzkrmq HTTP/1.1" 204 2845 "https://www.msn.com/" "Mozilla/5.0 (Windows NT 10.0; Win64; x64; rv:54.0) Gecko/20100101 Firefox/54.0" "192.168.1.2" 0.1
192.168.1.41 - - [11/Jun/2024:12:37:13 +0000] "PUT /buqzl HTTP/1.1" 302 5925 "https://www.msn.com/" "Mozilla/5.0 (Windows NT 10.0; Win64; x64) AppleWebKit/537.36 (KHTML, like Gecko) Chrome/62.0.3202.94 Safari/537.36" "192.168.1.5" 0.025
192.168.1.40 - - [11/Jun/2024:12:37:22 +0000] "POST /avkhxbtxu HTTP/1.1" 500 3590 "https://www.ibm.com/" "Mozilla/5.0 (Windows NT 6.1; WOW64; rv:54.0) Gecko/20100101 Firefox/54.0" "192.168.1.1" 0.001
192.168.1.27 - - [11/Jun/2024:12:37:24 +0000] "DELETE /aanjduaht HTTP/1.1" 201 1877 "https://www.example.com/" "Mozilla/5.0 (Windows NT 6.1; WOW64; rv:54.0) Gecko/20100101 Firefox/54.0" "192.168.1.2" 0.002
2001:db8:0:1:0:0:0:a - - [11/Jun/2024:12:37:24 +0000] "POST /v HTTP/1.1" 404 383 "https://www.google.com/" "Mozilla/5.0 (Windows NT 10.0; WOW64) AppleWebKit/537.36 (KHTML, like Gecko) Chrome/58.0.3029.110 Safari/537.36 OPR/45.0.2552.898" "192.168.1.1" 0.025
192.168.1.3 - - [11/Jun/2024:12:37:24 +0000] "POST /bvwqrihj HTTP/1.1" 404 5006 "https://www.google.com/" "Mozilla/5.0 (Windows NT 6.1; WOW64; rv:54.0) Gecko/20100101 Firefox/54.0" "192.168.1.4" 0.002
192.168.1.36 - - [11/Jun/2024:12:37:27 +0000] "DELETE /vvafhazyb HTTP/1.1" 200 6910 "https://www.google.com/" "Mozilla/5.0 (Windows NT 6.1; WOW64; rv:54.0) Gecko/20100101 Firefox/54.0" "192.168.1.1" 0.025
192.168.1.18 - - [11/Jun/2024:12:37:29 +0000] "GET /kwscmmvfst HTTP/1.1" 400 1504 "https://www.msn.com/" "Mozilla/5.0 (Windows NT 6.1; WOW64; rv:54.0) Gecko/20100101 Firefox/54.0" "192.168.52.1" 0.15
192.168.1.25 - - [11/Jun/2024:12:37:30 +0000] "DELETE /kdhz HTTP/1.1" 302 1097 "https://www.ibm.com/" "Mozilla/5.0 (Windows NT 6.1; WOW64; Trident/7.0; AS; rv:11.0) like Gecko" "192.168.52.1" 0.025
192.168.1.4 - - [11/Jun/2024:12:37:36 +0000] "DELETE /qh HTTP/1.1" 302 2818 "https://www.example.com/" "Mozilla/5.0 (Windows NT 10.0; Win64; x64) AppleWebKit/537.36 (KHTML, like Gecko) Chrome/58.0.3029.110 Safari/537.36" "192.168.1.3" 0.1
192.168.1.40 - - [11/Jun/2024:12:37:39 +0000] "GET /otqrqtkoe HTTP/1.1" 302 5287 "https://www.example.com/" "Mozilla/5.0 (Windows NT 10.0; Win64; x64) AppleWebKit/537.36 (KHTML, like Gecko) Chrome/62.0.3202.94 Safari/537.36" "192.168.1.1" 0.002
192.168.1.23 - - [11/Jun/2024:12:37:45 +0000] "GET /epw HTTP/1.1" 200 2055 "https://www.ibm.com/" "Mozilla/5.0 (Windows NT 6.1; WOW64; Trident/7.0; AS; rv:11.0) like Gecko" "192.168.1.1" 0.1
192.168.1.29 - - [11/Jun/2024:12:37:45 +0000] "GET /zxzrglnzi HTTP/1.1" 200 2395 "https://www.example.com/" "Mozilla/5.0 (Windows NT 10.0; Win64; x64) AppleWebKit/537.36 (KHTML, like Gecko) Chrome/58.0.3029.110 Safari/537.36" "192.168.1.2" 0.1
192.168.1.22 - - [11/Jun/2024:12:37:46 +0000] "GET /vm HTTP/1.1" 500 4003 "https://www.google.com/" "Mozilla/5.0 (Windows NT 10.0; Win64; x64) AppleWebKit/537.36 (KHTML, like Gecko) Chrome/62.0.3202.94 Safari/537.36" "192.168.52.1" 0.002
192.168.1.48 - - [11/Jun/2024:12:37:48 +0000] "POST /rzef HTTP/1.1" 204 5753 "https://www.msn.com/" "Mozilla/5.0 (Windows NT 10.0; Win64; x64; rv:54.0) Gecko/20100101 Firefox/54.0" "192.168.1.4" 0.002
192.168.1.8 - - [11/Jun/2024:12:37:49 +0000] "PUT /t HTTP/1.1" 404 6017 "https://www.ibm.com/" "Mozilla/5.0 (Windows NT 10.0; Win64; x64; rv:54.0) Gecko/20100101 Firefox/54.0" "192.168.56.1" 0.1
192.168.1.9 - - [11/Jun/2024:12:37:58 +0000] "DELETE /sx HTTP/1.1" 204 8173 "https://www.example.com/" "Mozilla/5.0 (Windows NT 6.1; WOW64; rv:54.0) Gecko/20100101 Firefox/54.0" "192.168.52.1" 0.002
192.168.1.50 - - [11/Jun/2024:12:38:05 +0000] "DELETE /wojiqyou HTTP/1.1" 200 8953 "https://www.msn.com/" "Mozilla/5.0 (Windows NT 6.1; WOW64; Trident/7.0; AS; rv:11.0) like Gecko" "192.168.1.2" 0.1
2001:db8:0:1:0:0:0:1 - - [11/Jun/2024:12:38:07 +0000] "DELETE /zd HTTP/1.1" 201 4867 "https://www.msn.com/" "Mozilla/5.0 (Windows NT 6.1; WOW64; Trident/7.0; AS; rv:11.0) like Gecko" "192.168.52.1" 0.001
192.168.1.35 - - [11/Jun/2024:12:38:11 +0000] "PUT /gqm HTTP/1.1" 201 3424 "https://www.ibm.com/" "Mozilla/5.0 (Windows NT 10.0; Win64; x64) AppleWebKit/537.36 (KHTML, like Gecko) Chrome/58.0.3029.110 Safari/537.36" "192.168.1.4" 0.025
192.168.1.19 - - [11/Jun/2024:12:38:18 +0000] "POST /w HTTP/1.1" 301 1717 "https://www.ibm.com/" "Mozilla/5.0 (Windows NT 10.0; WOW64) AppleWebKit/537.36 (KHTML, like Gecko) Chrome/58.0.3029.110 Safari/537.36 OPR/45.0.2552.898" "192.168.1.2" 0.001
192.168.1.11 - - [11/Jun/2024:12:38:23 +0000] "GET /jdvstdetq HTTP/1.1" 403 4683 "https://www.msn.com/" "Mozilla/5.0 (Windows NT 10.0; Win64; x64) AppleWebKit/537.36 (KHTML, like Gecko) Chrome/62.0.3202.94 Safari/537.36" "192.168.1.2" 0.15
2001:db8:0:1:0:0:0:d - - [11/Jun/2024:12:38:23 +0000] "DELETE /abwty HTTP/1.1" 400 9451 "https://www.google.com/" "Mozilla/5.0 (Windows NT 10.0; Win64; x64) AppleWebKit/537.36 (KHTML, like Gecko) Chrome/58.0.3029.110 Safari/537.36" "192.168.1.2" 0.15
2001:db8:0:1:0:0:0:1 - - [11/Jun/2024:12:38:24 +0000] "PUT /kzp HTTP/1.1" 204 3476 "https://www.ibm.com/" "Mozilla/5.0 (Windows NT 6.1; WOW64; rv:54.0) Gecko/20100101 Firefox/54.0" "192.168.1.5" 0.001
2001:db8:0:1:0:0:0:1 - - [11/Jun/2024:12:38:25 +0000] "POST /vazywdafph HTTP/1.1" 301 5533 "https://www.msn.com/" "Mozilla/5.0 (Windows NT 10.0; WOW64) AppleWebKit/537.36 (KHTML, like Gecko) Chrome/58.0.3029.110 Safari/537.36 OPR/45.0.2552.898" "192.168.52.1" 0.002
192.168.1.22 - - [11/Jun/2024:12:38:28 +0000] "DELETE /asnzcfow HTTP/1.1" 204 2472 "https://www.msn.com/" "Mozilla/5.0 (Windows NT 10.0; Win64; x64; rv:54.0) Gecko/20100101 Firefox/54.0" "192.168.1.5" 0.15
192.168.1.16 - - [11/Jun/2024:12:38:29 +0000] "DELETE /miogpex HTTP/1.1" 401 8048 "https://www.ibm.com/" "Mozilla/5.0 (Windows NT 6.1; WOW64; Trident/7.0; AS; rv:11.0) like Gecko" "192.168.52.1" 0.001
192.168.1.2 - - [11/Jun/2024:12:38:30 +0000] "POST /eholwutrw HTTP/1.1" 401 620 "https://www.example.com/" "Mozilla/5.0 (Windows NT 10.0; WOW64) AppleWebKit/537.36 (KHTML, like Gecko) Chrome/58.0.3029.110 Safari/537.36 OPR/45.0.2552.898" "192.168.1.5" 0.001
2001:db8:0:1:0:0:0:9 - - [11/Jun/2024:12:38:35 +0000] "GET /egsxl HTTP/1.1" 404 7070 "https://www.example.com/" "Mozilla/5.0 (Windows NT 6.1; WOW64; Trident/7.0; AS; rv:11.0) like Gecko" "192.168.56.1" 0.001
2001:db8:0:1:0:0:0:5 - - [11/Jun/2024:12:38:39 +0000] "DELETE /kudzu HTTP/1.1" 204 8036 "https://www.msn.com/" "Mozilla/5.0 (Windows NT 6.1; WOW64; Trident/7.0; AS; rv:11.0) like Gecko" "192.168.1.5" 0.1
192.168.1.45 - - [11/Jun/2024:12:38:41 +0000] "DELETE /g HTTP/1.1" 400 216 "https://www.msn.com/" "Mozilla/5.0 (Windows NT 10.0; WOW64) AppleWebKit/537.36 (KHTML, like Gecko) Chrome/58.0.3029.110 Safari/537.36 OPR/45.0.2552.898" "192.168.1.1" 0.002
192.168.1.15 - - [11/Jun/2024:12:38:54 +0000] "POST /huplqkdkg HTTP/1.1" 401 5584 "https://www.google.com/" "Mozilla/5.0 (Windows NT 10.0; Win64; x64; rv:54.0) Gecko/20100101 Firefox/54.0" "192.168.1.3" 0.025
192.168.1.50 - - [11/Jun/2024:12:39:04 +0000] "POST /nzqwkqfwqq HTTP/1.1" 404 2829 "https://www.example.com/" "Mozilla/5.0 (Windows NT 10.0; Win64; x64) AppleWebKit/537.36 (KHTML, like Gecko) Chrome/62.0.3202.94 Safari/537.36" "192.168.52.1" 0.002
192.168.1.46 - - [11/Jun/2024:12:39:04 +0000] "PUT /bnqtu HTTP/1.1" 200 8538 "https://www.google.com/" "Mozilla/5.0 (Windows NT 10.0; WOW64) AppleWebKit/537.36 (KHTML, like Gecko) Chrome/58.0.3029.110 Safari/537.36 OPR/45.0.2552.898" "192.168.1.3" 0.002
192.168.1.37 - - [11/Jun/2024:12:39:05 +0000] "GET /kjzdggxih HTTP/1.1" 404 270 "https://www.msn.com/" "Mozilla/5.0 (Windows NT 10.0; Win64; x64) AppleWebKit/537.36 (KHTML, like Gecko) Chrome/58.0.3029.110 Safari/537.36" "192.168.52.1" 0.002
192.168.1.20 - - [11/Jun/2024:12:39:06 +0000] "DELETE /kmr HTTP/1.1" 403 7183 "https://www.google.com/" "Mozilla/5.0 (Windows NT 10.0; Win64; x64) AppleWebKit/537.36 (KHTML, like Gecko) Chrome/58.0.3029.110 Safari/537.36" "192.168.1.1" 0.09
192.168.1.44 - - [11/Jun/2024:12:39:06 +0000] "GET /ek HTTP/1.1" 500 7635 "https://www.ibm.com/" "Mozilla/5.0 (Windows NT 10.0; Win64; x64; rv:54.0) Gecko/20100101 Firefox/54.0" "192.168.56.1" 0.1
2001:db8:0:1:0:0:0:1 - - [11/Jun/2024:12:39:09 +0000] "DELETE /dggam HTTP/1.1" 401 4105 "https://www.example.com/" "Mozilla/5.0 (Windows NT 10.0; Win64; x64) AppleWebKit/537.36 (KHTML, like Gecko) Chrome/58.0.3029.110 Safari/537.36" "192.168.52.1" 0.001
192.168.1.23 - - [11/Jun/2024:12:39:13 +0000] "GET /zapajev HTTP/1.1" 204 4141 "https://www.ibm.com/" "Mozilla/5.0 (Windows NT 10.0; Win64; x64) AppleWebKit/537.36 (KHTML, like Gecko) Chrome/62.0.3202.94 Safari/537.36" "192.168.1.2" 0.001
2001:db8:0:1:0:0:0:c - - [11/Jun/2024:12:39:14 +0000] "GET /qgrch HTTP/1.1" 302 3201 "https://www.ibm.com/" "Mozilla/5.0 (Windows NT 6.1; WOW64; Trident/7.0; AS; rv:11.0) like Gecko" "192.168.1.3" 0.001
192.168.1.49 - - [11/Jun/2024:12:39:16 +0000] "PUT /jj HTTP/1.1" 204 5197 "https://www.ibm.com/" "Mozilla/5.0 (Windows NT 10.0; WOW64) AppleWebKit/537.36 (KHTML, like Gecko) Chrome/58.0.3029.110 Safari/537.36 OPR/45.0.2552.898" "192.168.1.1" 0.002
2001:db8:0:1:0:0:0:5 - - [11/Jun/2024:12:39:23 +0000] "DELETE /j HTTP/1.1" 500 5029 "https://www.example.com/" "Mozilla/5.0 (Windows NT 10.0; Win64; x64; rv:54.0) Gecko/20100101 Firefox/54.0" "192.168.56.1" 0.001
192.168.1.28 - - [11/Jun/2024:12:39:23 +0000] "POST /ugsjnoukw HTTP/1.1" 401 8771 "https://www.ibm.com/" "Mozilla/5.0 (Windows NT 10.0; Win64; x64) AppleWebKit/537.36 (KHTML, like Gecko) Chrome/58.0.3029.110 Safari/537.36" "192.168.1.3" 0.001
192.168.1.29 - - [11/Jun/2024:12:39:38 +0000] "PUT /mtbquc HTTP/1.1" 403 4563 "https://www.google.com/" "Mozilla/5.0 (Windows NT 6.1; WOW64; Trident/7.0; AS; rv:11.0) like Gecko" "192.168.1.2" 0.025
192.168.1.43 - - [11/Jun/2024:12:39:39 +0000] "GET /xstdzf HTTP/1.1" 204 2045 "https://www.google.com/" "Mozilla/5.0 (Windows NT 10.0; Win64; x64; rv:54.0) Gecko/20100101 Firefox/54.0" "192.168.52.1" 0.09
192.168.1.36 - - [11/Jun/2024:12:39:52 +0000] "POST /fbkut HTTP/1.1" 301 3769 "https://www.msn.com/" "Mozilla/5.0 (Windows NT 10.0; Win64; x64; rv:54.0) Gecko/20100101 Firefox/54.0" "192.168.52.1" 0.001
192.168.1.1 - - [11/Jun/2024:12:39:55 +0000] "PUT /coroyi HTTP/1.1" 301 8492 "https://www.google.com/" "Mozilla/5.0 (Windows NT 10.0; Win64; x64) AppleWebKit/537.36 (KHTML, like Gecko) Chrome/58.0.3029.110 Safari/537.36" "192.168.52.1" 0.1
192.168.1.35 - - [11/Jun/2024:12:40:02 +0000] "POST /qmkry HTTP/1.1" 500 1833 "https://www.ibm.com/" "Mozilla/5.0 (Windows NT 10.0; WOW64) AppleWebKit/537.36 (KHTML, like Gecko) Chrome/58.0.3029.110 Safari/537.36 OPR/45.0.2552.898" "192.168.1.4" 0.002
192.168.1.23 - - [11/Jun/2024:12:40:03 +0000] "GET /opqrqgu HTTP/1.1" 201 8323 "https://www.google.com/" "Mozilla/5.0 (Windows NT 10.0; Win64; x64) AppleWebKit/537.36 (KHTML, like Gecko) Chrome/58.0.3029.110 Safari/537.36" "192.168.1.5" 0.002
192.168.1.19 - - [11/Jun/2024:12:40:03 +0000] "GET /h HTTP/1.1" 400 5019 "https://www.example.com/" "Mozilla/5.0 (Windows NT 10.0; WOW64) AppleWebKit/537.36 (KHTML, like Gecko) Chrome/58.0.3029.110 Safari/537.36 OPR/45.0.2552.898" "192.168.1.4" 0.001
192.168.1.5 - - [11/Jun/2024:12:40:07 +0000] "PUT /gtxgcswh HTTP/1.1" 403 2206 "https://www.ibm.com/" "Mozilla/5.0 (Windows NT 10.0; WOW64) AppleWebKit/537.36 (KHTML, like Gecko) Chrome/58.0.3029.110 Safari/537.36 OPR/45.0.2552.898" "192.168.1.2" 0.002
192.168.1.26 - - [11/Jun/2024:12:40:07 +0000] "POST /qshsx HTTP/1.1" 201 6831 "https://www.msn.com/" "Mozilla/5.0 (Windows NT 6.1; WOW64; rv:54.0) Gecko/20100101 Firefox/54.0" "192.168.56.1" 0.002
192.168.1.1 - - [11/Jun/2024:12:40:08 +0000] "POST /ixiaon HTTP/1.1" 500 7171 "https://www.ibm.com/" "Mozilla/5.0 (Windows NT 10.0; Win64; x64; rv:54.0) Gecko/20100101 Firefox/54.0" "192.168.1.3" 0.025
2001:db8:0:1:0:0:0:a - - [11/Jun/2024:12:40:09 +0000] "DELETE /gqjkjpi HTTP/1.1" 400 6365 "https://www.example.com/" "Mozilla/5.0 (Windows NT 10.0; Win64; x64) AppleWebKit/537.36 (KHTML, like Gecko) Chrome/58.0.3029.110 Safari/537.36" "192.168.1.1" 0.002
192.168.1.38 - - [11/Jun/2024:12:40:09 +0000] "POST /vjayj HTTP/1.1" 403 7305 "https://www.google.com/" "Mozilla/5.0 (Windows NT 10.0; Win64; x64; rv:54.0) Gecko/20100101 Firefox/54.0" "192.168.1.5" 0.001
192.168.1.10 - - [11/Jun/2024:12:40:15 +0000] "POST /sgtvyhxzc HTTP/1.1" 201 9895 "https://www.ibm.com/" "Mozilla/5.0 (Windows NT 10.0; Win64; x64) AppleWebKit/537.36 (KHTML, like Gecko) Chrome/58.0.3029.110 Safari/537.36" "192.168.1.1" 0.025
2001:db8:0:1:0:0:0:8 - - [11/Jun/2024:12:40:27 +0000] "DELETE /zcdgwkhlbp HTTP/1.1" 301 9161 "https://www.ibm.com/" "Mozilla/5.0 (Windows NT 10.0; Win64; x64) AppleWebKit/537.36 (KHTML, like Gecko) Chrome/58.0.3029.110 Safari/537.36" "192.168.1.1" 0.09
192.168.1.13 - - [11/Jun/2024:12:40:41 +0000] "PUT /jsa HTTP/1.1" 500 6285 "https://www.ibm.com/" "Mozilla/5.0 (Windows NT 10.0; Win64; x64; rv:54.0) Gecko/20100101 Firefox/54.0" "192.168.52.1" 0.15
192.168.1.36 - - [11/Jun/2024:12:40:47 +0000] "GET /vusacojmj HTTP/1.1" 401 2834 "https://www.msn.com/" "Mozilla/5.0 (Windows NT 10.0; WOW64) AppleWebKit/537.36 (KHTML, like Gecko) Chrome/58.0.3029.110 Safari/537.36 OPR/45.0.2552.898" "192.168.52.1" 0.002
2001:db8:0:1:0:0:0:9 - - [11/Jun/2024:12:40:47 +0000] "DELETE /znrtbxgivd HTTP/1.1" 204 5428 "https://www.msn.com/" "Mozilla/5.0 (Windows NT 10.0; Win64; x64) AppleWebKit/537.36 (KHTML, like Gecko) Chrome/58.0.3029.110 Safari/537.36" "192.168.1.5" 0.09
192.168.1.22 - - [11/Jun/2024:12:40:49 +0000] "GET /xxsfgwr HTTP/1.1" 404 3833 "https://www.ibm.com/" "Mozilla/5.0 (Windows NT 10.0; WOW64) AppleWebKit/537.36 (KHTML, like Gecko) Chrome/58.0.3029.110 Safari/537.36 OPR/45.0.2552.898" "192.168.1.5" 0.002
2001:db8:0:1:0:0:0:a - - [11/Jun/2024:12:40:50 +0000] "POST /xos HTTP/1.1" 403 6511 "https://www.ibm.com/" "Mozilla/5.0 (Windows NT 10.0; Win64; x64; rv:54.0) Gecko/20100101 Firefox/54.0" "192.168.1.5" 0.15
192.168.1.40 - - [11/Jun/2024:12:40:53 +0000] "PUT /h HTTP/1.1" 403 4306 "https://www.msn.com/" "Mozilla/5.0 (Windows NT 6.1; WOW64; Trident/7.0; AS; rv:11.0) like Gecko" "192.168.1.1" 0.002
2001:db8:0:1:0:0:0:6 - - [11/Jun/2024:12:40:57 +0000] "POST /kjzohblubc HTTP/1.1" 403 3289 "https://www.ibm.com/" "Mozilla/5.0 (Windows NT 6.1; WOW64; rv:54.0) Gecko/20100101 Firefox/54.0" "192.168.1.2" 0.002
2001:db8:0:1:0:0:0:9 - - [11/Jun/2024:12:40:58 +0000] "GET /xdyqf HTTP/1.1" 204 5156 "https://www.google.com/" "Mozilla/5.0 (Windows NT 10.0; Win64; x64) AppleWebKit/537.36 (KHTML, like Gecko) Chrome/58.0.3029.110 Safari/537.36" "192.168.1.2" 0.09
192.168.1.23 - - [11/Jun/2024:12:41:06 +0000] "PUT /l HTTP/1.1" 404 8094 "https://www.msn.com/" "Mozilla/5.0 (Windows NT 10.0; Win64; x64) AppleWebKit/537.36 (KHTML, like Gecko) Chrome/58.0.3029.110 Safari/537.36" "192.168.1.4" 0.001
2001:db8:0:1:0:0:0:9 - - [11/Jun/2024:12:41:15 +0000] "PUT /kmkqcjltgo HTTP/1.1" 302 9074 "https://www.msn.com/" "Mozilla/5.0 (Windows NT 6.1; WOW64; rv:54.0) Gecko/20100101 Firefox/54.0" "192.168.1.3" 0.1
192.168.1.21 - - [11/Jun/2024:12:41:16 +0000] "GET /sqxljhtu HTTP/1.1" 401 3537 "https://www.ibm.com/" "Mozilla/5.0 (Windows NT 6.1; WOW64; Trident/7.0; AS; rv:11.0) like Gecko" "192.168.1.1" 0.09
192.168.1.16 - - [11/Jun/2024:12:41:20 +0000] "PUT /hnrpxklfp HTTP/1.1" 302 2694 "https://www.ibm.com/" "Mozilla/5.0 (Windows NT 10.0; WOW64) AppleWebKit/537.36 (KHTML, like Gecko) Chrome/58.0.3029.110 Safari/537.36 OPR/45.0.2552.898" "192.168.52.1" 0.1
192.168.1.46 - - [11/Jun/2024:12:41:22 +0000] "GET /yiu HTTP/1.1" 404 9673 "https://www.google.com/" "Mozilla/5.0 (Windows NT 10.0; WOW64) AppleWebKit/537.36 (KHTML, like Gecko) Chrome/58.0.3029.110 Safari/537.36 OPR/45.0.2552.898" "192.168.1.1" 0.09
192.168.1.37 - - [11/Jun/2024:12:41:24 +0000] "POST /miifd HTTP/1.1" 500 2010 "https://www.msn.com/" "Mozilla/5.0 (Windows NT 10.0; Win64; x64) AppleWebKit/537.36 (KHTML, like Gecko) Chrome/62.0.3202.94 Safari/537.36" "192.168.1.1" 0.025
192.168.1.18 - - [11/Jun/2024:12:41:26 +0000] "DELETE /tfmxedrkn HTTP/1.1" 403 1143 "https://www.msn.com/" "Mozilla/5.0 (Windows NT 6.1; WOW64; Trident/7.0; AS; rv:11.0) like Gecko" "192.168.1.3" 0.1
2001:db8:0:1:0:0:0:c - - [11/Jun/2024:12:41:29 +0000] "PUT /qyjcu HTTP/1.1" 301 5503 "https://www.ibm.com/" "Mozilla/5.0 (Windows NT 6.1; WOW64; rv:54.0) Gecko/20100101 Firefox/54.0" "192.168.56.1" 0.002
2001:db8:0:1:0:0:0:8 - - [11/Jun/2024:12:41:30 +0000] "GET /yzl HTTP/1.1" 500 3488 "https://www.google.com/" "Mozilla/5.0 (Windows NT 10.0; Win64; x64) AppleWebKit/537.36 (KHTML, like Gecko) Chrome/58.0.3029.110 Safari/537.36" "192.168.1.3" 0.001
192.168.1.44 - - [11/Jun/2024:12:41:33 +0000] "PUT /zjenej HTTP/1.1" 400 2247 "https://www.google.com/" "Mozilla/5.0 (Windows NT 10.0; Win64; x64; rv:54.0) Gecko/20100101 Firefox/54.0" "192.168.52.1" 0.09
2001:db8:0:1:0:0:0:9 - - [11/Jun/2024:12:41:39 +0000] "PUT /zjeptx HTTP/1.1" 301 7192 "https://www.ibm.com/" "Mozilla/5.0 (Windows NT 10.0; Win64; x64; rv:54.0) Gecko/20100101 Firefox/54.0" "192.168.1.2" 0.09
2001:db8:0:1:0:0:0:9 - - [11/Jun/2024:12:41:39 +0000] "GET /gvgctvmsgw HTTP/1.1" 404 8516 "https://www.example.com/" "Mozilla/5.0 (Windows NT 10.0; WOW64) AppleWebKit/537.36 (KHTML, like Gecko) Chrome/58.0.3029.110 Safari/537.36 OPR/45.0.2552.898" "192.168.56.1" 0.001
192.168.1.11 - - [11/Jun/2024:12:41:46 +0000] "POST /ujnbkxhm HTTP/1.1" 302 6037 "https://www.example.com/" "Mozilla/5.0 (Windows NT 10.0; Win64; x64; rv:54.0) Gecko/20100101 Firefox/54.0" "192.168.1.4" 0.025
192.168.1.50 - - [11/Jun/2024:12:41:46 +0000] "PUT /lgrmj HTTP/1.1" 404 6461 "https://www.msn.com/" "Mozilla/5.0 (Windows NT 6.1; WOW64; rv:54.0) Gecko/20100101 Firefox/54.0" "192.168.56.1" 0.001
192.168.1.21 - - [11/Jun/2024:12:41:49 +0000] "GET /re HTTP/1.1" 200 4521 "https://www.google.com/" "Mozilla/5.0 (Windows NT 6.1; WOW64; Trident/7.0; AS; rv:11.0) like Gecko" "192.168.1.4" 0.002
192.168.1.6 - - [11/Jun/2024:12:41:59 +0000] "PUT /lxxped HTTP/1.1" 301 7362 "https://www.ibm.com/" "Mozilla/5.0 (Windows NT 10.0; Win64; x64) AppleWebKit/537.36 (KHTML, like Gecko) Chrome/58.0.3029.110 Safari/537.36" "192.168.52.1" 0.002
192.168.1.50 - - [11/Jun/2024:12:42:03 +0000] "PUT /gcajpmfzdv HTTP/1.1" 404 8229 "https://www.example.com/" "Mozilla/5.0 (Windows NT 10.0; Win64; x64; rv:54.0) Gecko/20100101 Firefox/54.0" "192.168.1.1" 0.002
192.168.1.27 - - [11/Jun/2024:12:42:06 +0000] "POST /z HTTP/1.1" 500 3489 "https://www.msn.com/" "Mozilla/5.0 (Windows NT 10.0; Win64; x64) AppleWebKit/537.36 (KHTML, like Gecko) Chrome/58.0.3029.110 Safari/537.36" "192.168.52.1" 0.001
2001:db8:0:1:0:0:0:2 - - [11/Jun/2024:12:42:11 +0000] "PUT /cwphaqkl HTTP/1.1" 201 3937 "https://www.ibm.com/" "Mozilla/5.0 (Windows NT 10.0; Win64; x64; rv:54.0) Gecko/20100101 Firefox/54.0" "192.168.1.3" 0.002
2001:db8:0:1:0:0:0:6 - - [11/Jun/2024:12:42:13 +0000] "PUT /mbfpxafeg HTTP/1.1" 204 2949 "https://www.ibm.com/" "Mozilla/5.0 (Windows NT 10.0; Win64; x64) AppleWebKit/537.36 (KHTML, like Gecko) Chrome/62.0.3202.94 Safari/537.36" "192.168.1.1" 0.001
192.168.1.3 - - [11/Jun/2024:12:42:20 +0000] "DELETE /awudfmpgdl HTTP/1.1" 301 649 "https://www.ibm.com/" "Mozilla/5.0 (Windows NT 10.0; Win64; x64; rv:54.0) Gecko/20100101 Firefox/54.0" "192.168.1.4" 0.001
2001:db8:0:1:0:0:0:5 - - [11/Jun/2024:12:42:30 +0000] "GET /setyfdklns HTTP/1.1" 200 8003 "https://www.msn.com/" "Mozilla/5.0 (Windows NT 10.0; WOW64) AppleWebKit/537.36 (KHTML, like Gecko) Chrome/58.0.3029.110 Safari/537.36 OPR/45.0.2552.898" "192.168.1.5" 0.001
192.168.1.26 - - [11/Jun/2024:12:42:30 +0000] "GET /u HTTP/1.1" 201 1628 "https://www.msn.com/" "Mozilla/5.0 (Windows NT 10.0; WOW64) AppleWebKit/537.36 (KHTML, like Gecko) Chrome/58.0.3029.110 Safari/537.36 OPR/45.0.2552.898" "192.168.1.4" 0.002
192.168.1.28 - - [11/Jun/2024:12:42:31 +0000] "GET /uhipic HTTP/1.1" 301 5612 "https://www.msn.com/" "Mozilla/5.0 (Windows NT 6.1; WOW64; Trident/7.0; AS; rv:11.0) like Gecko" "192.168.52.1" 0.09
2001:db8:0:1:0:0:0:1 - - [11/Jun/2024:12:42:33 +0000] "DELETE /zoavhdjzth HTTP/1.1" 200 9788 "https://www.msn.com/" "Mozilla/5.0 (Windows NT 6.1; WOW64; rv:54.0) Gecko/20100101 Firefox/54.0" "192.168.56.1" 0.002
192.168.1.33 - - [11/Jun/2024:12:42:34 +0000] "GET /cztvlslt HTTP/1.1" 500 2067 "https://www.example.com/" "Mozilla/5.0 (Windows NT 10.0; Win64; x64) AppleWebKit/537.36 (KHTML, like Gecko) Chrome/58.0.3029.110 Safari/537.36" "192.168.1.5" 0.002
192.168.1.15 - - [11/Jun/2024:12:42:37 +0000] "POST /xfmg HTTP/1.1" 302 216 "https://www.ibm.com/" "Mozilla/5.0 (Windows NT 10.0; Win64; x64) AppleWebKit/537.36 (KHTML, like Gecko) Chrome/62.0.3202.94 Safari/537.36" "192.168.1.5" 0.15
192.168.1.24 - - [11/Jun/2024:12:42:41 +0000] "POST /xigv HTTP/1.1" 401 4395 "https://www.ibm.com/" "Mozilla/5.0 (Windows NT 10.0; Win64; x64) AppleWebKit/537.36 (KHTML, like Gecko) Chrome/58.0.3029.110 Safari/537.36" "192.168.1.4" 0.15
192.168.1.16 - - [11/Jun/2024:12:42:44 +0000] "GET /nkyavw HTTP/1.1" 302 4549 "https://www.msn.com/" "Mozilla/5.0 (Windows NT 10.0; WOW64) AppleWebKit/537.36 (KHTML, like Gecko) Chrome/58.0.3029.110 Safari/537.36 OPR/45.0.2552.898" "192.168.1.4" 0.15
192.168.1.8 - - [11/Jun/2024:12:42:45 +0000] "GET /ccsjyu HTTP/1.1" 301 8660 "https://www.ibm.com/" "Mozilla/5.0 (Windows NT 10.0; Win64; x64) AppleWebKit/537.36 (KHTML, like Gecko) Chrome/58.0.3029.110 Safari/537.36" "192.168.1.1" 0.025
192.168.1.9 - - [11/Jun/2024:12:42:48 +0000] "DELETE /ucq HTTP/1.1" 403 6291 "https://www.google.com/" "Mozilla/5.0 (Windows NT 10.0; Win64; x64) AppleWebKit/537.36 (KHTML, like Gecko) Chrome/58.0.3029.110 Safari/537.36" "192.168.1.1" 0.1
2001:db8:0:1:0:0:0:9 - - [11/Jun/2024:12:42:51 +0000] "DELETE /othkc HTTP/1.1" 403 1122 "https://www.example.com/" "Mozilla/5.0 (Windows NT 6.1; WOW64; Trident/7.0; AS; rv:11.0) like Gecko" "192.168.1.2" 0.15
2001:db8:0:1:0:0:0:c - - [11/Jun/2024:12:42:51 +0000] "GET /r HTTP/1.1" 403 6934 "https://www.google.com/" "Mozilla/5.0 (Windows NT 10.0; Win64; x64) AppleWebKit/537.36 (KHTML, like Gecko) Chrome/62.0.3202.94 Safari/537.36" "192.168.56.1" 0.09
192.168.1.13 - - [11/Jun/2024:12:42:56 +0000] "POST /lxhqc HTTP/1.1" 201 9641 "https://www.google.com/" "Mozilla/5.0 (Windows NT 10.0; WOW64) AppleWebKit/537.36 (KHTML, like Gecko) Chrome/58.0.3029.110 Safari/537.36 OPR/45.0.2552.898" "192.168.1.2" 0.002
192.168.1.24 - - [11/Jun/2024:12:43:01 +0000] "DELETE /iet HTTP/1.1" 204 9392 "https://www.example.com/" "Mozilla/5.0 (Windows NT 10.0; Win64; x64) AppleWebKit/537.36 (KHTML, like Gecko) Chrome/58.0.3029.110 Safari/537.36" "192.168.1.5" 0.025
192.168.1.14 - - [11/Jun/2024:12:43:12 +0000] "POST /pgoekmnp HTTP/1.1" 404 8206 "https://www.ibm.com/" "Mozilla/5.0 (Windows NT 6.1; WOW64; Trident/7.0; AS; rv:11.0) like Gecko" "192.168.52.1" 0.025
192.168.1.36 - - [11/Jun/2024:12:43:14 +0000] "GET /jnep HTTP/1.1" 301 184 "https://www.msn.com/" "Mozilla/5.0 (Windows NT 6.1; WOW64; rv:54.0) Gecko/20100101 Firefox/54.0" "192.168.1.4" 0.15
192.168.1.31 - - [11/Jun/2024:12:43:15 +0000] "GET /hbykjxa HTTP/1.1" 301 5786 "https://www.google.com/" "Mozilla/5.0 (Windows NT 10.0; Win64; x64) AppleWebKit/537.36 (KHTML, like Gecko) Chrome/58.0.3029.110 Safari/537.36" "192.168.1.3" 0.15
192.168.1.28 - - [11/Jun/2024:12:43:17 +0000] "GET /gjcmz HTTP/1.1" 404 7904 "https://www.example.com/" "Mozilla/5.0 (Windows NT 10.0; Win64; x64; rv:54.0) Gecko/20100101 Firefox/54.0" "192.168.1.2" 0.15
192.168.1.12 - - [11/Jun/2024:12:43:23 +0000] "DELETE /rmiibnrdr HTTP/1.1" 404 8396 "https://www.example.com/" "Mozilla/5.0 (Windows NT 10.0; Win64; x64; rv:54.0) Gecko/20100101 Firefox/54.0" "192.168.1.3" 0.025
192.168.1.13 - - [11/Jun/2024:12:43:30 +0000] "GET /q HTTP/1.1" 404 8211 "https://www.msn.com/" "Mozilla/5.0 (Windows NT 10.0; Win64; x64; rv:54.0) Gecko/20100101 Firefox/54.0" "192.168.56.1" 0.002
192.168.1.26 - - [11/Jun/2024:12:43:41 +0000] "DELETE /nbfijfwl HTTP/1.1" 301 3985 "https://www.ibm.com/" "Mozilla/5.0 (Windows NT 6.1; WOW64; Trident/7.0; AS; rv:11.0) like Gecko" "192.168.1.3" 0.002
192.168.1.14 - - [11/Jun/2024:12:43:49 +0000] "POST /u HTTP/1.1" 200 409 "https://www.msn.com/" "Mozilla/5.0 (Windows NT 6.1; WOW64; rv:54.0) Gecko/20100101 Firefox/54.0" "192.168.1.4" 0.025
