2001:db8:0:1:0:0:0:b - - [12/Jun/2024:07:19:14 +0000] "POST /wpuqkpnkg HTTP/1.1" 404 3703 "https://www.example.com/" "Mozilla/5.0 (Windows NT 10.0; WOW64) AppleWebKit/537.36 (KHTML, like Gecko) Chrome/58.0.3029.110 Safari/537.36 OPR/45.0.2552.898" "192.168.1.1" 0.09
192.168.1.42 - - [12/Jun/2024:07:19:21 +0000] "PUT /m HTTP/1.1" 500 6635 "https://www.example.com/" "Mozilla/5.0 (Windows NT 10.0; Win64; x64) AppleWebKit/537.36 (KHTML, like Gecko) Chrome/62.0.3202.94 Safari/537.36" "192.168.1.2" 0.001
192.168.1.43 - - [12/Jun/2024:07:19:23 +0000] "POST /arjuznwcq HTTP/1.1" 404 5747 "https://www.ibm.com/" "Mozilla/5.0 (Windows NT 10.0; Win64; x64) AppleWebKit/537.36 (KHTML, like Gecko) Chrome/58.0.3029.110 Safari/537.36" "192.168.1.1" 0.002
192.168.1.48 - - [12/Jun/2024:07:19:25 +0000] "POST /adhfer HTTP/1.1" 403 4987 "https://www.example.com/" "Mozilla/5.0 (Windows NT 6.1; WOW64; Trident/7.0; AS; rv:11.0) like Gecko" "192.168.52.1" 0.002
2001:db8:0:1:0:0:0:1 - - [12/Jun/2024:07:19:34 +0000] "POST /ntlbfhy HTTP/1.1" 200 7593 "https://www.example.com/" "Mozilla/5.0 (Windows NT 10.0; WOW64) AppleWebKit/537.36 (KHTML, like Gecko) Chrome/58.0.3029.110 Safari/537.36 OPR/45.0.2552.898" "192.168.56.1" 0.002
192.168.1.35 - - [12/Jun/2024:07:19:39 +0000] "PUT /lpouig HTTP/1.1" 301 3506 "https://www.msn.com/" "Mozilla/5.0 (Windows NT 10.0; Win64; x64) AppleWebKit/537.36 (KHTML, like Gecko) Chrome/62.0.3202.94 Safari/537.36" "192.168.52.1" 0.001
192.168.1.37 - - [12/Jun/2024:07:19:41 +0000] "DELETE /owldl HTTP/1.1" 500 8615 "https://www.google.com/" "Mozilla/5.0 (Windows NT 6.1; WOW64; Trident/7.0; AS; rv:11.0) like Gecko" "192.168.1.2" 0.002
192.168.1.34 - - [12/Jun/2024:07:19:46 +0000] "GET /mmiph HTTP/1.1" 302 5523 "https://www.ibm.com/" "Mozilla/5.0 (Windows NT 10.0; Win64; x64) AppleWebKit/537.36 (KHTML, like Gecko) Chrome/58.0.3029.110 Safari/537.36" "192.168.1.1" 0.001
192.168.1.22 - - [12/Jun/2024:07:19:47 +0000] "GET /f HTTP/1.1" 204 3773 "https://www.example.com/" "Mozilla/5.0 (Windows NT 10.0; WOW64) AppleWebKit/537.36 (KHTML, like Gecko) Chrome/58.0.3029.110 Safari/537.36 OPR/45.0.2552.898" "192.168.1.4" 0.001
192.168.1.21 - - [12/Jun/2024:07:19:48 +0000] "GET /mpldykus HTTP/1.1" 401 5823 "https://www.google.com/" "Mozilla/5.0 (Windows NT 6.1; WOW64; rv:54.0) Gecko/20100101 Firefox/54.0" "192.168.1.2" 0.09
2001:db8:0:1:0:0:0:8 - - [12/Jun/2024:07:19:48 +0000] "DELETE /pplccnp HTTP/1.1" 400 6023 "https://www.msn.com/" "Mozilla/5.0 (Windows NT 10.0; WOW64) AppleWebKit/537.36 (KHTML, like Gecko) Chrome/58.0.3029.110 Safari/537.36 OPR/45.0.2552.898" "192.168.1.4" 0.001
192.168.1.43 - - [12/Jun/2024:07:19:58 +0000] "GET /x HTTP/1.1" 302 2418 "https://www.msn.com/" "Mozilla/5.0 (Windows NT 10.0; WOW64) AppleWebKit/537.36 (KHTML, like Gecko) Chrome/58.0.3029.110 Safari/537.36 OPR/45.0.2552.898" "192.168.1.1" 0.025
2001:db8:0:1:0:0:0:6 - - [12/Jun/2024:07:20:03 +0000] "POST /zlivas HTTP/1.1" 201 2142 "https://www.google.com/" "Mozilla/5.0 (Windows NT 10.0; Win64; x64) AppleWebKit/537.36 (KHTML, like Gecko) Chrome/62.0.3202.94 Safari/537.36" "192.168.1.3" 0.002
2001:db8:0:1:0:0:0:a - - [12/Jun/2024:07:20:05 +0000] "PUT /bkzvmt HTTP/1.1" 201 437 "https://www.msn.com/" "Mozilla/5.0 (Windows NT 6.1; WOW64; Trident/7.0; AS; rv:11.0) like Gecko" "192.168.52.1" 0.002
192.168.1.27 - - [12/Jun/2024:07:20:05 +0000] "POST /wdqht HTTP/1.1" 500 9488 "https://www.msn.com/" "Mozilla/5.0 (Windows NT 10.0; WOW64) AppleWebKit/537.36 (KHTML, like Gecko) Chrome/58.0.3029.110 Safari/537.36 OPR/45.0.2552.898" "192.168.1.2" 0.002
192.168.1.32 - - [12/Jun/2024:07:20:11 +0000] "DELETE /yhtmlhrx HTTP/1.1" 200 8675 "https://www.msn.com/" "Mozilla/5.0 (Windows NT 6.1; WOW64; rv:54.0) Gecko/20100101 Firefox/54.0" "192.168.56.1" 0.025
2001:db8:0:1:0:0:0:8 - - [12/Jun/2024:07:20:12 +0000] "GET /edpsekbsqu HTTP/1.1" 403 159 "https://www.msn.com/" "Mozilla/5.0 (Windows NT 6.1; WOW64; rv:54.0) Gecko/20100101 Firefox/54.0" "192.168.1.2" 0.09
192.168.1.21 - - [12/Jun/2024:07:20:15 +0000] "PUT /oti HTTP/1.1" 302 7621 "https://www.google.com/" "Mozilla/5.0 (Windows NT 10.0; Win64; x64) AppleWebKit/537.36 (KHTML, like Gecko) Chrome/58.0.3029.110 Safari/537.36" "192.168.1.2" 0.025
2001:db8:0:1:0:0:0:c - - [12/Jun/2024:07:20:16 +0000] "GET /fybh HTTP/1.1" 403 9194 "https://www.msn.com/" "Mozilla/5.0 (Windows NT 10.0; Win64; x64) AppleWebKit/537.36 (KHTML, like Gecko) Chrome/62.0.3202.94 Safari/537.36" "192.168.52.1" 0.1
192.168.1.48 - - [12/Jun/2024:07:20:18 +0000] "DELETE /krg HTTP/1.1" 201 5140 "https://www.msn.com/" "Mozilla/5.0 (Windows NT 6.1; WOW64; Trident/7.0; AS; rv:11.0) like Gecko" "192.168.1.2" 0.1
192.168.1.43 - - [12/Jun/2024:07:20:19 +0000] "GET /hvutiiwwzc HTTP/1.1" 302 3675 "https://www.msn.com/" "Mozilla/5.0 (Windows NT 10.0; Win64; x64) AppleWebKit/537.36 (KHTML, like Gecko) Chrome/58.0.3029.110 Safari/537.36" "192.168.1.3" 0.002
192.168.1.44 - - [12/Jun/2024:07:20:22 +0000] "DELETE /ldzxtmm HTTP/1.1" 201 5125 "https://www.example.com/" "Mozilla/5.0 (Windows NT 10.0; WOW64) AppleWebKit/537.36 (KHTML, like Gecko) Chrome/58.0.3029.110 Safari/537.36 OPR/45.0.2552.898" "192.168.1.5" 0.001
192.168.1.24 - - [12/Jun/2024:07:20:26 +0000] "PUT /ifhxptf HTTP/1.1" 401 6605 "https://www.google.com/" "Mozilla/5.0 (Windows NT 10.0; Win64; x64) AppleWebKit/537.36 (KHTML, like Gecko) Chrome/58.0.3029.110 Safari/537.36" "192.168.1.4" 0.09
192.168.1.36 - - [12/Jun/2024:07:20:28 +0000] "POST /mutrvq HTTP/1.1" 401 6532 "https://www.example.com/" "Mozilla/5.0 (Windows NT 10.0; Win64; x64; rv:54.0) Gecko/20100101 Firefox/54.0" "192.168.1.3" 0.025
192.168.1.2 - - [12/Jun/2024:07:20:33 +0000] "PUT /ijcosij HTTP/1.1" 204 9491 "https://www.msn.com/" "Mozilla/5.0 (Windows NT 10.0; Win64; x64) AppleWebKit/537.36 (KHTML, like Gecko) Chrome/62.0.3202.94 Safari/537.36" "192.168.52.1" 0.002
192.168.1.26 - - [12/Jun/2024:07:20:33 +0000] "POST /uoupzoyc HTTP/1.1" 201 9465 "https://www.msn.com/" "Mozilla/5.0 (Windows NT 10.0; Win64; x64) AppleWebKit/537.36 (KHTML, like Gecko) Chrome/58.0.3029.110 Safari/537.36" "192.168.56.1" 0.09
192.168.1.1 - - [12/Jun/2024:07:20:36 +0000] "DELETE /tbqf HTTP/1.1" 500 5625 "https://www.msn.com/" "Mozilla/5.0 (Windows NT 10.0; WOW64) AppleWebKit/537.36 (KHTML, like Gecko) Chrome/58.0.3029.110 Safari/537.36 OPR/45.0.2552.898" "192.168.1.4" 0.025
192.168.1.19 - - [12/Jun/2024:07:20:37 +0000] "POST /tkklzhdd HTTP/1.1" 200 2814 "https://www.msn.com/" "Mozilla/5.0 (Windows NT 10.0; Win64; x64) AppleWebKit/537.36 (KHTML, like Gecko) Chrome/62.0.3202.94 Safari/537.36" "192.168.1.1" 0.002
192.168.1.47 - - [12/Jun/2024:07:20:41 +0000] "DELETE /bgqg HTTP/1.1" 302 2778 "https://www.ibm.com/" "Mozilla/5.0 (Windows NT 10.0; Win64; x64) AppleWebKit/537.36 (KHTML, like Gecko) Chrome/58.0.3029.110 Safari/537.36" "192.168.1.3" 0.001
192.168.1.34 - - [12/Jun/2024:07:20:42 +0000] "DELETE /hbirdl HTTP/1.1" 404 2873 "https://www.ibm.com/" "Mozilla/5.0 (Windows NT 10.0; Win64; x64) AppleWebKit/537.36 (KHTML, like Gecko) Chrome/62.0.3202.94 Safari/537.36" "192.168.1.1" 0.002
2001:db8:0:1:0:0:0:6 - - [12/Jun/2024:07:20:46 +0000] "DELETE /i HTTP/1.1" 403 6903 "https://www.example.com/" "Mozilla/5.0 (Windows NT 10.0; Win64; x64) AppleWebKit/537.36 (KHTML, like Gecko) Chrome/62.0.3202.94 Safari/537.36" "192.168.52.1" 0.09
192.168.1.19 - - [12/Jun/2024:07:20:50 +0000] "PUT /mdiqq HTTP/1.1" 200 6422 "https://www.ibm.com/" "Mozilla/5.0 (Windows NT 6.1; WOW64; Trident/7.0; AS; rv:11.0) like Gecko" "192.168.1.5" 0.001
192.168.1.32 - - [12/Jun/2024:07:20:51 +0000] "DELETE /ua HTTP/1.1" 403 450 "https://www.example.com/" "Mozilla/5.0 (Windows NT 6.1; WOW64; rv:54.0) Gecko/20100101 Firefox/54.0" "192.168.1.1" 0.002
192.168.1.4 - - [12/Jun/2024:07:20:53 +0000] "POST /iqsqb HTTP/1.1" 500 3898 "https://www.msn.com/" "Mozilla/5.0 (Windows NT 10.0; Win64; x64) AppleWebKit/537.36 (KHTML, like Gecko) Chrome/62.0.3202.94 Safari/537.36" "192.168.1.4" 0.025
192.168.1.39 - - [12/Jun/2024:07:20:55 +0000] "PUT /njvvljz HTTP/1.1" 403 883 "https://www.google.com/" "Mozilla/5.0 (Windows NT 10.0; Win64; x64) AppleWebKit/537.36 (KHTML, like Gecko) Chrome/58.0.3029.110 Safari/537.36" "192.168.1.3" 0.025
2001:db8:0:1:0:0:0:d - - [12/Jun/2024:07:21:03 +0000] "DELETE /tiagc HTTP/1.1" 500 1637 "https://www.msn.com/" "Mozilla/5.0 (Windows NT 10.0; Win64; x64; rv:54.0) Gecko/20100101 Firefox/54.0" "192.168.1.5" 0.001
192.168.1.33 - - [12/Jun/2024:07:21:04 +0000] "DELETE /c HTTP/1.1" 302 2714 "https://www.google.com/" "Mozilla/5.0 (Windows NT 6.1; WOW64; rv:54.0) Gecko/20100101 Firefox/54.0" "192.168.1.3" 0.001
192.168.1.26 - - [12/Jun/2024:07:21:04 +0000] "GET /f HTTP/1.1" 200 1014 "https://www.ibm.com/" "Mozilla/5.0 (Windows NT 6.1; WOW64; rv:54.0) Gecko/20100101 Firefox/54.0" "192.168.56.1" 0.002
2001:db8:0:1:0:0:0:c - - [12/Jun/2024:07:21:05 +0000] "POST /bfofc HTTP/1.1" 301 1700 "https://www.example.com/" "Mozilla/5.0 (Windows NT 10.0; Win64; x64) AppleWebKit/537.36 (KHTML, like Gecko) Chrome/58.0.3029.110 Safari/537.36" "192.168.1.2" 0.09
192.168.1.3 - - [12/Jun/2024:07:21:10 +0000] "PUT /nmvjjonzjr HTTP/1.1" 204 7280 "https://www.google.com/" "Mozilla/5.0 (Windows NT 10.0; Win64; x64) AppleWebKit/537.36 (KHTML, like Gecko) Chrome/62.0.3202.94 Safari/537.36" "192.168.1.3" 0.025
2001:db8:0:1:0:0:0:1 - - [12/Jun/2024:07:21:14 +0000] "POST /mlytyhxzy HTTP/1.1" 500 7682 "https://www.msn.com/" "Mozilla/5.0 (Windows NT 10.0; Win64; x64; rv:54.0) Gecko/20100101 Firefox/54.0" "192.168.1.4" 0.001
192.168.1.31 - - [12/Jun/2024:07:21:21 +0000] "GET /qztyy HTTP/1.1" 403 634 "https://www.google.com/" "Mozilla/5.0 (Windows NT 6.1; WOW64; rv:54.0) Gecko/20100101 Firefox/54.0" "192.168.1.3" 0.002
2001:db8:0:1:0:0:0:5 - - [12/Jun/2024:07:21:21 +0000] "PUT /bfzyegcs HTTP/1.1" 400 9223 "https://www.google.com/" "Mozilla/5.0 (Windows NT 10.0; Win64; x64) AppleWebKit/537.36 (KHTML, like Gecko) Chrome/62.0.3202.94 Safari/537.36" "192.168.56.1" 0.002
192.168.1.39 - - [12/Jun/2024:07:21:23 +0000] "DELETE /mewnkie HTTP/1.1" 204 1773 "https://www.example.com/" "Mozilla/5.0 (Windows NT 6.1; WOW64; Trident/7.0; AS; rv:11.0) like Gecko" "192.168.1.5" 0.1
2001:db8:0:1:0:0:0:2 - - [12/Jun/2024:07:21:29 +0000] "DELETE /doa HTTP/1.1" 302 7151 "https://www.ibm.com/" "Mozilla/5.0 (Windows NT 10.0; Win64; x64) AppleWebKit/537.36 (KHTML, like Gecko) Chrome/62.0.3202.94 Safari/537.36" "192.168.56.1" 0.15
2001:db8:0:1:0:0:0:4 - - [12/Jun/2024:07:21:30 +0000] "PUT /q HTTP/1.1" 401 6429 "https://www.ibm.com/" "Mozilla/5.0 (Windows NT 10.0; Win64; x64; rv:54.0) Gecko/20100101 Firefox/54.0" "192.168.1.5" 0.002
192.168.1.29 - - [12/Jun/2024:07:21:35 +0000] "POST /ygdjgmtff HTTP/1.1" 204 950 "https://www.ibm.com/" "Mozilla/5.0 (Windows NT 6.1; WOW64; rv:54.0) Gecko/20100101 Firefox/54.0" "192.168.1.1" 0.002
192.168.1.50 - - [12/Jun/2024:07:21:36 +0000] "POST /xtbvdmyta HTTP/1.1" 500 4270 "https://www.google.com/" "Mozilla/5.0 (Windows NT 10.0; Win64; x64; rv:54.0) Gecko/20100101 Firefox/54.0" "192.168.1.3" 0.002
2001:db8:0:1:0:0:0:1 - - [12/Jun/2024:07:21:37 +0000] "GET /aumxnyh HTTP/1.1" 302 962 "https://www.msn.com/" "Mozilla/5.0 (Windows NT 10.0; WOW64) AppleWebKit/537.36 (KHTML, like Gecko) Chrome/58.0.3029.110 Safari/537.36 OPR/45.0.2552.898" "192.168.56.1" 0.001
192.168.1.13 - - [12/Jun/2024:07:21:38 +0000] "PUT /ze HTTP/1.1" 403 1851 "https://www.example.com/" "Mozilla/5.0 (Windows NT 6.1; WOW64; rv:54.0) Gecko/20100101 Firefox/54.0" "192.168.56.1" 0.09
192.168.1.5 - - [12/Jun/2024:07:21:50 +0000] "GET /a HTTP/1.1" 400 2358 "https://www.msn.com/" "Mozilla/5.0 (Windows NT 10.0; Win64; x64; rv:54.0) Gecko/20100101 Firefox/54.0" "192.168.1.1" 0.1
192.168.1.9 - - [12/Jun/2024:07:21:53 +0000] "PUT /vsgekw HTTP/1.1" 403 7074 "https://www.ibm.com/" "Mozilla/5.0 (Windows NT 10.0; Win64; x64) AppleWebKit/537.36 (KHTML, like Gecko) Chrome/58.0.3029.110 Safari/537.36" "192.168.1.3" 0.001
192.168.1.5 - - [12/Jun/2024:07:21:54 +0000] "GET /izhwinjvlx HTTP/1.1" 404 4102 "https://www.ibm.com/" "Mozilla/5.0 (Windows NT 6.1; WOW64; rv:54.0) Gecko/20100101 Firefox/54.0" "192.168.52.1" 0.09
192.168.1.19 - - [12/Jun/2024:07:21:57 +0000] "PUT /mbopvfr HTTP/1.1" 401 1759 "https://www.google.com/" "Mozilla/5.0 (Windows NT 10.0; Win64; x64) AppleWebKit/537.36 (KHTML, like Gecko) Chrome/62.0.3202.94 Safari/537.36" "192.168.52.1" 0.001
192.168.1.48 - - [12/Jun/2024:07:22:13 +0000] "PUT /leyhv HTTP/1.1" 302 5110 "https://www.msn.com/" "Mozilla/5.0 (Windows NT 6.1; WOW64; Trident/7.0; AS; rv:11.0) like Gecko" "192.168.1.1" 0.15
192.168.1.39 - - [12/Jun/2024:07:22:13 +0000] "DELETE /ztjl HTTP/1.1" 301 5325 "https://www.google.com/" "Mozilla/5.0 (Windows NT 10.0; Win64; x64) AppleWebKit/537.36 (KHTML, like Gecko) Chrome/58.0.3029.110 Safari/537.36" "192.168.1.4" 0.002
192.168.1.48 - - [12/Jun/2024:07:22:13 +0000] "GET /qvbgxdubws HTTP/1.1" 204 4270 "https://www.ibm.com/" "Mozilla/5.0 (Windows NT 6.1; WOW64; Trident/7.0; AS; rv:11.0) like Gecko" "192.168.52.1" 0.025
192.168.1.14 - - [12/Jun/2024:07:22:13 +0000] "POST /sqiebs HTTP/1.1" 400 2799 "https://www.msn.com/" "Mozilla/5.0 (Windows NT 6.1; WOW64; rv:54.0) Gecko/20100101 Firefox/54.0" "192.168.1.5" 0.001
192.168.1.13 - - [12/Jun/2024:07:22:16 +0000] "DELETE /rc HTTP/1.1" 404 2380 "https://www.ibm.com/" "Mozilla/5.0 (Windows NT 10.0; Win64; x64) AppleWebKit/537.36 (KHTML, like Gecko) Chrome/58.0.3029.110 Safari/537.36" "192.168.1.5" 0.002
192.168.1.26 - - [12/Jun/2024:07:22:26 +0000] "PUT /emom HTTP/1.1" 403 2587 "https://www.google.com/" "Mozilla/5.0 (Windows NT 10.0; WOW64) AppleWebKit/537.36 (KHTML, like Gecko) Chrome/58.0.3029.110 Safari/537.36 OPR/45.0.2552.898" "192.168.52.1" 0.002
192.168.1.6 - - [12/Jun/2024:07:22:27 +0000] "GET /u HTTP/1.1" 401 8362 "https://www.google.com/" "Mozilla/5.0 (Windows NT 10.0; Win64; x64) AppleWebKit/537.36 (KHTML, like Gecko) Chrome/62.0.3202.94 Safari/537.36" "192.168.52.1" 0.002
192.168.1.45 - - [12/Jun/2024:07:22:35 +0000] "POST /ekqgxjy HTTP/1.1" 400 761 "https://www.msn.com/" "Mozilla/5.0 (Windows NT 10.0; Win64; x64; rv:54.0) Gecko/20100101 Firefox/54.0" "192.168.1.2" 0.002
2001:db8:0:1:0:0:0:3 - - [12/Jun/2024:07:22:37 +0000] "PUT /szgmwqvq HTTP/1.1" 302 1120 "https://www.example.com/" "Mozilla/5.0 (Windows NT 10.0; WOW64) AppleWebKit/537.36 (KHTML, like Gecko) Chrome/58.0.3029.110 Safari/537.36 OPR/45.0.2552.898" "192.168.52.1" 0.002
2001:db8:0:1:0:0:0:5 - - [12/Jun/2024:07:22:38 +0000] "POST /hq HTTP/1.1" 201 6857 "https://www.google.com/" "Mozilla/5.0 (Windows NT 10.0; Win64; x64; rv:54.0) Gecko/20100101 Firefox/54.0" "192.168.1.2" 0.1
192.168.1.9 - - [12/Jun/2024:07:22:42 +0000] "GET /kjteh HTTP/1.1" 201 7299 "https://www.google.com/" "Mozilla/5.0 (Windows NT 10.0; Win64; x64; rv:54.0) Gecko/20100101 Firefox/54.0" "192.168.1.1" 0.002
192.168.1.36 - - [12/Jun/2024:07:22:44 +0000] "POST /jwtnzs HTTP/1.1" 404 5788 "https://www.ibm.com/" "Mozilla/5.0 (Windows NT 10.0; Win64; x64) AppleWebKit/537.36 (KHTML, like Gecko) Chrome/62.0.3202.94 Safari/537.36" "192.168.1.5" 0.09
192.168.1.3 - - [12/Jun/2024:07:22:45 +0000] "PUT /bjodfztnv HTTP/1.1" 302 1691 "https://www.ibm.com/" "Mozilla/5.0 (Windows NT 10.0; WOW64) AppleWebKit/537.36 (KHTML, like Gecko) Chrome/58.0.3029.110 Safari/537.36 OPR/45.0.2552.898" "192.168.1.4" 0.1
192.168.1.6 - - [12/Jun/2024:07:22:49 +0000] "GET /ohwi HTTP/1.1" 204 3761 "https://www.example.com/" "Mozilla/5.0 (Windows NT 10.0; Win64; x64) AppleWebKit/537.36 (KHTML, like Gecko) Chrome/58.0.3029.110 Safari/537.36" "192.168.1.1" 0.002
192.168.1.43 - - [12/Jun/2024:07:22:54 +0000] "DELETE /zcve HTTP/1.1" 200 6628 "https://www.example.com/" "Mozilla/5.0 (Windows NT 10.0; WOW64) AppleWebKit/537.36 (KHTML, like Gecko) Chrome/58.0.3029.110 Safari/537.36 OPR/45.0.2552.898" "192.168.1.5" 0.1
192.168.1.47 - - [12/Jun/2024:07:22:59 +0000] "PUT /ujpzrfq HTTP/1.1" 400 4475 "https://www.msn.com/" "Mozilla/5.0 (Windows NT 10.0; Win64; x64) AppleWebKit/537.36 (KHTML, like Gecko) Chrome/58.0.3029.110 Safari/537.36" "192.168.1.1" 0.001
192.168.1.10 - - [12/Jun/2024:07:23:02 +0000] "PUT /w HTTP/1.1" 201 6006 "https://www.example.com/" "Mozilla/5.0 (Windows NT 6.1; WOW64; rv:54.0) Gecko/20100101 Firefox/54.0" "192.168.1.3" 0.025
2001:db8:0:1:0:0:0:e - - [12/Jun/2024:07:23:05 +0000] "DELETE /vwre HTTP/1.1" 500 7669 "https://www.msn.com/" "Mozilla/5.0 (Windows NT 10.0; WOW64) AppleWebKit/537.36 (KHTML, like Gecko) Chrome/58.0.3029.110 Safari/537.36 OPR/45.0.2552.898" "192.168.1.3" 0.09
192.168.1.4 - - [12/Jun/2024:07:23:14 +0000] "GET /ucqbtxmu HTTP/1.1" 401 4174 "https://www.msn.com/" "Mozilla/5.0 (Windows NT 10.0; Win64; x64; rv:54.0) Gecko/20100101 Firefox/54.0" "192.168.1.2" 0.15
2001:db8:0:1:0:0:0:d - - [12/Jun/2024:07:23:19 +0000] "DELETE /amfhgzlca HTTP/1.1" 403 2621 "https://www.google.com/" "Mozilla/5.0 (Windows NT 10.0; WOW64) AppleWebKit/537.36 (KHTML, like Gecko) Chrome/58.0.3029.110 Safari/537.36 OPR/45.0.2552.898" "192.168.56.1" 0.1
192.168.1.34 - - [12/Jun/2024:07:23:23 +0000] "POST /kwpr HTTP/1.1" 401 1858 "https://www.msn.com/" "Mozilla/5.0 (Windows NT 10.0; Win64; x64) AppleWebKit/537.36 (KHTML, like Gecko) Chrome/62.0.3202.94 Safari/537.36" "192.168.52.1" 0.002
192.168.1.35 - - [12/Jun/2024:07:23:25 +0000] "POST /ixaoopzzbc HTTP/1.1" 204 895 "https://www.example.com/" "Mozilla/5.0 (Windows NT 10.0; WOW64) AppleWebKit/537.36 (KHTML, like Gecko) Chrome/58.0.3029.110 Safari/537.36 OPR/45.0.2552.898" "192.168.56.1" 0.002
2001:db8:0:1:0:0:0:e - - [12/Jun/2024:07:23:28 +0000] "DELETE /lcpgslotnf HTTP/1.1" 302 6044 "https://www.example.com/" "Mozilla/5.0 (Windows NT 6.1; WOW64; rv:54.0) Gecko/20100101 Firefox/54.0" "192.168.56.1" 0.002
192.168.1.38 - - [12/Jun/2024:07:23:33 +0000] "PUT /lkdlrdoxx HTTP/1.1" 404 854 "https://www.google.com/" "Mozilla/5.0 (Windows NT 10.0; Win64; x64) AppleWebKit/537.36 (KHTML, like Gecko) Chrome/62.0.3202.94 Safari/537.36" "192.168.1.4" 0.002
192.168.1.49 - - [12/Jun/2024:07:23:35 +0000] "GET /wl HTTP/1.1" 404 6051 "https://www.ibm.com/" "Mozilla/5.0 (Windows NT 10.0; Win64; x64) AppleWebKit/537.36 (KHTML, like Gecko) Chrome/58.0.3029.110 Safari/537.36" "192.168.56.1" 0.002
192.168.1.6 - - [12/Jun/2024:07:23:43 +0000] "GET /bwwrf HTTP/1.1" 201 194 "https://www.google.com/" "Mozilla/5.0 (Windows NT 10.0; WOW64) AppleWebKit/537.36 (KHTML, like Gecko) Chrome/58.0.3029.110 Safari/537.36 OPR/45.0.2552.898" "192.168.1.1" 0.002
192.168.1.43 - - [12/Jun/2024:07:23:47 +0000] "GET /ua HTTP/1.1" 201 7414 "https://www.example.com/" "Mozilla/5.0 (Windows NT 6.1; WOW64; rv:54.0) Gecko/20100101 Firefox/54.0" "192.168.1.2" 0.1
192.168.1.16 - - [12/Jun/2024:07:24:00 +0000] "POST /mhzjooit HTTP/1.1" 201 6375 "https://www.ibm.com/" "Mozilla/5.0 (Windows NT 6.1; WOW64; Trident/7.0; AS; rv:11.0) like Gecko" "192.168.1.3" 0.001
192.168.1.15 - - [12/Jun/2024:07:24:00 +0000] "DELETE /iq HTTP/1.1" 500 3775 "https://www.ibm.com/" "Mozilla/5.0 (Windows NT 10.0; Win64; x64) AppleWebKit/537.36 (KHTML, like Gecko) Chrome/62.0.3202.94 Safari/537.36" "192.168.1.5" 0.001
192.168.1.50 - - [12/Jun/2024:07:24:02 +0000] "POST /wqiqcqzxgc HTTP/1.1" 200 1003 "https://www.ibm.com/" "Mozilla/5.0 (Windows NT 6.1; WOW64; rv:54.0) Gecko/20100101 Firefox/54.0" "192.168.1.4" 0.002
2001:db8:0:1:0:0:0:c - - [12/Jun/2024:07:24:03 +0000] "PUT /rj HTTP/1.1" 400 8909 "https://www.google.com/" "Mozilla/5.0 (Windows NT 6.1; WOW64; Trident/7.0; AS; rv:11.0) like Gecko" "192.168.52.1" 0.001
192.168.1.13 - - [12/Jun/2024:07:24:07 +0000] "POST /keiuejas HTTP/1.1" 500 6962 "https://www.msn.com/" "Mozilla/5.0 (Windows NT 10.0; Win64; x64) AppleWebKit/537.36 (KHTML, like Gecko) Chrome/58.0.3029.110 Safari/537.36" "192.168.1.5" 0.002
192.168.1.3 - - [12/Jun/2024:07:24:10 +0000] "GET /czjqlbc HTTP/1.1" 302 9159 "https://www.google.com/" "Mozilla/5.0 (Windows NT 10.0; Win64; x64; rv:54.0) Gecko/20100101 Firefox/54.0" "192.168.1.1" 0.002
192.168.1.33 - - [12/Jun/2024:07:24:11 +0000] "GET /ylcp HTTP/1.1" 201 4301 "https://www.google.com/" "Mozilla/5.0 (Windows NT 10.0; Win64; x64; rv:54.0) Gecko/20100101 Firefox/54.0" "192.168.1.2" 0.025
192.168.1.5 - - [12/Jun/2024:07:24:14 +0000] "GET /noal HTTP/1.1" 204 7118 "https://www.example.com/" "Mozilla/5.0 (Windows NT 6.1; WOW64; Trident/7.0; AS; rv:11.0) like Gecko" "192.168.1.4" 0.002
2001:db8:0:1:0:0:0:9 - - [12/Jun/2024:07:24:17 +0000] "PUT /edwhxcap HTTP/1.1" 500 9291 "https://www.google.com/" "Mozilla/5.0 (Windows NT 10.0; Win64; x64; rv:54.0) Gecko/20100101 Firefox/54.0" "192.168.1.1" 0.15
192.168.1.36 - - [12/Jun/2024:07:24:24 +0000] "POST /gpyzrabrab HTTP/1.1" 200 6295 "https://www.google.com/" "Mozilla/5.0 (Windows NT 10.0; WOW64) AppleWebKit/537.36 (KHTML, like Gecko) Chrome/58.0.3029.110 Safari/537.36 OPR/45.0.2552.898" "192.168.1.3" 0.002
192.168.1.7 - - [12/Jun/2024:07:24:26 +0000] "DELETE /c HTTP/1.1" 500 6902 "https://www.example.com/" "Mozilla/5.0 (Windows NT 6.1; WOW64; rv:54.0) Gecko/20100101 Firefox/54.0" "192.168.56.1" 0.1
192.168.1.4 - - [12/Jun/2024:07:24:28 +0000] "POST /ijxuwkzl HTTP/1.1" 201 2980 "https://www.google.com/" "Mozilla/5.0 (Windows NT 10.0; WOW64) AppleWebKit/537.36 (KHTML, like Gecko) Chrome/58.0.3029.110 Safari/537.36 OPR/45.0.2552.898" "192.168.1.2" 0.09
192.168.1.48 - - [12/Jun/2024:07:24:33 +0000] "PUT /xbbp HTTP/1.1" 201 5303 "https://www.msn.com/" "Mozilla/5.0 (Windows NT 10.0; Win64; x64) AppleWebKit/537.36 (KHTML, like Gecko) Chrome/62.0.3202.94 Safari/537.36" "192.168.1.4" 0.002
2001:db8:0:1:0:0:0:5 - - [12/Jun/2024:07:24:36 +0000] "DELETE /xjfvkprj HTTP/1.1" 403 5011 "https://www.msn.com/" "Mozilla/5.0 (Windows NT 10.0; Win64; x64; rv:54.0) Gecko/20100101 Firefox/54.0" "192.168.52.1" 0.1
192.168.1.27 - - [12/Jun/2024:07:24:36 +0000] "POST /dvwuwedywn HTTP/1.1" 403 823 "https://www.ibm.com/" "Mozilla/5.0 (Windows NT 6.1; WOW64; rv:54.0) Gecko/20100101 Firefox/54.0" "192.168.1.3" 0.1
192.168.1.11 - - [12/Jun/2024:07:24:37 +0000] "POST /wmefcn HTTP/1.1" 200 6364 "https://www.ibm.com/" "Mozilla/5.0 (Windows NT 10.0; Win64; x64) AppleWebKit/537.36 (KHTML, like Gecko) Chrome/58.0.3029.110 Safari/537.36" "192.168.1.2" 0.001
192.168.1.35 - - [12/Jun/2024:07:24:42 +0000] "GET /xy HTTP/1.1" 204 2340 "https://www.example.com/" "Mozilla/5.0 (Windows NT 10.0; WOW64) AppleWebKit/537.36 (KHTML, like Gecko) Chrome/58.0.3029.110 Safari/537.36 OPR/45.0.2552.898" "192.168.1.4" 0.15
192.168.1.8 - - [12/Jun/2024:07:24:43 +0000] "DELETE /vduj HTTP/1.1" 404 3251 "https://www.google.com/" "Mozilla/5.0 (Windows NT 10.0; Win64; x64) AppleWebKit/537.36 (KHTML, like Gecko) Chrome/58.0.3029.110 Safari/537.36" "192.168.1.3" 0.09
192.168.1.7 - - [12/Jun/2024:07:24:54 +0000] "GET /w HTTP/1.1" 403 6997 "https://www.msn.com/" "Mozilla/5.0 (Windows NT 10.0; Win64; x64) AppleWebKit/537.36 (KHTML, like Gecko) Chrome/62.0.3202.94 Safari/537.36" "192.168.52.1" 0.002
192.168.1.19 - - [12/Jun/2024:07:24:56 +0000] "PUT /ehz HTTP/1.1" 204 1924 "https://www.example.com/" "Mozilla/5.0 (Windows NT 6.1; WOW64; Trident/7.0; AS; rv:11.0) like Gecko" "192.168.1.2" 0.1
2001:db8:0:1:0:0:0:9 - - [12/Jun/2024:07:25:03 +0000] "DELETE /eakep HTTP/1.1" 404 8532 "https://www.msn.com/" "Mozilla/5.0 (Windows NT 10.0; WOW64) AppleWebKit/537.36 (KHTML, like Gecko) Chrome/58.0.3029.110 Safari/537.36 OPR/45.0.2552.898" "192.168.1.2" 0.002
192.168.1.31 - - [12/Jun/2024:07:25:08 +0000] "POST /baazkpew HTTP/1.1" 204 1967 "https://www.msn.com/" "Mozilla/5.0 (Windows NT 6.1; WOW64; rv:54.0) Gecko/20100101 Firefox/54.0" "192.168.1.3" 0.002
192.168.1.39 - - [12/Jun/2024:07:25:12 +0000] "POST /unfl HTTP/1.1" 500 5032 "https://www.msn.com/" "Mozilla/5.0 (Windows NT 10.0; Win64; x64) AppleWebKit/537.36 (KHTML, like Gecko) Chrome/62.0.3202.94 Safari/537.36" "192.168.1.5" 0.002
2001:db8:0:1:0:0:0:1 - - [12/Jun/2024:07:25:12 +0000] "POST /oshqnb HTTP/1.1" 401 7551 "https://www.example.com/" "Mozilla/5.0 (Windows NT 10.0; Win64; x64; rv:54.0) Gecko/20100101 Firefox/54.0" "192.168.52.1" 0.001
192.168.1.44 - - [12/Jun/2024:07:25:13 +0000] "DELETE /tumtgvm HTTP/1.1" 301 4834 "https://www.ibm.com/" "Mozilla/5.0 (Windows NT 6.1; WOW64; Trident/7.0; AS; rv:11.0) like Gecko" "192.168.1.5" 0.09
192.168.1.35 - - [12/Jun/2024:07:25:14 +0000] "GET /nkwdyrluc HTTP/1.1" 401 940 "https://www.msn.com/" "Mozilla/5.0 (Windows NT 10.0; Win64; x64; rv:54.0) Gecko/20100101 Firefox/54.0" "192.168.1.1" 0.1
2001:db8:0:1:0:0:0:3 - - [12/Jun/2024:07:25:14 +0000] "DELETE /nxjfow HTTP/1.1" 500 154 "https://www.google.com/" "Mozilla/5.0 (Windows NT 10.0; Win64; x64; rv:54.0) Gecko/20100101 Firefox/54.0" "192.168.1.2" 0.002
2001:db8:0:1:0:0:0:6 - - [12/Jun/2024:07:25:21 +0000] "PUT /zhhvxcvosp HTTP/1.1" 201 9108 "https://www.example.com/" "Mozilla/5.0 (Windows NT 10.0; Win64; x64) AppleWebKit/537.36 (KHTML, like Gecko) Chrome/62.0.3202.94 Safari/537.36" "192.168.1.5" 0.09
192.168.1.10 - - [12/Jun/2024:07:25:22 +0000] "PUT /n HTTP/1.1" 404 9828 "https://www.msn.com/" "Mozilla/5.0 (Windows NT 10.0; Win64; x64) AppleWebKit/537.36 (KHTML, like Gecko) Chrome/62.0.3202.94 Safari/537.36" "192.168.1.5" 0.002
192.168.1.48 - - [12/Jun/2024:07:25:25 +0000] "DELETE /tgqzx HTTP/1.1" 401 4621 "https://www.ibm.com/" "Mozilla/5.0 (Windows NT 10.0; Win64; x64) AppleWebKit/537.36 (KHTML, like Gecko) Chrome/58.0.3029.110 Safari/537.36" "192.168.1.5" 0.09
2001:db8:0:1:0:0:0:d - - [12/Jun/2024:07:25:27 +0000] "DELETE /kb HTTP/1.1" 302 5009 "https://www.ibm.com/" "Mozilla/5.0 (Windows NT 6.1; WOW64; rv:54.0) Gecko/20100101 Firefox/54.0" "192.168.1.4" 0.002
192.168.1.48 - - [12/Jun/2024:07:25:30 +0000] "PUT /ntmrmbt HTTP/1.1" 204 5074 "https://www.google.com/" "Mozilla/5.0 (Windows NT 6.1; WOW64; Trident/7.0; AS; rv:11.0) like Gecko" "192.168.1.4" 0.025
192.168.1.1 - - [12/Jun/2024:07:25:32 +0000] "POST /nfxg HTTP/1.1" 302 4173 "https://www.example.com/" "Mozilla/5.0 (Windows NT 10.0; Win64; x64) AppleWebKit/537.36 (KHTML, like Gecko) Chrome/62.0.3202.94 Safari/537.36" "192.168.1.3" 0.001
192.168.1.23 - - [12/Jun/2024:07:25:37 +0000] "GET /elbu HTTP/1.1" 400 7380 "https://www.google.com/" "Mozilla/5.0 (Windows NT 10.0; WOW64) AppleWebKit/537.36 (KHTML, like Gecko) Chrome/58.0.3029.110 Safari/537.36 OPR/45.0.2552.898" "192.168.1.1" 0.025
2001:db8:0:1:0:0:0:3 - - [12/Jun/2024:07:25:41 +0000] "POST /pm HTTP/1.1" 302 2377 "https://www.msn.com/" "Mozilla/5.0 (Windows NT 10.0; Win64; x64; rv:54.0) Gecko/20100101 Firefox/54.0" "192.168.1.1" 0.001
192.168.1.20 - - [12/Jun/2024:07:25:51 +0000] "DELETE /kjewda HTTP/1.1" 500 7098 "https://www.example.com/" "Mozilla/5.0 (Windows NT 10.0; WOW64) AppleWebKit/537.36 (KHTML, like Gecko) Chrome/58.0.3029.110 Safari/537.36 OPR/45.0.2552.898" "192.168.1.2" 0.002
192.168.1.49 - - [12/Jun/2024:07:25:53 +0000] "PUT /qpeh HTTP/1.1" 403 7563 "https://www.msn.com/" "Mozilla/5.0 (Windows NT 10.0; Win64; x64) AppleWebKit/537.36 (KHTML, like Gecko) Chrome/62.0.3202.94 Safari/537.36" "192.168.1.3" 0.002
192.168.1.8 - - [12/Jun/2024:07:25:56 +0000] "POST /vgv HTTP/1.1" 403 3490 "https://www.msn.com/" "Mozilla/5.0 (Windows NT 6.1; WOW64; rv:54.0) Gecko/20100101 Firefox/54.0" "192.168.56.1" 0.002
2001:db8:0:1:0:0:0:4 - - [12/Jun/2024:07:25:56 +0000] "DELETE /dm HTTP/1.1" 403 9273 "https://www.example.com/" "Mozilla/5.0 (Windows NT 10.0; WOW64) AppleWebKit/537.36 (KHTML, like Gecko) Chrome/58.0.3029.110 Safari/537.36 OPR/45.0.2552.898" "192.168.52.1" 0.002
192.168.1.10 - - [12/Jun/2024:07:26:01 +0000] "DELETE /aswsdvjhc HTTP/1.1" 400 760 "https://www.msn.com/" "Mozilla/5.0 (Windows NT 6.1; WOW64; rv:54.0) Gecko/20100101 Firefox/54.0" "192.168.1.2" 0.001
2001:db8:0:1:0:0:0:8 - - [12/Jun/2024:07:26:02 +0000] "PUT /srovoz HTTP/1.1" 403 5482 "https://www.msn.com/" "Mozilla/5.0 (Windows NT 6.1; WOW64; Trident/7.0; AS; rv:11.0) like Gecko" "192.168.52.1" 0.025
192.168.1.22 - - [12/Jun/2024:07:26:03 +0000] "PUT /lwtkxmtvh HTTP/1.1" 403 626 "https://www.example.com/" "Mozilla/5.0 (Windows NT 10.0; Win64; x64; rv:54.0) Gecko/20100101 Firefox/54.0" "192.168.1.1" 0.025
192.168.1.17 - - [12/Jun/2024:07:26:03 +0000] "GET /eudee HTTP/1.1" 302 9892 "https://www.ibm.com/" "Mozilla/5.0 (Windows NT 6.1; WOW64; rv:54.0) Gecko/20100101 Firefox/54.0" "192.168.1.4" 0.15
192.168.1.3 - - [12/Jun/2024:07:26:06 +0000] "DELETE /swomztqcw HTTP/1.1" 302 8083 "https://www.ibm.com/" "Mozilla/5.0 (Windows NT 10.0; WOW64) AppleWebKit/537.36 (KHTML, like Gecko) Chrome/58.0.3029.110 Safari/537.36 OPR/45.0.2552.898" "192.168.1.5" 0.09
2001:db8:0:1:0:0:0:3 - - [12/Jun/2024:07:26:09 +0000] "GET /w HTTP/1.1" 500 7555 "https://www.msn.com/" "Mozilla/5.0 (Windows NT 10.0; Win64; x64; rv:54.0) Gecko/20100101 Firefox/54.0" "192.168.1.2" 0.09
192.168.1.17 - - [12/Jun/2024:07:26:10 +0000] "POST /eaxtrtyn HTTP/1.1" 204 2225 "https://www.google.com/" "Mozilla/5.0 (Windows NT 6.1; WOW64; rv:54.0) Gecko/20100101 Firefox/54.0" "192.168.52.1" 0.002
192.168.1.39 - - [12/Jun/2024:07:26:12 +0000] "POST /cphpzmj HTTP/1.1" 301 8277 "https://www.ibm.com/" "Mozilla/5.0 (Windows NT 10.0; WOW64) AppleWebKit/537.36 (KHTML, like Gecko) Chrome/58.0.3029.110 Safari/537.36 OPR/45.0.2552.898" "192.168.1.1" 0.001
192.168.1.20 - - [12/Jun/2024:07:26:12 +0000] "POST /iwu HTTP/1.1" 400 8026 "https://www.msn.com/" "Mozilla/5.0 (Windows NT 6.1; WOW64; Trident/7.0; AS; rv:11.0) like Gecko" "192.168.1.2" 0.025
192.168.1.34 - - [12/Jun/2024:07:26:13 +0000] "POST /mbjb HTTP/1.1" 500 8572 "https://www.example.com/" "Mozilla/5.0 (Windows NT 6.1; WOW64; rv:54.0) Gecko/20100101 Firefox/54.0" "192.168.1.1" 0.001
192.168.1.11 - - [12/Jun/2024:07:26:16 +0000] "PUT /ptgbhpgdib HTTP/1.1" 200 2082 "https://www.google.com/" "Mozilla/5.0 (Windows NT 10.0; Win64; x64) AppleWebKit/537.36 (KHTML, like Gecko) Chrome/58.0.3029.110 Safari/537.36" "192.168.1.2" 0.001
192.168.1.2 - - [12/Jun/2024:07:26:18 +0000] "PUT /hevxjr HTTP/1.1" 404 5894 "https://www.msn.com/" "Mozilla/5.0 (Windows NT 10.0; Win64; x64) AppleWebKit/537.36 (KHTML, like Gecko) Chrome/62.0.3202.94 Safari/537.36" "192.168.52.1" 0.15
192.168.1.44 - - [12/Jun/2024:07:26:19 +0000] "DELETE /vlsbiduxsj HTTP/1.1" 400 7252 "https://www.ibm.com/" "Mozilla/5.0 (Windows NT 6.1; WOW64; rv:54.0) Gecko/20100101 Firefox/54.0" "192.168.56.1" 0.002
192.168.1.18 - - [12/Jun/2024:07:26:21 +0000] "PUT /lofethgy HTTP/1.1" 200 2584 "https://www.ibm.com/" "Mozilla/5.0 (Windows NT 6.1; WOW64; Trident/7.0; AS; rv:11.0) like Gecko" "192.168.52.1" 0.1
192.168.1.6 - - [12/Jun/2024:07:26:23 +0000] "POST /urwsd HTTP/1.1" 500 3632 "https://www.ibm.com/" "Mozilla/5.0 (Windows NT 10.0; Win64; x64; rv:54.0) Gecko/20100101 Firefox/54.0" "192.168.1.3" 0.002
2001:db8:0:1:0:0:0:e - - [12/Jun/2024:07:26:27 +0000] "GET /ptxlmnw HTTP/1.1" 400 7180 "https://www.ibm.com/" "Mozilla/5.0 (Windows NT 6.1; WOW64; Trident/7.0; AS; rv:11.0) like Gecko" "192.168.1.3" 0.001
2001:db8:0:1:0:0:0:d - - [12/Jun/2024:07:26:29 +0000] "PUT /ml HTTP/1.1" 200 3733 "https://www.ibm.com/" "Mozilla/5.0 (Windows NT 10.0; WOW64) AppleWebKit/537.36 (KHTML, like Gecko) Chrome/58.0.3029.110 Safari/537.36 OPR/45.0.2552.898" "192.168.56.1" 0.09
2001:db8:0:1:0:0:0:a - - [12/Jun/2024:07:26:35 +0000] "GET /jzp HTTP/1.1" 403 786 "https://www.example.com/" "Mozilla/5.0 (Windows NT 10.0; Win64; x64) AppleWebKit/537.36 (KHTML, like Gecko) Chrome/62.0.3202.94 Safari/537.36" "192.168.1.4" 0.002
192.168.1.46 - - [12/Jun/2024:07:26:37 +0000] "POST /dphlr HTTP/1.1" 500 1770 "https://www.ibm.com/" "Mozilla/5.0 (Windows NT 6.1; WOW64; Trident/7.0; AS; rv:11.0) like Gecko" "192.168.1.5" 0.001
192.168.1.41 - - [12/Jun/2024:07:26:45 +0000] "GET /mtzylo HTTP/1.1" 401 7045 "https://www.example.com/" "Mozilla/5.0 (Windows NT 6.1; WOW64; Trident/7.0; AS; rv:11.0) like Gecko" "192.168.56.1" 0.09
2001:db8:0:1:0:0:0:6 - - [12/Jun/2024:07:26:46 +0000] "GET /z HTTP/1.1" 301 739 "https://www.example.com/" "Mozilla/5.0 (Windows NT 6.1; WOW64; rv:54.0) Gecko/20100101 Firefox/54.0" "192.168.52.1" 0.09
192.168.1.12 - - [12/Jun/2024:07:26:57 +0000] "DELETE /zjrcvto HTTP/1.1" 201 1583 "https://www.google.com/" "Mozilla/5.0 (Windows NT 6.1; WOW64; rv:54.0) Gecko/20100101 Firefox/54.0" "192.168.52.1" 0.1
192.168.1.43 - - [12/Jun/2024:07:26:57 +0000] "PUT /odzvvfzw HTTP/1.1" 201 5987 "https://www.google.com/" "Mozilla/5.0 (Windows NT 10.0; WOW64) AppleWebKit/537.36 (KHTML, like Gecko) Chrome/58.0.3029.110 Safari/537.36 OPR/45.0.2552.898" "192.168.1.3" 0.025
192.168.1.4 - - [12/Jun/2024:07:26:59 +0000] "PUT /exwrcl HTTP/1.1" 404 9325 "https://www.google.com/" "Mozilla/5.0 (Windows NT 6.1; WOW64; rv:54.0) Gecko/20100101 Firefox/54.0" "192.168.1.3" 0.001
192.168.1.16 - - [12/Jun/2024:07:27:03 +0000] "GET /nnjhlxvm HTTP/1.1" 200 5696 "https://www.ibm.com/" "Mozilla/5.0 (Windows NT 6.1; WOW64; rv:54.0) Gecko/20100101 Firefox/54.0" "192.168.1.1" 0.001
192.168.1.5 - - [12/Jun/2024:07:27:07 +0000] "POST /er HTTP/1.1" 301 8667 "https://www.ibm.com/" "Mozilla/5.0 (Windows NT 10.0; Win64; x64) AppleWebKit/537.36 (KHTML, like Gecko) Chrome/58.0.3029.110 Safari/537.36" "192.168.1.1" 0.002
192.168.1.41 - - [12/Jun/2024:07:27:19 +0000] "DELETE /kdne HTTP/1.1" 403 9064 "https://www.google.com/" "Mozilla/5.0 (Windows NT 6.1; WOW64; rv:54.0) Gecko/20100101 Firefox/54.0" "192.168.1.4" 0.15
192.168.1.9 - - [12/Jun/2024:07:27:32 +0000] "DELETE /ifar HTTP/1.1" 403 5911 "https://www.ibm.com/" "Mozilla/5.0 (Windows NT 6.1; WOW64; Trident/7.0; AS; rv:11.0) like Gecko" "192.168.1.4" 0.002
2001:db8:0:1:0:0:0:4 - - [12/Jun/2024:07:27:33 +0000] "PUT /jjovojwkzp HTTP/1.1" 403 3935 "https://www.example.com/" "Mozilla/5.0 (Windows NT 6.1; WOW64; Trident/7.0; AS; rv:11.0) like Gecko" "192.168.52.1" 0.09
192.168.1.17 - - [12/Jun/2024:07:27:34 +0000] "GET /nh HTTP/1.1" 201 6875 "https://www.example.com/" "Mozilla/5.0 (Windows NT 10.0; Win64; x64) AppleWebKit/537.36 (KHTML, like Gecko) Chrome/58.0.3029.110 Safari/537.36" "192.168.1.4" 0.002
192.168.1.34 - - [12/Jun/2024:07:27:36 +0000] "POST /l HTTP/1.1" 500 1484 "https://www.ibm.com/" "Mozilla/5.0 (Windows NT 6.1; WOW64; rv:54.0) Gecko/20100101 Firefox/54.0" "192.168.1.2" 0.002
192.168.1.28 - - [12/Jun/2024:07:27:36 +0000] "DELETE /gpuv HTTP/1.1" 400 3570 "https://www.msn.com/" "Mozilla/5.0 (Windows NT 6.1; WOW64; rv:54.0) Gecko/20100101 Firefox/54.0" "192.168.1.5" 0.001
2001:db8:0:1:0:0:0:5 - - [12/Jun/2024:07:27:45 +0000] "DELETE /tpxdlxw HTTP/1.1" 400 7120 "https://www.google.com/" "Mozilla/5.0 (Windows NT 10.0; Win64; x64) AppleWebKit/537.36 (KHTML, like Gecko) Chrome/62.0.3202.94 Safari/537.36" "192.168.56.1" 0.025
192.168.1.23 - - [12/Jun/2024:07:27:46 +0000] "GET /fruy HTTP/1.1" 302 5543 "https://www.ibm.com/" "Mozilla/5.0 (Windows NT 6.1; WOW64; rv:54.0) Gecko/20100101 Firefox/54.0" "192.168.1.3" 0.001
192.168.1.36 - - [12/Jun/2024:07:27:57 +0000] "PUT /j HTTP/1.1" 200 5488 "https://www.example.com/" "Mozilla/5.0 (Windows NT 10.0; Win64; x64; rv:54.0) Gecko/20100101 Firefox/54.0" "192.168.1.2" 0.09
192.168.1.8 - - [12/Jun/2024:07:28:02 +0000] "PUT /nhjpyjv HTTP/1.1" 201 1138 "https://www.google.com/" "Mozilla/5.0 (Windows NT 6.1; WOW64; Trident/7.0; AS; rv:11.0) like Gecko" "192.168.1.2" 0.09
2001:db8:0:1:0:0:0:5 - - [12/Jun/2024:07:28:02 +0000] "GET /o HTTP/1.1" 400 1889 "https://www.google.com/" "Mozilla/5.0 (Windows NT 6.1; WOW64; Trident/7.0; AS; rv:11.0) like Gecko" "192.168.56.1" 0.15
192.168.1.29 - - [12/Jun/2024:07:28:05 +0000] "GET /fufi HTTP/1.1" 500 3641 "https://www.google.com/" "Mozilla/5.0 (Windows NT 10.0; Win64; x64) AppleWebKit/537.36 (KHTML, like Gecko) Chrome/58.0.3029.110 Safari/537.36" "192.168.1.1" 0.001
192.168.1.28 - - [12/Jun/2024:07:28:12 +0000] "GET /xb HTTP/1.1" 403 8845 "https://www.msn.com/" "Mozilla/5.0 (Windows NT 10.0; Win64; x64) AppleWebKit/537.36 (KHTML, like Gecko) Chrome/62.0.3202.94 Safari/537.36" "192.168.52.1" 0.025
192.168.1.4 - - [12/Jun/2024:07:28:21 +0000] "POST /stx HTTP/1.1" 200 1122 "https://www.msn.com/" "Mozilla/5.0 (Windows NT 10.0; Win64; x64) AppleWebKit/537.36 (KHTML, like Gecko) Chrome/62.0.3202.94 Safari/537.36" "192.168.56.1" 0.001
192.168.1.7 - - [12/Jun/2024:07:28:24 +0000] "DELETE /kxrmhpej HTTP/1.1" 400 9472 "https://www.ibm.com/" "Mozilla/5.0 (Windows NT 10.0; Win64; x64) AppleWebKit/537.36 (KHTML, like Gecko) Chrome/62.0.3202.94 Safari/537.36" "192.168.52.1" 0.09
192.168.1.8 - - [12/Jun/2024:07:28:29 +0000] "PUT /amyie HTTP/1.1" 404 6170 "https://www.ibm.com/" "Mozilla/5.0 (Windows NT 10.0; Win64; x64; rv:54.0) Gecko/20100101 Firefox/54.0" "192.168.1.4" 0.001
192.168.1.6 - - [12/Jun/2024:07:28:29 +0000] "GET /iuctt HTTP/1.1" 500 643 "https://www.ibm.com/" "Mozilla/5.0 (Windows NT 6.1; WOW64; rv:54.0) Gecko/20100101 Firefox/54.0" "192.168.56.1" 0.001
192.168.1.44 - - [12/Jun/2024:07:28:33 +0000] "GET /n HTTP/1.1" 201 2541 "https://www.google.com/" "Mozilla/5.0 (Windows NT 10.0; Win64; x64) AppleWebKit/537.36 (KHTML, like Gecko) Chrome/62.0.3202.94 Safari/537.36" "192.168.52.1" 0.002
192.168.1.35 - - [12/Jun/2024:07:28:35 +0000] "POST /duerjpegz HTTP/1.1" 200 7568 "https://www.ibm.com/" "Mozilla/5.0 (Windows NT 6.1; WOW64; Trident/7.0; AS; rv:11.0) like Gecko" "192.168.1.4" 0.002
192.168.1.16 - - [12/Jun/2024:07:28:36 +0000] "GET /hlmftxisd HTTP/1.1" 301 3129 "https://www.google.com/" "Mozilla/5.0 (Windows NT 6.1; WOW64; rv:54.0) Gecko/20100101 Firefox/54.0" "192.168.56.1" 0.09
192.168.1.4 - - [12/Jun/2024:07:28:37 +0000] "DELETE /vb HTTP/1.1" 204 772 "https://www.google.com/" "Mozilla/5.0 (Windows NT 6.1; WOW64; rv:54.0) Gecko/20100101 Firefox/54.0" "192.168.1.1" 0.15
192.168.1.46 - - [12/Jun/2024:07:28:40 +0000] "GET /t HTTP/1.1" 302 4444 "https://www.msn.com/" "Mozilla/5.0 (Windows NT 6.1; WOW64; rv:54.0) Gecko/20100101 Firefox/54.0" "192.168.1.2" 0.002
192.168.1.7 - - [12/Jun/2024:07:28:52 +0000] "POST /qs HTTP/1.1" 401 3174 "https://www.google.com/" "Mozilla/5.0 (Windows NT 10.0; WOW64) AppleWebKit/537.36 (KHTML, like Gecko) Chrome/58.0.3029.110 Safari/537.36 OPR/45.0.2552.898" "192.168.1.1" 0.001
192.168.1.20 - - [12/Jun/2024:07:28:54 +0000] "GET /nltc HTTP/1.1" 201 5844 "https://www.ibm.com/" "Mozilla/5.0 (Windows NT 10.0; WOW64) AppleWebKit/537.36 (KHTML, like Gecko) Chrome/58.0.3029.110 Safari/537.36 OPR/45.0.2552.898" "192.168.52.1" 0.001
192.168.1.23 - - [12/Jun/2024:07:29:05 +0000] "PUT /gb HTTP/1.1" 200 4319 "https://www.ibm.com/" "Mozilla/5.0 (Windows NT 10.0; Win64; x64; rv:54.0) Gecko/20100101 Firefox/54.0" "192.168.52.1" 0.002
192.168.1.17 - - [12/Jun/2024:07:29:11 +0000] "POST /y HTTP/1.1" 404 9353 "https://www.msn.com/" "Mozilla/5.0 (Windows NT 10.0; WOW64) AppleWebKit/537.36 (KHTML, like Gecko) Chrome/58.0.3029.110 Safari/537.36 OPR/45.0.2552.898" "192.168.1.1" 0.002
192.168.1.33 - - [12/Jun/2024:07:29:13 +0000] "DELETE /iu HTTP/1.1" 403 8290 "https://www.ibm.com/" "Mozilla/5.0 (Windows NT 10.0; WOW64) AppleWebKit/537.36 (KHTML, like Gecko) Chrome/58.0.3029.110 Safari/537.36 OPR/45.0.2552.898" "192.168.1.4" 0.09
192.168.1.44 - - [12/Jun/2024:07:29:18 +0000] "PUT /hlykvrtuhy HTTP/1.1" 301 7213 "https://www.msn.com/" "Mozilla/5.0 (Windows NT 10.0; Win64; x64) AppleWebKit/537.36 (KHTML, like Gecko) Chrome/58.0.3029.110 Safari/537.36" "192.168.1.5" 0.002
192.168.1.36 - - [12/Jun/2024:07:29:23 +0000] "POST /fh HTTP/1.1" 404 3039 "https://www.msn.com/" "Mozilla/5.0 (Windows NT 10.0; Win64; x64; rv:54.0) Gecko/20100101 Firefox/54.0" "192.168.1.4" 0.002
2001:db8:0:1:0:0:0:a - - [12/Jun/2024:07:29:33 +0000] "GET /kgiew HTTP/1.1" 500 4385 "https://www.example.com/" "Mozilla/5.0 (Windows NT 6.1; WOW64; Trident/7.0; AS; rv:11.0) like Gecko" "192.168.1.2" 0.002
192.168.1.13 - - [12/Jun/2024:07:29:38 +0000] "POST /l HTTP/1.1" 200 9551 "https://www.example.com/" "Mozilla/5.0 (Windows NT 10.0; WOW64) AppleWebKit/537.36 (KHTML, like Gecko) Chrome/58.0.3029.110 Safari/537.36 OPR/45.0.2552.898" "192.168.1.3" 0.001
192.168.1.46 - - [12/Jun/2024:07:29:42 +0000] "POST /pbh HTTP/1.1" 301 4395 "https://www.msn.com/" "Mozilla/5.0 (Windows NT 10.0; Win64; x64) AppleWebKit/537.36 (KHTML, like Gecko) Chrome/62.0.3202.94 Safari/537.36" "192.168.1.5" 0.1
192.168.1.33 - - [12/Jun/2024:07:29:44 +0000] "PUT /vyykabhecr HTTP/1.1" 403 7665 "https://www.ibm.com/" "Mozilla/5.0 (Windows NT 10.0; Win64; x64) AppleWebKit/537.36 (KHTML, like Gecko) Chrome/58.0.3029.110 Safari/537.36" "192.168.1.4" 0.025
192.168.1.30 - - [12/Jun/2024:07:29:45 +0000] "POST /qzwupfq HTTP/1.1" 404 4403 "https://www.msn.com/" "Mozilla/5.0 (Windows NT 10.0; WOW64) AppleWebKit/537.36 (KHTML, like Gecko) Chrome/58.0.3029.110 Safari/537.36 OPR/45.0.2552.898" "192.168.52.1" 0.1
2001:db8:0:1:0:0:0:9 - - [12/Jun/2024:07:29:47 +0000] "PUT /dnwsby HTTP/1.1" 404 9685 "https://www.msn.com/" "Mozilla/5.0 (Windows NT 6.1; WOW64; Trident/7.0; AS; rv:11.0) like Gecko" "192.168.1.5" 0.025
192.168.1.21 - - [12/Jun/2024:07:29:48 +0000] "DELETE /kgwgwpb HTTP/1.1" 302 1164 "https://www.google.com/" "Mozilla/5.0 (Windows NT 10.0; WOW64) AppleWebKit/537.36 (KHTML, like Gecko) Chrome/58.0.3029.110 Safari/537.36 OPR/45.0.2552.898" "192.168.1.2" 0.001
192.168.1.38 - - [12/Jun/2024:07:30:02 +0000] "PUT /wizy HTTP/1.1" 403 1361 "https://www.msn.com/" "Mozilla/5.0 (Windows NT 6.1; WOW64; rv:54.0) Gecko/20100101 Firefox/54.0" "192.168.1.1" 0.002
2001:db8:0:1:0:0:0:d - - [12/Jun/2024:07:30:03 +0000] "GET /pob HTTP/1.1" 204 8830 "https://www.ibm.com/" "Mozilla/5.0 (Windows NT 10.0; WOW64) AppleWebKit/537.36 (KHTML, like Gecko) Chrome/58.0.3029.110 Safari/537.36 OPR/45.0.2552.898" "192.168.1.1" 0.002
192.168.1.50 - - [12/Jun/2024:07:30:19 +0000] "GET /qh HTTP/1.1" 401 7137 "https://www.msn.com/" "Mozilla/5.0 (Windows NT 10.0; Win64; x64) AppleWebKit/537.36 (KHTML, like Gecko) Chrome/62.0.3202.94 Safari/537.36" "192.168.1.3" 0.002
192.168.1.36 - - [12/Jun/2024:07:30:27 +0000] "DELETE /qzp HTTP/1.1" 400 3414 "https://www.ibm.com/" "Mozilla/5.0 (Windows NT 6.1; WOW64; Trident/7.0; AS; rv:11.0) like Gecko" "192.168.1.4" 0.002
192.168.1.3 - - [12/Jun/2024:07:30:28 +0000] "DELETE /soqjutypgd HTTP/1.1" 301 6518 "https://www.google.com/" "Mozilla/5.0 (Windows NT 6.1; WOW64; Trident/7.0; AS; rv:11.0) like Gecko" "192.168.1.1" 0.15
2001:db8:0:1:0:0:0:8 - - [12/Jun/2024:07:30:37 +0000] "DELETE /ywfqyi HTTP/1.1" 201 9590 "https://www.ibm.com/" "Mozilla/5.0 (Windows NT 10.0; Win64; x64) AppleWebKit/537.36 (KHTML, like Gecko) Chrome/58.0.3029.110 Safari/537.36" "192.168.1.2" 0.002
192.168.1.48 - - [12/Jun/2024:07:30:37 +0000] "PUT /sg HTTP/1.1" 302 7966 "https://www.msn.com/" "Mozilla/5.0 (Windows NT 6.1; WOW64; rv:54.0) Gecko/20100101 Firefox/54.0" "192.168.1.4" 0.002
192.168.1.11 - - [12/Jun/2024:07:30:39 +0000] "GET /nzjaa HTTP/1.1" 403 2100 "https://www.ibm.com/" "Mozilla/5.0 (Windows NT 10.0; Win64; x64) AppleWebKit/537.36 (KHTML, like Gecko) Chrome/62.0.3202.94 Safari/537.36" "192.168.56.1" 0.15
192.168.1.49 - - [12/Jun/2024:07:30:43 +0000] "PUT /tl HTTP/1.1" 403 8838 "https://www.google.com/" "Mozilla/5.0 (Windows NT 10.0; Win64; x64) AppleWebKit/537.36 (KHTML, like Gecko) Chrome/62.0.3202.94 Safari/537.36" "192.168.1.1" 0.001
192.168.1.32 - - [12/Jun/2024:07:30:43 +0000] "PUT /vjb HTTP/1.1" 403 7947 "https://www.example.com/" "Mozilla/5.0 (Windows NT 10.0; WOW64) AppleWebKit/537.36 (KHTML, like Gecko) Chrome/58.0.3029.110 Safari/537.36 OPR/45.0.2552.898" "192.168.52.1" 0.09
192.168.1.11 - - [12/Jun/2024:07:30:50 +0000] "GET /rsseya HTTP/1.1" 200 7310 "https://www.msn.com/" "Mozilla/5.0 (Windows NT 10.0; Win64; x64) AppleWebKit/537.36 (KHTML, like Gecko) Chrome/58.0.3029.110 Safari/537.36" "192.168.1.5" 0.002
2001:db8:0:1:0:0:0:9 - - [12/Jun/2024:07:30:52 +0000] "GET /lt HTTP/1.1" 302 4165 "https://www.ibm.com/" "Mozilla/5.0 (Windows NT 10.0; WOW64) AppleWebKit/537.36 (KHTML, like Gecko) Chrome/58.0.3029.110 Safari/537.36 OPR/45.0.2552.898" "192.168.1.2" 0.002
192.168.1.27 - - [12/Jun/2024:07:30:55 +0000] "DELETE /mbstbfqce HTTP/1.1" 200 9233 "https://www.google.com/" "Mozilla/5.0 (Windows NT 10.0; WOW64) AppleWebKit/537.36 (KHTML, like Gecko) Chrome/58.0.3029.110 Safari/537.36 OPR/45.0.2552.898" "192.168.52.1" 0.001
192.168.1.32 - - [12/Jun/2024:07:31:02 +0000] "PUT /ha HTTP/1.1" 204 2154 "https://www.google.com/" "Mozilla/5.0 (Windows NT 6.1; WOW64; rv:54.0) Gecko/20100101 Firefox/54.0" "192.168.52.1" 0.002
192.168.1.36 - - [12/Jun/2024:07:31:09 +0000] "GET /ecptjmrcwt HTTP/1.1" 302 3895 "https://www.msn.com/" "Mozilla/5.0 (Windows NT 10.0; Win64; x64) AppleWebKit/537.36 (KHTML, like Gecko) Chrome/58.0.3029.110 Safari/537.36" "192.168.1.1" 0.001
192.168.1.50 - - [12/Jun/2024:07:31:11 +0000] "PUT /oh HTTP/1.1" 204 2869 "https://www.example.com/" "Mozilla/5.0 (Windows NT 6.1; WOW64; Trident/7.0; AS; rv:11.0) like Gecko" "192.168.52.1" 0.002
2001:db8:0:1:0:0:0:9 - - [12/Jun/2024:07:31:19 +0000] "DELETE /kyj HTTP/1.1" 201 2165 "https://www.example.com/" "Mozilla/5.0 (Windows NT 10.0; WOW64) AppleWebKit/537.36 (KHTML, like Gecko) Chrome/58.0.3029.110 Safari/537.36 OPR/45.0.2552.898" "192.168.1.2" 0.001
2001:db8:0:1:0:0:0:c - - [12/Jun/2024:07:31:19 +0000] "POST /sfrgog HTTP/1.1" 401 9492 "https://www.google.com/" "Mozilla/5.0 (Windows NT 6.1; WOW64; rv:54.0) Gecko/20100101 Firefox/54.0" "192.168.56.1" 0.002
2001:db8:0:1:0:0:0:b - - [12/Jun/2024:07:31:21 +0000] "POST /ltstukwfd HTTP/1.1" 301 8121 "https://www.ibm.com/" "Mozilla/5.0 (Windows NT 10.0; WOW64) AppleWebKit/537.36 (KHTML, like Gecko) Chrome/58.0.3029.110 Safari/537.36 OPR/45.0.2552.898" "192.168.1.2" 0.15
192.168.1.25 - - [12/Jun/2024:07:31:43 +0000] "PUT /gbuov HTTP/1.1" 204 5004 "https://www.ibm.com/" "Mozilla/5.0 (Windows NT 10.0; Win64; x64; rv:54.0) Gecko/20100101 Firefox/54.0" "192.168.1.3" 0.002
192.168.1.20 - - [12/Jun/2024:07:31:44 +0000] "GET /kqv HTTP/1.1" 301 2615 "https://www.example.com/" "Mozilla/5.0 (Windows NT 6.1; WOW64; Trident/7.0; AS; rv:11.0) like Gecko" "192.168.56.1" 0.002
192.168.1.42 - - [12/Jun/2024:07:31:48 +0000] "DELETE /pyffotkc HTTP/1.1" 200 7861 "https://www.msn.com/" "Mozilla/5.0 (Windows NT 6.1; WOW64; rv:54.0) Gecko/20100101 Firefox/54.0" "192.168.1.3" 0.002
192.168.1.37 - - [12/Jun/2024:07:31:49 +0000] "POST /hvxdkigow HTTP/1.1" 500 5770 "https://www.msn.com/" "Mozilla/5.0 (Windows NT 10.0; Win64; x64; rv:54.0) Gecko/20100101 Firefox/54.0" "192.168.52.1" 0.1
192.168.1.49 - - [12/Jun/2024:07:31:53 +0000] "DELETE /nembjsn HTTP/1.1" 204 2739 "https://www.ibm.com/" "Mozilla/5.0 (Windows NT 10.0; Win64; x64; rv:54.0) Gecko/20100101 Firefox/54.0" "192.168.1.4" 0.002
2001:db8:0:1:0:0:0:c - - [12/Jun/2024:07:32:01 +0000] "PUT /jjfooog HTTP/1.1" 302 7353 "https://www.google.com/" "Mozilla/5.0 (Windows NT 10.0; WOW64) AppleWebKit/537.36 (KHTML, like Gecko) Chrome/58.0.3029.110 Safari/537.36 OPR/45.0.2552.898" "192.168.1.3" 0.001
2001:db8:0:1:0:0:0:3 - - [12/Jun/2024:07:32:07 +0000] "GET /jronccgojk HTTP/1.1" 204 464 "https://www.example.com/" "Mozilla/5.0 (Windows NT 10.0; Win64; x64) AppleWebKit/537.36 (KHTML, like Gecko) Chrome/62.0.3202.94 Safari/537.36" "192.168.56.1" 0.002
192.168.1.22 - - [12/Jun/2024:07:32:08 +0000] "GET /e HTTP/1.1" 201 5160 "https://www.example.com/" "Mozilla/5.0 (Windows NT 10.0; WOW64) AppleWebKit/537.36 (KHTML, like Gecko) Chrome/58.0.3029.110 Safari/537.36 OPR/45.0.2552.898" "192.168.1.4" 0.001
192.168.1.23 - - [12/Jun/2024:07:32:11 +0000] "PUT /tyrxdipdy HTTP/1.1" 301 9146 "https://www.google.com/" "Mozilla/5.0 (Windows NT 10.0; Win64; x64) AppleWebKit/537.36 (KHTML, like Gecko) Chrome/62.0.3202.94 Safari/537.36" "192.168.1.4" 0.025
192.168.1.30 - - [12/Jun/2024:07:32:12 +0000] "DELETE /nmvijafijw HTTP/1.1" 200 4670 "https://www.google.com/" "Mozilla/5.0 (Windows NT 10.0; Win64; x64) AppleWebKit/537.36 (KHTML, like Gecko) Chrome/62.0.3202.94 Safari/537.36" "192.168.1.2" 0.001
192.168.1.6 - - [12/Jun/2024:07:32:15 +0000] "POST /ddh HTTP/1.1" 403 6050 "https://www.google.com/" "Mozilla/5.0 (Windows NT 10.0; Win64; x64; rv:54.0) Gecko/20100101 Firefox/54.0" "192.168.1.4" 0.15
192.168.1.5 - - [12/Jun/2024:07:32:30 +0000] "GET /h HTTP/1.1" 500 962 "https://www.google.com/" "Mozilla/5.0 (Windows NT 6.1; WOW64; rv:54.0) Gecko/20100101 Firefox/54.0" "192.168.56.1" 0.001
192.168.1.8 - - [12/Jun/2024:07:32:38 +0000] "POST /dkvfp HTTP/1.1" 201 9388 "https://www.msn.com/" "Mozilla/5.0 (Windows NT 10.0; Win64; x64; rv:54.0) Gecko/20100101 Firefox/54.0" "192.168.1.2" 0.001
192.168.1.22 - - [12/Jun/2024:07:32:39 +0000] "POST /lh HTTP/1.1" 302 6216 "https://www.msn.com/" "Mozilla/5.0 (Windows NT 10.0; Win64; x64) AppleWebKit/537.36 (KHTML, like Gecko) Chrome/58.0.3029.110 Safari/537.36" "192.168.1.3" 0.15
192.168.1.2 - - [12/Jun/2024:07:32:41 +0000] "GET /dniteq HTTP/1.1" 400 9297 "https://www.msn.com/" "Mozilla/5.0 (Windows NT 10.0; Win64; x64) AppleWebKit/537.36 (KHTML, like Gecko) Chrome/58.0.3029.110 Safari/537.36" "192.168.1.4" 0.15
192.168.1.50 - - [12/Jun/2024:07:32:46 +0000] "GET /ros HTTP/1.1" 201 4062 "https://www.google.com/" "Mozilla/5.0 (Windows NT 10.0; Win64; x64) AppleWebKit/537.36 (KHTML, like Gecko) Chrome/62.0.3202.94 Safari/537.36" "192.168.1.1" 0.1
2001:db8:0:1:0:0:0:4 - - [12/Jun/2024:07:32:51 +0000] "GET /maffc HTTP/1.1" 400 9946 "https://www.example.com/" "Mozilla/5.0 (Windows NT 10.0; Win64; x64) AppleWebKit/537.36 (KHTML, like Gecko) Chrome/58.0.3029.110 Safari/537.36" "192.168.1.5" 0.002
2001:db8:0:1:0:0:0:9 - - [12/Jun/2024:07:32:52 +0000] "PUT /obfy HTTP/1.1" 301 6188 "https://www.example.com/" "Mozilla/5.0 (Windows NT 10.0; Win64; x64; rv:54.0) Gecko/20100101 Firefox/54.0" "192.168.1.3" 0.025
192.168.1.12 - - [12/Jun/2024:07:32:56 +0000] "PUT /tspmoxnbcu HTTP/1.1" 400 5442 "https://www.ibm.com/" "Mozilla/5.0 (Windows NT 10.0; Win64; x64) AppleWebKit/537.36 (KHTML, like Gecko) Chrome/58.0.3029.110 Safari/537.36" "192.168.1.3" 0.15
192.168.1.13 - - [12/Jun/2024:07:33:01 +0000] "POST /zwqy HTTP/1.1" 200 4396 "https://www.msn.com/" "Mozilla/5.0 (Windows NT 10.0; Win64; x64) AppleWebKit/537.36 (KHTML, like Gecko) Chrome/62.0.3202.94 Safari/537.36" "192.168.1.4" 0.002
192.168.1.36 - - [12/Jun/2024:07:33:02 +0000] "DELETE /vhoyvmepik HTTP/1.1" 403 9018 "https://www.google.com/" "Mozilla/5.0 (Windows NT 10.0; Win64; x64; rv:54.0) Gecko/20100101 Firefox/54.0" "192.168.52.1" 0.15
