192.168.1.36 - - [11/Jun/2024:12:43:56 +0000] "POST /wqxmqaex HTTP/1.1" 401 869 "https://www.google.com/" "Mozilla/5.0 (Windows NT 10.0; Win64; x64) AppleWebKit/537.36 (KHTML, like Gecko) Chrome/62.0.3202.94 Safari/537.36" "192.168.1.1" 0.1
192.168.1.23 - - [11/Jun/2024:12:43:56 +0000] "GET /mshlarwqky HTTP/1.1" 301 5761 "https://www.msn.com/" "Mozilla/5.0 (Windows NT 10.0; Win64; x64) AppleWebKit/537.36 (KHTML, like Gecko) Chrome/58.0.3029.110 Safari/537.36" "192.168.1.3" 0.09
2001:db8:0:1:0:0:0:a - - [11/Jun/2024:12:43:59 +0000] "PUT /gaytrk HTTP/1.1" 401 9790 "https://www.google.com/" "Mozilla/5.0 (Windows NT 10.0; WOW64) AppleWebKit/537.36 (KHTML, like Gecko) Chrome/58.0.3029.110 Safari/537.36 OPR/45.0.2552.898" "192.168.1.2" 0.001
192.168.1.31 - - [11/Jun/2024:12:44:01 +0000] "POST /xsfh HTTP/1.1" 500 1606 "https://www.example.com/" "Mozilla/5.0 (Windows NT 10.0; Win64; x64; rv:54.0) Gecko/20100101 Firefox/54.0" "192.168.1.5" 0.001
192.168.1.13 - - [11/Jun/2024:12:44:02 +0000] "GET /oxpd HTTP/1.1" 201 7606 "https://www.ibm.com/" "Mozilla/5.0 (Windows NT 6.1; WOW64; rv:54.0) Gecko/20100101 Firefox/54.0" "192.168.1.3" 0.1
192.168.1.18 - - [11/Jun/2024:12:44:08 +0000] "DELETE /usgouqmj HTTP/1.1" 301 5420 "https://www.google.com/" "Mozilla/5.0 (Windows NT 10.0; Win64; x64) AppleWebKit/537.36 (KHTML, like Gecko) Chrome/62.0.3202.94 Safari/537.36" "192.168.1.2" 0.1
192.168.1.9 - - [11/Jun/2024:12:44:13 +0000] "DELETE /amqp HTTP/1.1" 302 4689 "https://www.ibm.com/" "Mozilla/5.0 (Windows NT 10.0; Win64; x64) AppleWebKit/537.36 (KHTML, like Gecko) Chrome/58.0.3029.110 Safari/537.36" "192.168.1.3" 0.1
192.168.1.47 - - [11/Jun/2024:12:44:16 +0000] "POST /wq HTTP/1.1" 400 2094 "https://www.google.com/" "Mozilla/5.0 (Windows NT 10.0; Win64; x64) AppleWebKit/537.36 (KHTML, like Gecko) Chrome/62.0.3202.94 Safari/537.36" "192.168.56.1" 0.025
192.168.1.2 - - [11/Jun/2024:12:44:23 +0000] "GET /emzbfhkv HTTP/1.1" 403 1442 "https://www.google.com/" "Mozilla/5.0 (Windows NT 10.0; Win64; x64) AppleWebKit/537.36 (KHTML, like Gecko) Chrome/58.0.3029.110 Safari/537.36" "192.168.56.1" 0.001
192.168.1.47 - - [11/Jun/2024:12:44:35 +0000] "POST /bbz HTTP/1.1" 404 6004 "https://www.ibm.com/" "Mozilla/5.0 (Windows NT 6.1; WOW64; Trident/7.0; AS; rv:11.0) like Gecko" "192.168.52.1" 0.002
192.168.1.21 - - [11/Jun/2024:12:44:36 +0000] "GET /avhvfmrhu HTTP/1.1" 302 2328 "https://www.google.com/" "Mozilla/5.0 (Windows NT 10.0; Win64; x64; rv:54.0) Gecko/20100101 Firefox/54.0" "192.168.1.4" 0.001
192.168.1.37 - - [11/Jun/2024:12:44:37 +0000] "GET /cd HTTP/1.1" 200 3308 "https://www.msn.com/" "Mozilla/5.0 (Windows NT 6.1; WOW64; Trident/7.0; AS; rv:11.0) like Gecko" "192.168.1.2" 0.001
192.168.1.17 - - [11/Jun/2024:12:44:41 +0000] "POST /fxlcb HTTP/1.1" 201 9672 "https://www.msn.com/" "Mozilla/5.0 (Windows NT 10.0; WOW64) AppleWebKit/537.36 (KHTML, like Gecko) Chrome/58.0.3029.110 Safari/537.36 OPR/45.0.2552.898" "192.168.1.2" 0.025
192.168.1.17 - - [11/Jun/2024:12:44:44 +0000] "POST /veslm HTTP/1.1" 400 1024 "https://www.ibm.com/" "Mozilla/5.0 (Windows NT 10.0; Win64; x64) AppleWebKit/537.36 (KHTML, like Gecko) Chrome/58.0.3029.110 Safari/537.36" "192.168.1.1" 0.001
192.168.1.37 - - [11/Jun/2024:12:44:46 +0000] "POST /nvbvzarhx HTTP/1.1" 403 4806 "https://www.ibm.com/" "Mozilla/5.0 (Windows NT 10.0; Win64; x64) AppleWebKit/537.36 (KHTML, like Gecko) Chrome/58.0.3029.110 Safari/537.36" "192.168.1.4" 0.001
192.168.1.22 - - [11/Jun/2024:12:44:48 +0000] "PUT /onhobdyoo HTTP/1.1" 201 6572 "https://www.ibm.com/" "Mozilla/5.0 (Windows NT 6.1; WOW64; Trident/7.0; AS; rv:11.0) like Gecko" "192.168.56.1" 0.09
192.168.1.8 - - [11/Jun/2024:12:44:51 +0000] "GET /yw HTTP/1.1" 301 9470 "https://www.ibm.com/" "Mozilla/5.0 (Windows NT 10.0; Win64; x64; rv:54.0) Gecko/20100101 Firefox/54.0" "192.168.1.3" 0.002
192.168.1.8 - - [11/Jun/2024:12:44:55 +0000] "DELETE /isrvz HTTP/1.1" 500 7286 "https://www.ibm.com/" "Mozilla/5.0 (Windows NT 6.1; WOW64; Trident/7.0; AS; rv:11.0) like Gecko" "192.168.1.3" 0.001
192.168.1.16 - - [11/Jun/2024:12:44:57 +0000] "PUT /chqckk HTTP/1.1" 404 2354 "https://www.example.com/" "Mozilla/5.0 (Windows NT 6.1; WOW64; Trident/7.0; AS; rv:11.0) like Gecko" "192.168.1.1" 0.09
2001:db8:0:1:0:0:0:3 - - [11/Jun/2024:12:44:58 +0000] "GET /k HTTP/1.1" 400 8485 "https://www.ibm.com/" "Mozilla/5.0 (Windows NT 10.0; Win64; x64; rv:54.0) Gecko/20100101 Firefox/54.0" "192.168.1.2" 0.001
2001:db8:0:1:0:0:0:2 - - [11/Jun/2024:12:45:03 +0000] "PUT /vhvjq HTTP/1.1" 403 3058 "https://www.example.com/" "Mozilla/5.0 (Windows NT 6.1; WOW64; rv:54.0) Gecko/20100101 Firefox/54.0" "192.168.1.4" 0.15
192.168.1.23 - - [11/Jun/2024:12:45:05 +0000] "GET /e HTTP/1.1" 200 3077 "https://www.example.com/" "Mozilla/5.0 (Windows NT 10.0; Win64; x64) AppleWebKit/537.36 (KHTML, like Gecko) Chrome/58.0.3029.110 Safari/537.36" "192.168.1.3" 0.15
192.168.1.23 - - [11/Jun/2024:12:45:07 +0000] "GET /wvrbzf HTTP/1.1" 204 864 "https://www.msn.com/" "Mozilla/5.0 (Windows NT 6.1; WOW64; Trident/7.0; AS; rv:11.0) like Gecko" "192.168.1.3" 0.002
192.168.1.15 - - [11/Jun/2024:12:45:09 +0000] "DELETE /khgvxbzjh HTTP/1.1" 401 8228 "https://www.msn.com/" "Mozilla/5.0 (Windows NT 10.0; WOW64) AppleWebKit/537.36 (KHTML, like Gecko) Chrome/58.0.3029.110 Safari/537.36 OPR/45.0.2552.898" "192.168.1.2" 0.001
192.168.1.12 - - [11/Jun/2024:12:45:11 +0000] "DELETE /sbzeeigeev HTTP/1.1" 403 8089 "https://www.msn.com/" "Mozilla/5.0 (Windows NT 6.1; WOW64; Trident/7.0; AS; rv:11.0) like Gecko" "192.168.1.4" 0.001
192.168.1.18 - - [11/Jun/2024:12:45:13 +0000] "DELETE /z HTTP/1.1" 400 3749 "https://www.msn.com/" "Mozilla/5.0 (Windows NT 10.0; Win64; x64) AppleWebKit/537.36 (KHTML, like Gecko) Chrome/58.0.3029.110 Safari/537.36" "192.168.1.5" 0.1
192.168.1.35 - - [11/Jun/2024:12:45:18 +0000] "GET /gwwstjlbj HTTP/1.1" 500 5534 "https://www.ibm.com/" "Mozilla/5.0 (Windows NT 10.0; Win64; x64; rv:54.0) Gecko/20100101 Firefox/54.0" "192.168.52.1" 0.002
192.168.1.44 - - [11/Jun/2024:12:45:18 +0000] "DELETE /riwzzgdq HTTP/1.1" 204 761 "https://www.msn.com/" "Mozilla/5.0 (Windows NT 6.1; WOW64; Trident/7.0; AS; rv:11.0) like Gecko" "192.168.52.1" 0.09
192.168.1.31 - - [11/Jun/2024:12:45:23 +0000] "POST /jvabuidb HTTP/1.1" 302 9310 "https://www.ibm.com/" "Mozilla/5.0 (Windows NT 6.1; WOW64; Trident/7.0; AS; rv:11.0) like Gecko" "192.168.52.1" 0.001
2001:db8:0:1:0:0:0:c - - [11/Jun/2024:12:45:28 +0000] "GET /rabgv HTTP/1.1" 201 5879 "https://www.example.com/" "Mozilla/5.0 (Windows NT 10.0; WOW64) AppleWebKit/537.36 (KHTML, like Gecko) Chrome/58.0.3029.110 Safari/537.36 OPR/45.0.2552.898" "192.168.1.4" 0.002
192.168.1.6 - - [11/Jun/2024:12:45:29 +0000] "DELETE /beb HTTP/1.1" 400 774 "https://www.google.com/" "Mozilla/5.0 (Windows NT 10.0; WOW64) AppleWebKit/537.36 (KHTML, like Gecko) Chrome/58.0.3029.110 Safari/537.36 OPR/45.0.2552.898" "192.168.1.3" 0.001
192.168.1.31 - - [11/Jun/2024:12:45:33 +0000] "PUT /yymey HTTP/1.1" 201 7258 "https://www.ibm.com/" "Mozilla/5.0 (Windows NT 10.0; Win64; x64) AppleWebKit/537.36 (KHTML, like Gecko) Chrome/58.0.3029.110 Safari/537.36" "192.168.52.1" 0.002
192.168.1.30 - - [11/Jun/2024:12:45:40 +0000] "POST /cuotbop HTTP/1.1" 400 7922 "https://www.msn.com/" "Mozilla/5.0 (Windows NT 6.1; WOW64; rv:54.0) Gecko/20100101 Firefox/54.0" "192.168.1.1" 0.025
192.168.1.25 - - [11/Jun/2024:12:45:42 +0000] "POST /jeyzwkxtox HTTP/1.1" 201 6985 "https://www.example.com/" "Mozilla/5.0 (Windows NT 10.0; WOW64) AppleWebKit/537.36 (KHTML, like Gecko) Chrome/58.0.3029.110 Safari/537.36 OPR/45.0.2552.898" "192.168.52.1" 0.15
192.168.1.7 - - [11/Jun/2024:12:45:45 +0000] "GET /ib HTTP/1.1" 500 2246 "https://www.google.com/" "Mozilla/5.0 (Windows NT 6.1; WOW64; rv:54.0) Gecko/20100101 Firefox/54.0" "192.168.1.1" 0.001
192.168.1.46 - - [11/Jun/2024:12:45:48 +0000] "DELETE /xb HTTP/1.1" 500 3859 "https://www.ibm.com/" "Mozilla/5.0 (Windows NT 10.0; Win64; x64; rv:54.0) Gecko/20100101 Firefox/54.0" "192.168.1.4" 0.09
192.168.1.46 - - [11/Jun/2024:12:45:49 +0000] "GET /lzt HTTP/1.1" 201 5023 "https://www.msn.com/" "Mozilla/5.0 (Windows NT 6.1; WOW64; Trident/7.0; AS; rv:11.0) like Gecko" "192.168.56.1" 0.15
2001:db8:0:1:0:0:0:6 - - [11/Jun/2024:12:45:50 +0000] "POST /tbisejpraw HTTP/1.1" 500 1427 "https://www.example.com/" "Mozilla/5.0 (Windows NT 6.1; WOW64; Trident/7.0; AS; rv:11.0) like Gecko" "192.168.52.1" 0.001
2001:db8:0:1:0:0:0:2 - - [11/Jun/2024:12:45:52 +0000] "PUT /chg HTTP/1.1" 404 5596 "https://www.example.com/" "Mozilla/5.0 (Windows NT 6.1; WOW64; rv:54.0) Gecko/20100101 Firefox/54.0" "192.168.56.1" 0.09
2001:db8:0:1:0:0:0:7 - - [11/Jun/2024:12:45:58 +0000] "PUT /m HTTP/1.1" 500 8774 "https://www.msn.com/" "Mozilla/5.0 (Windows NT 6.1; WOW64; Trident/7.0; AS; rv:11.0) like Gecko" "192.168.1.5" 0.001
192.168.1.44 - - [11/Jun/2024:12:46:01 +0000] "GET /linxmgsvpc HTTP/1.1" 403 5080 "https://www.google.com/" "Mozilla/5.0 (Windows NT 10.0; WOW64) AppleWebKit/537.36 (KHTML, like Gecko) Chrome/58.0.3029.110 Safari/537.36 OPR/45.0.2552.898" "192.168.1.3" 0.1
192.168.1.38 - - [11/Jun/2024:12:46:04 +0000] "PUT /oi HTTP/1.1" 404 5618 "https://www.msn.com/" "Mozilla/5.0 (Windows NT 10.0; Win64; x64; rv:54.0) Gecko/20100101 Firefox/54.0" "192.168.1.1" 0.001
192.168.1.44 - - [11/Jun/2024:12:46:04 +0000] "GET /szlorqq HTTP/1.1" 201 5275 "https://www.example.com/" "Mozilla/5.0 (Windows NT 6.1; WOW64; rv:54.0) Gecko/20100101 Firefox/54.0" "192.168.1.2" 0.002
192.168.1.35 - - [11/Jun/2024:12:46:14 +0000] "POST /rucdpylx HTTP/1.1" 403 5978 "https://www.google.com/" "Mozilla/5.0 (Windows NT 10.0; Win64; x64; rv:54.0) Gecko/20100101 Firefox/54.0" "192.168.56.1" 0.1
192.168.1.17 - - [11/Jun/2024:12:46:16 +0000] "DELETE /cvkjqua HTTP/1.1" 302 2362 "https://www.example.com/" "Mozilla/5.0 (Windows NT 10.0; Win64; x64; rv:54.0) Gecko/20100101 Firefox/54.0" "192.168.1.1" 0.09
192.168.1.5 - - [11/Jun/2024:12:46:21 +0000] "PUT /emhb HTTP/1.1" 302 9084 "https://www.msn.com/" "Mozilla/5.0 (Windows NT 6.1; WOW64; rv:54.0) Gecko/20100101 Firefox/54.0" "192.168.56.1" 0.025
192.168.1.49 - - [11/Jun/2024:12:46:42 +0000] "POST /kpvbieavif HTTP/1.1" 500 6361 "https://www.ibm.com/" "Mozilla/5.0 (Windows NT 10.0; Win64; x64) AppleWebKit/537.36 (KHTML, like Gecko) Chrome/58.0.3029.110 Safari/537.36" "192.168.1.5" 0.002
192.168.1.30 - - [11/Jun/2024:12:46:42 +0000] "POST /qrqprdzxvq HTTP/1.1" 401 2238 "https://www.msn.com/" "Mozilla/5.0 (Windows NT 10.0; Win64; x64) AppleWebKit/537.36 (KHTML, like Gecko) Chrome/62.0.3202.94 Safari/537.36" "192.168.1.4" 0.001
2001:db8:0:1:0:0:0:9 - - [11/Jun/2024:12:46:42 +0000] "GET /bjirz HTTP/1.1" 200 5627 "https://www.ibm.com/" "Mozilla/5.0 (Windows NT 6.1; WOW64; rv:54.0) Gecko/20100101 Firefox/54.0" "192.168.1.4" 0.1
192.168.1.29 - - [11/Jun/2024:12:46:45 +0000] "GET /wgyfzsyyy HTTP/1.1" 500 6605 "https://www.msn.com/" "Mozilla/5.0 (Windows NT 6.1; WOW64; Trident/7.0; AS; rv:11.0) like Gecko" "192.168.1.1" 0.001
192.168.1.4 - - [11/Jun/2024:12:46:45 +0000] "GET /qwqracwmt HTTP/1.1" 301 616 "https://www.msn.com/" "Mozilla/5.0 (Windows NT 10.0; WOW64) AppleWebKit/537.36 (KHTML, like Gecko) Chrome/58.0.3029.110 Safari/537.36 OPR/45.0.2552.898" "192.168.52.1" 0.001
192.168.1.15 - - [11/Jun/2024:12:46:47 +0000] "GET /zsdax HTTP/1.1" 403 8185 "https://www.ibm.com/" "Mozilla/5.0 (Windows NT 6.1; WOW64; Trident/7.0; AS; rv:11.0) like Gecko" "192.168.1.5" 0.001
2001:db8:0:1:0:0:0:5 - - [11/Jun/2024:12:46:57 +0000] "GET /hjilklrr HTTP/1.1" 204 5662 "https://www.ibm.com/" "Mozilla/5.0 (Windows NT 6.1; WOW64; Trident/7.0; AS; rv:11.0) like Gecko" "192.168.56.1" 0.15
192.168.1.43 - - [11/Jun/2024:12:46:57 +0000] "GET /pelvvwukvm HTTP/1.1" 301 793 "https://www.google.com/" "Mozilla/5.0 (Windows NT 10.0; Win64; x64) AppleWebKit/537.36 (KHTML, like Gecko) Chrome/62.0.3202.94 Safari/537.36" "192.168.56.1" 0.001
2001:db8:0:1:0:0:0:d - - [11/Jun/2024:12:46:59 +0000] "GET /ddf HTTP/1.1" 403 3874 "https://www.example.com/" "Mozilla/5.0 (Windows NT 10.0; Win64; x64) AppleWebKit/537.36 (KHTML, like Gecko) Chrome/58.0.3029.110 Safari/537.36" "192.168.52.1" 0.001
192.168.1.49 - - [11/Jun/2024:12:47:00 +0000] "PUT /qwtcex HTTP/1.1" 301 7929 "https://www.ibm.com/" "Mozilla/5.0 (Windows NT 10.0; Win64; x64) AppleWebKit/537.36 (KHTML, like Gecko) Chrome/58.0.3029.110 Safari/537.36" "192.168.1.1" 0.09
192.168.1.49 - - [11/Jun/2024:12:47:02 +0000] "PUT /ymddkgqxs HTTP/1.1" 200 7553 "https://www.msn.com/" "Mozilla/5.0 (Windows NT 10.0; Win64; x64) AppleWebKit/537.36 (KHTML, like Gecko) Chrome/58.0.3029.110 Safari/537.36" "192.168.1.4" 0.09
192.168.1.13 - - [11/Jun/2024:12:47:05 +0000] "DELETE /v HTTP/1.1" 500 4915 "https://www.msn.com/" "Mozilla/5.0 (Windows NT 6.1; WOW64; Trident/7.0; AS; rv:11.0) like Gecko" "192.168.1.4" 0.002
192.168.1.42 - - [11/Jun/2024:12:47:05 +0000] "PUT /ihiwmtsaje HTTP/1.1" 200 1361 "https://www.ibm.com/" "Mozilla/5.0 (Windows NT 10.0; Win64; x64; rv:54.0) Gecko/20100101 Firefox/54.0" "192.168.1.1" 0.09
192.168.1.18 - - [11/Jun/2024:12:47:05 +0000] "PUT /qoqaftmaqw HTTP/1.1" 404 8094 "https://www.msn.com/" "Mozilla/5.0 (Windows NT 10.0; WOW64) AppleWebKit/537.36 (KHTML, like Gecko) Chrome/58.0.3029.110 Safari/537.36 OPR/45.0.2552.898" "192.168.1.4" 0.025
192.168.1.16 - - [11/Jun/2024:12:47:06 +0000] "GET /kqrguei HTTP/1.1" 201 5039 "https://www.msn.com/" "Mozilla/5.0 (Windows NT 6.1; WOW64; rv:54.0) Gecko/20100101 Firefox/54.0" "192.168.1.4" 0.09
2001:db8:0:1:0:0:0:6 - - [11/Jun/2024:12:47:10 +0000] "POST /dzgbiiet HTTP/1.1" 204 3030 "https://www.google.com/" "Mozilla/5.0 (Windows NT 6.1; WOW64; Trident/7.0; AS; rv:11.0) like Gecko" "192.168.52.1" 0.002
192.168.1.38 - - [11/Jun/2024:12:47:10 +0000] "DELETE /vwrk HTTP/1.1" 200 4917 "https://www.example.com/" "Mozilla/5.0 (Windows NT 10.0; WOW64) AppleWebKit/537.36 (KHTML, like Gecko) Chrome/58.0.3029.110 Safari/537.36 OPR/45.0.2552.898" "192.168.1.2" 0.002
192.168.1.33 - - [11/Jun/2024:12:47:13 +0000] "POST /vsqr HTTP/1.1" 403 5520 "https://www.msn.com/" "Mozilla/5.0 (Windows NT 6.1; WOW64; Trident/7.0; AS; rv:11.0) like Gecko" "192.168.1.3" 0.002
192.168.1.36 - - [11/Jun/2024:12:47:24 +0000] "DELETE /rbgmpoa HTTP/1.1" 403 5266 "https://www.msn.com/" "Mozilla/5.0 (Windows NT 10.0; Win64; x64; rv:54.0) Gecko/20100101 Firefox/54.0" "192.168.1.1" 0.002
2001:db8:0:1:0:0:0:c - - [11/Jun/2024:12:47:24 +0000] "GET /rlbaayxtke HTTP/1.1" 403 6543 "https://www.example.com/" "Mozilla/5.0 (Windows NT 10.0; Win64; x64) AppleWebKit/537.36 (KHTML, like Gecko) Chrome/58.0.3029.110 Safari/537.36" "192.168.1.3" 0.09
192.168.1.12 - - [11/Jun/2024:12:47:25 +0000] "GET /tavfckazy HTTP/1.1" 400 9846 "https://www.example.com/" "Mozilla/5.0 (Windows NT 10.0; Win64; x64) AppleWebKit/537.36 (KHTML, like Gecko) Chrome/62.0.3202.94 Safari/537.36" "192.168.1.1" 0.002
192.168.1.40 - - [11/Jun/2024:12:47:37 +0000] "DELETE /eyau HTTP/1.1" 500 5381 "https://www.msn.com/" "Mozilla/5.0 (Windows NT 10.0; Win64; x64) AppleWebKit/537.36 (KHTML, like Gecko) Chrome/58.0.3029.110 Safari/537.36" "192.168.52.1" 0.025
2001:db8:0:1:0:0:0:b - - [11/Jun/2024:12:47:45 +0000] "DELETE /oq HTTP/1.1" 500 3599 "https://www.ibm.com/" "Mozilla/5.0 (Windows NT 6.1; WOW64; Trident/7.0; AS; rv:11.0) like Gecko" "192.168.1.1" 0.09
192.168.1.1 - - [11/Jun/2024:12:47:50 +0000] "PUT /socjkqz HTTP/1.1" 302 9492 "https://www.example.com/" "Mozilla/5.0 (Windows NT 10.0; Win64; x64) AppleWebKit/537.36 (KHTML, like Gecko) Chrome/62.0.3202.94 Safari/537.36" "192.168.1.2" 0.002
2001:db8:0:1:0:0:0:a - - [11/Jun/2024:12:47:55 +0000] "DELETE /niwcaelxdw HTTP/1.1" 200 8617 "https://www.ibm.com/" "Mozilla/5.0 (Windows NT 10.0; WOW64) AppleWebKit/537.36 (KHTML, like Gecko) Chrome/58.0.3029.110 Safari/537.36 OPR/45.0.2552.898" "192.168.52.1" 0.002
192.168.1.3 - - [11/Jun/2024:12:48:11 +0000] "DELETE /kligxwzmc HTTP/1.1" 302 5573 "https://www.msn.com/" "Mozilla/5.0 (Windows NT 10.0; WOW64) AppleWebKit/537.36 (KHTML, like Gecko) Chrome/58.0.3029.110 Safari/537.36 OPR/45.0.2552.898" "192.168.56.1" 0.09
192.168.1.12 - - [11/Jun/2024:12:48:13 +0000] "PUT /dimjt HTTP/1.1" 302 8671 "https://www.msn.com/" "Mozilla/5.0 (Windows NT 10.0; Win64; x64) AppleWebKit/537.36 (KHTML, like Gecko) Chrome/62.0.3202.94 Safari/537.36" "192.168.52.1" 0.001
192.168.1.19 - - [11/Jun/2024:12:48:21 +0000] "DELETE /emyipdh HTTP/1.1" 301 6132 "https://www.ibm.com/" "Mozilla/5.0 (Windows NT 10.0; Win64; x64; rv:54.0) Gecko/20100101 Firefox/54.0" "192.168.1.5" 0.09
2001:db8:0:1:0:0:0:7 - - [11/Jun/2024:12:48:23 +0000] "PUT /fgofdw HTTP/1.1" 404 6360 "https://www.ibm.com/" "Mozilla/5.0 (Windows NT 10.0; Win64; x64) AppleWebKit/537.36 (KHTML, like Gecko) Chrome/58.0.3029.110 Safari/537.36" "192.168.52.1" 0.001
192.168.1.31 - - [11/Jun/2024:12:48:26 +0000] "GET /xmxx HTTP/1.1" 301 3080 "https://www.msn.com/" "Mozilla/5.0 (Windows NT 6.1; WOW64; Trident/7.0; AS; rv:11.0) like Gecko" "192.168.1.4" 0.002
192.168.1.23 - - [11/Jun/2024:12:48:31 +0000] "PUT /xrk HTTP/1.1" 302 7313 "https://www.msn.com/" "Mozilla/5.0 (Windows NT 6.1; WOW64; Trident/7.0; AS; rv:11.0) like Gecko" "192.168.1.4" 0.001
2001:db8:0:1:0:0:0:2 - - [11/Jun/2024:12:48:31 +0000] "DELETE /susvcha HTTP/1.1" 400 7152 "https://www.msn.com/" "Mozilla/5.0 (Windows NT 10.0; Win64; x64; rv:54.0) Gecko/20100101 Firefox/54.0" "192.168.1.2" 0.002
192.168.1.49 - - [11/Jun/2024:12:48:35 +0000] "GET /axmxedlbwm HTTP/1.1" 400 2169 "https://www.ibm.com/" "Mozilla/5.0 (Windows NT 10.0; Win64; x64) AppleWebKit/537.36 (KHTML, like Gecko) Chrome/62.0.3202.94 Safari/537.36" "192.168.1.4" 0.1
2001:db8:0:1:0:0:0:e - - [11/Jun/2024:12:48:49 +0000] "DELETE /nylzbzyqv HTTP/1.1" 200 7536 "https://www.example.com/" "Mozilla/5.0 (Windows NT 10.0; Win64; x64) AppleWebKit/537.36 (KHTML, like Gecko) Chrome/58.0.3029.110 Safari/537.36" "192.168.56.1" 0.002
192.168.1.47 - - [11/Jun/2024:12:48:49 +0000] "DELETE /udikubz HTTP/1.1" 404 7486 "https://www.example.com/" "Mozilla/5.0 (Windows NT 6.1; WOW64; rv:54.0) Gecko/20100101 Firefox/54.0" "192.168.56.1" 0.002
192.168.1.40 - - [11/Jun/2024:12:48:50 +0000] "POST /pnlalmb HTTP/1.1" 200 350 "https://www.google.com/" "Mozilla/5.0 (Windows NT 6.1; WOW64; rv:54.0) Gecko/20100101 Firefox/54.0" "192.168.1.2" 0.001
2001:db8:0:1:0:0:0:2 - - [11/Jun/2024:12:48:51 +0000] "DELETE /alm HTTP/1.1" 302 9836 "https://www.example.com/" "Mozilla/5.0 (Windows NT 10.0; WOW64) AppleWebKit/537.36 (KHTML, like Gecko) Chrome/58.0.3029.110 Safari/537.36 OPR/45.0.2552.898" "192.168.1.5" 0.001
2001:db8:0:1:0:0:0:1 - - [11/Jun/2024:12:48:58 +0000] "PUT /w HTTP/1.1" 301 1035 "https://www.google.com/" "Mozilla/5.0 (Windows NT 10.0; Win64; x64) AppleWebKit/537.36 (KHTML, like Gecko) Chrome/62.0.3202.94 Safari/537.36" "192.168.1.5" 0.002
192.168.1.1 - - [11/Jun/2024:12:48:58 +0000] "PUT /xhdottrm HTTP/1.1" 301 1232 "https://www.msn.com/" "Mozilla/5.0 (Windows NT 6.1; WOW64; rv:54.0) Gecko/20100101 Firefox/54.0" "192.168.1.2" 0.025
192.168.1.5 - - [11/Jun/2024:12:48:59 +0000] "PUT /bs HTTP/1.1" 404 3274 "https://www.msn.com/" "Mozilla/5.0 (Windows NT 10.0; Win64; x64; rv:54.0) Gecko/20100101 Firefox/54.0" "192.168.1.4" 0.09
192.168.1.43 - - [11/Jun/2024:12:49:02 +0000] "DELETE /nz HTTP/1.1" 301 9247 "https://www.msn.com/" "Mozilla/5.0 (Windows NT 6.1; WOW64; Trident/7.0; AS; rv:11.0) like Gecko" "192.168.1.3" 0.002
192.168.1.19 - - [11/Jun/2024:12:49:03 +0000] "DELETE /gu HTTP/1.1" 204 7949 "https://www.example.com/" "Mozilla/5.0 (Windows NT 6.1; WOW64; Trident/7.0; AS; rv:11.0) like Gecko" "192.168.52.1" 0.09
192.168.1.26 - - [11/Jun/2024:12:49:06 +0000] "GET /dmxzkkt HTTP/1.1" 403 3636 "https://www.google.com/" "Mozilla/5.0 (Windows NT 10.0; WOW64) AppleWebKit/537.36 (KHTML, like Gecko) Chrome/58.0.3029.110 Safari/537.36 OPR/45.0.2552.898" "192.168.1.2" 0.15
192.168.1.28 - - [11/Jun/2024:12:49:10 +0000] "DELETE /ktdexnjguw HTTP/1.1" 302 3913 "https://www.ibm.com/" "Mozilla/5.0 (Windows NT 6.1; WOW64; Trident/7.0; AS; rv:11.0) like Gecko" "192.168.52.1" 0.15
192.168.1.40 - - [11/Jun/2024:12:49:16 +0000] "PUT /g HTTP/1.1" 404 4648 "https://www.example.com/" "Mozilla/5.0 (Windows NT 10.0; Win64; x64; rv:54.0) Gecko/20100101 Firefox/54.0" "192.168.1.4" 0.1
192.168.1.7 - - [11/Jun/2024:12:49:21 +0000] "DELETE /dnjf HTTP/1.1" 400 2090 "https://www.msn.com/" "Mozilla/5.0 (Windows NT 10.0; WOW64) AppleWebKit/537.36 (KHTML, like Gecko) Chrome/58.0.3029.110 Safari/537.36 OPR/45.0.2552.898" "192.168.52.1" 0.1
192.168.1.36 - - [11/Jun/2024:12:49:22 +0000] "GET /rbidrdv HTTP/1.1" 403 7294 "https://www.msn.com/" "Mozilla/5.0 (Windows NT 10.0; WOW64) AppleWebKit/537.36 (KHTML, like Gecko) Chrome/58.0.3029.110 Safari/537.36 OPR/45.0.2552.898" "192.168.1.2" 0.15
192.168.1.33 - - [11/Jun/2024:12:49:34 +0000] "PUT /zcupjgr HTTP/1.1" 201 3736 "https://www.ibm.com/" "Mozilla/5.0 (Windows NT 10.0; Win64; x64) AppleWebKit/537.36 (KHTML, like Gecko) Chrome/62.0.3202.94 Safari/537.36" "192.168.1.3" 0.1
192.168.1.43 - - [11/Jun/2024:12:49:38 +0000] "GET /txep HTTP/1.1" 403 7727 "https://www.example.com/" "Mozilla/5.0 (Windows NT 10.0; Win64; x64) AppleWebKit/537.36 (KHTML, like Gecko) Chrome/58.0.3029.110 Safari/537.36" "192.168.52.1" 0.002
2001:db8:0:1:0:0:0:1 - - [11/Jun/2024:12:49:38 +0000] "POST /epn HTTP/1.1" 204 145 "https://www.ibm.com/" "Mozilla/5.0 (Windows NT 6.1; WOW64; Trident/7.0; AS; rv:11.0) like Gecko" "192.168.1.1" 0.15
192.168.1.20 - - [11/Jun/2024:12:49:40 +0000] "PUT /p HTTP/1.1" 204 2188 "https://www.msn.com/" "Mozilla/5.0 (Windows NT 10.0; Win64; x64) AppleWebKit/537.36 (KHTML, like Gecko) Chrome/58.0.3029.110 Safari/537.36" "192.168.1.4" 0.025
192.168.1.13 - - [11/Jun/2024:12:49:44 +0000] "GET /sqbmicak HTTP/1.1" 500 8447 "https://www.google.com/" "Mozilla/5.0 (Windows NT 10.0; WOW64) AppleWebKit/537.36 (KHTML, like Gecko) Chrome/58.0.3029.110 Safari/537.36 OPR/45.0.2552.898" "192.168.52.1" 0.002
2001:db8:0:1:0:0:0:8 - - [11/Jun/2024:12:49:46 +0000] "PUT /hjwvd HTTP/1.1" 500 2138 "https://www.google.com/" "Mozilla/5.0 (Windows NT 6.1; WOW64; rv:54.0) Gecko/20100101 Firefox/54.0" "192.168.56.1" 0.09
192.168.1.9 - - [11/Jun/2024:12:49:57 +0000] "DELETE /jhmzic HTTP/1.1" 201 4999 "https://www.google.com/" "Mozilla/5.0 (Windows NT 10.0; Win64; x64; rv:54.0) Gecko/20100101 Firefox/54.0" "192.168.1.2" 0.002
192.168.1.38 - - [11/Jun/2024:12:50:00 +0000] "POST /aehpdwn HTTP/1.1" 404 4513 "https://www.google.com/" "Mozilla/5.0 (Windows NT 10.0; Win64; x64) AppleWebKit/537.36 (KHTML, like Gecko) Chrome/58.0.3029.110 Safari/537.36" "192.168.1.2" 0.001
2001:db8:0:1:0:0:0:9 - - [11/Jun/2024:12:50:08 +0000] "POST /imccige HTTP/1.1" 500 1949 "https://www.ibm.com/" "Mozilla/5.0 (Windows NT 6.1; WOW64; rv:54.0) Gecko/20100101 Firefox/54.0" "192.168.1.1" 0.002
192.168.1.13 - - [11/Jun/2024:12:50:09 +0000] "PUT /w HTTP/1.1" 200 5395 "https://www.ibm.com/" "Mozilla/5.0 (Windows NT 6.1; WOW64; rv:54.0) Gecko/20100101 Firefox/54.0" "192.168.1.5" 0.15
192.168.1.23 - - [11/Jun/2024:12:50:14 +0000] "POST /bpqseudwa HTTP/1.1" 404 489 "https://www.ibm.com/" "Mozilla/5.0 (Windows NT 10.0; Win64; x64) AppleWebKit/537.36 (KHTML, like Gecko) Chrome/62.0.3202.94 Safari/537.36" "192.168.1.5" 0.09
192.168.1.27 - - [11/Jun/2024:12:50:14 +0000] "GET /kjzwokcapy HTTP/1.1" 301 391 "https://www.example.com/" "Mozilla/5.0 (Windows NT 10.0; WOW64) AppleWebKit/537.36 (KHTML, like Gecko) Chrome/58.0.3029.110 Safari/537.36 OPR/45.0.2552.898" "192.168.1.3" 0.002
192.168.1.46 - - [11/Jun/2024:12:50:15 +0000] "DELETE /tftbkktp HTTP/1.1" 500 7029 "https://www.google.com/" "Mozilla/5.0 (Windows NT 10.0; Win64; x64) AppleWebKit/537.36 (KHTML, like Gecko) Chrome/58.0.3029.110 Safari/537.36" "192.168.1.1" 0.1
192.168.1.44 - - [11/Jun/2024:12:50:18 +0000] "POST /fwsbgnhemm HTTP/1.1" 401 9554 "https://www.example.com/" "Mozilla/5.0 (Windows NT 10.0; Win64; x64; rv:54.0) Gecko/20100101 Firefox/54.0" "192.168.52.1" 0.025
192.168.1.29 - - [11/Jun/2024:12:50:26 +0000] "PUT /vibxmdlw HTTP/1.1" 204 1497 "https://www.ibm.com/" "Mozilla/5.0 (Windows NT 6.1; WOW64; rv:54.0) Gecko/20100101 Firefox/54.0" "192.168.1.2" 0.001
192.168.1.40 - - [11/Jun/2024:12:50:28 +0000] "GET /wdvtzxynti HTTP/1.1" 302 5007 "https://www.ibm.com/" "Mozilla/5.0 (Windows NT 10.0; Win64; x64; rv:54.0) Gecko/20100101 Firefox/54.0" "192.168.1.5" 0.1
192.168.1.36 - - [11/Jun/2024:12:50:29 +0000] "DELETE /mulvzz HTTP/1.1" 400 7378 "https://www.msn.com/" "Mozilla/5.0 (Windows NT 10.0; Win64; x64) AppleWebKit/537.36 (KHTML, like Gecko) Chrome/62.0.3202.94 Safari/537.36" "192.168.1.4" 0.15
192.168.1.34 - - [11/Jun/2024:12:50:33 +0000] "DELETE /vlye HTTP/1.1" 403 9718 "https://www.msn.com/" "Mozilla/5.0 (Windows NT 10.0; Win64; x64; rv:54.0) Gecko/20100101 Firefox/54.0" "192.168.1.4" 0.002
192.168.1.12 - - [11/Jun/2024:12:50:34 +0000] "DELETE /bvmxbw HTTP/1.1" 400 6671 "https://www.ibm.com/" "Mozilla/5.0 (Windows NT 10.0; Win64; x64; rv:54.0) Gecko/20100101 Firefox/54.0" "192.168.1.2" 0.15
192.168.1.40 - - [11/Jun/2024:12:50:43 +0000] "PUT /anm HTTP/1.1" 401 1288 "https://www.msn.com/" "Mozilla/5.0 (Windows NT 10.0; Win64; x64) AppleWebKit/537.36 (KHTML, like Gecko) Chrome/62.0.3202.94 Safari/537.36" "192.168.56.1" 0.025
192.168.1.38 - - [11/Jun/2024:12:50:44 +0000] "DELETE /xbccaxaya HTTP/1.1" 401 8830 "https://www.google.com/" "Mozilla/5.0 (Windows NT 6.1; WOW64; Trident/7.0; AS; rv:11.0) like Gecko" "192.168.1.4" 0.001
192.168.1.23 - - [11/Jun/2024:12:50:46 +0000] "DELETE /ryivklhy HTTP/1.1" 204 1323 "https://www.google.com/" "Mozilla/5.0 (Windows NT 10.0; Win64; x64) AppleWebKit/537.36 (KHTML, like Gecko) Chrome/62.0.3202.94 Safari/537.36" "192.168.1.1" 0.001
192.168.1.7 - - [11/Jun/2024:12:50:49 +0000] "GET /zsqwyr HTTP/1.1" 302 9597 "https://www.ibm.com/" "Mozilla/5.0 (Windows NT 10.0; WOW64) AppleWebKit/537.36 (KHTML, like Gecko) Chrome/58.0.3029.110 Safari/537.36 OPR/45.0.2552.898" "192.168.52.1" 0.025
2001:db8:0:1:0:0:0:4 - - [11/Jun/2024:12:50:50 +0000] "POST /qgtubj HTTP/1.1" 201 8972 "https://www.msn.com/" "Mozilla/5.0 (Windows NT 6.1; WOW64; rv:54.0) Gecko/20100101 Firefox/54.0" "192.168.52.1" 0.09
192.168.1.17 - - [11/Jun/2024:12:50:54 +0000] "PUT /guzjxjnvmt HTTP/1.1" 500 1900 "https://www.msn.com/" "Mozilla/5.0 (Windows NT 10.0; Win64; x64; rv:54.0) Gecko/20100101 Firefox/54.0" "192.168.56.1" 0.025
192.168.1.17 - - [11/Jun/2024:12:51:02 +0000] "GET /atpbf HTTP/1.1" 204 193 "https://www.msn.com/" "Mozilla/5.0 (Windows NT 6.1; WOW64; rv:54.0) Gecko/20100101 Firefox/54.0" "192.168.1.1" 0.09
192.168.1.36 - - [11/Jun/2024:12:51:09 +0000] "DELETE /cfapjd HTTP/1.1" 404 6669 "https://www.google.com/" "Mozilla/5.0 (Windows NT 10.0; Win64; x64; rv:54.0) Gecko/20100101 Firefox/54.0" "192.168.52.1" 0.001
192.168.1.16 - - [11/Jun/2024:12:51:11 +0000] "PUT /rzw HTTP/1.1" 401 4641 "https://www.ibm.com/" "Mozilla/5.0 (Windows NT 10.0; Win64; x64; rv:54.0) Gecko/20100101 Firefox/54.0" "192.168.52.1" 0.1
192.168.1.10 - - [11/Jun/2024:12:51:17 +0000] "POST /a HTTP/1.1" 403 6604 "https://www.ibm.com/" "Mozilla/5.0 (Windows NT 10.0; Win64; x64; rv:54.0) Gecko/20100101 Firefox/54.0" "192.168.1.3" 0.025
2001:db8:0:1:0:0:0:4 - - [11/Jun/2024:12:51:23 +0000] "DELETE /txvamgtf HTTP/1.1" 403 625 "https://www.ibm.com/" "Mozilla/5.0 (Windows NT 10.0; WOW64) AppleWebKit/537.36 (KHTML, like Gecko) Chrome/58.0.3029.110 Safari/537.36 OPR/45.0.2552.898" "192.168.52.1" 0.002
192.168.1.14 - - [11/Jun/2024:12:51:30 +0000] "POST /gnx HTTP/1.1" 400 994 "https://www.google.com/" "Mozilla/5.0 (Windows NT 10.0; Win64; x64) AppleWebKit/537.36 (KHTML, like Gecko) Chrome/58.0.3029.110 Safari/537.36" "192.168.1.1" 0.002
192.168.1.25 - - [11/Jun/2024:12:51:31 +0000] "PUT /ltiumks HTTP/1.1" 400 2480 "https://www.example.com/" "Mozilla/5.0 (Windows NT 6.1; WOW64; Trident/7.0; AS; rv:11.0) like Gecko" "192.168.52.1" 0.025
2001:db8:0:1:0:0:0:4 - - [11/Jun/2024:12:51:32 +0000] "PUT /om HTTP/1.1" 201 2829 "https://www.google.com/" "Mozilla/5.0 (Windows NT 10.0; WOW64) AppleWebKit/537.36 (KHTML, like Gecko) Chrome/58.0.3029.110 Safari/537.36 OPR/45.0.2552.898" "192.168.1.4" 0.002
192.168.1.12 - - [11/Jun/2024:12:51:32 +0000] "DELETE /jvuqrfnhc HTTP/1.1" 404 4161 "https://www.example.com/" "Mozilla/5.0 (Windows NT 10.0; Win64; x64; rv:54.0) Gecko/20100101 Firefox/54.0" "192.168.1.4" 0.001
192.168.1.33 - - [11/Jun/2024:12:51:33 +0000] "DELETE /vdiqfh HTTP/1.1" 201 5181 "https://www.example.com/" "Mozilla/5.0 (Windows NT 6.1; WOW64; rv:54.0) Gecko/20100101 Firefox/54.0" "192.168.56.1" 0.025
192.168.1.23 - - [11/Jun/2024:12:51:33 +0000] "DELETE /jwv HTTP/1.1" 401 6800 "https://www.google.com/" "Mozilla/5.0 (Windows NT 10.0; Win64; x64) AppleWebKit/537.36 (KHTML, like Gecko) Chrome/58.0.3029.110 Safari/537.36" "192.168.1.4" 0.15
192.168.1.31 - - [11/Jun/2024:12:51:36 +0000] "DELETE /qwziw HTTP/1.1" 200 7470 "https://www.msn.com/" "Mozilla/5.0 (Windows NT 6.1; WOW64; Trident/7.0; AS; rv:11.0) like Gecko" "192.168.1.4" 0.002
2001:db8:0:1:0:0:0:5 - - [11/Jun/2024:12:51:37 +0000] "GET /znagweokz HTTP/1.1" 500 5364 "https://www.example.com/" "Mozilla/5.0 (Windows NT 10.0; Win64; x64) AppleWebKit/537.36 (KHTML, like Gecko) Chrome/62.0.3202.94 Safari/537.36" "192.168.52.1" 0.002
2001:db8:0:1:0:0:0:1 - - [11/Jun/2024:12:51:38 +0000] "POST /lu HTTP/1.1" 400 7892 "https://www.msn.com/" "Mozilla/5.0 (Windows NT 10.0; Win64; x64) AppleWebKit/537.36 (KHTML, like Gecko) Chrome/58.0.3029.110 Safari/537.36" "192.168.1.4" 0.15
192.168.1.12 - - [11/Jun/2024:12:51:43 +0000] "GET /rqqfi HTTP/1.1" 500 5823 "https://www.ibm.com/" "Mozilla/5.0 (Windows NT 10.0; Win64; x64) AppleWebKit/537.36 (KHTML, like Gecko) Chrome/58.0.3029.110 Safari/537.36" "192.168.1.1" 0.025
192.168.1.9 - - [11/Jun/2024:12:51:44 +0000] "PUT /amihafo HTTP/1.1" 400 2145 "https://www.example.com/" "Mozilla/5.0 (Windows NT 6.1; WOW64; Trident/7.0; AS; rv:11.0) like Gecko" "192.168.1.2" 0.001
192.168.1.20 - - [11/Jun/2024:12:51:47 +0000] "GET /tmv HTTP/1.1" 200 4720 "https://www.google.com/" "Mozilla/5.0 (Windows NT 10.0; Win64; x64; rv:54.0) Gecko/20100101 Firefox/54.0" "192.168.1.4" 0.002
192.168.1.11 - - [11/Jun/2024:12:51:50 +0000] "PUT /qgdpgra HTTP/1.1" 400 6769 "https://www.ibm.com/" "Mozilla/5.0 (Windows NT 10.0; Win64; x64; rv:54.0) Gecko/20100101 Firefox/54.0" "192.168.52.1" 0.002
192.168.1.44 - - [11/Jun/2024:12:51:51 +0000] "DELETE /twqkny HTTP/1.1" 401 3504 "https://www.google.com/" "Mozilla/5.0 (Windows NT 10.0; Win64; x64) AppleWebKit/537.36 (KHTML, like Gecko) Chrome/62.0.3202.94 Safari/537.36" "192.168.52.1" 0.002
192.168.1.10 - - [11/Jun/2024:12:51:56 +0000] "DELETE /lsnec HTTP/1.1" 404 5895 "https://www.google.com/" "Mozilla/5.0 (Windows NT 6.1; WOW64; Trident/7.0; AS; rv:11.0) like Gecko" "192.168.1.3" 0.002
192.168.1.36 - - [11/Jun/2024:12:51:56 +0000] "DELETE /weudrtgx HTTP/1.1" 200 692 "https://www.msn.com/" "Mozilla/5.0 (Windows NT 6.1; WOW64; Trident/7.0; AS; rv:11.0) like Gecko" "192.168.1.5" 0.002
192.168.1.8 - - [11/Jun/2024:12:51:58 +0000] "POST /vjdpcu HTTP/1.1" 200 4097 "https://www.msn.com/" "Mozilla/5.0 (Windows NT 6.1; WOW64; rv:54.0) Gecko/20100101 Firefox/54.0" "192.168.52.1" 0.002
192.168.1.47 - - [11/Jun/2024:12:51:59 +0000] "DELETE /wphqhczxz HTTP/1.1" 301 8601 "https://www.ibm.com/" "Mozilla/5.0 (Windows NT 10.0; Win64; x64) AppleWebKit/537.36 (KHTML, like Gecko) Chrome/58.0.3029.110 Safari/537.36" "192.168.1.3" 0.001
192.168.1.5 - - [11/Jun/2024:12:52:01 +0000] "POST /ymvtsupdc HTTP/1.1" 400 9417 "https://www.msn.com/" "Mozilla/5.0 (Windows NT 6.1; WOW64; Trident/7.0; AS; rv:11.0) like Gecko" "192.168.52.1" 0.025
2001:db8:0:1:0:0:0:2 - - [11/Jun/2024:12:52:04 +0000] "DELETE /ahrtjh HTTP/1.1" 301 2779 "https://www.ibm.com/" "Mozilla/5.0 (Windows NT 10.0; WOW64) AppleWebKit/537.36 (KHTML, like Gecko) Chrome/58.0.3029.110 Safari/537.36 OPR/45.0.2552.898" "192.168.1.3" 0.002
2001:db8:0:1:0:0:0:d - - [11/Jun/2024:12:52:06 +0000] "DELETE /ieui HTTP/1.1" 302 6311 "https://www.example.com/" "Mozilla/5.0 (Windows NT 10.0; Win64; x64) AppleWebKit/537.36 (KHTML, like Gecko) Chrome/58.0.3029.110 Safari/537.36" "192.168.1.4" 0.002
192.168.1.19 - - [11/Jun/2024:12:52:12 +0000] "DELETE /bej HTTP/1.1" 403 6053 "https://www.ibm.com/" "Mozilla/5.0 (Windows NT 10.0; Win64; x64) AppleWebKit/537.36 (KHTML, like Gecko) Chrome/62.0.3202.94 Safari/537.36" "192.168.1.3" 0.002
192.168.1.45 - - [11/Jun/2024:12:52:13 +0000] "POST /eldz HTTP/1.1" 400 6288 "https://www.example.com/" "Mozilla/5.0 (Windows NT 10.0; Win64; x64) AppleWebKit/537.36 (KHTML, like Gecko) Chrome/58.0.3029.110 Safari/537.36" "192.168.1.4" 0.001
2001:db8:0:1:0:0:0:7 - - [11/Jun/2024:12:52:14 +0000] "PUT /tvong HTTP/1.1" 201 3382 "https://www.ibm.com/" "Mozilla/5.0 (Windows NT 10.0; Win64; x64; rv:54.0) Gecko/20100101 Firefox/54.0" "192.168.1.5" 0.002
192.168.1.24 - - [11/Jun/2024:12:52:14 +0000] "POST /k HTTP/1.1" 403 6081 "https://www.msn.com/" "Mozilla/5.0 (Windows NT 10.0; WOW64) AppleWebKit/537.36 (KHTML, like Gecko) Chrome/58.0.3029.110 Safari/537.36 OPR/45.0.2552.898" "192.168.1.4" 0.025
192.168.1.47 - - [11/Jun/2024:12:52:26 +0000] "PUT /fylktncyii HTTP/1.1" 400 1304 "https://www.google.com/" "Mozilla/5.0 (Windows NT 6.1; WOW64; Trident/7.0; AS; rv:11.0) like Gecko" "192.168.56.1" 0.001
192.168.1.47 - - [11/Jun/2024:12:52:27 +0000] "DELETE /scxooqtq HTTP/1.1" 200 5934 "https://www.example.com/" "Mozilla/5.0 (Windows NT 10.0; WOW64) AppleWebKit/537.36 (KHTML, like Gecko) Chrome/58.0.3029.110 Safari/537.36 OPR/45.0.2552.898" "192.168.56.1" 0.001
192.168.1.44 - - [11/Jun/2024:12:52:29 +0000] "POST /x HTTP/1.1" 400 9017 "https://www.msn.com/" "Mozilla/5.0 (Windows NT 10.0; Win64; x64) AppleWebKit/537.36 (KHTML, like Gecko) Chrome/58.0.3029.110 Safari/537.36" "192.168.1.3" 0.001
192.168.1.35 - - [11/Jun/2024:12:52:29 +0000] "GET /l HTTP/1.1" 404 1789 "https://www.example.com/" "Mozilla/5.0 (Windows NT 10.0; WOW64) AppleWebKit/537.36 (KHTML, like Gecko) Chrome/58.0.3029.110 Safari/537.36 OPR/45.0.2552.898" "192.168.1.5" 0.001
192.168.1.18 - - [11/Jun/2024:12:52:32 +0000] "DELETE /slghyoqv HTTP/1.1" 400 4991 "https://www.google.com/" "Mozilla/5.0 (Windows NT 10.0; Win64; x64) AppleWebKit/537.36 (KHTML, like Gecko) Chrome/62.0.3202.94 Safari/537.36" "192.168.1.2" 0.002
192.168.1.6 - - [11/Jun/2024:12:52:33 +0000] "POST /khqmx HTTP/1.1" 302 6943 "https://www.example.com/" "Mozilla/5.0 (Windows NT 6.1; WOW64; Trident/7.0; AS; rv:11.0) like Gecko" "192.168.52.1" 0.001
192.168.1.24 - - [11/Jun/2024:12:52:39 +0000] "GET /hxh HTTP/1.1" 500 7275 "https://www.msn.com/" "Mozilla/5.0 (Windows NT 10.0; Win64; x64; rv:54.0) Gecko/20100101 Firefox/54.0" "192.168.1.5" 0.002
192.168.1.33 - - [11/Jun/2024:12:52:39 +0000] "GET /ve HTTP/1.1" 403 8634 "https://www.ibm.com/" "Mozilla/5.0 (Windows NT 6.1; WOW64; rv:54.0) Gecko/20100101 Firefox/54.0" "192.168.56.1" 0.09
192.168.1.22 - - [11/Jun/2024:12:52:43 +0000] "POST /rr HTTP/1.1" 302 3740 "https://www.ibm.com/" "Mozilla/5.0 (Windows NT 10.0; Win64; x64) AppleWebKit/537.36 (KHTML, like Gecko) Chrome/62.0.3202.94 Safari/537.36" "192.168.1.5" 0.1
192.168.1.17 - - [11/Jun/2024:12:52:45 +0000] "GET /ouetwwz HTTP/1.1" 302 1909 "https://www.ibm.com/" "Mozilla/5.0 (Windows NT 10.0; Win64; x64; rv:54.0) Gecko/20100101 Firefox/54.0" "192.168.52.1" 0.001
192.168.1.44 - - [11/Jun/2024:12:52:45 +0000] "GET /qpdn HTTP/1.1" 400 8182 "https://www.msn.com/" "Mozilla/5.0 (Windows NT 6.1; WOW64; Trident/7.0; AS; rv:11.0) like Gecko" "192.168.1.2" 0.002
192.168.1.6 - - [11/Jun/2024:12:52:49 +0000] "GET /vfh HTTP/1.1" 500 1531 "https://www.example.com/" "Mozilla/5.0 (Windows NT 6.1; WOW64; Trident/7.0; AS; rv:11.0) like Gecko" "192.168.56.1" 0.001
192.168.1.47 - - [11/Jun/2024:12:52:53 +0000] "DELETE /ty HTTP/1.1" 403 731 "https://www.example.com/" "Mozilla/5.0 (Windows NT 6.1; WOW64; Trident/7.0; AS; rv:11.0) like Gecko" "192.168.1.3" 0.09
192.168.1.23 - - [11/Jun/2024:12:52:58 +0000] "POST /rbm HTTP/1.1" 302 943 "https://www.google.com/" "Mozilla/5.0 (Windows NT 10.0; Win64; x64) AppleWebKit/537.36 (KHTML, like Gecko) Chrome/58.0.3029.110 Safari/537.36" "192.168.52.1" 0.001
2001:db8:0:1:0:0:0:2 - - [11/Jun/2024:12:52:59 +0000] "DELETE /yh HTTP/1.1" 302 1798 "https://www.example.com/" "Mozilla/5.0 (Windows NT 10.0; Win64; x64) AppleWebKit/537.36 (KHTML, like Gecko) Chrome/62.0.3202.94 Safari/537.36" "192.168.52.1" 0.15
192.168.1.23 - - [11/Jun/2024:12:53:00 +0000] "DELETE /vpzksvp HTTP/1.1" 400 6314 "https://www.google.com/" "Mozilla/5.0 (Windows NT 10.0; Win64; x64) AppleWebKit/537.36 (KHTML, like Gecko) Chrome/58.0.3029.110 Safari/537.36" "192.168.56.1" 0.025
192.168.1.30 - - [11/Jun/2024:12:53:07 +0000] "DELETE /tqgyboxk HTTP/1.1" 302 7432 "https://www.example.com/" "Mozilla/5.0 (Windows NT 10.0; Win64; x64; rv:54.0) Gecko/20100101 Firefox/54.0" "192.168.1.1" 0.15
192.168.1.20 - - [11/Jun/2024:12:53:08 +0000] "DELETE /pmisscaa HTTP/1.1" 302 1886 "https://www.google.com/" "Mozilla/5.0 (Windows NT 6.1; WOW64; rv:54.0) Gecko/20100101 Firefox/54.0" "192.168.56.1" 0.002
192.168.1.4 - - [11/Jun/2024:12:53:09 +0000] "POST /tprlmnp HTTP/1.1" 204 5316 "https://www.google.com/" "Mozilla/5.0 (Windows NT 10.0; WOW64) AppleWebKit/537.36 (KHTML, like Gecko) Chrome/58.0.3029.110 Safari/537.36 OPR/45.0.2552.898" "192.168.1.1" 0.001
192.168.1.7 - - [11/Jun/2024:12:53:10 +0000] "PUT /nkkcqocnv HTTP/1.1" 200 8726 "https://www.msn.com/" "Mozilla/5.0 (Windows NT 6.1; WOW64; rv:54.0) Gecko/20100101 Firefox/54.0" "192.168.52.1" 0.001
192.168.1.32 - - [11/Jun/2024:12:53:17 +0000] "PUT /ryttn HTTP/1.1" 400 9260 "https://www.msn.com/" "Mozilla/5.0 (Windows NT 10.0; WOW64) AppleWebKit/537.36 (KHTML, like Gecko) Chrome/58.0.3029.110 Safari/537.36 OPR/45.0.2552.898" "192.168.1.3" 0.002
192.168.1.39 - - [11/Jun/2024:12:53:17 +0000] "DELETE /ztuapujk HTTP/1.1" 500 6935 "https://www.ibm.com/" "Mozilla/5.0 (Windows NT 10.0; Win64; x64) AppleWebKit/537.36 (KHTML, like Gecko) Chrome/58.0.3029.110 Safari/537.36" "192.168.1.2" 0.002
192.168.1.3 - - [11/Jun/2024:12:53:22 +0000] "GET /ekqyd HTTP/1.1" 302 462 "https://www.google.com/" "Mozilla/5.0 (Windows NT 10.0; Win64; x64) AppleWebKit/537.36 (KHTML, like Gecko) Chrome/58.0.3029.110 Safari/537.36" "192.168.1.5" 0.1
192.168.1.24 - - [11/Jun/2024:12:53:25 +0000] "DELETE /mg HTTP/1.1" 400 4192 "https://www.google.com/" "Mozilla/5.0 (Windows NT 6.1; WOW64; Trident/7.0; AS; rv:11.0) like Gecko" "192.168.56.1" 0.001
192.168.1.17 - - [11/Jun/2024:12:53:25 +0000] "DELETE /xzudczhuyk HTTP/1.1" 400 4945 "https://www.msn.com/" "Mozilla/5.0 (Windows NT 6.1; WOW64; Trident/7.0; AS; rv:11.0) like Gecko" "192.168.52.1" 0.002
192.168.1.9 - - [11/Jun/2024:12:53:31 +0000] "DELETE /jfpppj HTTP/1.1" 400 864 "https://www.ibm.com/" "Mozilla/5.0 (Windows NT 6.1; WOW64; Trident/7.0; AS; rv:11.0) like Gecko" "192.168.1.2" 0.025
192.168.1.34 - - [11/Jun/2024:12:53:33 +0000] "POST /vseaze HTTP/1.1" 403 6916 "https://www.google.com/" "Mozilla/5.0 (Windows NT 10.0; WOW64) AppleWebKit/537.36 (KHTML, like Gecko) Chrome/58.0.3029.110 Safari/537.36 OPR/45.0.2552.898" "192.168.1.2" 0.001
192.168.1.17 - - [11/Jun/2024:12:53:34 +0000] "POST /y HTTP/1.1" 401 1085 "https://www.example.com/" "Mozilla/5.0 (Windows NT 10.0; Win64; x64) AppleWebKit/537.36 (KHTML, like Gecko) Chrome/62.0.3202.94 Safari/537.36" "192.168.56.1" 0.002
2001:db8:0:1:0:0:0:3 - - [11/Jun/2024:12:53:38 +0000] "GET /lexej HTTP/1.1" 201 2359 "https://www.msn.com/" "Mozilla/5.0 (Windows NT 10.0; Win64; x64) AppleWebKit/537.36 (KHTML, like Gecko) Chrome/58.0.3029.110 Safari/537.36" "192.168.56.1" 0.002
192.168.1.18 - - [11/Jun/2024:12:53:50 +0000] "DELETE /lwwf HTTP/1.1" 400 5460 "https://www.ibm.com/" "Mozilla/5.0 (Windows NT 6.1; WOW64; Trident/7.0; AS; rv:11.0) like Gecko" "192.168.1.4" 0.09
192.168.1.35 - - [11/Jun/2024:12:53:50 +0000] "PUT /vedu HTTP/1.1" 401 4755 "https://www.ibm.com/" "Mozilla/5.0 (Windows NT 6.1; WOW64; rv:54.0) Gecko/20100101 Firefox/54.0" "192.168.56.1" 0.09
192.168.1.31 - - [11/Jun/2024:12:53:54 +0000] "DELETE /wfngasp HTTP/1.1" 201 1778 "https://www.ibm.com/" "Mozilla/5.0 (Windows NT 10.0; Win64; x64; rv:54.0) Gecko/20100101 Firefox/54.0" "192.168.1.5" 0.025
192.168.1.18 - - [11/Jun/2024:12:53:59 +0000] "PUT /lnbgvyelbf HTTP/1.1" 401 9914 "https://www.ibm.com/" "Mozilla/5.0 (Windows NT 10.0; Win64; x64) AppleWebKit/537.36 (KHTML, like Gecko) Chrome/62.0.3202.94 Safari/537.36" "192.168.1.1" 0.002
192.168.1.48 - - [11/Jun/2024:12:54:03 +0000] "DELETE /pdsijgszjf HTTP/1.1" 403 9368 "https://www.msn.com/" "Mozilla/5.0 (Windows NT 10.0; Win64; x64) AppleWebKit/537.36 (KHTML, like Gecko) Chrome/62.0.3202.94 Safari/537.36" "192.168.1.3" 0.002
2001:db8:0:1:0:0:0:2 - - [11/Jun/2024:12:54:12 +0000] "DELETE /m HTTP/1.1" 301 9449 "https://www.msn.com/" "Mozilla/5.0 (Windows NT 10.0; WOW64) AppleWebKit/537.36 (KHTML, like Gecko) Chrome/58.0.3029.110 Safari/537.36 OPR/45.0.2552.898" "192.168.52.1" 0.1
192.168.1.15 - - [11/Jun/2024:12:54:12 +0000] "DELETE /tqmeqrp HTTP/1.1" 403 8159 "https://www.example.com/" "Mozilla/5.0 (Windows NT 10.0; Win64; x64) AppleWebKit/537.36 (KHTML, like Gecko) Chrome/62.0.3202.94 Safari/537.36" "192.168.1.2" 0.002
192.168.1.9 - - [11/Jun/2024:12:54:23 +0000] "DELETE /hcbd HTTP/1.1" 200 5377 "https://www.ibm.com/" "Mozilla/5.0 (Windows NT 10.0; Win64; x64; rv:54.0) Gecko/20100101 Firefox/54.0" "192.168.1.5" 0.002
192.168.1.28 - - [11/Jun/2024:12:54:26 +0000] "GET /km HTTP/1.1" 500 9565 "https://www.ibm.com/" "Mozilla/5.0 (Windows NT 10.0; Win64; x64) AppleWebKit/537.36 (KHTML, like Gecko) Chrome/62.0.3202.94 Safari/537.36" "192.168.1.5" 0.002
192.168.1.32 - - [11/Jun/2024:12:54:27 +0000] "PUT /e HTTP/1.1" 201 2727 "https://www.msn.com/" "Mozilla/5.0 (Windows NT 6.1; WOW64; rv:54.0) Gecko/20100101 Firefox/54.0" "192.168.1.4" 0.1
2001:db8:0:1:0:0:0:e - - [11/Jun/2024:12:54:40 +0000] "GET /yymfirjmd HTTP/1.1" 401 7358 "https://www.google.com/" "Mozilla/5.0 (Windows NT 10.0; WOW64) AppleWebKit/537.36 (KHTML, like Gecko) Chrome/58.0.3029.110 Safari/537.36 OPR/45.0.2552.898" "192.168.1.2" 0.001
192.168.1.9 - - [11/Jun/2024:12:54:43 +0000] "GET /jip HTTP/1.1" 403 3384 "https://www.ibm.com/" "Mozilla/5.0 (Windows NT 6.1; WOW64; Trident/7.0; AS; rv:11.0) like Gecko" "192.168.1.3" 0.1
192.168.1.45 - - [11/Jun/2024:12:54:46 +0000] "POST /jluhzebw HTTP/1.1" 400 2454 "https://www.msn.com/" "Mozilla/5.0 (Windows NT 6.1; WOW64; Trident/7.0; AS; rv:11.0) like Gecko" "192.168.1.2" 0.002
192.168.1.2 - - [11/Jun/2024:12:54:47 +0000] "GET /flbcofducx HTTP/1.1" 500 8177 "https://www.google.com/" "Mozilla/5.0 (Windows NT 6.1; WOW64; Trident/7.0; AS; rv:11.0) like Gecko" "192.168.1.3" 0.002
192.168.1.41 - - [11/Jun/2024:12:54:49 +0000] "DELETE /giti HTTP/1.1" 301 1156 "https://www.google.com/" "Mozilla/5.0 (Windows NT 10.0; WOW64) AppleWebKit/537.36 (KHTML, like Gecko) Chrome/58.0.3029.110 Safari/537.36 OPR/45.0.2552.898" "192.168.1.2" 0.001
192.168.1.9 - - [11/Jun/2024:12:54:51 +0000] "GET /kuo HTTP/1.1" 204 1754 "https://www.ibm.com/" "Mozilla/5.0 (Windows NT 10.0; Win64; x64) AppleWebKit/537.36 (KHTML, like Gecko) Chrome/62.0.3202.94 Safari/537.36" "192.168.1.5" 0.002
192.168.1.16 - - [11/Jun/2024:12:54:52 +0000] "DELETE /zte HTTP/1.1" 401 6397 "https://www.ibm.com/" "Mozilla/5.0 (Windows NT 10.0; WOW64) AppleWebKit/537.36 (KHTML, like Gecko) Chrome/58.0.3029.110 Safari/537.36 OPR/45.0.2552.898" "192.168.1.4" 0.001
192.168.1.2 - - [11/Jun/2024:12:54:58 +0000] "POST /rexnvwq HTTP/1.1" 404 8463 "https://www.google.com/" "Mozilla/5.0 (Windows NT 10.0; Win64; x64; rv:54.0) Gecko/20100101 Firefox/54.0" "192.168.1.4" 0.09
192.168.1.38 - - [11/Jun/2024:12:54:59 +0000] "POST /mprxk HTTP/1.1" 401 341 "https://www.example.com/" "Mozilla/5.0 (Windows NT 10.0; WOW64) AppleWebKit/537.36 (KHTML, like Gecko) Chrome/58.0.3029.110 Safari/537.36 OPR/45.0.2552.898" "192.168.1.1" 0.025
2001:db8:0:1:0:0:0:8 - - [11/Jun/2024:12:55:04 +0000] "POST /luudyts HTTP/1.1" 400 5560 "https://www.msn.com/" "Mozilla/5.0 (Windows NT 6.1; WOW64; Trident/7.0; AS; rv:11.0) like Gecko" "192.168.1.4" 0.002
192.168.1.45 - - [11/Jun/2024:12:55:05 +0000] "DELETE /irl HTTP/1.1" 201 1475 "https://www.example.com/" "Mozilla/5.0 (Windows NT 6.1; WOW64; Trident/7.0; AS; rv:11.0) like Gecko" "192.168.1.5" 0.001
192.168.1.8 - - [11/Jun/2024:12:55:05 +0000] "POST /uop HTTP/1.1" 301 2750 "https://www.example.com/" "Mozilla/5.0 (Windows NT 6.1; WOW64; Trident/7.0; AS; rv:11.0) like Gecko" "192.168.52.1" 0.001
192.168.1.35 - - [11/Jun/2024:12:55:05 +0000] "GET /rzrvrnmr HTTP/1.1" 201 605 "https://www.google.com/" "Mozilla/5.0 (Windows NT 10.0; Win64; x64; rv:54.0) Gecko/20100101 Firefox/54.0" "192.168.52.1" 0.15
2001:db8:0:1:0:0:0:d - - [11/Jun/2024:12:55:12 +0000] "DELETE /ulugznrfx HTTP/1.1" 500 6223 "https://www.google.com/" "Mozilla/5.0 (Windows NT 10.0; WOW64) AppleWebKit/537.36 (KHTML, like Gecko) Chrome/58.0.3029.110 Safari/537.36 OPR/45.0.2552.898" "192.168.1.5" 0.001
192.168.1.6 - - [11/Jun/2024:12:55:16 +0000] "POST /hvjhyciwt HTTP/1.1" 404 791 "https://www.example.com/" "Mozilla/5.0 (Windows NT 10.0; Win64; x64; rv:54.0) Gecko/20100101 Firefox/54.0" "192.168.1.1" 0.025
192.168.1.30 - - [11/Jun/2024:12:55:21 +0000] "PUT /ybgqvvbbum HTTP/1.1" 500 3359 "https://www.google.com/" "Mozilla/5.0 (Windows NT 10.0; Win64; x64) AppleWebKit/537.36 (KHTML, like Gecko) Chrome/58.0.3029.110 Safari/537.36" "192.168.1.3" 0.002
192.168.1.25 - - [11/Jun/2024:12:55:23 +0000] "POST /ycfmnrp HTTP/1.1" 204 9917 "https://www.google.com/" "Mozilla/5.0 (Windows NT 10.0; Win64; x64) AppleWebKit/537.36 (KHTML, like Gecko) Chrome/58.0.3029.110 Safari/537.36" "192.168.52.1" 0.1
192.168.1.47 - - [11/Jun/2024:12:55:26 +0000] "DELETE /xucggomw HTTP/1.1" 401 636 "https://www.example.com/" "Mozilla/5.0 (Windows NT 10.0; WOW64) AppleWebKit/537.36 (KHTML, like Gecko) Chrome/58.0.3029.110 Safari/537.36 OPR/45.0.2552.898" "192.168.1.3" 0.09
192.168.1.32 - - [11/Jun/2024:12:55:28 +0000] "DELETE /ei HTTP/1.1" 301 8339 "https://www.example.com/" "Mozilla/5.0 (Windows NT 10.0; Win64; x64) AppleWebKit/537.36 (KHTML, like Gecko) Chrome/62.0.3202.94 Safari/537.36" "192.168.52.1" 0.002
192.168.1.24 - - [11/Jun/2024:12:55:31 +0000] "DELETE /jkdjrug HTTP/1.1" 302 2330 "https://www.ibm.com/" "Mozilla/5.0 (Windows NT 10.0; Win64; x64) AppleWebKit/537.36 (KHTML, like Gecko) Chrome/58.0.3029.110 Safari/537.36" "192.168.1.4" 0.002
192.168.1.48 - - [11/Jun/2024:12:55:32 +0000] "PUT /kvtogo HTTP/1.1" 403 6268 "https://www.ibm.com/" "Mozilla/5.0 (Windows NT 10.0; Win64; x64) AppleWebKit/537.36 (KHTML, like Gecko) Chrome/58.0.3029.110 Safari/537.36" "192.168.52.1" 0.001
192.168.1.4 - - [11/Jun/2024:12:55:40 +0000] "GET /vcd HTTP/1.1" 404 3542 "https://www.msn.com/" "Mozilla/5.0 (Windows NT 10.0; Win64; x64) AppleWebKit/537.36 (KHTML, like Gecko) Chrome/58.0.3029.110 Safari/537.36" "192.168.1.3" 0.15
192.168.1.43 - - [11/Jun/2024:12:55:42 +0000] "GET /h HTTP/1.1" 403 4649 "https://www.msn.com/" "Mozilla/5.0 (Windows NT 6.1; WOW64; Trident/7.0; AS; rv:11.0) like Gecko" "192.168.1.1" 0.002
192.168.1.40 - - [11/Jun/2024:12:55:43 +0000] "POST /emmujmvcci HTTP/1.1" 201 9632 "https://www.example.com/" "Mozilla/5.0 (Windows NT 10.0; WOW64) AppleWebKit/537.36 (KHTML, like Gecko) Chrome/58.0.3029.110 Safari/537.36 OPR/45.0.2552.898" "192.168.1.5" 0.002
192.168.1.10 - - [11/Jun/2024:12:55:48 +0000] "DELETE /vgpxkux HTTP/1.1" 404 4673 "https://www.example.com/" "Mozilla/5.0 (Windows NT 6.1; WOW64; rv:54.0) Gecko/20100101 Firefox/54.0" "192.168.56.1" 0.001
2001:db8:0:1:0:0:0:6 - - [11/Jun/2024:12:55:48 +0000] "PUT /kedgedua HTTP/1.1" 400 7062 "https://www.example.com/" "Mozilla/5.0 (Windows NT 6.1; WOW64; rv:54.0) Gecko/20100101 Firefox/54.0" "192.168.1.2" 0.001
192.168.1.40 - - [11/Jun/2024:12:55:48 +0000] "GET /xugogshfj HTTP/1.1" 302 9803 "https://www.ibm.com/" "Mozilla/5.0 (Windows NT 6.1; WOW64; Trident/7.0; AS; rv:11.0) like Gecko" "192.168.1.5" 0.1
2001:db8:0:1:0:0:0:a - - [11/Jun/2024:12:55:55 +0000] "DELETE /iti HTTP/1.1" 401 6774 "https://www.ibm.com/" "Mozilla/5.0 (Windows NT 10.0; Win64; x64; rv:54.0) Gecko/20100101 Firefox/54.0" "192.168.1.4" 0.09
192.168.1.44 - - [11/Jun/2024:12:55:55 +0000] "DELETE /l HTTP/1.1" 404 8329 "https://www.msn.com/" "Mozilla/5.0 (Windows NT 10.0; Win64; x64) AppleWebKit/537.36 (KHTML, like Gecko) Chrome/58.0.3029.110 Safari/537.36" "192.168.52.1" 0.025
192.168.1.6 - - [11/Jun/2024:12:55:56 +0000] "POST /o HTTP/1.1" 301 139 "https://www.ibm.com/" "Mozilla/5.0 (Windows NT 10.0; Win64; x64; rv:54.0) Gecko/20100101 Firefox/54.0" "192.168.52.1" 0.09
192.168.1.48 - - [11/Jun/2024:12:55:57 +0000] "GET /ttaiujnp HTTP/1.1" 200 4786 "https://www.ibm.com/" "Mozilla/5.0 (Windows NT 10.0; Win64; x64) AppleWebKit/537.36 (KHTML, like Gecko) Chrome/62.0.3202.94 Safari/537.36" "192.168.1.3" 0.15
2001:db8:0:1:0:0:0:3 - - [11/Jun/2024:12:56:08 +0000] "GET /ehlgkxr HTTP/1.1" 204 8472 "https://www.example.com/" "Mozilla/5.0 (Windows NT 6.1; WOW64; Trident/7.0; AS; rv:11.0) like Gecko" "192.168.52.1" 0.001
192.168.1.16 - - [11/Jun/2024:12:56:17 +0000] "POST /fpbmy HTTP/1.1" 200 2763 "https://www.ibm.com/" "Mozilla/5.0 (Windows NT 6.1; WOW64; rv:54.0) Gecko/20100101 Firefox/54.0" "192.168.1.3" 0.1
2001:db8:0:1:0:0:0:3 - - [11/Jun/2024:12:56:21 +0000] "PUT /jduo HTTP/1.1" 301 1018 "https://www.msn.com/" "Mozilla/5.0 (Windows NT 10.0; WOW64) AppleWebKit/537.36 (KHTML, like Gecko) Chrome/58.0.3029.110 Safari/537.36 OPR/45.0.2552.898" "192.168.1.2" 0.001
2001:db8:0:1:0:0:0:9 - - [11/Jun/2024:12:56:22 +0000] "GET /fwsiz HTTP/1.1" 401 7639 "https://www.ibm.com/" "Mozilla/5.0 (Windows NT 6.1; WOW64; Trident/7.0; AS; rv:11.0) like Gecko" "192.168.1.2" 0.002
192.168.1.17 - - [11/Jun/2024:12:56:24 +0000] "POST /oswpefywrq HTTP/1.1" 204 1698 "https://www.example.com/" "Mozilla/5.0 (Windows NT 10.0; Win64; x64) AppleWebKit/537.36 (KHTML, like Gecko) Chrome/62.0.3202.94 Safari/537.36" "192.168.1.1" 0.1
192.168.1.15 - - [11/Jun/2024:12:56:25 +0000] "DELETE /jrrj HTTP/1.1" 401 5977 "https://www.ibm.com/" "Mozilla/5.0 (Windows NT 6.1; WOW64; Trident/7.0; AS; rv:11.0) like Gecko" "192.168.52.1" 0.001
