192.168.1.37 - - [10/Jun/2024:01:16:47 +0000] "POST /jzpbcatj HTTP/1.1" 302 2729 "https://www.ibm.com/" "Mozilla/5.0 (Windows NT 10.0; Win64; x64) AppleWebKit/537.36 (KHTML, like Gecko) Chrome/58.0.3029.110 Safari/537.36" "192.168.1.4" 0.001
192.168.1.48 - - [10/Jun/2024:01:16:47 +0000] "GET /vwsduj HTTP/1.1" 403 3346 "https://www.google.com/" "Mozilla/5.0 (Windows NT 10.0; Win64; x64) AppleWebKit/537.36 (KHTML, like Gecko) Chrome/62.0.3202.94 Safari/537.36" "192.168.1.2" 0.005
2001:db8:0:1:0:0:0:e - - [10/Jun/2024:01:16:47 +0000] "POST /tvt HTTP/1.1" 401 3818 "https://www.msn.com/" "Mozilla/5.0 (Windows NT 10.0; WOW64) AppleWebKit/537.36 (KHTML, like Gecko) Chrome/58.0.3029.110 Safari/537.36 OPR/45.0.2552.898" "192.168.1.3" 0.001
2001:db8:0:1:0:0:0:9 - - [10/Jun/2024:01:16:47 +0000] "GET /surivjoaze HTTP/1.1" 201 1041 "https://www.example.com/" "Mozilla/5.0 (Windows NT 6.1; WOW64; Trident/7.0; AS; rv:11.0) like Gecko" "192.168.56.1" 0.001
192.168.1.43 - - [10/Jun/2024:01:16:47 +0000] "POST /rqay HTTP/1.1" 302 7418 "https://www.msn.com/" "Mozilla/5.0 (Windows NT 6.1; WOW64; Trident/7.0; AS; rv:11.0) like Gecko" "192.168.1.1" 0.002
192.168.1.10 - - [10/Jun/2024:01:16:47 +0000] "DELETE /qlibb HTTP/1.1" 400 6986 "https://www.example.com/" "Mozilla/5.0 (Windows NT 6.1; WOW64; rv:54.0) Gecko/20100101 Firefox/54.0" "192.168.1.3" 0.001
192.168.1.41 - - [10/Jun/2024:01:16:47 +0000] "PUT /qtxnrrl HTTP/1.1" 404 892 "https://www.example.com/" "Mozilla/5.0 (Windows NT 6.1; WOW64; Trident/7.0; AS; rv:11.0) like Gecko" "192.168.1.5" 0.002
192.168.1.30 - - [10/Jun/2024:01:16:47 +0000] "GET /wodfb HTTP/1.1" 200 3725 "https://www.google.com/" "Mozilla/5.0 (Windows NT 10.0; Win64; x64) AppleWebKit/537.36 (KHTML, like Gecko) Chrome/62.0.3202.94 Safari/537.36" "192.168.1.5" 0.001
192.168.1.19 - - [10/Jun/2024:01:16:47 +0000] "DELETE /suexhucfco HTTP/1.1" 404 5808 "https://www.ibm.com/" "Mozilla/5.0 (Windows NT 10.0; Win64; x64) AppleWebKit/537.36 (KHTML, like Gecko) Chrome/58.0.3029.110 Safari/537.36" "192.168.1.3" 0.005
192.168.1.7 - - [10/Jun/2024:01:16:47 +0000] "POST /q HTTP/1.1" 400 9299 "https://www.msn.com/" "Mozilla/5.0 (Windows NT 10.0; Win64; x64) AppleWebKit/537.36 (KHTML, like Gecko) Chrome/58.0.3029.110 Safari/537.36" "192.168.52.1" 0.0015
192.168.1.11 - - [10/Jun/2024:01:16:47 +0000] "DELETE /wruzk HTTP/1.1" 400 3776 "https://www.example.com/" "Mozilla/5.0 (Windows NT 10.0; Win64; x64; rv:54.0) Gecko/20100101 Firefox/54.0" "192.168.1.5" 0.001
192.168.1.23 - - [10/Jun/2024:01:16:47 +0000] "PUT /havpaxr HTTP/1.1" 400 642 "https://www.ibm.com/" "Mozilla/5.0 (Windows NT 10.0; Win64; x64) AppleWebKit/537.36 (KHTML, like Gecko) Chrome/58.0.3029.110 Safari/537.36" "192.168.1.5" 0.0015
192.168.1.12 - - [10/Jun/2024:01:16:47 +0000] "DELETE /jit HTTP/1.1" 302 1900 "https://www.google.com/" "Mozilla/5.0 (Windows NT 10.0; WOW64) AppleWebKit/537.36 (KHTML, like Gecko) Chrome/58.0.3029.110 Safari/537.36 OPR/45.0.2552.898" "192.168.1.5" 0.001
192.168.1.49 - - [10/Jun/2024:01:16:47 +0000] "GET /zklxi HTTP/1.1" 301 675 "https://www.ibm.com/" "Mozilla/5.0 (Windows NT 6.1; WOW64; rv:54.0) Gecko/20100101 Firefox/54.0" "192.168.1.3" 0.001
192.168.1.2 - - [10/Jun/2024:01:16:47 +0000] "DELETE /wikilrfeib HTTP/1.1" 500 4796 "https://www.msn.com/" "Mozilla/5.0 (Windows NT 10.0; Win64; x64) AppleWebKit/537.36 (KHTML, like Gecko) Chrome/62.0.3202.94 Safari/537.36" "192.168.56.1" 0.002
192.168.1.6 - - [10/Jun/2024:01:16:47 +0000] "POST /vxz HTTP/1.1" 301 2575 "https://www.google.com/" "Mozilla/5.0 (Windows NT 6.1; WOW64; rv:54.0) Gecko/20100101 Firefox/54.0" "192.168.56.1" 0.001
192.168.1.26 - - [10/Jun/2024:01:16:47 +0000] "POST /ljf HTTP/1.1" 302 5601 "https://www.google.com/" "Mozilla/5.0 (Windows NT 10.0; Win64; x64) AppleWebKit/537.36 (KHTML, like Gecko) Chrome/58.0.3029.110 Safari/537.36" "192.168.1.4" 0.005
192.168.1.22 - - [10/Jun/2024:01:16:47 +0000] "POST /qi HTTP/1.1" 204 6848 "https://www.example.com/" "Mozilla/5.0 (Windows NT 6.1; WOW64; Trident/7.0; AS; rv:11.0) like Gecko" "192.168.52.1" 0.002
192.168.1.2 - - [10/Jun/2024:01:16:47 +0000] "POST /fjfkbpnw HTTP/1.1" 200 476 "https://www.msn.com/" "Mozilla/5.0 (Windows NT 6.1; WOW64; Trident/7.0; AS; rv:11.0) like Gecko" "192.168.1.4" 0.0015
192.168.1.49 - - [10/Jun/2024:01:16:47 +0000] "POST /hcgttsws HTTP/1.1" 204 2854 "https://www.example.com/" "Mozilla/5.0 (Windows NT 6.1; WOW64; Trident/7.0; AS; rv:11.0) like Gecko" "192.168.56.1" 0.001
192.168.1.27 - - [10/Jun/2024:01:16:47 +0000] "DELETE /naofz HTTP/1.1" 500 8669 "https://www.msn.com/" "Mozilla/5.0 (Windows NT 6.1; WOW64; rv:54.0) Gecko/20100101 Firefox/54.0" "192.168.52.1" 0.002
192.168.1.13 - - [10/Jun/2024:01:16:47 +0000] "DELETE /pelzxjnpzr HTTP/1.1" 500 8896 "https://www.google.com/" "Mozilla/5.0 (Windows NT 6.1; WOW64; Trident/7.0; AS; rv:11.0) like Gecko" "192.168.1.3" 0.002
192.168.1.1 - - [10/Jun/2024:01:16:47 +0000] "POST /z HTTP/1.1" 403 7468 "https://www.google.com/" "Mozilla/5.0 (Windows NT 10.0; Win64; x64) AppleWebKit/537.36 (KHTML, like Gecko) Chrome/58.0.3029.110 Safari/537.36" "192.168.1.1" 0.0015
192.168.1.37 - - [10/Jun/2024:01:16:47 +0000] "GET /cdvkrb HTTP/1.1" 301 4714 "https://www.google.com/" "Mozilla/5.0 (Windows NT 6.1; WOW64; Trident/7.0; AS; rv:11.0) like Gecko" "192.168.52.1" 0.005
2001:db8:0:1:0:0:0:5 - - [10/Jun/2024:01:16:47 +0000] "DELETE /ikskm HTTP/1.1" 404 5301 "https://www.example.com/" "Mozilla/5.0 (Windows NT 6.1; WOW64; rv:54.0) Gecko/20100101 Firefox/54.0" "192.168.1.4" 0.002
192.168.1.19 - - [10/Jun/2024:01:16:47 +0000] "PUT /vxsddw HTTP/1.1" 500 3490 "https://www.google.com/" "Mozilla/5.0 (Windows NT 6.1; WOW64; Trident/7.0; AS; rv:11.0) like Gecko" "192.168.56.1" 0.0015
192.168.1.24 - - [10/Jun/2024:01:16:47 +0000] "POST /cksci HTTP/1.1" 201 4132 "https://www.ibm.com/" "Mozilla/5.0 (Windows NT 10.0; Win64; x64) AppleWebKit/537.36 (KHTML, like Gecko) Chrome/58.0.3029.110 Safari/537.36" "192.168.1.3" 0.002
2001:db8:0:1:0:0:0:4 - - [10/Jun/2024:01:16:47 +0000] "DELETE /eshymihbgw HTTP/1.1" 302 4459 "https://www.example.com/" "Mozilla/5.0 (Windows NT 10.0; Win64; x64) AppleWebKit/537.36 (KHTML, like Gecko) Chrome/62.0.3202.94 Safari/537.36" "192.168.1.5" 0.002
2001:db8:0:1:0:0:0:4 - - [10/Jun/2024:01:16:47 +0000] "GET /kcgaxc HTTP/1.1" 201 3710 "https://www.example.com/" "Mozilla/5.0 (Windows NT 10.0; WOW64) AppleWebKit/537.36 (KHTML, like Gecko) Chrome/58.0.3029.110 Safari/537.36 OPR/45.0.2552.898" "192.168.1.2" 0.002
2001:db8:0:1:0:0:0:6 - - [10/Jun/2024:01:16:47 +0000] "POST /dv HTTP/1.1" 404 7905 "https://www.ibm.com/" "Mozilla/5.0 (Windows NT 10.0; Win64; x64; rv:54.0) Gecko/20100101 Firefox/54.0" "192.168.1.1" 0.002
2001:db8:0:1:0:0:0:b - - [10/Jun/2024:01:16:47 +0000] "POST /dmvwoqovoe HTTP/1.1" 403 4130 "https://www.example.com/" "Mozilla/5.0 (Windows NT 10.0; Win64; x64) AppleWebKit/537.36 (KHTML, like Gecko) Chrome/58.0.3029.110 Safari/537.36" "192.168.1.3" 0.001
192.168.1.14 - - [10/Jun/2024:01:16:47 +0000] "GET /rodb HTTP/1.1" 401 7794 "https://www.msn.com/" "Mozilla/5.0 (Windows NT 10.0; Win64; x64) AppleWebKit/537.36 (KHTML, like Gecko) Chrome/62.0.3202.94 Safari/537.36" "192.168.1.2" 0.002
192.168.1.23 - - [10/Jun/2024:01:16:47 +0000] "POST /wmwcfrp HTTP/1.1" 400 5848 "https://www.example.com/" "Mozilla/5.0 (Windows NT 6.1; WOW64; Trident/7.0; AS; rv:11.0) like Gecko" "192.168.1.5" 0.005
192.168.1.22 - - [10/Jun/2024:01:16:47 +0000] "DELETE /z HTTP/1.1" 301 9355 "https://www.example.com/" "Mozilla/5.0 (Windows NT 10.0; Win64; x64) AppleWebKit/537.36 (KHTML, like Gecko) Chrome/62.0.3202.94 Safari/537.36" "192.168.56.1" 0.001
192.168.1.13 - - [10/Jun/2024:01:16:47 +0000] "GET /wp HTTP/1.1" 401 8548 "https://www.google.com/" "Mozilla/5.0 (Windows NT 10.0; Win64; x64) AppleWebKit/537.36 (KHTML, like Gecko) Chrome/58.0.3029.110 Safari/537.36" "192.168.52.1" 0.002
192.168.1.34 - - [10/Jun/2024:01:16:47 +0000] "GET /psvmjs HTTP/1.1" 500 7006 "https://www.google.com/" "Mozilla/5.0 (Windows NT 10.0; Win64; x64; rv:54.0) Gecko/20100101 Firefox/54.0" "192.168.52.1" 0.005
192.168.1.39 - - [10/Jun/2024:01:16:47 +0000] "POST /cxab HTTP/1.1" 200 2545 "https://www.google.com/" "Mozilla/5.0 (Windows NT 10.0; Win64; x64; rv:54.0) Gecko/20100101 Firefox/54.0" "192.168.52.1" 0.002
192.168.1.29 - - [10/Jun/2024:01:16:47 +0000] "DELETE /s HTTP/1.1" 201 7282 "https://www.msn.com/" "Mozilla/5.0 (Windows NT 6.1; WOW64; rv:54.0) Gecko/20100101 Firefox/54.0" "192.168.52.1" 0.002
192.168.1.25 - - [10/Jun/2024:01:16:47 +0000] "GET /fdormntuv HTTP/1.1" 403 8570 "https://www.example.com/" "Mozilla/5.0 (Windows NT 10.0; Win64; x64) AppleWebKit/537.36 (KHTML, like Gecko) Chrome/62.0.3202.94 Safari/537.36" "192.168.52.1" 0.002
192.168.1.9 - - [10/Jun/2024:01:16:47 +0000] "POST /omnjculkr HTTP/1.1" 301 5804 "https://www.ibm.com/" "Mozilla/5.0 (Windows NT 6.1; WOW64; rv:54.0) Gecko/20100101 Firefox/54.0" "192.168.1.2" 0.001
192.168.1.13 - - [10/Jun/2024:01:16:47 +0000] "POST /wpkvqiyl HTTP/1.1" 204 4465 "https://www.msn.com/" "Mozilla/5.0 (Windows NT 10.0; Win64; x64) AppleWebKit/537.36 (KHTML, like Gecko) Chrome/58.0.3029.110 Safari/537.36" "192.168.1.4" 0.0015
192.168.1.7 - - [10/Jun/2024:01:16:47 +0000] "DELETE /n HTTP/1.1" 401 2910 "https://www.google.com/" "Mozilla/5.0 (Windows NT 10.0; WOW64) AppleWebKit/537.36 (KHTML, like Gecko) Chrome/58.0.3029.110 Safari/537.36 OPR/45.0.2552.898" "192.168.1.5" 0.002
192.168.1.44 - - [10/Jun/2024:01:16:47 +0000] "DELETE /zbklljrth HTTP/1.1" 301 1530 "https://www.msn.com/" "Mozilla/5.0 (Windows NT 10.0; Win64; x64; rv:54.0) Gecko/20100101 Firefox/54.0" "192.168.52.1" 0.005
192.168.1.4 - - [10/Jun/2024:01:16:47 +0000] "DELETE /whbfl HTTP/1.1" 400 4481 "https://www.google.com/" "Mozilla/5.0 (Windows NT 10.0; Win64; x64) AppleWebKit/537.36 (KHTML, like Gecko) Chrome/58.0.3029.110 Safari/537.36" "192.168.1.4" 0.002
2001:db8:0:1:0:0:0:d - - [10/Jun/2024:01:16:47 +0000] "DELETE /pyrrjn HTTP/1.1" 200 6446 "https://www.msn.com/" "Mozilla/5.0 (Windows NT 10.0; Win64; x64) AppleWebKit/537.36 (KHTML, like Gecko) Chrome/62.0.3202.94 Safari/537.36" "192.168.56.1" 0.005
192.168.1.6 - - [10/Jun/2024:01:16:47 +0000] "GET /tjiaqmyy HTTP/1.1" 301 7300 "https://www.msn.com/" "Mozilla/5.0 (Windows NT 10.0; Win64; x64) AppleWebKit/537.36 (KHTML, like Gecko) Chrome/58.0.3029.110 Safari/537.36" "192.168.56.1" 0.001
192.168.1.48 - - [10/Jun/2024:01:16:47 +0000] "GET /jjpqjndamy HTTP/1.1" 401 5465 "https://www.google.com/" "Mozilla/5.0 (Windows NT 10.0; Win64; x64; rv:54.0) Gecko/20100101 Firefox/54.0" "192.168.1.2" 0.002
192.168.1.17 - - [10/Jun/2024:01:16:47 +0000] "DELETE /e HTTP/1.1" 400 8041 "https://www.msn.com/" "Mozilla/5.0 (Windows NT 10.0; Win64; x64) AppleWebKit/537.36 (KHTML, like Gecko) Chrome/58.0.3029.110 Safari/537.36" "192.168.1.3" 0.001
192.168.1.36 - - [10/Jun/2024:01:16:47 +0000] "GET /kt HTTP/1.1" 204 938 "https://www.google.com/" "Mozilla/5.0 (Windows NT 10.0; Win64; x64; rv:54.0) Gecko/20100101 Firefox/54.0" "192.168.52.1" 0.002
192.168.1.3 - - [10/Jun/2024:01:16:47 +0000] "POST /yax HTTP/1.1" 401 6963 "https://www.ibm.com/" "Mozilla/5.0 (Windows NT 6.1; WOW64; Trident/7.0; AS; rv:11.0) like Gecko" "192.168.52.1" 0.005
192.168.1.1 - - [10/Jun/2024:01:16:47 +0000] "PUT /z HTTP/1.1" 301 7264 "https://www.msn.com/" "Mozilla/5.0 (Windows NT 10.0; WOW64) AppleWebKit/537.36 (KHTML, like Gecko) Chrome/58.0.3029.110 Safari/537.36 OPR/45.0.2552.898" "192.168.1.1" 0.002
192.168.1.30 - - [10/Jun/2024:01:16:47 +0000] "DELETE /psatizlvd HTTP/1.1" 302 8773 "https://www.ibm.com/" "Mozilla/5.0 (Windows NT 6.1; WOW64; rv:54.0) Gecko/20100101 Firefox/54.0" "192.168.1.5" 0.005
192.168.1.13 - - [10/Jun/2024:01:16:47 +0000] "POST /w HTTP/1.1" 201 5855 "https://www.ibm.com/" "Mozilla/5.0 (Windows NT 10.0; Win64; x64) AppleWebKit/537.36 (KHTML, like Gecko) Chrome/62.0.3202.94 Safari/537.36" "192.168.1.1" 0.001
192.168.1.12 - - [10/Jun/2024:01:16:47 +0000] "DELETE /rkjzph HTTP/1.1" 301 6519 "https://www.ibm.com/" "Mozilla/5.0 (Windows NT 10.0; Win64; x64) AppleWebKit/537.36 (KHTML, like Gecko) Chrome/62.0.3202.94 Safari/537.36" "192.168.52.1" 0.001
2001:db8:0:1:0:0:0:e - - [10/Jun/2024:01:16:47 +0000] "POST /mg HTTP/1.1" 404 4263 "https://www.ibm.com/" "Mozilla/5.0 (Windows NT 10.0; Win64; x64) AppleWebKit/537.36 (KHTML, like Gecko) Chrome/58.0.3029.110 Safari/537.36" "192.168.1.1" 0.001
192.168.1.12 - - [10/Jun/2024:01:16:47 +0000] "PUT /svbiela HTTP/1.1" 500 1367 "https://www.example.com/" "Mozilla/5.0 (Windows NT 10.0; WOW64) AppleWebKit/537.36 (KHTML, like Gecko) Chrome/58.0.3029.110 Safari/537.36 OPR/45.0.2552.898" "192.168.1.4" 0.0015
192.168.1.29 - - [10/Jun/2024:01:16:47 +0000] "DELETE /oalhsuaat HTTP/1.1" 201 7150 "https://www.example.com/" "Mozilla/5.0 (Windows NT 10.0; Win64; x64) AppleWebKit/537.36 (KHTML, like Gecko) Chrome/58.0.3029.110 Safari/537.36" "192.168.1.2" 0.001
192.168.1.2 - - [10/Jun/2024:01:16:47 +0000] "POST /zuuyfwzgk HTTP/1.1" 500 1759 "https://www.example.com/" "Mozilla/5.0 (Windows NT 6.1; WOW64; Trident/7.0; AS; rv:11.0) like Gecko" "192.168.1.5" 0.002
192.168.1.26 - - [10/Jun/2024:01:16:47 +0000] "POST /vstkzcthpj HTTP/1.1" 302 6851 "https://www.google.com/" "Mozilla/5.0 (Windows NT 10.0; Win64; x64; rv:54.0) Gecko/20100101 Firefox/54.0" "192.168.1.5" 0.001
192.168.1.37 - - [10/Jun/2024:01:16:47 +0000] "PUT /wshrte HTTP/1.1" 200 8198 "https://www.google.com/" "Mozilla/5.0 (Windows NT 10.0; Win64; x64) AppleWebKit/537.36 (KHTML, like Gecko) Chrome/62.0.3202.94 Safari/537.36" "192.168.52.1" 0.001
192.168.1.30 - - [10/Jun/2024:01:16:47 +0000] "DELETE /ku HTTP/1.1" 500 7535 "https://www.msn.com/" "Mozilla/5.0 (Windows NT 10.0; Win64; x64) AppleWebKit/537.36 (KHTML, like Gecko) Chrome/62.0.3202.94 Safari/537.36" "192.168.1.1" 0.005
192.168.1.14 - - [10/Jun/2024:01:16:47 +0000] "PUT /dgmeiawts HTTP/1.1" 204 2635 "https://www.ibm.com/" "Mozilla/5.0 (Windows NT 10.0; Win64; x64) AppleWebKit/537.36 (KHTML, like Gecko) Chrome/62.0.3202.94 Safari/537.36" "192.168.1.5" 0.005
192.168.1.28 - - [10/Jun/2024:01:16:47 +0000] "DELETE /zcwricc HTTP/1.1" 204 7522 "https://www.google.com/" "Mozilla/5.0 (Windows NT 10.0; Win64; x64) AppleWebKit/537.36 (KHTML, like Gecko) Chrome/58.0.3029.110 Safari/537.36" "192.168.56.1" 0.002
192.168.1.9 - - [10/Jun/2024:01:16:47 +0000] "DELETE /jqyjnj HTTP/1.1" 200 2891 "https://www.google.com/" "Mozilla/5.0 (Windows NT 10.0; Win64; x64) AppleWebKit/537.36 (KHTML, like Gecko) Chrome/58.0.3029.110 Safari/537.36" "192.168.1.2" 0.0015
192.168.1.32 - - [10/Jun/2024:01:16:47 +0000] "GET /dekivjx HTTP/1.1" 201 6106 "https://www.example.com/" "Mozilla/5.0 (Windows NT 10.0; WOW64) AppleWebKit/537.36 (KHTML, like Gecko) Chrome/58.0.3029.110 Safari/537.36 OPR/45.0.2552.898" "192.168.56.1" 0.005
192.168.1.28 - - [10/Jun/2024:01:16:47 +0000] "DELETE /kpmc HTTP/1.1" 200 280 "https://www.msn.com/" "Mozilla/5.0 (Windows NT 10.0; Win64; x64; rv:54.0) Gecko/20100101 Firefox/54.0" "192.168.1.2" 0.001
192.168.1.11 - - [10/Jun/2024:01:16:47 +0000] "POST /wtbxpalw HTTP/1.1" 204 2773 "https://www.msn.com/" "Mozilla/5.0 (Windows NT 6.1; WOW64; rv:54.0) Gecko/20100101 Firefox/54.0" "192.168.1.2" 0.002
192.168.1.35 - - [10/Jun/2024:01:16:47 +0000] "GET /drnkudf HTTP/1.1" 301 4695 "https://www.example.com/" "Mozilla/5.0 (Windows NT 10.0; Win64; x64; rv:54.0) Gecko/20100101 Firefox/54.0" "192.168.1.1" 0.002
192.168.1.50 - - [10/Jun/2024:01:16:47 +0000] "PUT /osextb HTTP/1.1" 401 6414 "https://www.example.com/" "Mozilla/5.0 (Windows NT 6.1; WOW64; Trident/7.0; AS; rv:11.0) like Gecko" "192.168.1.4" 0.0015
192.168.1.49 - - [10/Jun/2024:01:16:47 +0000] "DELETE /c HTTP/1.1" 200 8215 "https://www.msn.com/" "Mozilla/5.0 (Windows NT 10.0; Win64; x64) AppleWebKit/537.36 (KHTML, like Gecko) Chrome/62.0.3202.94 Safari/537.36" "192.168.1.5" 0.0015
2001:db8:0:1:0:0:0:c - - [10/Jun/2024:01:16:47 +0000] "POST /iyahrugx HTTP/1.1" 400 6900 "https://www.msn.com/" "Mozilla/5.0 (Windows NT 10.0; Win64; x64) AppleWebKit/537.36 (KHTML, like Gecko) Chrome/62.0.3202.94 Safari/537.36" "192.168.1.3" 0.0015
192.168.1.8 - - [10/Jun/2024:01:16:47 +0000] "POST /betbdtlzqx HTTP/1.1" 500 7371 "https://www.ibm.com/" "Mozilla/5.0 (Windows NT 6.1; WOW64; Trident/7.0; AS; rv:11.0) like Gecko" "192.168.1.3" 0.001
192.168.1.19 - - [10/Jun/2024:01:16:47 +0000] "POST /ihhw HTTP/1.1" 403 2606 "https://www.ibm.com/" "Mozilla/5.0 (Windows NT 10.0; Win64; x64; rv:54.0) Gecko/20100101 Firefox/54.0" "192.168.1.4" 0.0015
192.168.1.47 - - [10/Jun/2024:01:16:47 +0000] "POST /bxcwof HTTP/1.1" 401 209 "https://www.example.com/" "Mozilla/5.0 (Windows NT 6.1; WOW64; rv:54.0) Gecko/20100101 Firefox/54.0" "192.168.52.1" 0.001
192.168.1.48 - - [10/Jun/2024:01:16:47 +0000] "POST /bd HTTP/1.1" 400 9128 "https://www.google.com/" "Mozilla/5.0 (Windows NT 10.0; Win64; x64) AppleWebKit/537.36 (KHTML, like Gecko) Chrome/62.0.3202.94 Safari/537.36" "192.168.1.4" 0.002
192.168.1.10 - - [10/Jun/2024:01:16:47 +0000] "POST /bbalgjw HTTP/1.1" 302 2889 "https://www.msn.com/" "Mozilla/5.0 (Windows NT 10.0; WOW64) AppleWebKit/537.36 (KHTML, like Gecko) Chrome/58.0.3029.110 Safari/537.36 OPR/45.0.2552.898" "192.168.1.1" 0.005
192.168.1.8 - - [10/Jun/2024:01:16:47 +0000] "GET /ztsn HTTP/1.1" 201 8371 "https://www.msn.com/" "Mozilla/5.0 (Windows NT 6.1; WOW64; rv:54.0) Gecko/20100101 Firefox/54.0" "192.168.1.1" 0.005
192.168.1.5 - - [10/Jun/2024:01:16:47 +0000] "GET /cdyakc HTTP/1.1" 200 4117 "https://www.google.com/" "Mozilla/5.0 (Windows NT 6.1; WOW64; Trident/7.0; AS; rv:11.0) like Gecko" "192.168.56.1" 0.001
192.168.1.34 - - [10/Jun/2024:01:16:47 +0000] "PUT /frm HTTP/1.1" 500 9221 "https://www.msn.com/" "Mozilla/5.0 (Windows NT 10.0; Win64; x64) AppleWebKit/537.36 (KHTML, like Gecko) Chrome/62.0.3202.94 Safari/537.36" "192.168.52.1" 0.001
2001:db8:0:1:0:0:0:a - - [10/Jun/2024:01:16:47 +0000] "PUT /cjxrknakca HTTP/1.1" 404 924 "https://www.ibm.com/" "Mozilla/5.0 (Windows NT 6.1; WOW64; rv:54.0) Gecko/20100101 Firefox/54.0" "192.168.1.2" 0.005
192.168.1.28 - - [10/Jun/2024:01:16:47 +0000] "PUT /iv HTTP/1.1" 403 7253 "https://www.ibm.com/" "Mozilla/5.0 (Windows NT 10.0; Win64; x64) AppleWebKit/537.36 (KHTML, like Gecko) Chrome/62.0.3202.94 Safari/537.36" "192.168.1.5" 0.0015
192.168.1.21 - - [10/Jun/2024:01:16:47 +0000] "POST /mdcxtaprya HTTP/1.1" 301 9032 "https://www.example.com/" "Mozilla/5.0 (Windows NT 10.0; WOW64) AppleWebKit/537.36 (KHTML, like Gecko) Chrome/58.0.3029.110 Safari/537.36 OPR/45.0.2552.898" "192.168.1.4" 0.002
192.168.1.18 - - [10/Jun/2024:01:16:47 +0000] "PUT /mvmns HTTP/1.1" 400 4664 "https://www.example.com/" "Mozilla/5.0 (Windows NT 6.1; WOW64; rv:54.0) Gecko/20100101 Firefox/54.0" "192.168.1.5" 0.002
192.168.1.24 - - [10/Jun/2024:01:16:47 +0000] "DELETE /rd HTTP/1.1" 204 8864 "https://www.google.com/" "Mozilla/5.0 (Windows NT 10.0; Win64; x64) AppleWebKit/537.36 (KHTML, like Gecko) Chrome/58.0.3029.110 Safari/537.36" "192.168.1.4" 0.005
192.168.1.42 - - [10/Jun/2024:01:16:47 +0000] "PUT /dzuwdlo HTTP/1.1" 302 5702 "https://www.example.com/" "Mozilla/5.0 (Windows NT 10.0; WOW64) AppleWebKit/537.36 (KHTML, like Gecko) Chrome/58.0.3029.110 Safari/537.36 OPR/45.0.2552.898" "192.168.52.1" 0.001
192.168.1.16 - - [10/Jun/2024:01:16:47 +0000] "POST /xchlvwgrdm HTTP/1.1" 201 4540 "https://www.example.com/" "Mozilla/5.0 (Windows NT 10.0; Win64; x64) AppleWebKit/537.36 (KHTML, like Gecko) Chrome/62.0.3202.94 Safari/537.36" "192.168.1.4" 0.0015
192.168.1.12 - - [10/Jun/2024:01:16:47 +0000] "PUT /lssr HTTP/1.1" 200 4854 "https://www.example.com/" "Mozilla/5.0 (Windows NT 10.0; Win64; x64; rv:54.0) Gecko/20100101 Firefox/54.0" "192.168.1.2" 0.001
192.168.1.31 - - [10/Jun/2024:01:16:47 +0000] "PUT /wepzznqbpv HTTP/1.1" 401 1400 "https://www.example.com/" "Mozilla/5.0 (Windows NT 10.0; Win64; x64; rv:54.0) Gecko/20100101 Firefox/54.0" "192.168.1.2" 0.005
192.168.1.19 - - [10/Jun/2024:01:16:47 +0000] "PUT /lwlx HTTP/1.1" 204 8247 "https://www.example.com/" "Mozilla/5.0 (Windows NT 10.0; Win64; x64) AppleWebKit/537.36 (KHTML, like Gecko) Chrome/62.0.3202.94 Safari/537.36" "192.168.52.1" 0.002
192.168.1.42 - - [10/Jun/2024:01:16:47 +0000] "PUT /kxml HTTP/1.1" 301 6352 "https://www.google.com/" "Mozilla/5.0 (Windows NT 10.0; Win64; x64) AppleWebKit/537.36 (KHTML, like Gecko) Chrome/62.0.3202.94 Safari/537.36" "192.168.1.1" 0.001
192.168.1.1 - - [10/Jun/2024:01:16:47 +0000] "GET /jyctnhwtf HTTP/1.1" 301 3841 "https://www.example.com/" "Mozilla/5.0 (Windows NT 10.0; Win64; x64) AppleWebKit/537.36 (KHTML, like Gecko) Chrome/62.0.3202.94 Safari/537.36" "192.168.1.3" 0.001
192.168.1.23 - - [10/Jun/2024:01:16:47 +0000] "GET /vgpxpnlbwo HTTP/1.1" 200 7088 "https://www.ibm.com/" "Mozilla/5.0 (Windows NT 10.0; Win64; x64) AppleWebKit/537.36 (KHTML, like Gecko) Chrome/58.0.3029.110 Safari/537.36" "192.168.1.2" 0.002
192.168.1.9 - - [10/Jun/2024:01:16:47 +0000] "GET /cusz HTTP/1.1" 204 9850 "https://www.msn.com/" "Mozilla/5.0 (Windows NT 10.0; WOW64) AppleWebKit/537.36 (KHTML, like Gecko) Chrome/58.0.3029.110 Safari/537.36 OPR/45.0.2552.898" "192.168.1.3" 0.001
192.168.1.46 - - [10/Jun/2024:01:16:47 +0000] "DELETE /uddhqhja HTTP/1.1" 400 1443 "https://www.example.com/" "Mozilla/5.0 (Windows NT 10.0; Win64; x64) AppleWebKit/537.36 (KHTML, like Gecko) Chrome/58.0.3029.110 Safari/537.36" "192.168.1.5" 0.001
2001:db8:0:1:0:0:0:5 - - [10/Jun/2024:01:16:47 +0000] "DELETE /stgcxf HTTP/1.1" 403 411 "https://www.google.com/" "Mozilla/5.0 (Windows NT 10.0; Win64; x64) AppleWebKit/537.36 (KHTML, like Gecko) Chrome/62.0.3202.94 Safari/537.36" "192.168.1.5" 0.001
192.168.1.34 - - [10/Jun/2024:01:16:47 +0000] "DELETE /ep HTTP/1.1" 401 4854 "https://www.msn.com/" "Mozilla/5.0 (Windows NT 10.0; WOW64) AppleWebKit/537.36 (KHTML, like Gecko) Chrome/58.0.3029.110 Safari/537.36 OPR/45.0.2552.898" "192.168.1.3" 0.001
192.168.1.3 - - [10/Jun/2024:01:16:47 +0000] "PUT /w HTTP/1.1" 400 9547 "https://www.google.com/" "Mozilla/5.0 (Windows NT 6.1; WOW64; rv:54.0) Gecko/20100101 Firefox/54.0" "192.168.1.4" 0.001
192.168.1.1 - - [10/Jun/2024:01:16:47 +0000] "DELETE /gm HTTP/1.1" 500 2378 "https://www.example.com/" "Mozilla/5.0 (Windows NT 10.0; Win64; x64; rv:54.0) Gecko/20100101 Firefox/54.0" "192.168.1.3" 0.002
192.168.1.38 - - [10/Jun/2024:01:16:47 +0000] "POST /opsegkl HTTP/1.1" 403 5920 "https://www.google.com/" "Mozilla/5.0 (Windows NT 10.0; WOW64) AppleWebKit/537.36 (KHTML, like Gecko) Chrome/58.0.3029.110 Safari/537.36 OPR/45.0.2552.898" "192.168.1.2" 0.005
192.168.1.7 - - [10/Jun/2024:01:16:47 +0000] "PUT /oyhv HTTP/1.1" 401 9937 "https://www.google.com/" "Mozilla/5.0 (Windows NT 10.0; Win64; x64; rv:54.0) Gecko/20100101 Firefox/54.0" "192.168.1.4" 0.001
192.168.1.3 - - [10/Jun/2024:01:16:47 +0000] "PUT /qhyfdjp HTTP/1.1" 500 1863 "https://www.example.com/" "Mozilla/5.0 (Windows NT 6.1; WOW64; Trident/7.0; AS; rv:11.0) like Gecko" "192.168.1.3" 0.0015
192.168.1.41 - - [10/Jun/2024:01:16:47 +0000] "POST /pxbfhi HTTP/1.1" 301 7277 "https://www.msn.com/" "Mozilla/5.0 (Windows NT 10.0; Win64; x64) AppleWebKit/537.36 (KHTML, like Gecko) Chrome/58.0.3029.110 Safari/537.36" "192.168.56.1" 0.005
192.168.1.38 - - [10/Jun/2024:01:16:47 +0000] "DELETE /ggottnt HTTP/1.1" 500 5071 "https://www.example.com/" "Mozilla/5.0 (Windows NT 10.0; Win64; x64) AppleWebKit/537.36 (KHTML, like Gecko) Chrome/58.0.3029.110 Safari/537.36" "192.168.1.4" 0.005
192.168.1.20 - - [10/Jun/2024:01:16:47 +0000] "DELETE /ecqcpkspe HTTP/1.1" 204 6917 "https://www.example.com/" "Mozilla/5.0 (Windows NT 6.1; WOW64; Trident/7.0; AS; rv:11.0) like Gecko" "192.168.1.4" 0.001
192.168.1.6 - - [10/Jun/2024:01:16:47 +0000] "POST /kkv HTTP/1.1" 400 1415 "https://www.example.com/" "Mozilla/5.0 (Windows NT 10.0; WOW64) AppleWebKit/537.36 (KHTML, like Gecko) Chrome/58.0.3029.110 Safari/537.36 OPR/45.0.2552.898" "192.168.1.3" 0.001
192.168.1.3 - - [10/Jun/2024:01:16:47 +0000] "PUT /zxxjmvg HTTP/1.1" 401 1241 "https://www.google.com/" "Mozilla/5.0 (Windows NT 10.0; Win64; x64; rv:54.0) Gecko/20100101 Firefox/54.0" "192.168.1.3" 0.002
192.168.1.31 - - [10/Jun/2024:01:16:47 +0000] "PUT /huhszdu HTTP/1.1" 401 4564 "https://www.ibm.com/" "Mozilla/5.0 (Windows NT 6.1; WOW64; Trident/7.0; AS; rv:11.0) like Gecko" "192.168.1.4" 0.005
192.168.1.6 - - [10/Jun/2024:01:16:47 +0000] "POST /xpiextqm HTTP/1.1" 404 9632 "https://www.msn.com/" "Mozilla/5.0 (Windows NT 6.1; WOW64; Trident/7.0; AS; rv:11.0) like Gecko" "192.168.56.1" 0.002
192.168.1.33 - - [10/Jun/2024:01:16:47 +0000] "POST /ifes HTTP/1.1" 201 4318 "https://www.msn.com/" "Mozilla/5.0 (Windows NT 10.0; WOW64) AppleWebKit/537.36 (KHTML, like Gecko) Chrome/58.0.3029.110 Safari/537.36 OPR/45.0.2552.898" "192.168.56.1" 0.001
2001:db8:0:1:0:0:0:e - - [10/Jun/2024:01:16:47 +0000] "POST /qtqkpzrbm HTTP/1.1" 400 4456 "https://www.example.com/" "Mozilla/5.0 (Windows NT 10.0; Win64; x64; rv:54.0) Gecko/20100101 Firefox/54.0" "192.168.1.2" 0.005
192.168.1.26 - - [10/Jun/2024:01:16:47 +0000] "GET /qkv HTTP/1.1" 302 577 "https://www.google.com/" "Mozilla/5.0 (Windows NT 10.0; Win64; x64) AppleWebKit/537.36 (KHTML, like Gecko) Chrome/58.0.3029.110 Safari/537.36" "192.168.1.2" 0.002
192.168.1.42 - - [10/Jun/2024:01:16:47 +0000] "PUT /zmcrbbiff HTTP/1.1" 401 5947 "https://www.msn.com/" "Mozilla/5.0 (Windows NT 10.0; Win64; x64) AppleWebKit/537.36 (KHTML, like Gecko) Chrome/58.0.3029.110 Safari/537.36" "192.168.56.1" 0.001
2001:db8:0:1:0:0:0:c - - [10/Jun/2024:01:16:47 +0000] "DELETE /dotdfct HTTP/1.1" 500 9026 "https://www.msn.com/" "Mozilla/5.0 (Windows NT 10.0; WOW64) AppleWebKit/537.36 (KHTML, like Gecko) Chrome/58.0.3029.110 Safari/537.36 OPR/45.0.2552.898" "192.168.1.1" 0.0015
2001:db8:0:1:0:0:0:8 - - [10/Jun/2024:01:16:47 +0000] "DELETE /lpswdoymd HTTP/1.1" 400 331 "https://www.google.com/" "Mozilla/5.0 (Windows NT 6.1; WOW64; Trident/7.0; AS; rv:11.0) like Gecko" "192.168.1.2" 0.001
192.168.1.23 - - [10/Jun/2024:01:16:47 +0000] "POST /hjgnhc HTTP/1.1" 401 2670 "https://www.ibm.com/" "Mozilla/5.0 (Windows NT 10.0; WOW64) AppleWebKit/537.36 (KHTML, like Gecko) Chrome/58.0.3029.110 Safari/537.36 OPR/45.0.2552.898" "192.168.56.1" 0.001
192.168.1.16 - - [10/Jun/2024:01:16:47 +0000] "POST /aykm HTTP/1.1" 200 6686 "https://www.google.com/" "Mozilla/5.0 (Windows NT 10.0; Win64; x64; rv:54.0) Gecko/20100101 Firefox/54.0" "192.168.1.2" 0.002
192.168.1.46 - - [10/Jun/2024:01:16:47 +0000] "DELETE /o HTTP/1.1" 302 2630 "https://www.example.com/" "Mozilla/5.0 (Windows NT 6.1; WOW64; rv:54.0) Gecko/20100101 Firefox/54.0" "192.168.52.1" 0.001
192.168.1.3 - - [10/Jun/2024:01:16:47 +0000] "DELETE /dcfltvkt HTTP/1.1" 301 1231 "https://www.google.com/" "Mozilla/5.0 (Windows NT 6.1; WOW64; Trident/7.0; AS; rv:11.0) like Gecko" "192.168.1.1" 0.001
192.168.1.3 - - [10/Jun/2024:01:16:47 +0000] "GET /iluguw HTTP/1.1" 200 606 "https://www.ibm.com/" "Mozilla/5.0 (Windows NT 10.0; Win64; x64) AppleWebKit/537.36 (KHTML, like Gecko) Chrome/58.0.3029.110 Safari/537.36" "192.168.1.4" 0.002
192.168.1.48 - - [10/Jun/2024:01:16:47 +0000] "PUT /dhvwaerw HTTP/1.1" 301 7843 "https://www.google.com/" "Mozilla/5.0 (Windows NT 10.0; Win64; x64) AppleWebKit/537.36 (KHTML, like Gecko) Chrome/58.0.3029.110 Safari/537.36" "192.168.1.5" 0.002
192.168.1.4 - - [10/Jun/2024:01:16:47 +0000] "DELETE /r HTTP/1.1" 301 8350 "https://www.ibm.com/" "Mozilla/5.0 (Windows NT 10.0; WOW64) AppleWebKit/537.36 (KHTML, like Gecko) Chrome/58.0.3029.110 Safari/537.36 OPR/45.0.2552.898" "192.168.1.4" 0.005
2001:db8:0:1:0:0:0:7 - - [10/Jun/2024:01:16:47 +0000] "GET /zu HTTP/1.1" 500 1540 "https://www.msn.com/" "Mozilla/5.0 (Windows NT 10.0; Win64; x64; rv:54.0) Gecko/20100101 Firefox/54.0" "192.168.1.5" 0.001
192.168.1.19 - - [10/Jun/2024:01:16:47 +0000] "GET /l HTTP/1.1" 404 1598 "https://www.example.com/" "Mozilla/5.0 (Windows NT 6.1; WOW64; rv:54.0) Gecko/20100101 Firefox/54.0" "192.168.1.5" 0.005
192.168.1.8 - - [10/Jun/2024:01:16:47 +0000] "PUT /vhfqjjb HTTP/1.1" 500 7898 "https://www.google.com/" "Mozilla/5.0 (Windows NT 6.1; WOW64; rv:54.0) Gecko/20100101 Firefox/54.0" "192.168.52.1" 0.001
192.168.1.1 - - [10/Jun/2024:01:16:47 +0000] "PUT /ktqg HTTP/1.1" 400 5404 "https://www.msn.com/" "Mozilla/5.0 (Windows NT 10.0; WOW64) AppleWebKit/537.36 (KHTML, like Gecko) Chrome/58.0.3029.110 Safari/537.36 OPR/45.0.2552.898" "192.168.1.2" 0.001
192.168.1.9 - - [10/Jun/2024:01:16:47 +0000] "DELETE /mhhluetk HTTP/1.1" 301 5050 "https://www.ibm.com/" "Mozilla/5.0 (Windows NT 10.0; Win64; x64) AppleWebKit/537.36 (KHTML, like Gecko) Chrome/58.0.3029.110 Safari/537.36" "192.168.1.3" 0.001
192.168.1.35 - - [10/Jun/2024:01:16:47 +0000] "DELETE /czyyfjybd HTTP/1.1" 400 4716 "https://www.google.com/" "Mozilla/5.0 (Windows NT 6.1; WOW64; rv:54.0) Gecko/20100101 Firefox/54.0" "192.168.1.3" 0.005
192.168.1.45 - - [10/Jun/2024:01:16:47 +0000] "POST /hpnwcthz HTTP/1.1" 401 6738 "https://www.google.com/" "Mozilla/5.0 (Windows NT 6.1; WOW64; rv:54.0) Gecko/20100101 Firefox/54.0" "192.168.1.3" 0.001
192.168.1.38 - - [10/Jun/2024:01:16:47 +0000] "GET /ke HTTP/1.1" 200 1318 "https://www.google.com/" "Mozilla/5.0 (Windows NT 10.0; WOW64) AppleWebKit/537.36 (KHTML, like Gecko) Chrome/58.0.3029.110 Safari/537.36 OPR/45.0.2552.898" "192.168.1.3" 0.001
2001:db8:0:1:0:0:0:c - - [10/Jun/2024:01:16:47 +0000] "PUT /o HTTP/1.1" 200 8775 "https://www.example.com/" "Mozilla/5.0 (Windows NT 10.0; Win64; x64) AppleWebKit/537.36 (KHTML, like Gecko) Chrome/62.0.3202.94 Safari/537.36" "192.168.1.4" 0.0015
192.168.1.16 - - [10/Jun/2024:01:16:47 +0000] "GET /ihjrpg HTTP/1.1" 204 4325 "https://www.google.com/" "Mozilla/5.0 (Windows NT 10.0; WOW64) AppleWebKit/537.36 (KHTML, like Gecko) Chrome/58.0.3029.110 Safari/537.36 OPR/45.0.2552.898" "192.168.1.3" 0.005
192.168.1.4 - - [10/Jun/2024:01:16:47 +0000] "POST /sqfevlkjmo HTTP/1.1" 204 3569 "https://www.google.com/" "Mozilla/5.0 (Windows NT 10.0; WOW64) AppleWebKit/537.36 (KHTML, like Gecko) Chrome/58.0.3029.110 Safari/537.36 OPR/45.0.2552.898" "192.168.1.2" 0.002
192.168.1.13 - - [10/Jun/2024:01:16:47 +0000] "DELETE /rxkwa HTTP/1.1" 401 1506 "https://www.ibm.com/" "Mozilla/5.0 (Windows NT 6.1; WOW64; Trident/7.0; AS; rv:11.0) like Gecko" "192.168.52.1" 0.005
192.168.1.4 - - [10/Jun/2024:01:16:47 +0000] "DELETE /pdfazx HTTP/1.1" 404 313 "https://www.ibm.com/" "Mozilla/5.0 (Windows NT 6.1; WOW64; Trident/7.0; AS; rv:11.0) like Gecko" "192.168.1.5" 0.002
192.168.1.1 - - [10/Jun/2024:01:16:47 +0000] "DELETE /n HTTP/1.1" 403 5256 "https://www.msn.com/" "Mozilla/5.0 (Windows NT 6.1; WOW64; rv:54.0) Gecko/20100101 Firefox/54.0" "192.168.1.5" 0.005
192.168.1.31 - - [10/Jun/2024:01:16:47 +0000] "DELETE /lzyoluejt HTTP/1.1" 204 2531 "https://www.example.com/" "Mozilla/5.0 (Windows NT 6.1; WOW64; Trident/7.0; AS; rv:11.0) like Gecko" "192.168.1.1" 0.002
192.168.1.46 - - [10/Jun/2024:01:16:47 +0000] "PUT /dgsmkxusl HTTP/1.1" 201 1229 "https://www.google.com/" "Mozilla/5.0 (Windows NT 6.1; WOW64; rv:54.0) Gecko/20100101 Firefox/54.0" "192.168.1.2" 0.002
192.168.1.3 - - [10/Jun/2024:01:16:47 +0000] "GET /liahic HTTP/1.1" 301 5057 "https://www.ibm.com/" "Mozilla/5.0 (Windows NT 6.1; WOW64; Trident/7.0; AS; rv:11.0) like Gecko" "192.168.1.5" 0.001
2001:db8:0:1:0:0:0:6 - - [10/Jun/2024:01:16:47 +0000] "POST /kjxvttlqbj HTTP/1.1" 200 4891 "https://www.example.com/" "Mozilla/5.0 (Windows NT 10.0; Win64; x64) AppleWebKit/537.36 (KHTML, like Gecko) Chrome/58.0.3029.110 Safari/537.36" "192.168.1.3" 0.005
2001:db8:0:1:0:0:0:6 - - [10/Jun/2024:01:16:47 +0000] "POST /dzyfepuhqh HTTP/1.1" 404 2196 "https://www.google.com/" "Mozilla/5.0 (Windows NT 10.0; Win64; x64; rv:54.0) Gecko/20100101 Firefox/54.0" "192.168.1.5" 0.005
192.168.1.9 - - [10/Jun/2024:01:16:47 +0000] "DELETE /ufstdrw HTTP/1.1" 500 5449 "https://www.ibm.com/" "Mozilla/5.0 (Windows NT 6.1; WOW64; rv:54.0) Gecko/20100101 Firefox/54.0" "192.168.1.4" 0.005
192.168.1.10 - - [10/Jun/2024:01:16:47 +0000] "DELETE /mqmepy HTTP/1.1" 401 8493 "https://www.ibm.com/" "Mozilla/5.0 (Windows NT 6.1; WOW64; rv:54.0) Gecko/20100101 Firefox/54.0" "192.168.1.1" 0.002
2001:db8:0:1:0:0:0:1 - - [10/Jun/2024:01:16:47 +0000] "DELETE /sdkkifysz HTTP/1.1" 404 9365 "https://www.msn.com/" "Mozilla/5.0 (Windows NT 10.0; Win64; x64; rv:54.0) Gecko/20100101 Firefox/54.0" "192.168.56.1" 0.005
192.168.1.47 - - [10/Jun/2024:01:16:47 +0000] "DELETE /crusjgmhw HTTP/1.1" 400 8381 "https://www.google.com/" "Mozilla/5.0 (Windows NT 10.0; WOW64) AppleWebKit/537.36 (KHTML, like Gecko) Chrome/58.0.3029.110 Safari/537.36 OPR/45.0.2552.898" "192.168.1.1" 0.002
2001:db8:0:1:0:0:0:9 - - [10/Jun/2024:01:16:47 +0000] "DELETE /tfcnopiw HTTP/1.1" 401 6992 "https://www.msn.com/" "Mozilla/5.0 (Windows NT 10.0; Win64; x64) AppleWebKit/537.36 (KHTML, like Gecko) Chrome/62.0.3202.94 Safari/537.36" "192.168.56.1" 0.002
192.168.1.19 - - [10/Jun/2024:01:16:47 +0000] "PUT /cbk HTTP/1.1" 401 2032 "https://www.example.com/" "Mozilla/5.0 (Windows NT 10.0; Win64; x64) AppleWebKit/537.36 (KHTML, like Gecko) Chrome/62.0.3202.94 Safari/537.36" "192.168.1.3" 0.002
2001:db8:0:1:0:0:0:2 - - [10/Jun/2024:01:16:47 +0000] "DELETE /kx HTTP/1.1" 403 5617 "https://www.msn.com/" "Mozilla/5.0 (Windows NT 6.1; WOW64; rv:54.0) Gecko/20100101 Firefox/54.0" "192.168.1.2" 0.005
192.168.1.6 - - [10/Jun/2024:01:16:47 +0000] "POST /gdc HTTP/1.1" 301 2668 "https://www.example.com/" "Mozilla/5.0 (Windows NT 6.1; WOW64; rv:54.0) Gecko/20100101 Firefox/54.0" "192.168.1.5" 0.002
192.168.1.45 - - [10/Jun/2024:01:16:47 +0000] "GET /iamwq HTTP/1.1" 301 701 "https://www.msn.com/" "Mozilla/5.0 (Windows NT 6.1; WOW64; rv:54.0) Gecko/20100101 Firefox/54.0" "192.168.1.3" 0.001
2001:db8:0:1:0:0:0:6 - - [10/Jun/2024:01:16:47 +0000] "DELETE /elavkhbht HTTP/1.1" 500 8204 "https://www.ibm.com/" "Mozilla/5.0 (Windows NT 6.1; WOW64; rv:54.0) Gecko/20100101 Firefox/54.0" "192.168.1.3" 0.0015
192.168.1.2 - - [10/Jun/2024:01:16:47 +0000] "POST /uteyjctdra HTTP/1.1" 200 4836 "https://www.ibm.com/" "Mozilla/5.0 (Windows NT 6.1; WOW64; Trident/7.0; AS; rv:11.0) like Gecko" "192.168.1.5" 0.001
2001:db8:0:1:0:0:0:b - - [10/Jun/2024:01:16:47 +0000] "GET /xvoubbokc HTTP/1.1" 400 2097 "https://www.google.com/" "Mozilla/5.0 (Windows NT 10.0; Win64; x64; rv:54.0) Gecko/20100101 Firefox/54.0" "192.168.1.3" 0.001
192.168.1.21 - - [10/Jun/2024:01:16:47 +0000] "GET /w HTTP/1.1" 400 8557 "https://www.ibm.com/" "Mozilla/5.0 (Windows NT 10.0; Win64; x64) AppleWebKit/537.36 (KHTML, like Gecko) Chrome/62.0.3202.94 Safari/537.36" "192.168.1.1" 0.005
2001:db8:0:1:0:0:0:9 - - [10/Jun/2024:01:16:47 +0000] "POST /akknq HTTP/1.1" 403 2216 "https://www.msn.com/" "Mozilla/5.0 (Windows NT 10.0; Win64; x64) AppleWebKit/537.36 (KHTML, like Gecko) Chrome/62.0.3202.94 Safari/537.36" "192.168.1.2" 0.005
192.168.1.42 - - [10/Jun/2024:01:16:47 +0000] "DELETE /dbdltplenx HTTP/1.1" 200 6626 "https://www.example.com/" "Mozilla/5.0 (Windows NT 10.0; WOW64) AppleWebKit/537.36 (KHTML, like Gecko) Chrome/58.0.3029.110 Safari/537.36 OPR/45.0.2552.898" "192.168.52.1" 0.001
192.168.1.46 - - [10/Jun/2024:01:16:47 +0000] "PUT /gizne HTTP/1.1" 400 6989 "https://www.example.com/" "Mozilla/5.0 (Windows NT 10.0; Win64; x64) AppleWebKit/537.36 (KHTML, like Gecko) Chrome/58.0.3029.110 Safari/537.36" "192.168.1.3" 0.0015
192.168.1.28 - - [10/Jun/2024:01:16:47 +0000] "DELETE /yezleugkp HTTP/1.1" 201 7562 "https://www.example.com/" "Mozilla/5.0 (Windows NT 6.1; WOW64; rv:54.0) Gecko/20100101 Firefox/54.0" "192.168.1.4" 0.002
192.168.1.12 - - [10/Jun/2024:01:16:47 +0000] "POST /dqklo HTTP/1.1" 301 2716 "https://www.google.com/" "Mozilla/5.0 (Windows NT 10.0; Win64; x64; rv:54.0) Gecko/20100101 Firefox/54.0" "192.168.1.1" 0.0015
192.168.1.45 - - [10/Jun/2024:01:16:47 +0000] "GET /ygxyjdbzm HTTP/1.1" 302 859 "https://www.google.com/" "Mozilla/5.0 (Windows NT 10.0; WOW64) AppleWebKit/537.36 (KHTML, like Gecko) Chrome/58.0.3029.110 Safari/537.36 OPR/45.0.2552.898" "192.168.1.1" 0.002
192.168.1.21 - - [10/Jun/2024:01:16:47 +0000] "PUT /xfugqhx HTTP/1.1" 403 9791 "https://www.google.com/" "Mozilla/5.0 (Windows NT 10.0; Win64; x64; rv:54.0) Gecko/20100101 Firefox/54.0" "192.168.1.5" 0.002
192.168.1.48 - - [10/Jun/2024:01:16:47 +0000] "POST /hhf HTTP/1.1" 201 3790 "https://www.example.com/" "Mozilla/5.0 (Windows NT 10.0; WOW64) AppleWebKit/537.36 (KHTML, like Gecko) Chrome/58.0.3029.110 Safari/537.36 OPR/45.0.2552.898" "192.168.1.3" 0.002
192.168.1.5 - - [10/Jun/2024:01:16:47 +0000] "DELETE /cyrlqhkis HTTP/1.1" 204 8620 "https://www.google.com/" "Mozilla/5.0 (Windows NT 10.0; WOW64) AppleWebKit/537.36 (KHTML, like Gecko) Chrome/58.0.3029.110 Safari/537.36 OPR/45.0.2552.898" "192.168.1.4" 0.001
192.168.1.13 - - [10/Jun/2024:01:16:47 +0000] "PUT /zfojjh HTTP/1.1" 302 1227 "https://www.example.com/" "Mozilla/5.0 (Windows NT 10.0; Win64; x64; rv:54.0) Gecko/20100101 Firefox/54.0" "192.168.1.3" 0.0015
192.168.1.14 - - [10/Jun/2024:01:16:47 +0000] "PUT /fg HTTP/1.1" 204 3051 "https://www.msn.com/" "Mozilla/5.0 (Windows NT 10.0; Win64; x64) AppleWebKit/537.36 (KHTML, like Gecko) Chrome/62.0.3202.94 Safari/537.36" "192.168.52.1" 0.001
192.168.1.38 - - [10/Jun/2024:01:16:47 +0000] "PUT /ditbnak HTTP/1.1" 204 838 "https://www.msn.com/" "Mozilla/5.0 (Windows NT 6.1; WOW64; Trident/7.0; AS; rv:11.0) like Gecko" "192.168.1.1" 0.001
192.168.1.36 - - [10/Jun/2024:01:16:47 +0000] "POST /sncuu HTTP/1.1" 201 1224 "https://www.msn.com/" "Mozilla/5.0 (Windows NT 10.0; Win64; x64) AppleWebKit/537.36 (KHTML, like Gecko) Chrome/58.0.3029.110 Safari/537.36" "192.168.1.3" 0.001
192.168.1.23 - - [10/Jun/2024:01:16:47 +0000] "DELETE /d HTTP/1.1" 403 8530 "https://www.example.com/" "Mozilla/5.0 (Windows NT 6.1; WOW64; Trident/7.0; AS; rv:11.0) like Gecko" "192.168.56.1" 0.0015
192.168.1.1 - - [10/Jun/2024:01:16:47 +0000] "GET /vcztwybpkp HTTP/1.1" 403 4762 "https://www.google.com/" "Mozilla/5.0 (Windows NT 6.1; WOW64; Trident/7.0; AS; rv:11.0) like Gecko" "192.168.1.5" 0.001
192.168.1.41 - - [10/Jun/2024:01:16:47 +0000] "PUT /zs HTTP/1.1" 204 982 "https://www.ibm.com/" "Mozilla/5.0 (Windows NT 10.0; Win64; x64) AppleWebKit/537.36 (KHTML, like Gecko) Chrome/62.0.3202.94 Safari/537.36" "192.168.1.1" 0.001
192.168.1.32 - - [10/Jun/2024:01:16:47 +0000] "GET /velzvpfiab HTTP/1.1" 403 7241 "https://www.msn.com/" "Mozilla/5.0 (Windows NT 6.1; WOW64; rv:54.0) Gecko/20100101 Firefox/54.0" "192.168.1.3" 0.002
192.168.1.47 - - [10/Jun/2024:01:16:47 +0000] "DELETE /wt HTTP/1.1" 301 8486 "https://www.msn.com/" "Mozilla/5.0 (Windows NT 10.0; Win64; x64) AppleWebKit/537.36 (KHTML, like Gecko) Chrome/62.0.3202.94 Safari/537.36" "192.168.1.5" 0.002
2001:db8:0:1:0:0:0:4 - - [10/Jun/2024:01:16:47 +0000] "GET /gzbz HTTP/1.1" 404 3725 "https://www.ibm.com/" "Mozilla/5.0 (Windows NT 6.1; WOW64; rv:54.0) Gecko/20100101 Firefox/54.0" "192.168.1.5" 0.0015
192.168.1.25 - - [10/Jun/2024:01:16:47 +0000] "POST /kfjcpk HTTP/1.1" 500 9428 "https://www.ibm.com/" "Mozilla/5.0 (Windows NT 10.0; WOW64) AppleWebKit/537.36 (KHTML, like Gecko) Chrome/58.0.3029.110 Safari/537.36 OPR/45.0.2552.898" "192.168.1.1" 0.001
192.168.1.16 - - [10/Jun/2024:01:16:47 +0000] "PUT /pjrxgjv HTTP/1.1" 404 1087 "https://www.google.com/" "Mozilla/5.0 (Windows NT 6.1; WOW64; Trident/7.0; AS; rv:11.0) like Gecko" "192.168.1.1" 0.001
192.168.1.13 - - [10/Jun/2024:01:16:47 +0000] "PUT /lhvr HTTP/1.1" 403 9774 "https://www.example.com/" "Mozilla/5.0 (Windows NT 10.0; Win64; x64; rv:54.0) Gecko/20100101 Firefox/54.0" "192.168.1.5" 0.001
192.168.1.7 - - [10/Jun/2024:01:16:47 +0000] "PUT /az HTTP/1.1" 400 2112 "https://www.example.com/" "Mozilla/5.0 (Windows NT 6.1; WOW64; rv:54.0) Gecko/20100101 Firefox/54.0" "192.168.1.2" 0.002
192.168.1.28 - - [10/Jun/2024:01:16:47 +0000] "POST /kxbxdudfmx HTTP/1.1" 200 9477 "https://www.ibm.com/" "Mozilla/5.0 (Windows NT 6.1; WOW64; Trident/7.0; AS; rv:11.0) like Gecko" "192.168.1.1" 0.0015
192.168.1.2 - - [10/Jun/2024:01:16:47 +0000] "POST /htvdq HTTP/1.1" 204 8337 "https://www.ibm.com/" "Mozilla/5.0 (Windows NT 10.0; Win64; x64) AppleWebKit/537.36 (KHTML, like Gecko) Chrome/58.0.3029.110 Safari/537.36" "192.168.1.4" 0.005
192.168.1.11 - - [10/Jun/2024:01:16:47 +0000] "PUT /shgmpf HTTP/1.1" 500 8555 "https://www.ibm.com/" "Mozilla/5.0 (Windows NT 10.0; Win64; x64) AppleWebKit/537.36 (KHTML, like Gecko) Chrome/62.0.3202.94 Safari/537.36" "192.168.1.1" 0.002
192.168.1.15 - - [10/Jun/2024:01:16:47 +0000] "PUT /iyiylsnf HTTP/1.1" 500 7040 "https://www.example.com/" "Mozilla/5.0 (Windows NT 10.0; Win64; x64; rv:54.0) Gecko/20100101 Firefox/54.0" "192.168.1.5" 0.002
192.168.1.6 - - [10/Jun/2024:01:16:47 +0000] "PUT /dggutupxpp HTTP/1.1" 200 4792 "https://www.google.com/" "Mozilla/5.0 (Windows NT 6.1; WOW64; rv:54.0) Gecko/20100101 Firefox/54.0" "192.168.1.2" 0.001
192.168.1.49 - - [10/Jun/2024:01:16:47 +0000] "PUT /sqycp HTTP/1.1" 201 7467 "https://www.ibm.com/" "Mozilla/5.0 (Windows NT 10.0; Win64; x64) AppleWebKit/537.36 (KHTML, like Gecko) Chrome/62.0.3202.94 Safari/537.36" "192.168.52.1" 0.002
2001:db8:0:1:0:0:0:2 - - [10/Jun/2024:01:16:47 +0000] "POST /sjurn HTTP/1.1" 301 9421 "https://www.msn.com/" "Mozilla/5.0 (Windows NT 10.0; Win64; x64; rv:54.0) Gecko/20100101 Firefox/54.0" "192.168.1.3" 0.005
192.168.1.19 - - [10/Jun/2024:01:16:47 +0000] "POST /camuiv HTTP/1.1" 400 3447 "https://www.google.com/" "Mozilla/5.0 (Windows NT 6.1; WOW64; rv:54.0) Gecko/20100101 Firefox/54.0" "192.168.56.1" 0.0015
192.168.1.27 - - [10/Jun/2024:01:16:47 +0000] "DELETE /jxtylcp HTTP/1.1" 400 4656 "https://www.ibm.com/" "Mozilla/5.0 (Windows NT 6.1; WOW64; Trident/7.0; AS; rv:11.0) like Gecko" "192.168.1.5" 0.002
192.168.1.46 - - [10/Jun/2024:01:16:47 +0000] "POST /z HTTP/1.1" 200 8241 "https://www.ibm.com/" "Mozilla/5.0 (Windows NT 10.0; WOW64) AppleWebKit/537.36 (KHTML, like Gecko) Chrome/58.0.3029.110 Safari/537.36 OPR/45.0.2552.898" "192.168.1.2" 0.005
192.168.1.34 - - [10/Jun/2024:01:16:47 +0000] "POST /uqmfcnheo HTTP/1.1" 301 4771 "https://www.ibm.com/" "Mozilla/5.0 (Windows NT 10.0; Win64; x64) AppleWebKit/537.36 (KHTML, like Gecko) Chrome/62.0.3202.94 Safari/537.36" "192.168.52.1" 0.005
192.168.1.13 - - [10/Jun/2024:01:16:47 +0000] "GET /zq HTTP/1.1" 404 8087 "https://www.ibm.com/" "Mozilla/5.0 (Windows NT 6.1; WOW64; Trident/7.0; AS; rv:11.0) like Gecko" "192.168.1.4" 0.005
192.168.1.26 - - [10/Jun/2024:01:16:47 +0000] "DELETE /dih HTTP/1.1" 400 4320 "https://www.msn.com/" "Mozilla/5.0 (Windows NT 6.1; WOW64; rv:54.0) Gecko/20100101 Firefox/54.0" "192.168.52.1" 0.001
192.168.1.9 - - [10/Jun/2024:01:16:47 +0000] "PUT /ndxczq HTTP/1.1" 401 6248 "https://www.google.com/" "Mozilla/5.0 (Windows NT 10.0; Win64; x64) AppleWebKit/537.36 (KHTML, like Gecko) Chrome/62.0.3202.94 Safari/537.36" "192.168.1.4" 0.001
192.168.1.50 - - [10/Jun/2024:01:16:47 +0000] "DELETE /dzaalyjw HTTP/1.1" 201 2163 "https://www.ibm.com/" "Mozilla/5.0 (Windows NT 10.0; Win64; x64) AppleWebKit/537.36 (KHTML, like Gecko) Chrome/58.0.3029.110 Safari/537.36" "192.168.1.3" 0.001
192.168.1.45 - - [10/Jun/2024:01:16:47 +0000] "PUT /ztd HTTP/1.1" 403 7161 "https://www.google.com/" "Mozilla/5.0 (Windows NT 10.0; Win64; x64) AppleWebKit/537.36 (KHTML, like Gecko) Chrome/58.0.3029.110 Safari/537.36" "192.168.1.3" 0.002
192.168.1.25 - - [10/Jun/2024:01:16:47 +0000] "PUT /glcslczxg HTTP/1.1" 200 7109 "https://www.google.com/" "Mozilla/5.0 (Windows NT 10.0; Win64; x64) AppleWebKit/537.36 (KHTML, like Gecko) Chrome/62.0.3202.94 Safari/537.36" "192.168.1.2" 0.002
192.168.1.15 - - [10/Jun/2024:01:16:47 +0000] "POST /jhvxngn HTTP/1.1" 400 9884 "https://www.example.com/" "Mozilla/5.0 (Windows NT 10.0; WOW64) AppleWebKit/537.36 (KHTML, like Gecko) Chrome/58.0.3029.110 Safari/537.36 OPR/45.0.2552.898" "192.168.1.2" 0.002
192.168.1.33 - - [10/Jun/2024:01:16:47 +0000] "PUT /t HTTP/1.1" 401 7237 "https://www.google.com/" "Mozilla/5.0 (Windows NT 10.0; Win64; x64; rv:54.0) Gecko/20100101 Firefox/54.0" "192.168.1.5" 0.0015
192.168.1.39 - - [10/Jun/2024:01:16:47 +0000] "GET /r HTTP/1.1" 201 3865 "https://www.msn.com/" "Mozilla/5.0 (Windows NT 6.1; WOW64; Trident/7.0; AS; rv:11.0) like Gecko" "192.168.1.2" 0.001
192.168.1.18 - - [10/Jun/2024:01:16:47 +0000] "POST /e HTTP/1.1" 301 7500 "https://www.msn.com/" "Mozilla/5.0 (Windows NT 10.0; WOW64) AppleWebKit/537.36 (KHTML, like Gecko) Chrome/58.0.3029.110 Safari/537.36 OPR/45.0.2552.898" "192.168.1.2" 0.001
192.168.1.6 - - [10/Jun/2024:01:16:47 +0000] "PUT /w HTTP/1.1" 400 8810 "https://www.ibm.com/" "Mozilla/5.0 (Windows NT 6.1; WOW64; Trident/7.0; AS; rv:11.0) like Gecko" "192.168.1.2" 0.002
192.168.1.15 - - [10/Jun/2024:01:16:47 +0000] "POST /qxvzd HTTP/1.1" 301 2500 "https://www.ibm.com/" "Mozilla/5.0 (Windows NT 6.1; WOW64; Trident/7.0; AS; rv:11.0) like Gecko" "192.168.52.1" 0.001
192.168.1.12 - - [10/Jun/2024:01:16:47 +0000] "PUT /lkhly HTTP/1.1" 401 296 "https://www.example.com/" "Mozilla/5.0 (Windows NT 6.1; WOW64; Trident/7.0; AS; rv:11.0) like Gecko" "192.168.1.1" 0.0015
192.168.1.38 - - [10/Jun/2024:01:16:47 +0000] "POST /kfgzdsvrl HTTP/1.1" 403 2400 "https://www.example.com/" "Mozilla/5.0 (Windows NT 10.0; Win64; x64) AppleWebKit/537.36 (KHTML, like Gecko) Chrome/62.0.3202.94 Safari/537.36" "192.168.1.3" 0.001
192.168.1.23 - - [10/Jun/2024:01:16:47 +0000] "GET /ijrrethhc HTTP/1.1" 204 1140 "https://www.google.com/" "Mozilla/5.0 (Windows NT 6.1; WOW64; rv:54.0) Gecko/20100101 Firefox/54.0" "192.168.1.4" 0.001
192.168.1.47 - - [10/Jun/2024:01:16:47 +0000] "DELETE /nsubatcuju HTTP/1.1" 404 5488 "https://www.google.com/" "Mozilla/5.0 (Windows NT 10.0; Win64; x64; rv:54.0) Gecko/20100101 Firefox/54.0" "192.168.1.4" 0.002
2001:db8:0:1:0:0:0:8 - - [10/Jun/2024:01:16:47 +0000] "GET /icrmmaz HTTP/1.1" 200 1325 "https://www.google.com/" "Mozilla/5.0 (Windows NT 6.1; WOW64; rv:54.0) Gecko/20100101 Firefox/54.0" "192.168.1.4" 0.0015
192.168.1.47 - - [10/Jun/2024:01:16:47 +0000] "GET /mtwoyzofvc HTTP/1.1" 400 6660 "https://www.ibm.com/" "Mozilla/5.0 (Windows NT 10.0; Win64; x64) AppleWebKit/537.36 (KHTML, like Gecko) Chrome/62.0.3202.94 Safari/537.36" "192.168.1.3" 0.001
192.168.1.39 - - [10/Jun/2024:01:16:47 +0000] "POST /puhjlvjgm HTTP/1.1" 400 5312 "https://www.ibm.com/" "Mozilla/5.0 (Windows NT 10.0; Win64; x64) AppleWebKit/537.36 (KHTML, like Gecko) Chrome/62.0.3202.94 Safari/537.36" "192.168.52.1" 0.001
192.168.1.14 - - [10/Jun/2024:01:16:47 +0000] "DELETE /ohmw HTTP/1.1" 400 4657 "https://www.msn.com/" "Mozilla/5.0 (Windows NT 10.0; Win64; x64) AppleWebKit/537.36 (KHTML, like Gecko) Chrome/62.0.3202.94 Safari/537.36" "192.168.1.3" 0.001
192.168.1.32 - - [10/Jun/2024:01:16:47 +0000] "POST /kl HTTP/1.1" 404 3870 "https://www.google.com/" "Mozilla/5.0 (Windows NT 10.0; Win64; x64) AppleWebKit/537.36 (KHTML, like Gecko) Chrome/62.0.3202.94 Safari/537.36" "192.168.1.3" 0.001
192.168.1.38 - - [10/Jun/2024:01:16:47 +0000] "PUT /achjlp HTTP/1.1" 204 6877 "https://www.google.com/" "Mozilla/5.0 (Windows NT 10.0; Win64; x64) AppleWebKit/537.36 (KHTML, like Gecko) Chrome/58.0.3029.110 Safari/537.36" "192.168.1.5" 0.001
192.168.1.11 - - [10/Jun/2024:01:16:47 +0000] "GET /eduud HTTP/1.1" 404 8403 "https://www.msn.com/" "Mozilla/5.0 (Windows NT 10.0; WOW64) AppleWebKit/537.36 (KHTML, like Gecko) Chrome/58.0.3029.110 Safari/537.36 OPR/45.0.2552.898" "192.168.1.4" 0.002
192.168.1.42 - - [10/Jun/2024:01:16:47 +0000] "PUT /gmcytt HTTP/1.1" 404 1758 "https://www.ibm.com/" "Mozilla/5.0 (Windows NT 10.0; Win64; x64) AppleWebKit/537.36 (KHTML, like Gecko) Chrome/58.0.3029.110 Safari/537.36" "192.168.56.1" 0.001
192.168.1.35 - - [10/Jun/2024:01:16:47 +0000] "GET /iwxnrl HTTP/1.1" 401 6307 "https://www.example.com/" "Mozilla/5.0 (Windows NT 10.0; WOW64) AppleWebKit/537.36 (KHTML, like Gecko) Chrome/58.0.3029.110 Safari/537.36 OPR/45.0.2552.898" "192.168.1.2" 0.0015
2001:db8:0:1:0:0:0:8 - - [10/Jun/2024:01:16:47 +0000] "PUT /afxf HTTP/1.1" 500 5122 "https://www.ibm.com/" "Mozilla/5.0 (Windows NT 6.1; WOW64; Trident/7.0; AS; rv:11.0) like Gecko" "192.168.1.2" 0.001
2001:db8:0:1:0:0:0:c - - [10/Jun/2024:01:16:47 +0000] "GET /fzgbi HTTP/1.1" 204 3689 "https://www.google.com/" "Mozilla/5.0 (Windows NT 6.1; WOW64; rv:54.0) Gecko/20100101 Firefox/54.0" "192.168.1.5" 0.001
192.168.1.31 - - [10/Jun/2024:01:16:47 +0000] "PUT /rs HTTP/1.1" 403 7713 "https://www.msn.com/" "Mozilla/5.0 (Windows NT 10.0; WOW64) AppleWebKit/537.36 (KHTML, like Gecko) Chrome/58.0.3029.110 Safari/537.36 OPR/45.0.2552.898" "192.168.1.4" 0.005
192.168.1.37 - - [10/Jun/2024:01:16:47 +0000] "POST /mxnh HTTP/1.1" 302 3231 "https://www.google.com/" "Mozilla/5.0 (Windows NT 10.0; Win64; x64) AppleWebKit/537.36 (KHTML, like Gecko) Chrome/58.0.3029.110 Safari/537.36" "192.168.56.1" 0.001
192.168.1.42 - - [10/Jun/2024:01:16:47 +0000] "POST /fgeucplt HTTP/1.1" 302 1132 "https://www.example.com/" "Mozilla/5.0 (Windows NT 6.1; WOW64; rv:54.0) Gecko/20100101 Firefox/54.0" "192.168.1.4" 0.002
192.168.1.7 - - [10/Jun/2024:01:16:47 +0000] "PUT /byiqntjayv HTTP/1.1" 401 8196 "https://www.google.com/" "Mozilla/5.0 (Windows NT 10.0; Win64; x64) AppleWebKit/537.36 (KHTML, like Gecko) Chrome/62.0.3202.94 Safari/537.36" "192.168.1.3" 0.002
2001:db8:0:1:0:0:0:7 - - [10/Jun/2024:01:16:47 +0000] "GET /wn HTTP/1.1" 204 2600 "https://www.google.com/" "Mozilla/5.0 (Windows NT 10.0; Win64; x64) AppleWebKit/537.36 (KHTML, like Gecko) Chrome/58.0.3029.110 Safari/537.36" "192.168.1.1" 0.001
192.168.1.32 - - [10/Jun/2024:01:16:47 +0000] "GET /nsgynkrdcj HTTP/1.1" 200 9504 "https://www.ibm.com/" "Mozilla/5.0 (Windows NT 6.1; WOW64; Trident/7.0; AS; rv:11.0) like Gecko" "192.168.56.1" 0.005
2001:db8:0:1:0:0:0:e - - [10/Jun/2024:01:16:47 +0000] "DELETE /oxy HTTP/1.1" 204 7908 "https://www.ibm.com/" "Mozilla/5.0 (Windows NT 10.0; Win64; x64) AppleWebKit/537.36 (KHTML, like Gecko) Chrome/62.0.3202.94 Safari/537.36" "192.168.1.4" 0.005
192.168.1.45 - - [10/Jun/2024:01:16:47 +0000] "DELETE /bqqqjeev HTTP/1.1" 201 4559 "https://www.google.com/" "Mozilla/5.0 (Windows NT 10.0; Win64; x64) AppleWebKit/537.36 (KHTML, like Gecko) Chrome/58.0.3029.110 Safari/537.36" "192.168.52.1" 0.002
